ARM Linker, 4.1 [Build 481] [Standard]

==============================================================================

Section Cross References

    startup_lpc17xx.o(RESET) refers to startup_lpc17xx.o(STACK) for __initial_sp
    startup_lpc17xx.o(RESET) refers to startup_lpc17xx.o(.text) for Reset_Handler
    startup_lpc17xx.o(RESET) refers to can.o(.text) for CAN_IRQHandler
    startup_lpc17xx.o(.text) refers to entry.o(.ARM.Collect$$$$00000000) for __main
    system_lpc17xx.o(.text) refers to system_lpc17xx.o(.data) for SystemFrequency
    can.o(.text) refers to can.o(.constdata) for CAN_BIT_TIME
    can.o(.text) refers to can.o(.data) for CAN_TxRdy
    can.o(.text) refers to can.o(.bss) for CAN_RxMsg
    candemo.o(.text) refers to adc.o(.text) for ADC_init
    candemo.o(.text) refers to glcd_lpc1700.o(.text) for GLCD_DisplayString
    candemo.o(.text) refers to led.o(.text) for LED_out
    candemo.o(.text) refers to can.o(.text) for CAN_setup
    candemo.o(.text) refers to system_lpc17xx.o(.text) for SystemInit
    candemo.o(.text) refers to candemo.o(.data) for hex_chars
    candemo.o(.text) refers to can.o(.bss) for CAN_TxMsg
    candemo.o(.text) refers to can.o(.data) for CAN_TxRdy
    led.o(.text) refers to led.o(.constdata) for led_mask
    glcd_lpc1700.o(.text) refers to glcd_lpc1700.o(.emb_text) for wait
    glcd_lpc1700.o(.text) refers to glcd_lpc1700.o(.data) for driverCode
    glcd_lpc1700.o(.text) refers to glcd_lpc1700.o(.constdata) for Font_24x16
    entry.o(.ARM.Collect$$$$00000000) refers (Special) to entry7.o(.ARM.Collect$$$$00000007) for _main_init
    entry.o(.ARM.Collect$$$$00000000) refers (Special) to entry5.o(.ARM.Collect$$$$00000004) for _main_scatterload
    entry.o(.ARM.Collect$$$$00000000) refers (Special) to entry2.o(.ARM.Collect$$$$00000001) for _main_stk
    entry2.o(.ARM.Collect$$$$00000001) refers to entry2.o(.ARM.Collect$$$$00002712) for __lit__00000000
    entry2.o(.ARM.Collect$$$$00002712) refers to startup_lpc17xx.o(STACK) for __initial_sp
    entry2.o(__vectab_stack_and_reset_area) refers to startup_lpc17xx.o(STACK) for __initial_sp
    entry2.o(__vectab_stack_and_reset_area) refers to entry.o(.ARM.Collect$$$$00000000) for __main
    entry5.o(.ARM.Collect$$$$00000004) refers to init.o(.text) for __scatterload
    entry7.o(.ARM.Collect$$$$00000007) refers to candemo.o(.text) for main
    init.o(.text) refers to entry5.o(.ARM.Collect$$$$00000004) for __main_after_scatterload


==============================================================================

Removing Unused input sections from the image.

    Removing startup_lpc17xx.o(HEAP), (0 bytes).

1 unused section(s) (total 0 bytes) removed from the image.

==============================================================================

Image Symbol Table

    Local Symbols

    Symbol Name                              Value     Ov Type        Size  Object(Section)

    RESET                                    0x00000000   Section      204  startup_lpc17xx.o(RESET)
    ../../microlib/init/entry.s              0x00000000   Number         0  entry.o ABSOLUTE
    ../../microlib/init/entry.s              0x00000000   Number         0  entry2.o ABSOLUTE
    ../../microlib/init/entry.s              0x00000000   Number         0  entry7.o ABSOLUTE
    ../../microlib/init/entry.s              0x00000000   Number         0  entry5.o ABSOLUTE
    ADC.c                                    0x00000000   Number         0  adc.o ABSOLUTE
    CAN.c                                    0x00000000   Number         0  can.o ABSOLUTE
    CanDemo.c                                0x00000000   Number         0  candemo.o ABSOLUTE
    GLCD_LPC1700.c                           0x00000000   Number         0  glcd_lpc1700.o ABSOLUTE
    GLCD_LPC1700.c                           0x00000000   Number         0  glcd_lpc1700.o ABSOLUTE
    LED.c                                    0x00000000   Number         0  led.o ABSOLUTE
    dc.s                                     0x00000000   Number         0  dc.o ABSOLUTE
    handlers.s                               0x00000000   Number         0  handlers.o ABSOLUTE
    init.s                                   0x00000000   Number         0  init.o ABSOLUTE
    startup_LPC17xx.s                        0x00000000   Number         0  startup_lpc17xx.o ABSOLUTE
    system_LPC17xx.c                         0x00000000   Number         0  system_lpc17xx.o ABSOLUTE
    .ARM.Collect$$$$00000000                 0x000000cc   Section        0  entry.o(.ARM.Collect$$$$00000000)
    .ARM.Collect$$$$00000001                 0x000000cc   Section        4  entry2.o(.ARM.Collect$$$$00000001)
    .ARM.Collect$$$$00000004                 0x000000d0   Section        4  entry5.o(.ARM.Collect$$$$00000004)
    .ARM.Collect$$$$00000007                 0x000000d4   Section        8  entry7.o(.ARM.Collect$$$$00000007)
    .ARM.Collect$$$$00002712                 0x000000dc   Section        4  entry2.o(.ARM.Collect$$$$00002712)
    __lit__00000000                          0x000000dc   Data           4  entry2.o(.ARM.Collect$$$$00002712)
    .emb_text                                0x000000e0   Section        4  glcd_lpc1700.o(.emb_text)
    .text                                    0x000000e4   Section       28  startup_lpc17xx.o(.text)
    .text                                    0x00000100   Section        0  adc.o(.text)
    .text                                    0x0000017c   Section        0  led.o(.text)
    .text                                    0x00000218   Section       36  init.o(.text)
    i.__scatterload_copy                     0x0000023c   Section       14  handlers.o(i.__scatterload_copy)
    i.__scatterload_null                     0x0000024a   Section        2  handlers.o(i.__scatterload_null)
    i.__scatterload_zeroinit                 0x0000024c   Section       14  handlers.o(i.__scatterload_zeroinit)
    .constdata                               0x0000025c   Section       68  can.o(.constdata)
    .constdata                               0x000002a0   Section       32  led.o(.constdata)
    .ARM.__at_0x02FC                         0x000002fc   Section        4  startup_lpc17xx.o(.ARM.__at_0x02FC)
    .text                                    0x00000300   Section        0  system_lpc17xx.o(.text)
    .text                                    0x0000051c   Section        0  can.o(.text)
    CAN_cfgBaudrate                          0x0000051d   Thumb Code    50  can.o(.text)
    NVIC_EnableIRQ                           0x00000a23   Thumb Code    24  can.o(.text)
    .text                                    0x00000a60   Section        0  candemo.o(.text)
    .text                                    0x00000c70   Section        0  glcd_lpc1700.o(.text)
    delay                                    0x00000c71   Thumb Code    14  glcd_lpc1700.o(.text)
    lcd_send                                 0x00000c8b   Thumb Code    44  glcd_lpc1700.o(.text)
    wr_cmd                                   0x00000cb7   Thumb Code    44  glcd_lpc1700.o(.text)
    wr_dat                                   0x00000ce3   Thumb Code    44  glcd_lpc1700.o(.text)
    wr_reg                                   0x00000d0f   Thumb Code    36  glcd_lpc1700.o(.text)
    rd_reg                                   0x00000d33   Thumb Code    38  glcd_lpc1700.o(.text)
    rd_dat                                   0x00001ac9   Thumb Code    98  glcd_lpc1700.o(.text)
    wr_dat_start                             0x00001b2b   Thumb Code    10  glcd_lpc1700.o(.text)
    wr_dat_stop                              0x00001b35   Thumb Code    10  glcd_lpc1700.o(.text)
    wr_dat_only                              0x00001b3f   Thumb Code    32  glcd_lpc1700.o(.text)
    .constdata                               0x00001b68   Section     5376  glcd_lpc1700.o(.constdata)
    .data                                    0x10000000   Section        4  system_lpc17xx.o(.data)
    .data                                    0x10000004   Section       24  can.o(.data)
    CAN_std_cnt                              0x10000014   Data           4  can.o(.data)
    CAN_ext_cnt                              0x10000018   Data           4  can.o(.data)
    .data                                    0x1000001c   Section       42  candemo.o(.data)
    disp_buf                                 0x10000034   Data          18  candemo.o(.data)
    .data                                    0x10000046   Section        6  glcd_lpc1700.o(.data)
    TextColor                                0x10000046   Data           2  glcd_lpc1700.o(.data)
    BackColor                                0x10000048   Data           2  glcd_lpc1700.o(.data)
    driverCode                               0x1000004a   Data           2  glcd_lpc1700.o(.data)
    .bss                                     0x1000004c   Section       64  can.o(.bss)
    STACK                                    0x10000090   Section      512  startup_lpc17xx.o(STACK)

    Global Symbols

    Symbol Name                              Value     Ov Type        Size  Object(Section)

    BuildAttributes$$THM_ISAv4$P$D$K$B$S$PE$A:L22UL41UL21$X:L11$S22US41US21$IEEE1$IW$USESV6$~STKCKD$USESV7$~SHL$OSPACE$EBA8$MICROLIB$REQ8$PRES8$EABIv2 0x00000000   Number         0  anon$$obj.o ABSOLUTE
    __ARM_use_no_argv                        0x00000000   Number         0  candemo.o ABSOLUTE
    __Vectors                                0x00000000   Data           4  startup_lpc17xx.o(RESET)
    __decompress                              - Undefined Weak Reference
    __main                                   0x000000cd   Thumb Code     0  entry.o(.ARM.Collect$$$$00000000)
    _main_stk                                0x000000cd   Thumb Code     0  entry2.o(.ARM.Collect$$$$00000001)
    _main_scatterload                        0x000000d1   Thumb Code     0  entry5.o(.ARM.Collect$$$$00000004)
    __main_after_scatterload                 0x000000d5   Thumb Code     0  entry5.o(.ARM.Collect$$$$00000004)
    _main_init                               0x000000d5   Thumb Code     0  entry7.o(.ARM.Collect$$$$00000007)
    wait                                     0x000000e1   Thumb Code     4  glcd_lpc1700.o(.emb_text)
    Reset_Handler                            0x000000e5   Thumb Code     4  startup_lpc17xx.o(.text)
    NMI_Handler                              0x000000e9   Thumb Code     2  startup_lpc17xx.o(.text)
    HardFault_Handler                        0x000000eb   Thumb Code     2  startup_lpc17xx.o(.text)
    MemManage_Handler                        0x000000ed   Thumb Code     2  startup_lpc17xx.o(.text)
    BusFault_Handler                         0x000000ef   Thumb Code     2  startup_lpc17xx.o(.text)
    UsageFault_Handler                       0x000000f1   Thumb Code     2  startup_lpc17xx.o(.text)
    SVC_Handler                              0x000000f3   Thumb Code     2  startup_lpc17xx.o(.text)
    DebugMon_Handler                         0x000000f5   Thumb Code     2  startup_lpc17xx.o(.text)
    PendSV_Handler                           0x000000f7   Thumb Code     2  startup_lpc17xx.o(.text)
    SysTick_Handler                          0x000000f9   Thumb Code     2  startup_lpc17xx.o(.text)
    ADC_IRQHandler                           0x000000fb   Thumb Code     0  startup_lpc17xx.o(.text)
    BOD_IRQHandler                           0x000000fb   Thumb Code     0  startup_lpc17xx.o(.text)
    CANActivity_IRQHandler                   0x000000fb   Thumb Code     0  startup_lpc17xx.o(.text)
    DMA_IRQHandler                           0x000000fb   Thumb Code     0  startup_lpc17xx.o(.text)
    EINT0_IRQHandler                         0x000000fb   Thumb Code     0  startup_lpc17xx.o(.text)
    EINT1_IRQHandler                         0x000000fb   Thumb Code     0  startup_lpc17xx.o(.text)
    EINT2_IRQHandler                         0x000000fb   Thumb Code     0  startup_lpc17xx.o(.text)
    EINT3_IRQHandler                         0x000000fb   Thumb Code     0  startup_lpc17xx.o(.text)
    ENET_IRQHandler                          0x000000fb   Thumb Code     0  startup_lpc17xx.o(.text)
    I2C0_IRQHandler                          0x000000fb   Thumb Code     0  startup_lpc17xx.o(.text)
    I2C1_IRQHandler                          0x000000fb   Thumb Code     0  startup_lpc17xx.o(.text)
    I2C2_IRQHandler                          0x000000fb   Thumb Code     0  startup_lpc17xx.o(.text)
    I2S_IRQHandler                           0x000000fb   Thumb Code     0  startup_lpc17xx.o(.text)
    MCPWM_IRQHandler                         0x000000fb   Thumb Code     0  startup_lpc17xx.o(.text)
    PLL0_IRQHandler                          0x000000fb   Thumb Code     0  startup_lpc17xx.o(.text)
    PLL1_IRQHandler                          0x000000fb   Thumb Code     0  startup_lpc17xx.o(.text)
    PWM1_IRQHandler                          0x000000fb   Thumb Code     0  startup_lpc17xx.o(.text)
    QEI_IRQHandler                           0x000000fb   Thumb Code     0  startup_lpc17xx.o(.text)
    RIT_IRQHandler                           0x000000fb   Thumb Code     0  startup_lpc17xx.o(.text)
    RTC_IRQHandler                           0x000000fb   Thumb Code     0  startup_lpc17xx.o(.text)
    SPI_IRQHandler                           0x000000fb   Thumb Code     0  startup_lpc17xx.o(.text)
    SSP0_IRQHandler                          0x000000fb   Thumb Code     0  startup_lpc17xx.o(.text)
    SSP1_IRQHandler                          0x000000fb   Thumb Code     0  startup_lpc17xx.o(.text)
    TIMER0_IRQHandler                        0x000000fb   Thumb Code     0  startup_lpc17xx.o(.text)
    TIMER1_IRQHandler                        0x000000fb   Thumb Code     0  startup_lpc17xx.o(.text)
    TIMER2_IRQHandler                        0x000000fb   Thumb Code     0  startup_lpc17xx.o(.text)
    TIMER3_IRQHandler                        0x000000fb   Thumb Code     0  startup_lpc17xx.o(.text)
    UART0_IRQHandler                         0x000000fb   Thumb Code     0  startup_lpc17xx.o(.text)
    UART1_IRQHandler                         0x000000fb   Thumb Code     0  startup_lpc17xx.o(.text)
    UART2_IRQHandler                         0x000000fb   Thumb Code     0  startup_lpc17xx.o(.text)
    UART3_IRQHandler                         0x000000fb   Thumb Code     0  startup_lpc17xx.o(.text)
    USBActivity_IRQHandler                   0x000000fb   Thumb Code     0  startup_lpc17xx.o(.text)
    USB_IRQHandler                           0x000000fb   Thumb Code     0  startup_lpc17xx.o(.text)
    WDT_IRQHandler                           0x000000fb   Thumb Code     0  startup_lpc17xx.o(.text)
    ADC_init                                 0x00000101   Thumb Code    44  adc.o(.text)
    ADC_startCnv                             0x0000012d   Thumb Code    24  adc.o(.text)
    ADC_stopCnv                              0x00000145   Thumb Code    14  adc.o(.text)
    ADC_getCnv                               0x00000153   Thumb Code    22  adc.o(.text)
    LED_init                                 0x0000017d   Thumb Code    14  led.o(.text)
    LED_on                                   0x0000018b   Thumb Code    38  led.o(.text)
    LED_off                                  0x000001b1   Thumb Code    38  led.o(.text)
    LED_out                                  0x000001d7   Thumb Code    56  led.o(.text)
    __scatterload                            0x00000219   Thumb Code    28  init.o(.text)
    __scatterload_rt2                        0x00000219   Thumb Code     0  init.o(.text)
    __scatterload_copy                       0x0000023d   Thumb Code    14  handlers.o(i.__scatterload_copy)
    __scatterload_null                       0x0000024b   Thumb Code     2  handlers.o(i.__scatterload_null)
    __scatterload_zeroinit                   0x0000024d   Thumb Code    14  handlers.o(i.__scatterload_zeroinit)
    CAN_BIT_TIME                             0x0000025c   Data          68  can.o(.constdata)
    led_mask                                 0x000002a0   Data          32  led.o(.constdata)
    Region$$Table$$Base                      0x000002c0   Number         0  anon$$obj.o(Region$$Table)
    Region$$Table$$Limit                     0x000002e0   Number         0  anon$$obj.o(Region$$Table)
    SystemInit                               0x00000301   Thumb Code   476  system_lpc17xx.o(.text)
    CAN_setup                                0x0000054f   Thumb Code   140  can.o(.text)
    CAN_start                                0x000005db   Thumb Code    18  can.o(.text)
    CAN_waitReady                            0x000005ed   Thumb Code    36  can.o(.text)
    CAN_wrMsg                                0x00000611   Thumb Code    84  can.o(.text)
    CAN_rdMsg                                0x00000665   Thumb Code    52  can.o(.text)
    CAN_wrFilter                             0x00000699   Thumb Code   816  can.o(.text)
    CAN_IRQHandler                           0x000009c9   Thumb Code    90  can.o(.text)
    delay                                    0x00000a61   Thumb Code    10  candemo.o(.text)
    Hex_Str                                  0x00000a6b   Thumb Code    38  candemo.o(.text)
    adc_Init                                 0x00000a91   Thumb Code     8  candemo.o(.text)
    adc_Get                                  0x00000a99   Thumb Code    22  candemo.o(.text)
    val_display                              0x00000aaf   Thumb Code    58  candemo.o(.text)
    can_Init                                 0x00000ae9   Thumb Code    50  candemo.o(.text)
    main                                     0x00000b1b   Thumb Code   208  candemo.o(.text)
    wait_delay                               0x00000c7f   Thumb Code    12  glcd_lpc1700.o(.text)
    GLCD_Init                                0x00000d59   Thumb Code  2072  glcd_lpc1700.o(.text)
    GLCD_WindowMax                           0x00001571   Thumb Code    86  glcd_lpc1700.o(.text)
    GLCD_PutPixel                            0x000015c7   Thumb Code    96  glcd_lpc1700.o(.text)
    GLCD_SetTextColor                        0x00001627   Thumb Code     6  glcd_lpc1700.o(.text)
    GLCD_SetBackColor                        0x0000162d   Thumb Code     6  glcd_lpc1700.o(.text)
    GLCD_Clear                               0x00001633   Thumb Code    94  glcd_lpc1700.o(.text)
    GLCD_DrawChar                            0x00001691   Thumb Code   232  glcd_lpc1700.o(.text)
    GLCD_DisplayChar                         0x00001779   Thumb Code    42  glcd_lpc1700.o(.text)
    GLCD_DisplayString                       0x000017a3   Thumb Code    36  glcd_lpc1700.o(.text)
    GLCD_ClearLn                             0x000017c7   Thumb Code    20  glcd_lpc1700.o(.text)
    GLCD_Bargraph                            0x000017db   Thumb Code   248  glcd_lpc1700.o(.text)
    GLCD_Bitmap                              0x000018d3   Thumb Code   276  glcd_lpc1700.o(.text)
    GLCD_Bmp                                 0x000019e7   Thumb Code   226  glcd_lpc1700.o(.text)
    Font_24x16                               0x00001b68   Data        5376  glcd_lpc1700.o(.constdata)
    SystemFrequency                          0x10000000   Data           4  system_lpc17xx.o(.data)
    CAN_TxRdy                                0x10000004   Data           8  can.o(.data)
    CAN_RxRdy                                0x1000000c   Data           8  can.o(.data)
    val_Tx                                   0x1000001c   Data           4  candemo.o(.data)
    val_Rx                                   0x10000020   Data           4  candemo.o(.data)
    hex_chars                                0x10000024   Data          16  candemo.o(.data)
    CAN_TxMsg                                0x1000004c   Data          32  can.o(.bss)
    CAN_RxMsg                                0x1000006c   Data          32  can.o(.bss)
    __initial_sp                             0x10000290   Data           0  startup_lpc17xx.o(STACK)



==============================================================================

Memory Map of the image

  Image Entry point : 0x000000cd

  Load Region LR_IROM1 (Base: 0x00000000, Size: 0x000030b4, Max: 0x00080000, ABSOLUTE)

    Execution Region ER_IROM1 (Base: 0x00000000, Size: 0x00003068, Max: 0x00080000, ABSOLUTE)

    Base Addr    Size         Type   Attr      Idx    E Section Name        Object

    0x00000000   0x000000cc   Data   RO            3    RESET               startup_lpc17xx.o
    0x000000cc   0x00000000   Code   RO          162  * .ARM.Collect$$$$00000000  mc_w.l(entry.o)(mc_w.l)
    0x000000cc   0x00000004   Code   RO          165    .ARM.Collect$$$$00000001  mc_w.l(entry2.o)(mc_w.l)
    0x000000d0   0x00000004   Code   RO          168    .ARM.Collect$$$$00000004  mc_w.l(entry5.o)(mc_w.l)
    0x000000d4   0x00000008   Code   RO          169    .ARM.Collect$$$$00000007  mc_w.l(entry7.o)(mc_w.l)
    0x000000dc   0x00000004   Code   RO          166    .ARM.Collect$$$$00002712  mc_w.l(entry2.o)(mc_w.l)
    0x000000e0   0x00000004   Code   RO          132    .emb_text           glcd_lpc1700.o
    0x000000e4   0x0000001c   Code   RO            5    .text               startup_lpc17xx.o
    0x00000100   0x0000007c   Code   RO          105    .text               adc.o
    0x0000017c   0x0000009c   Code   RO          117    .text               led.o
    0x00000218   0x00000024   Code   RO          170    .text               mc_w.l(init.o)(mc_w.l)
    0x0000023c   0x0000000e   Code   RO          174    i.__scatterload_copy  mc_w.l(handlers.o)(mc_w.l)
    0x0000024a   0x00000002   Code   RO          175    i.__scatterload_null  mc_w.l(handlers.o)(mc_w.l)
    0x0000024c   0x0000000e   Code   RO          176    i.__scatterload_zeroinit  mc_w.l(handlers.o)(mc_w.l)
    0x0000025a   0x00000002   PAD
    0x0000025c   0x00000044   Data   RO           44    .constdata          can.o
    0x000002a0   0x00000020   Data   RO          118    .constdata          led.o
    0x000002c0   0x00000020   Data   RO          172    Region$$Table       anon$$obj.o
    0x000002e0   0x0000001c   PAD
    0x000002fc   0x00000004   Code   RO            4    .ARM.__at_0x02FC    startup_lpc17xx.o
    0x00000300   0x0000021c   Code   RO           13    .text               system_lpc17xx.o
    0x0000051c   0x00000544   Code   RO           42    .text               can.o
    0x00000a60   0x00000210   Code   RO           73    .text               candemo.o
    0x00000c70   0x00000ef8   Code   RO          133    .text               glcd_lpc1700.o
    0x00001b68   0x00001500   Data   RO          134    .constdata          glcd_lpc1700.o


    Execution Region RW_IRAM1 (Base: 0x10000000, Size: 0x00000290, Max: 0x00008000, ABSOLUTE)

    Base Addr    Size         Type   Attr      Idx    E Section Name        Object

    0x10000000   0x00000004   Data   RW           14    .data               system_lpc17xx.o
    0x10000004   0x00000018   Data   RW           45    .data               can.o
    0x1000001c   0x0000002a   Data   RW           74    .data               candemo.o
    0x10000046   0x00000006   Data   RW          135    .data               glcd_lpc1700.o
    0x1000004c   0x00000040   Zero   RW           43    .bss                can.o
    0x1000008c   0x00000004   PAD
    0x10000090   0x00000200   Zero   RW            1    STACK               startup_lpc17xx.o


==============================================================================

Image component sizes


      Code (inc. data)   RO Data    RW Data    ZI Data      Debug   Object Name

       124         20          0          0          0          0   adc.o
      1348         90         68         24         64          0   can.o
       528        134          0         42          0          0   candemo.o
      3836         70       5376          6          0          0   glcd_lpc1700.o
       156         10         32          0          0          0   led.o
        32          8        204          0        512          0   startup_lpc17xx.o
       540         64          0          4          0          0   system_lpc17xx.o

    ----------------------------------------------------------------------
      6564        396       5740         76        580          0   Object Totals
         0          0         32          0          0          0   (incl. Generated)
         0          0         28          0          4          0   (incl. Padding)

    ----------------------------------------------------------------------

      Code (inc. data)   RO Data    RW Data    ZI Data      Debug   Library Member Name

         0          0          0          0          0          0   entry.o
         8          4          0          0          0          0   entry2.o
         4          0          0          0          0          0   entry5.o
         8          4          0          0          0          0   entry7.o
        30          0          0          0          0          0   handlers.o
        36          8          0          0          0          0   init.o

    ----------------------------------------------------------------------
        88         16          0          0          0          0   Library Totals
         2          0          0          0          0          0   (incl. Padding)

    ----------------------------------------------------------------------

      Code (inc. data)   RO Data    RW Data    ZI Data      Debug   Library Name

        86         16          0          0          0         68   mc_w.l

    ----------------------------------------------------------------------
        88         16          0          0          0          0   Library Totals

    ----------------------------------------------------------------------

==============================================================================


      Code (inc. data)   RO Data    RW Data    ZI Data      Debug   

      6652        412       5740         76        580      55616   Grand Totals
      6652        412       5740         76        580      55616   ELF Image Totals
      6652        412       5740         76          0          0   ROM Totals

==============================================================================

    Total RO  Size (Code + RO Data)                12392 (  12.10kB)
    Total RW  Size (RW Data + ZI Data)               656 (   0.64kB)
    Total ROM Size (Code + RO Data + RW Data)      12468 (  12.18kB)

==============================================================================

