ARM Linker, 4.1 [Build 481] [Standard]

==============================================================================

Section Cross References

    system_lpc17xx.o(.text) refers to system_lpc17xx.o(.data) for SystemFrequency
    usbhost_uart.o(.text) refers to c89vsprintf.o(.text) for __c89vsprintf
    usbhost_uart.o(.text) refers to system_lpc17xx.o(.data) for SystemFrequency
    usbhost_uart.o(.text) refers to usbhost_uart.o(.bss) for buffer
    usbhost_fat.o(.text) refers to usbhost_ms.o(.text) for MS_BulkRecv
    usbhost_fat.o(.text) refers to usbhost_lpc17xx.o(.text) for ReadLE16U
    usbhost_fat.o(.text) refers to usbhost_uart.o(.text) for UART_Printf
    usbhost_fat.o(.text) refers to usbhost_fat.o(.bss) for FAT_BootSec
    usbhost_fat.o(.text) refers to usbhost_lpc17xx.o(.data) for FATBuffer
    usbhost_fat.o(.text) refers to usbhost_fat.o(.constdata) for __FUNCTION__
    usbhost_ms.o(.text) refers to usbhost_lpc17xx.o(.text) for WriteLE32U
    usbhost_ms.o(.text) refers to usbhost_uart.o(.text) for UART_Printf
    usbhost_ms.o(.text) refers to usbhost_lpc17xx.o(.data) for TDBuffer
    usbhost_ms.o(.text) refers to usbhost_ms.o(.data) for tag_cnt
    usbhost_ms.o(.text) refers to usbhost_ms.o(.constdata) for __FUNCTION__
    usbhost_lpc17xx.o(.text) refers to usbhost_uart.o(.text) for UART_Printf
    usbhost_lpc17xx.o(.text) refers to usbhost_lpc17xx.o(.data) for Hcca
    usbhost_lpc17xx.o(.text) refers to usbhost_ms.o(.text) for MS_ParseConfiguration
    usbhost_lpc17xx.o(.text) refers to usbhost_lpc17xx.o(.constdata) for __FUNCTION__
    usbhost_main.o(.text) refers to usbhost_fat.o(.text) for FILE_Open
    usbhost_main.o(.text) refers to usbhost_uart.o(.text) for UART_Printf
    usbhost_main.o(.text) refers to system_lpc17xx.o(.text) for SystemInit
    usbhost_main.o(.text) refers to usbhost_lpc17xx.o(.text) for Host_Init
    usbhost_main.o(.text) refers to usbhost_ms.o(.text) for MS_Init
    usbhost_main.o(.text) refers to usbhost_lpc17xx.o(.data) for UserBuffer
    startup_lpc17xx.o(STACK) refers (Special) to heapauxi.o(.text) for __use_two_region_memory
    startup_lpc17xx.o(HEAP) refers (Special) to heapauxi.o(.text) for __use_two_region_memory
    startup_lpc17xx.o(RESET) refers (Special) to heapauxi.o(.text) for __use_two_region_memory
    startup_lpc17xx.o(RESET) refers to startup_lpc17xx.o(STACK) for __initial_sp
    startup_lpc17xx.o(RESET) refers to startup_lpc17xx.o(.text) for Reset_Handler
    startup_lpc17xx.o(RESET) refers to usbhost_lpc17xx.o(.text) for USB_IRQHandler
    startup_lpc17xx.o(.ARM.__at_0x02FC) refers (Special) to heapauxi.o(.text) for __use_two_region_memory
    startup_lpc17xx.o(.text) refers (Special) to heapauxi.o(.text) for __use_two_region_memory
    startup_lpc17xx.o(.text) refers to __main.o(!!!main) for __main
    startup_lpc17xx.o(.text) refers to startup_lpc17xx.o(HEAP) for Heap_Mem
    startup_lpc17xx.o(.text) refers to startup_lpc17xx.o(STACK) for Stack_Mem
    c89vsprintf.o(.text) refers (Special) to _printf_a.o(.ARM.Collect$$_printf_percent$$00000006) for _printf_a
    c89vsprintf.o(.text) refers (Special) to _printf_c.o(.ARM.Collect$$_printf_percent$$00000013) for _printf_c
    c89vsprintf.o(.text) refers (Special) to _printf_charcount.o(.text) for _printf_charcount
    c89vsprintf.o(.text) refers (Special) to _printf_d.o(.ARM.Collect$$_printf_percent$$00000009) for _printf_d
    c89vsprintf.o(.text) refers (Special) to _printf_e.o(.ARM.Collect$$_printf_percent$$00000004) for _printf_e
    c89vsprintf.o(.text) refers (Special) to _printf_f.o(.ARM.Collect$$_printf_percent$$00000003) for _printf_f
    c89vsprintf.o(.text) refers (Special) to printf1.o(x$fpl$printf1) for _printf_fp_dec
    c89vsprintf.o(.text) refers (Special) to _printf_g.o(.ARM.Collect$$_printf_percent$$00000005) for _printf_g
    c89vsprintf.o(.text) refers (Special) to _printf_i.o(.ARM.Collect$$_printf_percent$$00000008) for _printf_i
    c89vsprintf.o(.text) refers (Special) to _printf_dec.o(.text) for _printf_int_dec
    c89vsprintf.o(.text) refers (Special) to _printf_l.o(.ARM.Collect$$_printf_percent$$00000012) for _printf_l
    c89vsprintf.o(.text) refers (Special) to _printf_lc.o(.ARM.Collect$$_printf_percent$$00000015) for _printf_lc
    c89vsprintf.o(.text) refers (Special) to _printf_ll.o(.ARM.Collect$$_printf_percent$$00000007) for _printf_ll
    c89vsprintf.o(.text) refers (Special) to _printf_lld.o(.ARM.Collect$$_printf_percent$$0000000E) for _printf_lld
    c89vsprintf.o(.text) refers (Special) to _printf_lli.o(.ARM.Collect$$_printf_percent$$0000000D) for _printf_lli
    c89vsprintf.o(.text) refers (Special) to _printf_llo.o(.ARM.Collect$$_printf_percent$$00000010) for _printf_llo
    c89vsprintf.o(.text) refers (Special) to _printf_llu.o(.ARM.Collect$$_printf_percent$$0000000F) for _printf_llu
    c89vsprintf.o(.text) refers (Special) to _printf_llx.o(.ARM.Collect$$_printf_percent$$00000011) for _printf_llx
[...]
    lc_ctype_c.o(locale$$code) refers (Special) to libinit2.o(.ARM.Collect$$libinit$$0000000E) for __rt_lib_init_lc_ctype_2
    lc_ctype_c.o(locale$$code) refers to strcmpv7m.o(.text) for strcmp
    lc_ctype_c.o(locale$$code) refers to lc_ctype_c.o(locale$$data) for __lcctype_c_name
    libinit2.o(.ARM.Collect$$libinit$$0000000B) refers (Weak) to rt_locale_intlibspace.o(.text) for __rt_locale
    libinit2.o(.ARM.Collect$$libinit$$0000000C) refers to libinit2.o(.ARM.Collect$$libinit$$0000000B) for .ARM.Collect$$libinit$$0000000B
    libinit2.o(.ARM.Collect$$libinit$$0000000E) refers to libinit2.o(.ARM.Collect$$libinit$$0000000B) for .ARM.Collect$$libinit$$0000000B
    libinit2.o(.ARM.Collect$$libinit$$0000000E) refers (Weak) to lc_ctype_c.o(locale$$code) for _get_lc_ctype
    libinit2.o(.ARM.Collect$$libinit$$00000010) refers to libinit2.o(.ARM.Collect$$libinit$$0000000B) for .ARM.Collect$$libinit$$0000000B
    libinit2.o(.ARM.Collect$$libinit$$00000012) refers to libinit2.o(.ARM.Collect$$libinit$$0000000B) for .ARM.Collect$$libinit$$0000000B
    libinit2.o(.ARM.Collect$$libinit$$00000012) refers (Weak) to lc_numeric_c.o(locale$$code) for _get_lc_numeric
    libinit2.o(.ARM.Collect$$libinit$$00000014) refers to libinit2.o(.ARM.Collect$$libinit$$0000000B) for .ARM.Collect$$libinit$$0000000B
    libinit2.o(.ARM.Collect$$libinit$$00000022) refers to argv_veneer.o(.emb_text) for __ARM_argv_veneer
    libinit2.o(.ARM.Collect$$libinit$$00000023) refers to argv_veneer.o(.emb_text) for __ARM_argv_veneer
    fpinit.o(x$fpl$fpinit) refers to rt_fp_status_addr_intlibspace.o(.text) for __rt_fp_status_addr
    rtexit2.o(.ARM.Collect$$rtexit$$00000003) refers to libshutdown.o(.ARM.Collect$$libshutdown$$00000000) for __rt_lib_shutdown
    rtexit2.o(.ARM.Collect$$rtexit$$00000004) refers to sys_exit.o(.text) for _sys_exit
    rtexit2.o(.ARM.exidx) refers to rtexit2.o(.ARM.Collect$$rtexit$$00000001) for .ARM.Collect$$rtexit$$00000001
    rtexit2.o(.ARM.exidx) refers to rtexit2.o(.ARM.Collect$$rtexit$$00000002) for .ARM.Collect$$rtexit$$00000002
    rtexit2.o(.ARM.exidx) refers to rtexit2.o(.ARM.Collect$$rtexit$$00000003) for .ARM.Collect$$rtexit$$00000003
    rtexit2.o(.ARM.exidx) refers to rtexit2.o(.ARM.Collect$$rtexit$$00000004) for .ARM.Collect$$rtexit$$00000004
    rt_fp_status_addr.o(.text) refers to rt_fp_status_addr.o(.bss) for __rt_fp_status_addr_data
    rt_fp_status_addr_intlibspace.o(.text) refers to libspace.o(.bss) for __libspace_start
    argv_veneer.o(.emb_text) refers to no_argv.o(.text) for __ARM_get_argv
    sys_exit.o(.text) refers (Special) to use_no_semi.o(.text) for __I$use$semihosting
    _get_argv_nomalloc.o(.text) refers (Special) to hrguard.o(.text) for __heap_region$guard
    _get_argv_nomalloc.o(.text) refers to defsig_rtmem_outer.o(.text) for __rt_SIGRTMEM
    _get_argv_nomalloc.o(.text) refers to sys_command.o(.text) for _sys_command_string
    libshutdown.o(.ARM.Collect$$libshutdown$$00000000) refers (Special) to libshutdown2.o(.ARM.Collect$$libshutdown$$00000006) for __rt_lib_shutdown_fp_trap_1
    libshutdown.o(.ARM.Collect$$libshutdown$$00000000) refers (Special) to libshutdown2.o(.ARM.Collect$$libshutdown$$0000000E) for __rt_lib_shutdown_heap_1
    libshutdown.o(.ARM.Collect$$libshutdown$$00000000) refers (Special) to libshutdown2.o(.ARM.Collect$$libshutdown$$0000000F) for __rt_lib_shutdown_return
    libshutdown.o(.ARM.Collect$$libshutdown$$00000000) refers (Special) to libshutdown2.o(.ARM.Collect$$libshutdown$$00000009) for __rt_lib_shutdown_signal_1
    libshutdown.o(.ARM.Collect$$libshutdown$$00000000) refers (Special) to libshutdown2.o(.ARM.Collect$$libshutdown$$00000003) for __rt_lib_shutdown_stdio_1
    libshutdown.o(.ARM.Collect$$libshutdown$$00000000) refers (Special) to libshutdown2.o(.ARM.Collect$$libshutdown$$0000000B) for __rt_lib_shutdown_user_alloc_1
    sys_command.o(.text) refers (Special) to use_no_semi.o(.text) for __I$use$semihosting
    defsig_rtmem_outer.o(.text) refers to defsig_rtmem_inner.o(.text) for __rt_SIGRTMEM_inner
    defsig_rtmem_outer.o(.text) refers to defsig_exit.o(.text) for __sig_exit
    defsig_rtmem_formal.o(.text) refers to rt_raise.o(.text) for __rt_raise
    rt_raise.o(.text) refers to __raise.o(.text) for __raise
    rt_raise.o(.text) refers to sys_exit.o(.text) for _sys_exit
    defsig_exit.o(.text) refers to sys_exit.o(.text) for _sys_exit
    defsig_rtmem_inner.o(.text) refers to defsig_general.o(.text) for __default_signal_display
    __raise.o(.text) refers to defsig.o(CL$$defsig) for __default_signal_handler
    defsig_general.o(.text) refers to sys_wrch.o(.text) for _ttywrch
    sys_wrch.o(.text) refers (Special) to use_no_semi.o(.text) for __I$use$semihosting
    defsig.o(CL$$defsig) refers to defsig_rtmem_inner.o(.text) for __rt_SIGRTMEM_inner
    defsig_abrt_inner.o(.text) refers to defsig_general.o(.text) for __default_signal_display
    defsig_fpe_inner.o(.text) refers to defsig_general.o(.text) for __default_signal_display
    defsig_rtred_inner.o(.text) refers to defsig_general.o(.text) for __default_signal_display
    defsig_stak_inner.o(.text) refers to defsig_general.o(.text) for __default_signal_display
    defsig_pvfn_inner.o(.text) refers to defsig_general.o(.text) for __default_signal_display
    defsig_cppl_inner.o(.text) refers to defsig_general.o(.text) for __default_signal_display
    defsig_segv_inner.o(.text) refers to defsig_general.o(.text) for __default_signal_display
    defsig_other.o(.text) refers to defsig_general.o(.text) for __default_signal_display


==============================================================================

Removing Unused input sections from the image.

    Removing core_cm3.o(.emb_text), (32 bytes).

1 unused section(s) (total 32 bytes) removed from the image.

==============================================================================

Image Symbol Table

    Local Symbols

    Symbol Name                              Value     Ov Type        Size  Object(Section)

    RESET                                    0x00000000   Section      204  startup_lpc17xx.o(RESET)
    ../../angel/boardlib.s                   0x00000000   Number         0  boardshut.o ABSOLUTE
    ../../angel/boardlib.s                   0x00000000   Number         0  boardinit1.o ABSOLUTE
    ../../angel/boardlib.s                   0x00000000   Number         0  boardinit3.o ABSOLUTE
    ../../angel/boardlib.s                   0x00000000   Number         0  boardinit2.o ABSOLUTE
    ../../angel/handlers.s                   0x00000000   Number         0  __scatter_copy.o ABSOLUTE
    ../../angel/kernel.s                     0x00000000   Number         0  rtentry4.o ABSOLUTE
    ../../angel/kernel.s                     0x00000000   Number         0  rtentry.o ABSOLUTE
    ../../angel/kernel.s                     0x00000000   Number         0  rtentry2.o ABSOLUTE
    ../../angel/kernel.s                     0x00000000   Number         0  rtexit.o ABSOLUTE
    ../../angel/kernel.s                     0x00000000   Number         0  rtexit2.o ABSOLUTE
    ../../angel/rt.s                         0x00000000   Number         0  rt_fp_status_addr.o ABSOLUTE
    ../../angel/rt.s                         0x00000000   Number         0  rt_raise.o ABSOLUTE
    ../../angel/rt.s                         0x00000000   Number         0  rt_ctype_table.o ABSOLUTE
    ../../angel/rt.s                         0x00000000   Number         0  rt_locale.o ABSOLUTE
    ../../angel/rt.s                         0x00000000   Number         0  rt_locale_intlibspace.o ABSOLUTE
    ../../angel/rt.s                         0x00000000   Number         0  rt_fp_status_addr_intlibspace.o ABSOLUTE
    ../../angel/scatter.s                    0x00000000   Number         0  __scatter.o ABSOLUTE
    ../../angel/startup.s                    0x00000000   Number         0  __main.o ABSOLUTE
    ../../angel/sys.s                        0x00000000   Number         0  sys_stackheap_outer.o ABSOLUTE
    ../../angel/sys.s                        0x00000000   Number         0  libspace.o ABSOLUTE
    ../../angel/sys.s                        0x00000000   Number         0  use_no_semi.o ABSOLUTE
    ../../angel/sysapp.c                     0x00000000   Number         0  sys_command.o ABSOLUTE
    ../../angel/sysapp.c                     0x00000000   Number         0  sys_exit.o ABSOLUTE
    ../../angel/sysapp.c                     0x00000000   Number         0  sys_wrch.o ABSOLUTE
    ../../armsys.c                           0x00000000   Number         0  _get_argv_nomalloc.o ABSOLUTE
    ../../armsys.c                           0x00000000   Number         0  argv_veneer.o ABSOLUTE
    ../../armsys.c                           0x00000000   Number         0  no_argv.o ABSOLUTE
    ../../armsys.c                           0x00000000   Number         0  argv_veneer.o ABSOLUTE
    ../../bigflt.c                           0x00000000   Number         0  bigflt0.o ABSOLUTE
    ../../btod.s                             0x00000000   Number         0  btod.o ABSOLUTE
    ../../division_7m.s                      0x00000000   Number         0  rtudiv10.o ABSOLUTE
    ../../fpclassify.c                       0x00000000   Number         0  fpclassify.o ABSOLUTE
    ../../fpinit.s                           0x00000000   Number         0  fpinit.o ABSOLUTE
    ../../heapalloc.c                        0x00000000   Number         0  hrguard.o ABSOLUTE
    ../../heapaux.c                          0x00000000   Number         0  heapauxi.o ABSOLUTE
    ../../istatus.s                          0x00000000   Number         0  istatus.o ABSOLUTE
    ../../libinit.s                          0x00000000   Number         0  libinit2.o ABSOLUTE
    ../../libinit.s                          0x00000000   Number         0  libshutdown2.o ABSOLUTE
    ../../libinit.s                          0x00000000   Number         0  libshutdown.o ABSOLUTE
    ../../libinit.s                          0x00000000   Number         0  libinit.o ABSOLUTE
    ../../locale.c                           0x00000000   Number         0  _wcrtomb.o ABSOLUTE
    ../../locale.s                           0x00000000   Number         0  lc_ctype_c.o ABSOLUTE
    ../../locale.s                           0x00000000   Number         0  lc_numeric_c.o ABSOLUTE
    ../../longlong.s                         0x00000000   Number         0  lludiv10.o ABSOLUTE
    ../../memcpset.s                         0x00000000   Number         0  strcmpv7m.o ABSOLUTE
    ../../misc.s                             0x00000000   Number         0  printf_stubs.o ABSOLUTE
    ../../printf.c                           0x00000000   Number         0  _printf_hex_ptr.o ABSOLUTE
    ../../printf.c                           0x00000000   Number         0  _printf_oct_int_ll.o ABSOLUTE
    ../../printf.c                           0x00000000   Number         0  __printf.o ABSOLUTE
    ../../printf.c                           0x00000000   Number         0  _printf_pad.o ABSOLUTE
    ../../printf.c                           0x00000000   Number         0  _printf_oct_int.o ABSOLUTE
    ../../printf.c                           0x00000000   Number         0  _printf_truncate.o ABSOLUTE
    ../../printf.c                           0x00000000   Number         0  _printf_str.o ABSOLUTE
    ../../printf.c                           0x00000000   Number         0  _printf_hex_int_ptr.o ABSOLUTE
    ../../printf.c                           0x00000000   Number         0  _printf_dec.o ABSOLUTE
    ../../printf.c                           0x00000000   Number         0  _printf_charcount.o ABSOLUTE
    ../../printf.c                           0x00000000   Number         0  _printf_hex_int_ll_ptr.o ABSOLUTE
    ../../printf.c                           0x00000000   Number         0  _printf_char_common.o ABSOLUTE
    ../../printf.c                           0x00000000   Number         0  _printf_hex_ll_ptr.o ABSOLUTE
    ../../printf.c                           0x00000000   Number         0  __printf_flags_ss_wp.o ABSOLUTE
    ../../printf.c                           0x00000000   Number         0  _printf_wctomb.o ABSOLUTE
    ../../printf.c                           0x00000000   Number         0  __printf_flags.o ABSOLUTE
    ../../printf.c                           0x00000000   Number         0  _printf_oct_ll.o ABSOLUTE
    ../../printf.c                           0x00000000   Number         0  __printf_ss_wp.o ABSOLUTE
    ../../printf.c                           0x00000000   Number         0  __printf_ss.o ABSOLUTE
    ../../printf.c                           0x00000000   Number         0  __printf_flags_ss.o ABSOLUTE
    ../../printf.c                           0x00000000   Number         0  _printf_wchar.o ABSOLUTE
    ../../printf.c                           0x00000000   Number         0  __printf_flags_wp.o ABSOLUTE
    ../../printf.c                           0x00000000   Number         0  _printf_char.o ABSOLUTE
    ../../printf.c                           0x00000000   Number         0  __printf_wp.o ABSOLUTE
    ../../printf.c                           0x00000000   Number         0  c89vsprintf.o ABSOLUTE
    ../../printf.c                           0x00000000   Number         0  _printf_hex_ll.o ABSOLUTE
    ../../printf.c                           0x00000000   Number         0  _printf_hex_int.o ABSOLUTE
    ../../printf.c                           0x00000000   Number         0  _printf_hex_int_ll.o ABSOLUTE
    ../../printf.c                           0x00000000   Number         0  _printf_intcommon.o ABSOLUTE
    ../../printf.c                           0x00000000   Number         0  _printf_fp_infnan.o ABSOLUTE
    ../../printf.c                           0x00000000   Number         0  _printf_fp_dec.o ABSOLUTE
    ../../printf.c                           0x00000000   Number         0  _printf_longlong_dec.o ABSOLUTE
    ../../printf.c                           0x00000000   Number         0  __printf_nopercent.o ABSOLUTE
    ../../printf.c                           0x00000000   Number         0  _sputc.o ABSOLUTE
    ../../printf1.s                          0x00000000   Number         0  printf1.o ABSOLUTE
    ../../printf_percent.s                   0x00000000   Number         0  _printf_c.o ABSOLUTE
    ../../printf_percent.s                   0x00000000   Number         0  _printf_d.o ABSOLUTE
    ../../printf_percent.s                   0x00000000   Number         0  _printf_llo.o ABSOLUTE
    ../../printf_percent.s                   0x00000000   Number         0  _printf_u.o ABSOLUTE
    ../../printf_percent.s                   0x00000000   Number         0  _printf_s.o ABSOLUTE
    ../../printf_percent.s                   0x00000000   Number         0  _printf_f.o ABSOLUTE
    ../../printf_percent.s                   0x00000000   Number         0  _printf_e.o ABSOLUTE
    ../../printf_percent.s                   0x00000000   Number         0  _printf_llx.o ABSOLUTE
    ../../printf_percent.s                   0x00000000   Number         0  _printf_n.o ABSOLUTE
    ../../printf_percent.s                   0x00000000   Number         0  _printf_a.o ABSOLUTE
    ../../printf_percent.s                   0x00000000   Number         0  _printf_g.o ABSOLUTE
    ../../printf_percent.s                   0x00000000   Number         0  _printf_percent.o ABSOLUTE
    ../../printf_percent.s                   0x00000000   Number         0  _printf_x.o ABSOLUTE
    ../../printf_percent.s                   0x00000000   Number         0  _printf_lli.o ABSOLUTE
    ../../printf_percent.s                   0x00000000   Number         0  _printf_p.o ABSOLUTE
    ../../printf_percent.s                   0x00000000   Number         0  _printf_lld.o ABSOLUTE
    ../../printf_percent.s                   0x00000000   Number         0  _printf_ls.o ABSOLUTE
    ../../printf_percent.s                   0x00000000   Number         0  _printf_llu.o ABSOLUTE
    ../../printf_percent.s                   0x00000000   Number         0  _printf_o.o ABSOLUTE
    ../../printf_percent.s                   0x00000000   Number         0  _printf_ll.o ABSOLUTE
    ../../printf_percent.s                   0x00000000   Number         0  _printf_percent_end.o ABSOLUTE
    ../../printf_percent.s                   0x00000000   Number         0  _printf_l.o ABSOLUTE
    ../../printf_percent.s                   0x00000000   Number         0  _printf_i.o ABSOLUTE
    ../../printf_percent.s                   0x00000000   Number         0  _printf_lc.o ABSOLUTE
    ../../signal.c                           0x00000000   Number         0  defsig_stak_inner.o ABSOLUTE
    ../../signal.c                           0x00000000   Number         0  defsig_pvfn_inner.o ABSOLUTE
    ../../signal.c                           0x00000000   Number         0  defsig_exit.o ABSOLUTE
    ../../signal.c                           0x00000000   Number         0  defsig_cppl_inner.o ABSOLUTE
    ../../signal.c                           0x00000000   Number         0  defsig_segv_inner.o ABSOLUTE
    ../../signal.c                           0x00000000   Number         0  defsig_other.o ABSOLUTE
    ../../signal.c                           0x00000000   Number         0  defsig_rtred_inner.o ABSOLUTE
    ../../signal.c                           0x00000000   Number         0  defsig_rtmem_outer.o ABSOLUTE
    ../../signal.c                           0x00000000   Number         0  defsig_rtmem_formal.o ABSOLUTE
    ../../signal.c                           0x00000000   Number         0  defsig_rtmem_inner.o ABSOLUTE
    ../../signal.c                           0x00000000   Number         0  __raise.o ABSOLUTE
    ../../signal.c                           0x00000000   Number         0  defsig_general.o ABSOLUTE
    ../../signal.c                           0x00000000   Number         0  defsig_abrt_inner.o ABSOLUTE
    ../../signal.c                           0x00000000   Number         0  defsig_fpe_inner.o ABSOLUTE
    ../../signal.s                           0x00000000   Number         0  defsig.o ABSOLUTE
    ../../stdlib.c                           0x00000000   Number         0  exit.o ABSOLUTE
    ../../usenofp.s                          0x00000000   Number         0  usenofp.o ABSOLUTE
    UsbHost\Fat\usbhost_fat.c                0x00000000   Number         0  usbhost_fat.o ABSOLUTE
    UsbHost\Host\usbhost_lpc17xx.c           0x00000000   Number         0  usbhost_lpc17xx.o ABSOLUTE
    UsbHost\Main\usbhost_main.c              0x00000000   Number         0  usbhost_main.o ABSOLUTE
    UsbHost\MassStorage\usbhost_ms.c         0x00000000   Number         0  usbhost_ms.o ABSOLUTE
    UsbHost\Uart\usbhost_uart.c              0x00000000   Number         0  usbhost_uart.o ABSOLUTE
    common\\src\\core_cm3.c                  0x00000000   Number         0  core_cm3.o ABSOLUTE
    common\src\core_cm3.c                    0x00000000   Number         0  core_cm3.o ABSOLUTE
    common\src\startup_LPC17xx.s             0x00000000   Number         0  startup_lpc17xx.o ABSOLUTE
    common\src\system_LPC17xx.c              0x00000000   Number         0  system_lpc17xx.o ABSOLUTE
    dc.s                                     0x00000000   Number         0  dc.o ABSOLUTE
    !!!main                                  0x000000cc   Section        8  __main.o(!!!main)
    !!!scatter                               0x000000d4   Section       52  __scatter.o(!!!scatter)
    !!handler_copy                           0x00000108   Section       26  __scatter_copy.o(!!handler_copy)
    .ARM.Collect$$_printf_percent$$00000000  0x00000122   Section        0  _printf_percent.o(.ARM.Collect$$_printf_percent$$00000000)
    .ARM.Collect$$_printf_percent$$00000001  0x00000122   Section        6  _printf_n.o(.ARM.Collect$$_printf_percent$$00000001)
    .ARM.Collect$$_printf_percent$$00000002  0x00000128   Section        6  _printf_p.o(.ARM.Collect$$_printf_percent$$00000002)
    .ARM.Collect$$_printf_percent$$00000003  0x0000012e   Section        6  _printf_f.o(.ARM.Collect$$_printf_percent$$00000003)
    .ARM.Collect$$_printf_percent$$00000004  0x00000134   Section        6  _printf_e.o(.ARM.Collect$$_printf_percent$$00000004)
    .ARM.Collect$$_printf_percent$$00000005  0x0000013a   Section        6  _printf_g.o(.ARM.Collect$$_printf_percent$$00000005)
    .ARM.Collect$$_printf_percent$$00000006  0x00000140   Section        6  _printf_a.o(.ARM.Collect$$_printf_percent$$00000006)
    .ARM.Collect$$_printf_percent$$00000007  0x00000146   Section       10  _printf_ll.o(.ARM.Collect$$_printf_percent$$00000007)
    .ARM.Collect$$_printf_percent$$00000008  0x00000150   Section        6  _printf_i.o(.ARM.Collect$$_printf_percent$$00000008)
    .ARM.Collect$$_printf_percent$$00000009  0x00000156   Section        6  _printf_d.o(.ARM.Collect$$_printf_percent$$00000009)
    .ARM.Collect$$_printf_percent$$0000000A  0x0000015c   Section        6  _printf_u.o(.ARM.Collect$$_printf_percent$$0000000A)
    .ARM.Collect$$_printf_percent$$0000000B  0x00000162   Section        6  _printf_o.o(.ARM.Collect$$_printf_percent$$0000000B)
    .ARM.Collect$$_printf_percent$$0000000C  0x00000168   Section        6  _printf_x.o(.ARM.Collect$$_printf_percent$$0000000C)
    .ARM.Collect$$_printf_percent$$0000000D  0x0000016e   Section        6  _printf_lli.o(.ARM.Collect$$_printf_percent$$0000000D)
    .ARM.Collect$$_printf_percent$$0000000E  0x00000174   Section        6  _printf_lld.o(.ARM.Collect$$_printf_percent$$0000000E)
    .ARM.Collect$$_printf_percent$$0000000F  0x0000017a   Section        6  _printf_llu.o(.ARM.Collect$$_printf_percent$$0000000F)
    .ARM.Collect$$_printf_percent$$00000010  0x00000180   Section        6  _printf_llo.o(.ARM.Collect$$_printf_percent$$00000010)
    .ARM.Collect$$_printf_percent$$00000011  0x00000186   Section        6  _printf_llx.o(.ARM.Collect$$_printf_percent$$00000011)
    .ARM.Collect$$_printf_percent$$00000012  0x0000018c   Section       10  _printf_l.o(.ARM.Collect$$_printf_percent$$00000012)
    .ARM.Collect$$_printf_percent$$00000013  0x00000196   Section        6  _printf_c.o(.ARM.Collect$$_printf_percent$$00000013)
    .ARM.Collect$$_printf_percent$$00000014  0x0000019c   Section        6  _printf_s.o(.ARM.Collect$$_printf_percent$$00000014)
    .ARM.Collect$$_printf_percent$$00000015  0x000001a2   Section        6  _printf_lc.o(.ARM.Collect$$_printf_percent$$00000015)
    .ARM.Collect$$_printf_percent$$00000016  0x000001a8   Section        6  _printf_ls.o(.ARM.Collect$$_printf_percent$$00000016)
    .ARM.Collect$$_printf_percent$$00000017  0x000001ae   Section        4  _printf_percent_end.o(.ARM.Collect$$_printf_percent$$00000017)
    .ARM.Collect$$libinit$$00000000          0x000001b2   Section        6  libinit.o(.ARM.Collect$$libinit$$00000000)
    .ARM.Collect$$libinit$$00000006          0x000001b8   Section        0  libinit2.o(.ARM.Collect$$libinit$$00000006)
    .ARM.Collect$$libinit$$00000008          0x000001b8   Section        0  libinit2.o(.ARM.Collect$$libinit$$00000008)
    .ARM.Collect$$libinit$$0000000A          0x000001b8   Section        0  libinit2.o(.ARM.Collect$$libinit$$0000000A)
    .ARM.Collect$$libinit$$0000000B          0x000001b8   Section        6  libinit2.o(.ARM.Collect$$libinit$$0000000B)
    .ARM.Collect$$libinit$$0000000D          0x000001be   Section        0  libinit2.o(.ARM.Collect$$libinit$$0000000D)
    .ARM.Collect$$libinit$$0000000E          0x000001be   Section       12  libinit2.o(.ARM.Collect$$libinit$$0000000E)
    .ARM.Collect$$libinit$$0000000F          0x000001ca   Section        0  libinit2.o(.ARM.Collect$$libinit$$0000000F)
    .ARM.Collect$$libinit$$00000011          0x000001ca   Section        0  libinit2.o(.ARM.Collect$$libinit$$00000011)
    .ARM.Collect$$libinit$$00000012          0x000001ca   Section       10  libinit2.o(.ARM.Collect$$libinit$$00000012)
    .ARM.Collect$$libinit$$00000013          0x000001d4   Section        0  libinit2.o(.ARM.Collect$$libinit$$00000013)
    .ARM.Collect$$libinit$$00000015          0x000001d4   Section        0  libinit2.o(.ARM.Collect$$libinit$$00000015)
    .ARM.Collect$$libinit$$00000017          0x000001d4   Section        0  libinit2.o(.ARM.Collect$$libinit$$00000017)
    .ARM.Collect$$libinit$$00000019          0x000001d4   Section        0  libinit2.o(.ARM.Collect$$libinit$$00000019)
    .ARM.Collect$$libinit$$0000001B          0x000001d4   Section        0  libinit2.o(.ARM.Collect$$libinit$$0000001B)
    .ARM.Collect$$libinit$$0000001D          0x000001d4   Section        0  libinit2.o(.ARM.Collect$$libinit$$0000001D)
    .ARM.Collect$$libinit$$0000001F          0x000001d4   Section        0  libinit2.o(.ARM.Collect$$libinit$$0000001F)
    .ARM.Collect$$libinit$$00000021          0x000001d4   Section        0  libinit2.o(.ARM.Collect$$libinit$$00000021)
    .ARM.Collect$$libinit$$00000028          0x000001d4   Section        0  libinit2.o(.ARM.Collect$$libinit$$00000028)
    .ARM.Collect$$libinit$$0000002A          0x000001d4   Section        0  libinit2.o(.ARM.Collect$$libinit$$0000002A)
    .ARM.Collect$$libinit$$0000002C          0x000001d4   Section        0  libinit2.o(.ARM.Collect$$libinit$$0000002C)
    .ARM.Collect$$libinit$$0000002E          0x000001d4   Section        0  libinit2.o(.ARM.Collect$$libinit$$0000002E)
    .ARM.Collect$$libinit$$0000002F          0x000001d4   Section        2  libinit2.o(.ARM.Collect$$libinit$$0000002F)
    .ARM.Collect$$libshutdown$$00000000      0x000001d6   Section        2  libshutdown.o(.ARM.Collect$$libshutdown$$00000000)
    .ARM.Collect$$libshutdown$$00000003      0x000001d8   Section        0  libshutdown2.o(.ARM.Collect$$libshutdown$$00000003)
    .ARM.Collect$$libshutdown$$00000006      0x000001d8   Section        0  libshutdown2.o(.ARM.Collect$$libshutdown$$00000006)
    .ARM.Collect$$libshutdown$$00000009      0x000001d8   Section        0  libshutdown2.o(.ARM.Collect$$libshutdown$$00000009)
    .ARM.Collect$$libshutdown$$0000000B      0x000001d8   Section        0  libshutdown2.o(.ARM.Collect$$libshutdown$$0000000B)
    .ARM.Collect$$libshutdown$$0000000E      0x000001d8   Section        0  libshutdown2.o(.ARM.Collect$$libshutdown$$0000000E)
    .ARM.Collect$$libshutdown$$0000000F      0x000001d8   Section        2  libshutdown2.o(.ARM.Collect$$libshutdown$$0000000F)
    .ARM.Collect$$rtentry$$00000000          0x000001da   Section        0  rtentry.o(.ARM.Collect$$rtentry$$00000000)
    .ARM.Collect$$rtentry$$00000002          0x000001da   Section        0  rtentry2.o(.ARM.Collect$$rtentry$$00000002)
    .ARM.Collect$$rtentry$$00000004          0x000001da   Section        6  rtentry4.o(.ARM.Collect$$rtentry$$00000004)
    .ARM.Collect$$rtentry$$00000009          0x000001e0   Section        0  rtentry2.o(.ARM.Collect$$rtentry$$00000009)
    .ARM.Collect$$rtentry$$0000000A          0x000001e0   Section        4  rtentry2.o(.ARM.Collect$$rtentry$$0000000A)
    .ARM.Collect$$rtentry$$0000000C          0x000001e4   Section        0  rtentry2.o(.ARM.Collect$$rtentry$$0000000C)
    .ARM.Collect$$rtentry$$0000000D          0x000001e4   Section        8  rtentry2.o(.ARM.Collect$$rtentry$$0000000D)
    .ARM.Collect$$rtexit$$00000000           0x000001ec   Section        2  rtexit.o(.ARM.Collect$$rtexit$$00000000)
    .ARM.Collect$$rtexit$$00000002           0x000001ee   Section        0  rtexit2.o(.ARM.Collect$$rtexit$$00000002)
    .ARM.Collect$$rtexit$$00000003           0x000001ee   Section        4  rtexit2.o(.ARM.Collect$$rtexit$$00000003)
    .ARM.Collect$$rtexit$$00000004           0x000001f2   Section        6  rtexit2.o(.ARM.Collect$$rtexit$$00000004)
    .text                                    0x000001f8   Section        0  usbhost_uart.o(.text)
    .text                                    0x000002cc   Section        0  c89vsprintf.o(.text)
    .text                                    0x000002f0   Section        0  heapauxi.o(.text)
    .text                                    0x000002f6   Section        2  use_no_semi.o(.text)
    x$fpl$printf1                            0x000002f8   Section        4  printf1.o(x$fpl$printf1)
    .ARM.__at_0x02FC                         0x000002fc   Section        4  startup_lpc17xx.o(.ARM.__at_0x02FC)
    .text                                    0x00000300   Section        0  system_lpc17xx.o(.text)
    .text                                    0x0000055c   Section        0  usbhost_fat.o(.text)
    .text                                    0x00001010   Section        0  usbhost_ms.o(.text)
    .text                                    0x00001580   Section        0  usbhost_lpc17xx.o(.text)
    .text                                    0x00001d58   Section        0  usbhost_main.o(.text)
    .text                                    0x00001f98   Section       52  startup_lpc17xx.o(.text)
    .text                                    0x00001fcc   Section        0  _printf_pad.o(.text)
    .text                                    0x0000201c   Section        0  _printf_truncate.o(.text)
    .text                                    0x00002040   Section        0  _printf_str.o(.text)
    .text                                    0x00002094   Section        0  _printf_dec.o(.text)
    .text                                    0x00002108   Section        0  _printf_charcount.o(.text)
    .text                                    0x00002134   Section        0  _printf_char_common.o(.text)
    _printf_input_char                       0x00002135   Thumb Code    10  _printf_char_common.o(.text)
    .text                                    0x00002164   Section        0  _sputc.o(.text)
    .text                                    0x00002170   Section        0  _printf_wctomb.o(.text)
    .text                                    0x0000222c   Section        0  _printf_longlong_dec.o(.text)
    .text                                    0x000022a4   Section        0  _printf_oct_int_ll.o(.text)
    _printf_longlong_oct_internal            0x000022a5   Thumb Code     0  _printf_oct_int_ll.o(.text)
    .text                                    0x0000231c   Section        0  _printf_hex_int_ll_ptr.o(.text)
    _printf_hex_common                       0x0000231d   Thumb Code     0  _printf_hex_int_ll_ptr.o(.text)
    .text                                    0x000023b8   Section        0  __printf_flags_ss_wp.o(.text)
    .text                                    0x00002554   Section      138  lludiv10.o(.text)
    .text                                    0x000025de   Section        0  _printf_intcommon.o(.text)
    .text                                    0x00002692   Section        0  _printf_fp_dec.o(.text)
    _fp_digits                               0x00002695   Thumb Code   420  _printf_fp_dec.o(.text)
    .text                                    0x00002aa0   Section        0  _printf_char.o(.text)
    .text                                    0x00002acc   Section        0  _printf_wchar.o(.text)
    .text                                    0x00002af8   Section        0  _wcrtomb.o(.text)
    .text                                    0x00002b38   Section       16  rtudiv10.o(.text)
    .text                                    0x00002b48   Section       74  sys_stackheap_outer.o(.text)
    .text                                    0x00002b94   Section       16  rt_ctype_table.o(.text)
    .text                                    0x00002ba4   Section       12  rt_locale_intlibspace.o(.text)
    .text                                    0x00002bb0   Section        0  _printf_fp_infnan.o(.text)
    .text                                    0x00002c2c   Section        0  bigflt0.o(.text)
    .text                                    0x00002d18   Section        0  exit.o(.text)
    .text                                    0x00002d24   Section        8  libspace.o(.text)
    .text                                    0x00002d2c   Section      128  strcmpv7m.o(.text)
    .text                                    0x00002dac   Section       12  rt_fp_status_addr_intlibspace.o(.text)
    .text                                    0x00002db8   Section        0  sys_exit.o(.text)
    CL$$btod_d2e                             0x00002dc4   Section       62  btod.o(CL$$btod_d2e)
    CL$$btod_d2e_denorm_low                  0x00002e02   Section       70  btod.o(CL$$btod_d2e_denorm_low)
    CL$$btod_d2e_norm_op1                    0x00002e48   Section       96  btod.o(CL$$btod_d2e_norm_op1)
    CL$$btod_div_common                      0x00002ea8   Section      824  btod.o(CL$$btod_div_common)
    CL$$btod_e2e                             0x000031e0   Section      198  btod.o(CL$$btod_e2e)
    CL$$btod_ediv                            0x000032a6   Section       40  btod.o(CL$$btod_ediv)
    CL$$btod_emul                            0x000032ce   Section       40  btod.o(CL$$btod_emul)
    CL$$btod_mult_common                     0x000032f6   Section      580  btod.o(CL$$btod_mult_common)
    i.__ARM_fpclassify                       0x0000353a   Section        0  fpclassify.o(i.__ARM_fpclassify)
    locale$$code                             0x00003564   Section       44  lc_numeric_c.o(locale$$code)
    locale$$code                             0x00003590   Section       44  lc_ctype_c.o(locale$$code)
    x$fpl$fpinit                             0x000035bc   Section       14  fpinit.o(x$fpl$fpinit)
    .constdata                               0x000035ca   Section        9  usbhost_fat.o(.constdata)
    x$fpl$usenofp                            0x000035ca   Section        0  usenofp.o(x$fpl$usenofp)
    __FUNCTION__                             0x000035ca   Data           9  usbhost_fat.o(.constdata)
    .constdata                               0x000035d3   Section        8  usbhost_ms.o(.constdata)
    __FUNCTION__                             0x000035d3   Data           8  usbhost_ms.o(.constdata)
    .constdata                               0x000035db   Section       13  usbhost_lpc17xx.o(.constdata)
    __FUNCTION__                             0x000035db   Data          13  usbhost_lpc17xx.o(.constdata)
    .constdata                               0x000035e8   Section        8  _printf_wctomb.o(.constdata)
    initial_mbstate                          0x000035e8   Data           8  _printf_wctomb.o(.constdata)
    .constdata                               0x000035f0   Section       40  _printf_hex_int_ll_ptr.o(.constdata)
    uc_hextab                                0x000035f0   Data          20  _printf_hex_int_ll_ptr.o(.constdata)
    lc_hextab                                0x00003604   Data          20  _printf_hex_int_ll_ptr.o(.constdata)
    .constdata                               0x00003618   Section       17  __printf_flags_ss_wp.o(.constdata)
    maptable                                 0x00003618   Data          17  __printf_flags_ss_wp.o(.constdata)
    .constdata                               0x0000362c   Section      148  bigflt0.o(.constdata)
    tenpwrs_x                                0x0000362c   Data          60  bigflt0.o(.constdata)
    tenpwrs_i                                0x00003668   Data          64  bigflt0.o(.constdata)
    locale$$data                             0x000036d0   Section       28  lc_numeric_c.o(locale$$data)
    __lcnum_c_name                           0x000036d4   Data           2  lc_numeric_c.o(locale$$data)
    __lcnum_c_start                          0x000036dc   Data           0  lc_numeric_c.o(locale$$data)
    __lcnum_c_point                          0x000036e8   Data           0  lc_numeric_c.o(locale$$data)
    __lcnum_c_thousands                      0x000036ea   Data           0  lc_numeric_c.o(locale$$data)
    __lcnum_c_grouping                       0x000036eb   Data           0  lc_numeric_c.o(locale$$data)
    locale$$data                             0x000036ec   Section      272  lc_ctype_c.o(locale$$data)
    __lcnum_c_end                            0x000036ec   Data           0  lc_numeric_c.o(locale$$data)
    __lcctype_c_name                         0x000036f0   Data           2  lc_ctype_c.o(locale$$data)
    __lcctype_c_start                        0x000036f8   Data           0  lc_ctype_c.o(locale$$data)
    __lcctype_c_end                          0x000037fc   Data           0  lc_ctype_c.o(locale$$data)
    .data                                    0x10000000   Section        4  system_lpc17xx.o(.data)
    .data                                    0x10000004   Section        8  usbhost_ms.o(.data)
    tag_cnt                                  0x10000004   Data           4  usbhost_ms.o(.data)
    .data                                    0x1000000c   Section       56  usbhost_lpc17xx.o(.data)
    .bss                                     0x10000044   Section       41  usbhost_uart.o(.bss)
    buffer                                   0x10000044   Data          41  usbhost_uart.o(.bss)
    .bss                                     0x10000070   Section       88  usbhost_fat.o(.bss)
    FAT_BootSec                              0x10000070   Data          40  usbhost_fat.o(.bss)
    FAT_FileEntry                            0x10000098   Data          48  usbhost_fat.o(.bss)
    .bss                                     0x100000c8   Section       96  libspace.o(.bss)
    HEAP                                     0x10000128   Section        0  startup_lpc17xx.o(HEAP)
    STACK                                    0x10000128   Section      512  startup_lpc17xx.o(STACK)
    Heap_Mem                                 0x10000128   Data           0  startup_lpc17xx.o(HEAP)
    Stack_Mem                                0x10000128   Data         512  startup_lpc17xx.o(STACK)
    __initial_sp                             0x10000328   Data           0  startup_lpc17xx.o(STACK)

    Global Symbols

    Symbol Name                              Value     Ov Type        Size  Object(Section)

    BuildAttributes$$THM_ISAv4$P$D$K$B$S$PE$A:L22UL41UL21$X:L11$S22US41US21$IEEE1$IW$USESV6$~STKCKD$USESV7$~SHL$OTIME$ROPI$IEEEJ$EBA8$UX$STANDARDLIB$REQ8$PRES8$EABIv2 0x00000000   Number         0  anon$$obj.o ABSOLUTE
    __ARM_use_no_argv                        0x00000000   Number         0  usbhost_main.o ABSOLUTE
    __Vectors                                0x00000000   Data           4  startup_lpc17xx.o(RESET)
    _printf_flags                            0x00000000   Number         0  printf_stubs.o ABSOLUTE
    _printf_return_value                     0x00000000   Number         0  printf_stubs.o ABSOLUTE
    _printf_sizespec                         0x00000000   Number         0  printf_stubs.o ABSOLUTE
    _printf_widthprec                        0x00000000   Number         0  printf_stubs.o ABSOLUTE
    __ARM_exceptions_init                     - Undefined Weak Reference
    __alloca_initialize                       - Undefined Weak Reference
    __cpp_initialize__aeabi_                  - Undefined Weak Reference
    __cxa_finalize                            - Undefined Weak Reference
    __sigvec_lookup                           - Undefined Weak Reference
    _atexit_init                              - Undefined Weak Reference
    _call_atexit_fns                          - Undefined Weak Reference
    _clock_init                               - Undefined Weak Reference
    _fp_trap_init                             - Undefined Weak Reference
    _fp_trap_shutdown                         - Undefined Weak Reference
    _get_lc_collate                           - Undefined Weak Reference
    _get_lc_monetary                          - Undefined Weak Reference
    _get_lc_time                              - Undefined Weak Reference
    _getenv_init                              - Undefined Weak Reference
    _handle_redirection                       - Undefined Weak Reference
    _init_alloc                               - Undefined Weak Reference
    _init_user_alloc                          - Undefined Weak Reference
    _initio                                   - Undefined Weak Reference
    _printf_fp_hex                            - Undefined Weak Reference
    _printf_mbtowc                            - Undefined Weak Reference
    _printf_wc                                - Undefined Weak Reference
    _rand_init                                - Undefined Weak Reference
    _signal_finish                            - Undefined Weak Reference
    _signal_init                              - Undefined Weak Reference
    _terminate_alloc                          - Undefined Weak Reference
    _terminate_user_alloc                     - Undefined Weak Reference
    _terminateio                              - Undefined Weak Reference
    __main                                   0x000000cd   Thumb Code     8  __main.o(!!!main)
    __scatterload                            0x000000d5   Thumb Code     0  __scatter.o(!!!scatter)
    __scatterload_rt2                        0x000000d5   Thumb Code    44  __scatter.o(!!!scatter)
    __scatterload_rt2_thumb_only             0x000000d5   Thumb Code     0  __scatter.o(!!!scatter)
    __scatterload_null                       0x000000e3   Thumb Code     0  __scatter.o(!!!scatter)
    __scatterload_copy                       0x00000109   Thumb Code    26  __scatter_copy.o(!!handler_copy)
    _printf_n                                0x00000123   Thumb Code     0  _printf_n.o(.ARM.Collect$$_printf_percent$$00000001)
    _printf_percent                          0x00000123   Thumb Code     0  _printf_percent.o(.ARM.Collect$$_printf_percent$$00000000)
    _printf_p                                0x00000129   Thumb Code     0  _printf_p.o(.ARM.Collect$$_printf_percent$$00000002)
    _printf_f                                0x0000012f   Thumb Code     0  _printf_f.o(.ARM.Collect$$_printf_percent$$00000003)
    _printf_e                                0x00000135   Thumb Code     0  _printf_e.o(.ARM.Collect$$_printf_percent$$00000004)
    _printf_g                                0x0000013b   Thumb Code     0  _printf_g.o(.ARM.Collect$$_printf_percent$$00000005)
    _printf_a                                0x00000141   Thumb Code     0  _printf_a.o(.ARM.Collect$$_printf_percent$$00000006)
    _printf_ll                               0x00000147   Thumb Code     0  _printf_ll.o(.ARM.Collect$$_printf_percent$$00000007)
    _printf_i                                0x00000151   Thumb Code     0  _printf_i.o(.ARM.Collect$$_printf_percent$$00000008)
    _printf_d                                0x00000157   Thumb Code     0  _printf_d.o(.ARM.Collect$$_printf_percent$$00000009)
    _printf_u                                0x0000015d   Thumb Code     0  _printf_u.o(.ARM.Collect$$_printf_percent$$0000000A)
    _printf_o                                0x00000163   Thumb Code     0  _printf_o.o(.ARM.Collect$$_printf_percent$$0000000B)
    _printf_x                                0x00000169   Thumb Code     0  _printf_x.o(.ARM.Collect$$_printf_percent$$0000000C)
    _printf_lli                              0x0000016f   Thumb Code     0  _printf_lli.o(.ARM.Collect$$_printf_percent$$0000000D)
    _printf_lld                              0x00000175   Thumb Code     0  _printf_lld.o(.ARM.Collect$$_printf_percent$$0000000E)
    _printf_llu                              0x0000017b   Thumb Code     0  _printf_llu.o(.ARM.Collect$$_printf_percent$$0000000F)
    _printf_llo                              0x00000181   Thumb Code     0  _printf_llo.o(.ARM.Collect$$_printf_percent$$00000010)
    _printf_llx                              0x00000187   Thumb Code     0  _printf_llx.o(.ARM.Collect$$_printf_percent$$00000011)
    _printf_l                                0x0000018d   Thumb Code     0  _printf_l.o(.ARM.Collect$$_printf_percent$$00000012)
    _printf_c                                0x00000197   Thumb Code     0  _printf_c.o(.ARM.Collect$$_printf_percent$$00000013)
    _printf_s                                0x0000019d   Thumb Code     0  _printf_s.o(.ARM.Collect$$_printf_percent$$00000014)
    _printf_lc                               0x000001a3   Thumb Code     0  _printf_lc.o(.ARM.Collect$$_printf_percent$$00000015)
    _printf_ls                               0x000001a9   Thumb Code     0  _printf_ls.o(.ARM.Collect$$_printf_percent$$00000016)
    _printf_percent_end                      0x000001af   Thumb Code     0  _printf_percent_end.o(.ARM.Collect$$_printf_percent$$00000017)
    __rt_lib_init                            0x000001b3   Thumb Code     0  libinit.o(.ARM.Collect$$libinit$$00000000)
    __rt_lib_init_heap_1                     0x000001b9   Thumb Code     0  libinit2.o(.ARM.Collect$$libinit$$00000006)
    __rt_lib_init_lc_common                  0x000001b9   Thumb Code     0  libinit2.o(.ARM.Collect$$libinit$$0000000B)
    __rt_lib_init_rand_1                     0x000001b9   Thumb Code     0  libinit2.o(.ARM.Collect$$libinit$$0000000A)
    __rt_lib_init_user_alloc_1               0x000001b9   Thumb Code     0  libinit2.o(.ARM.Collect$$libinit$$00000008)
    __rt_lib_init_lc_collate_1               0x000001bf   Thumb Code     0  libinit2.o(.ARM.Collect$$libinit$$0000000D)
    __rt_lib_init_lc_ctype_2                 0x000001bf   Thumb Code     0  libinit2.o(.ARM.Collect$$libinit$$0000000E)
    __rt_lib_init_lc_ctype_1                 0x000001cb   Thumb Code     0  libinit2.o(.ARM.Collect$$libinit$$0000000F)
    __rt_lib_init_lc_monetary_1              0x000001cb   Thumb Code     0  libinit2.o(.ARM.Collect$$libinit$$00000011)
    __rt_lib_init_lc_numeric_2               0x000001cb   Thumb Code     0  libinit2.o(.ARM.Collect$$libinit$$00000012)
    __rt_lib_init_alloca_1                   0x000001d5   Thumb Code     0  libinit2.o(.ARM.Collect$$libinit$$0000002A)
    __rt_lib_init_argv_1                     0x000001d5   Thumb Code     0  libinit2.o(.ARM.Collect$$libinit$$00000028)
    __rt_lib_init_atexit_1                   0x000001d5   Thumb Code     0  libinit2.o(.ARM.Collect$$libinit$$00000017)
    __rt_lib_init_clock_1                    0x000001d5   Thumb Code     0  libinit2.o(.ARM.Collect$$libinit$$0000001D)
    __rt_lib_init_cpp_1                      0x000001d5   Thumb Code     0  libinit2.o(.ARM.Collect$$libinit$$0000002E)
    __rt_lib_init_exceptions_1               0x000001d5   Thumb Code     0  libinit2.o(.ARM.Collect$$libinit$$0000002C)
    __rt_lib_init_fp_trap_1                  0x000001d5   Thumb Code     0  libinit2.o(.ARM.Collect$$libinit$$0000001B)
    __rt_lib_init_getenv_1                   0x000001d5   Thumb Code     0  libinit2.o(.ARM.Collect$$libinit$$0000001F)
    __rt_lib_init_lc_numeric_1               0x000001d5   Thumb Code     0  libinit2.o(.ARM.Collect$$libinit$$00000013)
    __rt_lib_init_lc_time_1                  0x000001d5   Thumb Code     0  libinit2.o(.ARM.Collect$$libinit$$00000015)
    __rt_lib_init_return                     0x000001d5   Thumb Code     0  libinit2.o(.ARM.Collect$$libinit$$0000002F)
    __rt_lib_init_signal_1                   0x000001d5   Thumb Code     0  libinit2.o(.ARM.Collect$$libinit$$00000019)
    __rt_lib_init_stdio_1                    0x000001d5   Thumb Code     0  libinit2.o(.ARM.Collect$$libinit$$00000021)
    __rt_lib_shutdown                        0x000001d7   Thumb Code     0  libshutdown.o(.ARM.Collect$$libshutdown$$00000000)
    __rt_lib_shutdown_fp_trap_1              0x000001d9   Thumb Code     0  libshutdown2.o(.ARM.Collect$$libshutdown$$00000006)
    __rt_lib_shutdown_heap_1                 0x000001d9   Thumb Code     0  libshutdown2.o(.ARM.Collect$$libshutdown$$0000000E)
    __rt_lib_shutdown_return                 0x000001d9   Thumb Code     0  libshutdown2.o(.ARM.Collect$$libshutdown$$0000000F)
    __rt_lib_shutdown_signal_1               0x000001d9   Thumb Code     0  libshutdown2.o(.ARM.Collect$$libshutdown$$00000009)
    __rt_lib_shutdown_stdio_1                0x000001d9   Thumb Code     0  libshutdown2.o(.ARM.Collect$$libshutdown$$00000003)
    __rt_lib_shutdown_user_alloc_1           0x000001d9   Thumb Code     0  libshutdown2.o(.ARM.Collect$$libshutdown$$0000000B)
    __rt_entry                               0x000001db   Thumb Code     0  rtentry.o(.ARM.Collect$$rtentry$$00000000)
    __rt_entry_presh_1                       0x000001db   Thumb Code     0  rtentry2.o(.ARM.Collect$$rtentry$$00000002)
    __rt_entry_sh                            0x000001db   Thumb Code     0  rtentry4.o(.ARM.Collect$$rtentry$$00000004)
    __rt_entry_li                            0x000001e1   Thumb Code     0  rtentry2.o(.ARM.Collect$$rtentry$$0000000A)
    __rt_entry_postsh_1                      0x000001e1   Thumb Code     0  rtentry2.o(.ARM.Collect$$rtentry$$00000009)
    __rt_entry_main                          0x000001e5   Thumb Code     0  rtentry2.o(.ARM.Collect$$rtentry$$0000000D)
    __rt_entry_postli_1                      0x000001e5   Thumb Code     0  rtentry2.o(.ARM.Collect$$rtentry$$0000000C)
    __rt_exit                                0x000001ed   Thumb Code     0  rtexit.o(.ARM.Collect$$rtexit$$00000000)
    __rt_exit_ls                             0x000001ef   Thumb Code     0  rtexit2.o(.ARM.Collect$$rtexit$$00000003)
    __rt_exit_prels_1                        0x000001ef   Thumb Code     0  rtexit2.o(.ARM.Collect$$rtexit$$00000002)
    __rt_exit_exit                           0x000001f3   Thumb Code     0  rtexit2.o(.ARM.Collect$$rtexit$$00000004)
    UART_Init                                0x000001f9   Thumb Code   100  usbhost_uart.o(.text)
    UART_PrintChar                           0x0000025d   Thumb Code    18  usbhost_uart.o(.text)
    UART_PrintStr                            0x0000026f   Thumb Code    44  usbhost_uart.o(.text)
    UART_Printf                              0x0000029b   Thumb Code    30  usbhost_uart.o(.text)
    __c89vsprintf                            0x000002cd   Thumb Code    32  c89vsprintf.o(.text)
    __use_two_region_memory                  0x000002f1   Thumb Code     2  heapauxi.o(.text)
    __rt_heap_escrow$2region                 0x000002f3   Thumb Code     2  heapauxi.o(.text)
    __rt_heap_expand$2region                 0x000002f5   Thumb Code     2  heapauxi.o(.text)
    __I$use$semihosting                      0x000002f7   Thumb Code     0  use_no_semi.o(.text)
    __use_no_semihosting_swi                 0x000002f7   Thumb Code     2  use_no_semi.o(.text)
    _printf_fp_dec                           0x000002f9   Thumb Code     4  printf1.o(x$fpl$printf1)
    SystemInit                               0x00000301   Thumb Code   532  system_lpc17xx.o(.text)
    FAT_GetFATType                           0x0000055d   Thumb Code    48  usbhost_fat.o(.text)
    FAT_Init                                 0x0000058d   Thumb Code   340  usbhost_fat.o(.text)
    FAT_PutSFN                               0x000006e1   Thumb Code   172  usbhost_fat.o(.text)
    FAT_ChkEntType                           0x0000078d   Thumb Code    34  usbhost_fat.o(.text)
    FAT_GetFreeEntry                         0x000007af   Thumb Code   106  usbhost_fat.o(.text)
    FAT_StrCaseCmp                           0x00000819   Thumb Code    72  usbhost_fat.o(.text)
    FAT_GetSfnExt                            0x00000861   Thumb Code    52  usbhost_fat.o(.text)
    FAT_GetSfnName                           0x00000895   Thumb Code    40  usbhost_fat.o(.text)
    FAT_GetSFN                               0x000008bd   Thumb Code    64  usbhost_fat.o(.text)
    FAT_FindEntry                            0x000008fd   Thumb Code   208  usbhost_fat.o(.text)
    FAT_CreateEntry                          0x000009cd   Thumb Code    48  usbhost_fat.o(.text)
    FILE_Open                                0x000009fd   Thumb Code   102  usbhost_fat.o(.text)
    FAT_ClusRead                             0x00000a63   Thumb Code   264  usbhost_fat.o(.text)
    FAT_GetNextClus                          0x00000b6b   Thumb Code    82  usbhost_fat.o(.text)
    FILE_Read                                0x00000bbd   Thumb Code   224  usbhost_fat.o(.text)
    FAT_UpdateFAT                            0x00000c9d   Thumb Code    78  usbhost_fat.o(.text)
    FAT_GetFreeClus                          0x00000ceb   Thumb Code    90  usbhost_fat.o(.text)
    FAT_ClusWrite                            0x00000d45   Thumb Code   302  usbhost_fat.o(.text)
    FAT_GetEndClus                           0x00000e73   Thumb Code    28  usbhost_fat.o(.text)
    FILE_Write                               0x00000e8f   Thumb Code   252  usbhost_fat.o(.text)
    FAT_UpdateEntry                          0x00000f8b   Thumb Code    50  usbhost_fat.o(.text)
    FILE_Close                               0x00000fbd   Thumb Code    72  usbhost_fat.o(.text)
    Fill_MSCommand                           0x00001011   Thumb Code   186  usbhost_ms.o(.text)
    MS_Inquire                               0x000010cb   Thumb Code   138  usbhost_ms.o(.text)
    MS_ReadCapacity                          0x00001155   Thumb Code   132  usbhost_ms.o(.text)
    MS_GetSenseInfo                          0x000011d9   Thumb Code   104  usbhost_ms.o(.text)
    MS_TestUnitReady                         0x00001241   Thumb Code    80  usbhost_ms.o(.text)
    MS_GetMaxLUN                             0x00001291   Thumb Code    30  usbhost_ms.o(.text)
    MS_Init                                  0x000012af   Thumb Code    98  usbhost_ms.o(.text)
    MS_ParseConfiguration                    0x00001311   Thumb Code   216  usbhost_ms.o(.text)
    MS_BulkRecv                              0x000013e9   Thumb Code   270  usbhost_ms.o(.text)
    MS_BulkSend                              0x000014f7   Thumb Code   120  usbhost_ms.o(.text)
    Host_DelayUS                             0x00001581   Thumb Code    14  usbhost_lpc17xx.o(.text)
    Host_DelayMS                             0x0000158f   Thumb Code    24  usbhost_lpc17xx.o(.text)
    Host_HCCAInit                            0x000015a7   Thumb Code    26  usbhost_lpc17xx.o(.text)
    Host_TDInit                              0x000015c1   Thumb Code    12  usbhost_lpc17xx.o(.text)
    Host_EDInit                              0x000015cd   Thumb Code    12  usbhost_lpc17xx.o(.text)
    Host_Init                                0x000015d9   Thumb Code   346  usbhost_lpc17xx.o(.text)
    USB_IRQHandler                           0x00001733   Thumb Code   186  usbhost_lpc17xx.o(.text)
    Host_WDHWait                             0x000017ed   Thumb Code    18  usbhost_lpc17xx.o(.text)
    Host_ProcessTD                           0x000017ff   Thumb Code   208  usbhost_lpc17xx.o(.text)
    WriteLE16U                               0x000018cf   Thumb Code    16  usbhost_lpc17xx.o(.text)
    Host_FillSetup                           0x000018df   Thumb Code    86  usbhost_lpc17xx.o(.text)
    Host_CtrlSend                            0x00001935   Thumb Code    98  usbhost_lpc17xx.o(.text)
    ReadLE16U                                0x00001997   Thumb Code    22  usbhost_lpc17xx.o(.text)
    Host_CtrlRecv                            0x000019ad   Thumb Code   336  usbhost_lpc17xx.o(.text)
    Host_EnumDev                             0x00001afd   Thumb Code   356  usbhost_lpc17xx.o(.text)
    ReadLE32U                                0x00001c61   Thumb Code    32  usbhost_lpc17xx.o(.text)
    WriteLE32U                               0x00001c81   Thumb Code    28  usbhost_lpc17xx.o(.text)
    ReadBE32U                                0x00001c9d   Thumb Code    32  usbhost_lpc17xx.o(.text)
    WriteBE32U                               0x00001cbd   Thumb Code    28  usbhost_lpc17xx.o(.text)
    ReadBE16U                                0x00001cd9   Thumb Code    22  usbhost_lpc17xx.o(.text)
    WriteBE16U                               0x00001cef   Thumb Code    16  usbhost_lpc17xx.o(.text)
    Main_Copy                                0x00001d59   Thumb Code   120  usbhost_main.o(.text)
    main                                     0x00001dd1   Thumb Code    74  usbhost_main.o(.text)
    Main_Read                                0x00001e1b   Thumb Code    74  usbhost_main.o(.text)
    Main_Write                               0x00001e65   Thumb Code   130  usbhost_main.o(.text)
    Reset_Handler                            0x00001f99   Thumb Code     4  startup_lpc17xx.o(.text)
    NMI_Handler                              0x00001f9d   Thumb Code     2  startup_lpc17xx.o(.text)
    HardFault_Handler                        0x00001f9f   Thumb Code     2  startup_lpc17xx.o(.text)
    MemManage_Handler                        0x00001fa1   Thumb Code     2  startup_lpc17xx.o(.text)
    BusFault_Handler                         0x00001fa3   Thumb Code     2  startup_lpc17xx.o(.text)
    UsageFault_Handler                       0x00001fa5   Thumb Code     2  startup_lpc17xx.o(.text)
    SVC_Handler                              0x00001fa7   Thumb Code     2  startup_lpc17xx.o(.text)
    DebugMon_Handler                         0x00001fa9   Thumb Code     2  startup_lpc17xx.o(.text)
    PendSV_Handler                           0x00001fab   Thumb Code     2  startup_lpc17xx.o(.text)
    SysTick_Handler                          0x00001fad   Thumb Code     2  startup_lpc17xx.o(.text)
    ADC_IRQHandler                           0x00001faf   Thumb Code     0  startup_lpc17xx.o(.text)
    BOD_IRQHandler                           0x00001faf   Thumb Code     0  startup_lpc17xx.o(.text)
    CANActivity_IRQHandler                   0x00001faf   Thumb Code     0  startup_lpc17xx.o(.text)
    CAN_IRQHandler                           0x00001faf   Thumb Code     0  startup_lpc17xx.o(.text)
    DMA_IRQHandler                           0x00001faf   Thumb Code     0  startup_lpc17xx.o(.text)
    EINT0_IRQHandler                         0x00001faf   Thumb Code     0  startup_lpc17xx.o(.text)
    EINT1_IRQHandler                         0x00001faf   Thumb Code     0  startup_lpc17xx.o(.text)
    EINT2_IRQHandler                         0x00001faf   Thumb Code     0  startup_lpc17xx.o(.text)
    EINT3_IRQHandler                         0x00001faf   Thumb Code     0  startup_lpc17xx.o(.text)
    ENET_IRQHandler                          0x00001faf   Thumb Code     0  startup_lpc17xx.o(.text)
    I2C0_IRQHandler                          0x00001faf   Thumb Code     0  startup_lpc17xx.o(.text)
    I2C1_IRQHandler                          0x00001faf   Thumb Code     0  startup_lpc17xx.o(.text)
    I2C2_IRQHandler                          0x00001faf   Thumb Code     0  startup_lpc17xx.o(.text)
    I2S_IRQHandler                           0x00001faf   Thumb Code     0  startup_lpc17xx.o(.text)
    MCPWM_IRQHandler                         0x00001faf   Thumb Code     0  startup_lpc17xx.o(.text)
    PLL0_IRQHandler                          0x00001faf   Thumb Code     0  startup_lpc17xx.o(.text)
    PLL1_IRQHandler                          0x00001faf   Thumb Code     0  startup_lpc17xx.o(.text)
    PWM1_IRQHandler                          0x00001faf   Thumb Code     0  startup_lpc17xx.o(.text)
    QEI_IRQHandler                           0x00001faf   Thumb Code     0  startup_lpc17xx.o(.text)
    RIT_IRQHandler                           0x00001faf   Thumb Code     0  startup_lpc17xx.o(.text)
    RTC_IRQHandler                           0x00001faf   Thumb Code     0  startup_lpc17xx.o(.text)
    SPI_IRQHandler                           0x00001faf   Thumb Code     0  startup_lpc17xx.o(.text)
    SSP0_IRQHandler                          0x00001faf   Thumb Code     0  startup_lpc17xx.o(.text)
    SSP1_IRQHandler                          0x00001faf   Thumb Code     0  startup_lpc17xx.o(.text)
    TIMER0_IRQHandler                        0x00001faf   Thumb Code     0  startup_lpc17xx.o(.text)
    TIMER1_IRQHandler                        0x00001faf   Thumb Code     0  startup_lpc17xx.o(.text)
    TIMER2_IRQHandler                        0x00001faf   Thumb Code     0  startup_lpc17xx.o(.text)
    TIMER3_IRQHandler                        0x00001faf   Thumb Code     0  startup_lpc17xx.o(.text)
    UART0_IRQHandler                         0x00001faf   Thumb Code     0  startup_lpc17xx.o(.text)
    UART1_IRQHandler                         0x00001faf   Thumb Code     0  startup_lpc17xx.o(.text)
    UART2_IRQHandler                         0x00001faf   Thumb Code     0  startup_lpc17xx.o(.text)
    UART3_IRQHandler                         0x00001faf   Thumb Code     0  startup_lpc17xx.o(.text)
    USBActivity_IRQHandler                   0x00001faf   Thumb Code     0  startup_lpc17xx.o(.text)
    WDT_IRQHandler                           0x00001faf   Thumb Code     0  startup_lpc17xx.o(.text)
    __user_initial_stackheap                 0x00001fb1   Thumb Code     0  startup_lpc17xx.o(.text)
    _printf_pre_padding                      0x00001fcd   Thumb Code    44  _printf_pad.o(.text)
    _printf_post_padding                     0x00001ff9   Thumb Code    36  _printf_pad.o(.text)
    _printf_truncate_signed                  0x0000201d   Thumb Code    18  _printf_truncate.o(.text)
    _printf_truncate_unsigned                0x0000202f   Thumb Code    18  _printf_truncate.o(.text)
    _printf_str                              0x00002041   Thumb Code    82  _printf_str.o(.text)
    _printf_int_dec                          0x00002095   Thumb Code    98  _printf_dec.o(.text)
    _printf_charcount                        0x00002109   Thumb Code    42  _printf_charcount.o(.text)
    _printf_char_common                      0x0000213f   Thumb Code    32  _printf_char_common.o(.text)
    _sputc                                   0x00002165   Thumb Code    10  _sputc.o(.text)
    _printf_wctomb                           0x00002171   Thumb Code   182  _printf_wctomb.o(.text)
    _printf_longlong_dec                     0x0000222d   Thumb Code   104  _printf_longlong_dec.o(.text)
    _printf_longlong_oct                     0x000022a5   Thumb Code    76  _printf_oct_int_ll.o(.text)
    _printf_int_oct                          0x000022f1   Thumb Code    24  _printf_oct_int_ll.o(.text)
    _printf_ll_oct                           0x00002309   Thumb Code    12  _printf_oct_int_ll.o(.text)
    _printf_longlong_hex                     0x0000231d   Thumb Code    92  _printf_hex_int_ll_ptr.o(.text)
    _printf_int_hex                          0x00002379   Thumb Code    28  _printf_hex_int_ll_ptr.o(.text)
    _printf_ll_hex                           0x00002395   Thumb Code    12  _printf_hex_int_ll_ptr.o(.text)
    _printf_hex_ptr                          0x000023a1   Thumb Code    18  _printf_hex_int_ll_ptr.o(.text)
    __printf                                 0x000023b9   Thumb Code   406  __printf_flags_ss_wp.o(.text)
    _ll_udiv10                               0x00002555   Thumb Code   138  lludiv10.o(.text)
    _printf_int_common                       0x000025df   Thumb Code   180  _printf_intcommon.o(.text)
    __lib_sel_fp_printf                      0x00002693   Thumb Code     2  _printf_fp_dec.o(.text)
    _printf_fp_dec_real                      0x00002839   Thumb Code   616  _printf_fp_dec.o(.text)
    _printf_cs_common                        0x00002aa1   Thumb Code    20  _printf_char.o(.text)
    _printf_char                             0x00002ab5   Thumb Code    16  _printf_char.o(.text)
    _printf_string                           0x00002ac5   Thumb Code     8  _printf_char.o(.text)
    _printf_lcs_common                       0x00002acd   Thumb Code    20  _printf_wchar.o(.text)
    _printf_wchar                            0x00002ae1   Thumb Code    16  _printf_wchar.o(.text)
    _printf_wstring                          0x00002af1   Thumb Code     8  _printf_wchar.o(.text)
    _wcrtomb                                 0x00002af9   Thumb Code    64  _wcrtomb.o(.text)
    __rt_udiv10                              0x00002b39   Thumb Code    16  rtudiv10.o(.text)
    __user_setup_stackheap                   0x00002b49   Thumb Code    74  sys_stackheap_outer.o(.text)
    __rt_ctype_table                         0x00002b95   Thumb Code    16  rt_ctype_table.o(.text)
    __rt_locale                              0x00002ba5   Thumb Code    12  rt_locale_intlibspace.o(.text)
    _printf_fp_infnan                        0x00002bb1   Thumb Code   108  _printf_fp_infnan.o(.text)
    _btod_etento                             0x00002c2d   Thumb Code   230  bigflt0.o(.text)
    exit                                     0x00002d19   Thumb Code    12  exit.o(.text)
    __user_libspace                          0x00002d25   Thumb Code     8  libspace.o(.text)
    __user_perproc_libspace                  0x00002d25   Thumb Code     0  libspace.o(.text)
    __user_perthread_libspace                0x00002d25   Thumb Code     0  libspace.o(.text)
    strcmp                                   0x00002d2d   Thumb Code   128  strcmpv7m.o(.text)
    __rt_fp_status_addr                      0x00002dad   Thumb Code    12  rt_fp_status_addr_intlibspace.o(.text)
    _sys_exit                                0x00002db9   Thumb Code     8  sys_exit.o(.text)
    _btod_d2e                                0x00002dc5   Thumb Code    62  btod.o(CL$$btod_d2e)
    _d2e_denorm_low                          0x00002e03   Thumb Code    70  btod.o(CL$$btod_d2e_denorm_low)
    _d2e_norm_op1                            0x00002e49   Thumb Code    96  btod.o(CL$$btod_d2e_norm_op1)
    __btod_div_common                        0x00002ea9   Thumb Code   696  btod.o(CL$$btod_div_common)
    _e2e                                     0x000031e1   Thumb Code   198  btod.o(CL$$btod_e2e)
    _btod_ediv                               0x000032a7   Thumb Code    40  btod.o(CL$$btod_ediv)
    _btod_emul                               0x000032cf   Thumb Code    40  btod.o(CL$$btod_emul)
    __btod_mult_common                       0x000032f7   Thumb Code   580  btod.o(CL$$btod_mult_common)
    __ARM_fpclassify                         0x0000353b   Thumb Code    40  fpclassify.o(i.__ARM_fpclassify)
    _get_lc_numeric                          0x00003565   Thumb Code    44  lc_numeric_c.o(locale$$code)
    _get_lc_ctype                            0x00003591   Thumb Code    44  lc_ctype_c.o(locale$$code)
    _fp_init                                 0x000035bd   Thumb Code    14  fpinit.o(x$fpl$fpinit)
    __fplib_config_pureend_doubles           0x000035c9   Thumb Code     0  fpinit.o(x$fpl$fpinit)
    __I$use$fp                               0x000035cb   Thumb Code     0  usenofp.o(x$fpl$usenofp)
    Region$$Table$$Base                      0x000036c0   Number         0  anon$$obj.o(Region$$Table)
    Region$$Table$$Limit                     0x000036d0   Number         0  anon$$obj.o(Region$$Table)
    __ctype                                  0x000036f9   Data           0  lc_ctype_c.o(locale$$data)
    SystemFrequency                          0x10000000   Data           4  system_lpc17xx.o(.data)
    MS_BlkSize                               0x10000008   Data           4  usbhost_ms.o(.data)
    HOST_RhscIntr                            0x1000000c   Data           4  usbhost_lpc17xx.o(.data)
    HOST_WdhIntr                             0x10000010   Data           4  usbhost_lpc17xx.o(.data)
    HOST_TDControlStatus                     0x10000014   Data           1  usbhost_lpc17xx.o(.data)
    gUSBConnected                            0x10000018   Data           4  usbhost_lpc17xx.o(.data)
    EDCtrl                                   0x1000001c   Data           4  usbhost_lpc17xx.o(.data)
    EDBulkIn                                 0x10000020   Data           4  usbhost_lpc17xx.o(.data)
    EDBulkOut                                0x10000024   Data           4  usbhost_lpc17xx.o(.data)
    TDHead                                   0x10000028   Data           4  usbhost_lpc17xx.o(.data)
    TDTail                                   0x1000002c   Data           4  usbhost_lpc17xx.o(.data)
    Hcca                                     0x10000030   Data           4  usbhost_lpc17xx.o(.data)
    TDBufNonVol                              0x10000034   Data           4  usbhost_lpc17xx.o(.data)
    TDBuffer                                 0x10000038   Data           4  usbhost_lpc17xx.o(.data)
    FATBuffer                                0x1000003c   Data           4  usbhost_lpc17xx.o(.data)
    UserBuffer                               0x10000040   Data           4  usbhost_lpc17xx.o(.data)
    __libspace_start                         0x100000c8   Data          96  libspace.o(.bss)
    __temporary_stack_top$libspace           0x10000128   Data           0  libspace.o(.bss)



==============================================================================

Memory Map of the image

  Image Entry point : 0x000000cd

  Load Region LR_IROM1 (Base: 0x00000000, Size: 0x00003840, Max: 0x00080000, ABSOLUTE)

    Execution Region ER_IROM1 (Base: 0x00000000, Size: 0x000037fc, Max: 0x00080000, ABSOLUTE)

    Base Addr    Size         Type   Attr      Idx    E Section Name        Object

    0x00000000   0x000000cc   Data   RO          172    RESET               startup_lpc17xx.o
    0x000000cc   0x00000008   Code   RO          186  * !!!main             c_w.l(__main.o)(c_w.l)
    0x000000d4   0x00000034   Code   RO          503    !!!scatter          c_w.l(__scatter.o)(c_w.l)
    0x00000108   0x0000001a   Code   RO          505    !!handler_copy      c_w.l(__scatter_copy.o)(c_w.l)
    0x00000122   0x00000000   Code   RO          269    .ARM.Collect$$_printf_percent$$00000000  c_w.l(_printf_percent.o)(c_w.l)
    0x00000122   0x00000006   Code   RO          258    .ARM.Collect$$_printf_percent$$00000001  c_w.l(_printf_n.o)(c_w.l)
    0x00000128   0x00000006   Code   RO          260    .ARM.Collect$$_printf_percent$$00000002  c_w.l(_printf_p.o)(c_w.l)
    0x0000012e   0x00000006   Code   RO          265    .ARM.Collect$$_printf_percent$$00000003  c_w.l(_printf_f.o)(c_w.l)
    0x00000134   0x00000006   Code   RO          266    .ARM.Collect$$_printf_percent$$00000004  c_w.l(_printf_e.o)(c_w.l)
    0x0000013a   0x00000006   Code   RO          267    .ARM.Collect$$_printf_percent$$00000005  c_w.l(_printf_g.o)(c_w.l)
    0x00000140   0x00000006   Code   RO          268    .ARM.Collect$$_printf_percent$$00000006  c_w.l(_printf_a.o)(c_w.l)
    0x00000146   0x0000000a   Code   RO          273    .ARM.Collect$$_printf_percent$$00000007  c_w.l(_printf_ll.o)(c_w.l)
    0x00000150   0x00000006   Code   RO          262    .ARM.Collect$$_printf_percent$$00000008  c_w.l(_printf_i.o)(c_w.l)
    0x00000156   0x00000006   Code   RO          263    .ARM.Collect$$_printf_percent$$00000009  c_w.l(_printf_d.o)(c_w.l)
    0x0000015c   0x00000006   Code   RO          264    .ARM.Collect$$_printf_percent$$0000000A  c_w.l(_printf_u.o)(c_w.l)
    0x00000162   0x00000006   Code   RO          261    .ARM.Collect$$_printf_percent$$0000000B  c_w.l(_printf_o.o)(c_w.l)
    0x00000168   0x00000006   Code   RO          259    .ARM.Collect$$_printf_percent$$0000000C  c_w.l(_printf_x.o)(c_w.l)
    0x0000016e   0x00000006   Code   RO          270    .ARM.Collect$$_printf_percent$$0000000D  c_w.l(_printf_lli.o)(c_w.l)
    0x00000174   0x00000006   Code   RO          271    .ARM.Collect$$_printf_percent$$0000000E  c_w.l(_printf_lld.o)(c_w.l)
    0x0000017a   0x00000006   Code   RO          272    .ARM.Collect$$_printf_percent$$0000000F  c_w.l(_printf_llu.o)(c_w.l)
    0x00000180   0x00000006   Code   RO          277    .ARM.Collect$$_printf_percent$$00000010  c_w.l(_printf_llo.o)(c_w.l)
    0x00000186   0x00000006   Code   RO          278    .ARM.Collect$$_printf_percent$$00000011  c_w.l(_printf_llx.o)(c_w.l)
    0x0000018c   0x0000000a   Code   RO          274    .ARM.Collect$$_printf_percent$$00000012  c_w.l(_printf_l.o)(c_w.l)
    0x00000196   0x00000006   Code   RO          256    .ARM.Collect$$_printf_percent$$00000013  c_w.l(_printf_c.o)(c_w.l)
    0x0000019c   0x00000006   Code   RO          257    .ARM.Collect$$_printf_percent$$00000014  c_w.l(_printf_s.o)(c_w.l)
    0x000001a2   0x00000006   Code   RO          275    .ARM.Collect$$_printf_percent$$00000015  c_w.l(_printf_lc.o)(c_w.l)
    0x000001a8   0x00000006   Code   RO          276    .ARM.Collect$$_printf_percent$$00000016  c_w.l(_printf_ls.o)(c_w.l)
    0x000001ae   0x00000004   Code   RO          311    .ARM.Collect$$_printf_percent$$00000017  c_w.l(_printf_percent_end.o)(c_w.l)
    0x000001b2   0x00000006   Code   RO          363    .ARM.Collect$$libinit$$00000000  c_w.l(libinit.o)(c_w.l)
    0x000001b8   0x00000000   Code   RO          381    .ARM.Collect$$libinit$$00000006  c_w.l(libinit2.o)(c_w.l)
    0x000001b8   0x00000000   Code   RO          383    .ARM.Collect$$libinit$$00000008  c_w.l(libinit2.o)(c_w.l)
    0x000001b8   0x00000000   Code   RO          385    .ARM.Collect$$libinit$$0000000A  c_w.l(libinit2.o)(c_w.l)
    0x000001b8   0x00000006   Code   RO          386    .ARM.Collect$$libinit$$0000000B  c_w.l(libinit2.o)(c_w.l)
    0x000001be   0x00000000   Code   RO          388    .ARM.Collect$$libinit$$0000000D  c_w.l(libinit2.o)(c_w.l)
    0x000001be   0x0000000c   Code   RO          389    .ARM.Collect$$libinit$$0000000E  c_w.l(libinit2.o)(c_w.l)
    0x000001ca   0x00000000   Code   RO          390    .ARM.Collect$$libinit$$0000000F  c_w.l(libinit2.o)(c_w.l)
    0x000001ca   0x00000000   Code   RO          392    .ARM.Collect$$libinit$$00000011  c_w.l(libinit2.o)(c_w.l)
    0x000001ca   0x0000000a   Code   RO          393    .ARM.Collect$$libinit$$00000012  c_w.l(libinit2.o)(c_w.l)
    0x000001d4   0x00000000   Code   RO          394    .ARM.Collect$$libinit$$00000013  c_w.l(libinit2.o)(c_w.l)
    0x000001d4   0x00000000   Code   RO          396    .ARM.Collect$$libinit$$00000015  c_w.l(libinit2.o)(c_w.l)
    0x000001d4   0x00000000   Code   RO          398    .ARM.Collect$$libinit$$00000017  c_w.l(libinit2.o)(c_w.l)
    0x000001d4   0x00000000   Code   RO          400    .ARM.Collect$$libinit$$00000019  c_w.l(libinit2.o)(c_w.l)
    0x000001d4   0x00000000   Code   RO          402    .ARM.Collect$$libinit$$0000001B  c_w.l(libinit2.o)(c_w.l)
    0x000001d4   0x00000000   Code   RO          404    .ARM.Collect$$libinit$$0000001D  c_w.l(libinit2.o)(c_w.l)
    0x000001d4   0x00000000   Code   RO          406    .ARM.Collect$$libinit$$0000001F  c_w.l(libinit2.o)(c_w.l)
    0x000001d4   0x00000000   Code   RO          408    .ARM.Collect$$libinit$$00000021  c_w.l(libinit2.o)(c_w.l)
    0x000001d4   0x00000000   Code   RO          412    .ARM.Collect$$libinit$$00000028  c_w.l(libinit2.o)(c_w.l)
    0x000001d4   0x00000000   Code   RO          414    .ARM.Collect$$libinit$$0000002A  c_w.l(libinit2.o)(c_w.l)
    0x000001d4   0x00000000   Code   RO          416    .ARM.Collect$$libinit$$0000002C  c_w.l(libinit2.o)(c_w.l)
    0x000001d4   0x00000000   Code   RO          418    .ARM.Collect$$libinit$$0000002E  c_w.l(libinit2.o)(c_w.l)
    0x000001d4   0x00000002   Code   RO          419    .ARM.Collect$$libinit$$0000002F  c_w.l(libinit2.o)(c_w.l)
    0x000001d6   0x00000002   Code   RO          445    .ARM.Collect$$libshutdown$$00000000  c_w.l(libshutdown.o)(c_w.l)
    0x000001d8   0x00000000   Code   RO          458    .ARM.Collect$$libshutdown$$00000003  c_w.l(libshutdown2.o)(c_w.l)
    0x000001d8   0x00000000   Code   RO          461    .ARM.Collect$$libshutdown$$00000006  c_w.l(libshutdown2.o)(c_w.l)
    0x000001d8   0x00000000   Code   RO          464    .ARM.Collect$$libshutdown$$00000009  c_w.l(libshutdown2.o)(c_w.l)
    0x000001d8   0x00000000   Code   RO          466    .ARM.Collect$$libshutdown$$0000000B  c_w.l(libshutdown2.o)(c_w.l)
    0x000001d8   0x00000000   Code   RO          469    .ARM.Collect$$libshutdown$$0000000E  c_w.l(libshutdown2.o)(c_w.l)
    0x000001d8   0x00000002   Code   RO          470    .ARM.Collect$$libshutdown$$0000000F  c_w.l(libshutdown2.o)(c_w.l)
    0x000001da   0x00000000   Code   RO          188    .ARM.Collect$$rtentry$$00000000  c_w.l(rtentry.o)(c_w.l)
    0x000001da   0x00000000   Code   RO          282    .ARM.Collect$$rtentry$$00000002  c_w.l(rtentry2.o)(c_w.l)
    0x000001da   0x00000006   Code   RO          297    .ARM.Collect$$rtentry$$00000004  c_w.l(rtentry4.o)(c_w.l)
    0x000001e0   0x00000000   Code   RO          284    .ARM.Collect$$rtentry$$00000009  c_w.l(rtentry2.o)(c_w.l)
    0x000001e0   0x00000004   Code   RO          285    .ARM.Collect$$rtentry$$0000000A  c_w.l(rtentry2.o)(c_w.l)
    0x000001e4   0x00000000   Code   RO          287    .ARM.Collect$$rtentry$$0000000C  c_w.l(rtentry2.o)(c_w.l)
    0x000001e4   0x00000008   Code   RO          288    .ARM.Collect$$rtentry$$0000000D  c_w.l(rtentry2.o)(c_w.l)
    0x000001ec   0x00000002   Code   RO          372    .ARM.Collect$$rtexit$$00000000  c_w.l(rtexit.o)(c_w.l)
    0x000001ee   0x00000000   Code   RO          423    .ARM.Collect$$rtexit$$00000002  c_w.l(rtexit2.o)(c_w.l)
    0x000001ee   0x00000004   Code   RO          424    .ARM.Collect$$rtexit$$00000003  c_w.l(rtexit2.o)(c_w.l)
    0x000001f2   0x00000006   Code   RO          425    .ARM.Collect$$rtexit$$00000004  c_w.l(rtexit2.o)(c_w.l)
    0x000001f8   0x000000d4   Code   RO           42    .text               usbhost_uart.o
    0x000002cc   0x00000024   Code   RO          182    .text               c_w.l(c89vsprintf.o)(c_w.l)
    0x000002f0   0x00000006   Code   RO          184    .text               c_w.l(heapauxi.o)(c_w.l)
    0x000002f6   0x00000002   Code   RO          448    .text               c_w.l(use_no_semi.o)(c_w.l)
    0x000002f8   0x00000004   Code   RO          279    x$fpl$printf1       fz_ws.l(printf1.o)(fz_ws.l)
    0x000002fc   0x00000004   Code   RO          173    .ARM.__at_0x02FC    startup_lpc17xx.o
    0x00000300   0x0000025c   Code   RO           17    .text               system_lpc17xx.o
    0x0000055c   0x00000ab4   Code   RO           85    .text               usbhost_fat.o
    0x00001010   0x00000570   Code   RO          113    .text               usbhost_ms.o
    0x00001580   0x000007d8   Code   RO          132    .text               usbhost_lpc17xx.o
    0x00001d58   0x00000240   Code   RO          155    .text               usbhost_main.o
    0x00001f98   0x00000034   Code   RO          174    .text               startup_lpc17xx.o
    0x00001fcc   0x00000050   Code   RO          192    .text               c_w.l(_printf_pad.o)(c_w.l)
    0x0000201c   0x00000024   Code   RO          194    .text               c_w.l(_printf_truncate.o)(c_w.l)
    0x00002040   0x00000052   Code   RO          196    .text               c_w.l(_printf_str.o)(c_w.l)
    0x00002092   0x00000002   PAD
    0x00002094   0x00000074   Code   RO          198    .text               c_w.l(_printf_dec.o)(c_w.l)
    0x00002108   0x0000002a   Code   RO          200    .text               c_w.l(_printf_charcount.o)(c_w.l)
    0x00002132   0x00000002   PAD
    0x00002134   0x00000030   Code   RO          202    .text               c_w.l(_printf_char_common.o)(c_w.l)
    0x00002164   0x0000000a   Code   RO          204    .text               c_w.l(_sputc.o)(c_w.l)
    0x0000216e   0x00000002   PAD
    0x00002170   0x000000bc   Code   RO          206    .text               c_w.l(_printf_wctomb.o)(c_w.l)
    0x0000222c   0x00000078   Code   RO          209    .text               c_w.l(_printf_longlong_dec.o)(c_w.l)
    0x000022a4   0x00000078   Code   RO          215    .text               c_w.l(_printf_oct_int_ll.o)(c_w.l)
    0x0000231c   0x0000009c   Code   RO          235    .text               c_w.l(_printf_hex_int_ll_ptr.o)(c_w.l)
    0x000023b8   0x0000019c   Code   RO          253    .text               c_w.l(__printf_flags_ss_wp.o)(c_w.l)
    0x00002554   0x0000008a   Code   RO          299    .text               c_w.l(lludiv10.o)(c_w.l)
    0x000025de   0x000000b4   Code   RO          301    .text               c_w.l(_printf_intcommon.o)(c_w.l)
    0x00002692   0x0000040e   Code   RO          303    .text               c_w.l(_printf_fp_dec.o)(c_w.l)
    0x00002aa0   0x0000002c   Code   RO          307    .text               c_w.l(_printf_char.o)(c_w.l)
    0x00002acc   0x0000002c   Code   RO          309    .text               c_w.l(_printf_wchar.o)(c_w.l)
    0x00002af8   0x00000040   Code   RO          312    .text               c_w.l(_wcrtomb.o)(c_w.l)
    0x00002b38   0x00000010   Code   RO          314    .text               c_w.l(rtudiv10.o)(c_w.l)
    0x00002b48   0x0000004a   Code   RO          316    .text               c_w.l(sys_stackheap_outer.o)(c_w.l)
    0x00002b92   0x00000002   PAD
    0x00002b94   0x00000010   Code   RO          318    .text               c_w.l(rt_ctype_table.o)(c_w.l)
    0x00002ba4   0x0000000c   Code   RO          323    .text               c_w.l(rt_locale_intlibspace.o)(c_w.l)
    0x00002bb0   0x0000007c   Code   RO          325    .text               c_w.l(_printf_fp_infnan.o)(c_w.l)
    0x00002c2c   0x000000ec   Code   RO          327    .text               c_w.l(bigflt0.o)(c_w.l)
    0x00002d18   0x0000000c   Code   RO          355    .text               c_w.l(exit.o)(c_w.l)
    0x00002d24   0x00000008   Code   RO          369    .text               c_w.l(libspace.o)(c_w.l)
    0x00002d2c   0x00000080   Code   RO          377    .text               c_w.l(strcmpv7m.o)(c_w.l)
    0x00002dac   0x0000000c   Code   RO          433    .text               c_w.l(rt_fp_status_addr_intlibspace.o)(c_w.l)
    0x00002db8   0x0000000c   Code   RO          437    .text               c_w.l(sys_exit.o)(c_w.l)
    0x00002dc4   0x0000003e   Code   RO          330    CL$$btod_d2e        c_w.l(btod.o)(c_w.l)
    0x00002e02   0x00000046   Code   RO          332    CL$$btod_d2e_denorm_low  c_w.l(btod.o)(c_w.l)
    0x00002e48   0x00000060   Code   RO          331    CL$$btod_d2e_norm_op1  c_w.l(btod.o)(c_w.l)
    0x00002ea8   0x00000338   Code   RO          340    CL$$btod_div_common  c_w.l(btod.o)(c_w.l)
    0x000031e0   0x000000c6   Code   RO          337    CL$$btod_e2e        c_w.l(btod.o)(c_w.l)
    0x000032a6   0x00000028   Code   RO          334    CL$$btod_ediv       c_w.l(btod.o)(c_w.l)
    0x000032ce   0x00000028   Code   RO          333    CL$$btod_emul       c_w.l(btod.o)(c_w.l)
    0x000032f6   0x00000244   Code   RO          339    CL$$btod_mult_common  c_w.l(btod.o)(c_w.l)
    0x0000353a   0x00000028   Code   RO          367    i.__ARM_fpclassify  m_ws.l(fpclassify.o)(m_ws.l)
    0x00003562   0x00000002   PAD
    0x00003564   0x0000002c   Code   RO          353    locale$$code        c_w.l(lc_numeric_c.o)(c_w.l)
    0x00003590   0x0000002c   Code   RO          375    locale$$code        c_w.l(lc_ctype_c.o)(c_w.l)
    0x000035bc   0x0000000e   Code   RO          420    x$fpl$fpinit        fz_ws.l(fpinit.o)(fz_ws.l)
    0x000035ca   0x00000000   Code   RO          366    x$fpl$usenofp       fz_ws.l(usenofp.o)(fz_ws.l)
    0x000035ca   0x00000009   Data   RO           87    .constdata          usbhost_fat.o
    0x000035d3   0x00000008   Data   RO          114    .constdata          usbhost_ms.o
    0x000035db   0x0000000d   Data   RO          133    .constdata          usbhost_lpc17xx.o
    0x000035e8   0x00000008   Data   RO          207    .constdata          c_w.l(_printf_wctomb.o)(c_w.l)
    0x000035f0   0x00000028   Data   RO          236    .constdata          c_w.l(_printf_hex_int_ll_ptr.o)(c_w.l)
    0x00003618   0x00000011   Data   RO          254    .constdata          c_w.l(__printf_flags_ss_wp.o)(c_w.l)
    0x00003629   0x00000003   PAD
    0x0000362c   0x00000094   Data   RO          328    .constdata          c_w.l(bigflt0.o)(c_w.l)
    0x000036c0   0x00000010   Data   RO          501    Region$$Table       anon$$obj.o
    0x000036d0   0x0000001c   Data   RO          352    locale$$data        c_w.l(lc_numeric_c.o)(c_w.l)
    0x000036ec   0x00000110   Data   RO          374    locale$$data        c_w.l(lc_ctype_c.o)(c_w.l)


    Execution Region RW_IRAM1 (Base: 0x10000000, Size: 0x00000328, Max: 0x00008000, ABSOLUTE, UNINIT)

    Base Addr    Size         Type   Attr      Idx    E Section Name        Object

    0x10000000   0x00000004   Data   RW           18    .data               system_lpc17xx.o
    0x10000004   0x00000008   Data   RW          115    .data               usbhost_ms.o
    0x1000000c   0x00000038   Data   RW          134    .data               usbhost_lpc17xx.o
    0x10000044   0x00000029   Zero   RW           43    .bss                usbhost_uart.o
    0x1000006d   0x00000003   PAD
    0x10000070   0x00000058   Zero   RW           86    .bss                usbhost_fat.o
    0x100000c8   0x00000060   Zero   RW          370    .bss                c_w.l(libspace.o)(c_w.l)
    0x10000128   0x00000000   Zero   RW          171    HEAP                startup_lpc17xx.o
    0x10000128   0x00000200   Zero   RW          170    STACK               startup_lpc17xx.o


==============================================================================

Image component sizes


      Code (inc. data)   RO Data    RW Data    ZI Data      Debug   Object Name

         0          0          0          0          0          0   core_cm3.o
        56         22        204          0        512          0   startup_lpc17xx.o
       604         72          0          4          0          0   system_lpc17xx.o
      2740         76          9          0         88          0   usbhost_fat.o
      2008        326         13         56          0          0   usbhost_lpc17xx.o
       576        178          0          0          0          0   usbhost_main.o
      1392        142          8          8          0          0   usbhost_ms.o
       212         20          0          0         41          0   usbhost_uart.o

    ----------------------------------------------------------------------
      7588        836        250         68        644          0   Object Totals
         0          0         16          0          0          0   (incl. Generated)
         0          0          0          0          3          0   (incl. Padding)

    ----------------------------------------------------------------------

      Code (inc. data)   RO Data    RW Data    ZI Data      Debug   Library Member Name

         8          0          0          0          0          0   __main.o
       412          6         17          0          0          0   __printf_flags_ss_wp.o
        52          8          0          0          0          0   __scatter.o
        26          0          0          0          0          0   __scatter_copy.o
         6          0          0          0          0          0   _printf_a.o
         6          0          0          0          0          0   _printf_c.o
        44          0          0          0          0          0   _printf_char.o
        48          6          0          0          0          0   _printf_char_common.o
        42          0          0          0          0          0   _printf_charcount.o
         6          0          0          0          0          0   _printf_d.o
       116         18          0          0          0          0   _printf_dec.o
         6          0          0          0          0          0   _printf_e.o
         6          0          0          0          0          0   _printf_f.o
      1038          0          0          0          0          0   _printf_fp_dec.o
       124         16          0          0          0          0   _printf_fp_infnan.o
         6          0          0          0          0          0   _printf_g.o
       156          6         40          0          0          0   _printf_hex_int_ll_ptr.o
         6          0          0          0          0          0   _printf_i.o
       180          0          0          0          0          0   _printf_intcommon.o
        10          0          0          0          0          0   _printf_l.o
         6          0          0          0          0          0   _printf_lc.o
        10          0          0          0          0          0   _printf_ll.o
         6          0          0          0          0          0   _printf_lld.o
         6          0          0          0          0          0   _printf_lli.o
         6          0          0          0          0          0   _printf_llo.o
         6          0          0          0          0          0   _printf_llu.o
         6          0          0          0          0          0   _printf_llx.o
       120         16          0          0          0          0   _printf_longlong_dec.o
         6          0          0          0          0          0   _printf_ls.o
         6          0          0          0          0          0   _printf_n.o
         6          0          0          0          0          0   _printf_o.o
       120          8          0          0          0          0   _printf_oct_int_ll.o
         6          0          0          0          0          0   _printf_p.o
        80          0          0          0          0          0   _printf_pad.o
         0          0          0          0          0          0   _printf_percent.o
         4          0          0          0          0          0   _printf_percent_end.o
         6          0          0          0          0          0   _printf_s.o
        82          0          0          0          0          0   _printf_str.o
        36          0          0          0          0          0   _printf_truncate.o
         6          0          0          0          0          0   _printf_u.o
        44          0          0          0          0          0   _printf_wchar.o
       188          6          8          0          0          0   _printf_wctomb.o
         6          0          0          0          0          0   _printf_x.o
        10          0          0          0          0          0   _sputc.o
        64          0          0          0          0          0   _wcrtomb.o
       236          6        148          0          0          0   bigflt0.o
      1910        128          0          0          0          0   btod.o
        36          4          0          0          0          0   c89vsprintf.o
        12          0          0          0          0          0   exit.o
         6          0          0          0          0          0   heapauxi.o
        44         10        272          0          0          0   lc_ctype_c.o
        44         10         28          0          0          0   lc_numeric_c.o
         6          0          0          0          0          0   libinit.o
        30          0          0          0          0          0   libinit2.o
         2          0          0          0          0          0   libshutdown.o
         2          0          0          0          0          0   libshutdown2.o
         8          4          0          0         96          0   libspace.o
       138          0          0          0          0          0   lludiv10.o
        16          4          0          0          0          0   rt_ctype_table.o
        12          4          0          0          0          0   rt_fp_status_addr_intlibspace.o
        12          4          0          0          0          0   rt_locale_intlibspace.o
         0          0          0          0          0          0   rtentry.o
        12          0          0          0          0          0   rtentry2.o
         6          0          0          0          0          0   rtentry4.o
         2          0          0          0          0          0   rtexit.o
        10          0          0          0          0          0   rtexit2.o
        16          0          0          0          0          0   rtudiv10.o
       128          0          0          0          0          0   strcmpv7m.o
        12          4          0          0          0          0   sys_exit.o
        74          0          0          0          0          0   sys_stackheap_outer.o
         2          0          0          0          0          0   use_no_semi.o
        14          0          0          0          0          0   fpinit.o
         4          0          0          0          0          0   printf1.o
         0          0          0          0          0          0   usenofp.o
        40          0          0          0          0          0   fpclassify.o

    ----------------------------------------------------------------------
      5978        268        516          0         96          0   Library Totals
        10          0          3          0          0          0   (incl. Padding)

    ----------------------------------------------------------------------

      Code (inc. data)   RO Data    RW Data    ZI Data      Debug   Library Name

      5910        268        513          0         96       3848   c_w.l
        18          0          0          0          0        144   fz_ws.l
        40          0          0          0          0         68   m_ws.l

    ----------------------------------------------------------------------
      5978        268        516          0         96          0   Library Totals

    ----------------------------------------------------------------------

==============================================================================


      Code (inc. data)   RO Data    RW Data    ZI Data      Debug   

     13566       1104        766         68        740      68368   Grand Totals
     13566       1104        766         68        740      68368   ELF Image Totals
     13566       1104        766         68          0          0   ROM Totals

==============================================================================

    Total RO  Size (Code + RO Data)                14332 (  14.00kB)
    Total RW  Size (RW Data + ZI Data)               808 (   0.79kB)
    Total ROM Size (Code + RO Data + RW Data)      14400 (  14.06kB)

==============================================================================

