<html>
<body>
<pre>
<h1>礦ision Build Log</h1>
<h2>Project:</h2>
F:\路虎开发板光盘\实验例程\USBMem\Memory.uvproj
Project File Date:  <unknown>

<h2>Output:</h2>
Build target 'MCB1700'
assembling startup_LPC17xx.s...
compiling system_LPC17xx.c...
compiling usbcore.c...
compiling usbdesc.c...
compiling usbhw.c...
compiling usbuser.c...
compiling mscuser.c...
compiling memory.c...
compiling DiskImg.c...
linking...
Program Size: Code=6780 RO-data=4560 RW-data=100 ZI-data=17004  
FromELF: creating hex file...
".\Obj\Memory.axf" - 0 Error(s), 0 Warning(s).
