ARM Linker, RVCT4.0 [Build 728] [Standard]

==============================================================================

Section Cross References

    http_upload.o(.text) refers to _printf_percent.o(.ARM.Collect$$_printf_percent$$00000000) for _printf_percent
    http_upload.o(.text) refers to _printf_d.o(.ARM.Collect$$_printf_percent$$00000009) for _printf_d
    http_upload.o(.text) refers to _printf_dec.o(.text) for _printf_int_dec
    http_upload.o(.text) refers to glcd_lpc1700.o(.text) for GLCD_ClearLn
    http_upload.o(.text) refers to at_lib.o(i.mem_test) for mem_test
    http_upload.o(.text) refers to at_dhcp.o(i.dhcp_disable) for dhcp_disable
    http_upload.o(.text) refers to __2sprintf.o(.text) for __2sprintf
    http_upload.o(.text) refers to at_system.o(i.timer_tick) for timer_tick
    http_upload.o(.text) refers to at_system.o(i.main_TcpNet) for main_TcpNet
    http_upload.o(.text) refers to system_lpc17xx.o(.text) for SystemInit
    http_upload.o(.text) refers to fs_finit.o(i.finit) for finit
    http_upload.o(.text) refers to at_system.o(i.init_TcpNet) for init_TcpNet
    http_upload.o(.text) refers to http_upload.o(.data) for .data
    http_upload.o(.text) refers to at_system.o(.bss) for localm
    http_upload.o(.text) refers to system_lpc17xx.o(.data) for SystemFrequency
    http_cgi.o(.text) refers to _printf_percent.o(.ARM.Collect$$_printf_percent$$00000000) for _printf_percent
    http_cgi.o(.text) refers to _printf_d.o(.ARM.Collect$$_printf_percent$$00000009) for _printf_d
    http_cgi.o(.text) refers to _printf_dec.o(.text) for _printf_int_dec
    http_cgi.o(.text) refers to _printf_pad.o(.text) for _printf_pre_padding
    http_cgi.o(.text) refers to _printf_p.o(.ARM.Collect$$_printf_percent$$00000002) for _printf_p
    http_cgi.o(.text) refers to _printf_s.o(.ARM.Collect$$_printf_percent$$00000014) for _printf_s
    http_cgi.o(.text) refers to _printf_n.o(.ARM.Collect$$_printf_percent$$00000001) for _printf_n
    http_cgi.o(.text) refers to _printf_charcount.o(.text) for _printf_charcount
    http_cgi.o(.text) refers to _printf_hex_ptr.o(.text) for _printf_longlong_hex
    http_cgi.o(.text) refers to _printf_str.o(.text) for _printf_str
    http_cgi.o(.text) refers to fclose.o(.text) for fclose
    http_cgi.o(.text) refers to fs_finit.o(i.finit) for finit
    http_cgi.o(.text) refers to fopen.o(.text) for fopen
    http_cgi.o(.text) refers to fwritefast.o(.text) for fwrite
    http_cgi.o(.text) refers to at_mem.o(i.alloc_mem) for alloc_mem
    http_cgi.o(.text) refers to at_http.o(i.http_get_var) for http_get_var
    http_cgi.o(.text) refers to at_lib.o(i.str_scomp) for str_scomp
    http_cgi.o(.text) refers to at_lib.o(i.str_copy) for str_copy
    http_cgi.o(.text) refers to toupper.o(.text) for toupper
    http_cgi.o(.text) refers to at_mem.o(i.free_mem) for free_mem
    http_cgi.o(.text) refers to fs_fformat.o(i.fformat) for fformat
    http_cgi.o(.text) refers to __2sprintf.o(.text) for __2sprintf
    http_cgi.o(.text) refers to fs_ffind.o(i.ffind) for ffind
    http_cgi.o(.text) refers to http_cgi.o(.data) for .data
    http_cgi.o(.text) refers to http_cgi.o(.bss) for .bss
    http_cgi.o(.text) refers to http_cgi.o(.constdata) for .constdata
    web.o(.constdata) refers to web.o(.constdata) for Web
    net_config.o(.text) refers to at_ethernet.o(i.init_eth_link) for init_eth_link
    net_config.o(.text) refers to at_udp.o(i.init_udp) for init_udp
    net_config.o(.text) refers to at_tcp.o(i.init_tcp) for init_tcp
    net_config.o(.text) refers to at_http.o(i.init_http) for init_http
    net_config.o(.text) refers to at_nbns.o(i.init_nbns) for init_nbns
    net_config.o(.text) refers to at_dhcp.o(i.init_dhcp) for init_dhcp
    net_config.o(.text) refers to at_ethernet.o(i.run_eth_link) for run_eth_link
    net_config.o(.text) refers to at_tcp.o(i.tcp_poll_sockets) for tcp_poll_sockets
    net_config.o(.text) refers to at_http.o(i.run_http_server) for run_http_server
    net_config.o(.text) refers to at_dhcp.o(i.run_dhcp_client) for run_dhcp_client
    net_config.o(.text) refers to at_udp.o(i.process_udp) for process_udp
    net_config.o(.text) refers to at_tcp.o(i.process_tcp) for process_tcp
    net_config.o(.text) refers to at_ethernet.o(i.eth_send_frame) for eth_send_frame
    http_uif.o(.text) refers to fopen.o(.text) for fopen
    http_uif.o(.text) refers to fclose.o(.text) for fclose
    http_uif.o(.text) refers to freadfast.o(.text) for fread
    http_uif.o(.text) refers to fgets.o(.text) for fgets
    http_uif.o(.text) refers to at_mem.o(i.alloc_mem) for alloc_mem
    http_uif.o(.text) refers to fs_ffind.o(i.ffind) for ffind
    http_uif.o(.text) refers to at_http.o(i.http_date) for http_date
    http_uif.o(.text) refers to at_mem.o(i.free_mem) for free_mem
    retarget.o(.text) refers (Special) to use_no_semi.o(.text) for __use_no_semihosting_swi
[...]
    __use_no_semihosting_swi                 0x0000029d   Thumb Code     2  use_no_semi.o(.text)
    toupper                                  0x0000029f   Thumb Code    30  toupper.o(.text)
    __2sprintf                               0x000002bd   Thumb Code    38  __2sprintf.o(.text)
    __aeabi_memset                           0x000002e9   Thumb Code    16  aeabi_memset.o(.text)
    __use_no_heap                            0x000002f9   Thumb Code     2  hguard.o(.text)
    __heap$guard                             0x000002fb   Thumb Code     2  hguard.o(.text)
    sendchar                                 0x0000032f   Thumb Code     2  http_upload.o(.text)
    getkey                                   0x00000331   Thumb Code     4  http_upload.o(.text)
    LED_out                                  0x00000335   Thumb Code    46  http_upload.o(.text)
    main                                     0x000003dd   Thumb Code    46  http_upload.o(.text)
    __FS_ARM_VER                             0x00000401   Number         0  fs_finit.o ABSOLUTE
    __TCP_ARM_VER                            0x00000405   Number         0  at_system.o ABSOLUTE
    cgi_process_var                          0x00000521   Thumb Code     2  http_cgi.o(.text)
    cgi_process_data                         0x00000523   Thumb Code   258  http_cgi.o(.text)
    cgi_func                                 0x000006ab   Thumb Code   142  http_cgi.o(.text)
    _ttywrch                                 0x0000078d   Thumb Code     4  retarget.o(.text)
    _sys_open                                0x00000791   Thumb Code    64  retarget.o(.text)
    _sys_close                               0x000007d1   Thumb Code    14  retarget.o(.text)
    _sys_write                               0x000007df   Thumb Code    56  retarget.o(.text)
    _sys_read                                0x00000817   Thumb Code    56  retarget.o(.text)
    _sys_istty                               0x0000084f   Thumb Code    14  retarget.o(.text)
    _sys_seek                                0x0000085d   Thumb Code    16  retarget.o(.text)
    _sys_ensure                              0x0000086d   Thumb Code    16  retarget.o(.text)
    _sys_flen                                0x0000087d   Thumb Code    30  retarget.o(.text)
    _sys_tmpnam                              0x0000089b   Thumb Code     4  retarget.o(.text)
    _sys_command_string                      0x0000089f   Thumb Code     2  retarget.o(.text)
    _sys_exit                                0x000008a1   Thumb Code     2  retarget.o(.text)
    init_ethernet                            0x000009e3   Thumb Code   498  emac_lpc17xx.o(.text)
    int_enable_eth                           0x00000bd5   Thumb Code    10  emac_lpc17xx.o(.text)
    int_disable_eth                          0x00000bdf   Thumb Code    10  emac_lpc17xx.o(.text)
    send_frame                               0x00000be9   Thumb Code    68  emac_lpc17xx.o(.text)
    ENET_IRQHandler                          0x00000c2d   Thumb Code   188  emac_lpc17xx.o(.text)
    spi_init                                 0x00000d01   Thumb Code   124  spi_lpc17xx.o(.text)
    spi_hi_speed                             0x00000d7d   Thumb Code    16  spi_lpc17xx.o(.text)
    spi_ss                                   0x00000d8d   Thumb Code    22  spi_lpc17xx.o(.text)
    spi_send                                 0x00000da3   Thumb Code    16  spi_lpc17xx.o(.text)
    SystemInit                               0x00000dc5   Thumb Code   288  system_lpc17xx.o(.text)
    wait_delay                               0x00000f05   Thumb Code     6  glcd_lpc1700.o(.text)
    GLCD_Init                                0x00000f2f   Thumb Code   880  glcd_lpc1700.o(.text)
    GLCD_WindowMax                           0x0000129f   Thumb Code    40  glcd_lpc1700.o(.text)
    GLCD_PutPixel                            0x000012c7   Thumb Code    62  glcd_lpc1700.o(.text)
    GLCD_SetTextColor                        0x00001305   Thumb Code     6  glcd_lpc1700.o(.text)
    GLCD_SetBackColor                        0x0000130b   Thumb Code     6  glcd_lpc1700.o(.text)
    GLCD_Clear                               0x00001311   Thumb Code    68  glcd_lpc1700.o(.text)
    GLCD_DrawChar                            0x00001355   Thumb Code   150  glcd_lpc1700.o(.text)
    GLCD_DisplayChar                         0x000013eb   Thumb Code    26  glcd_lpc1700.o(.text)
    GLCD_DisplayString                       0x00001405   Thumb Code    34  glcd_lpc1700.o(.text)
    GLCD_ClearLn                             0x00001427   Thumb Code    20  glcd_lpc1700.o(.text)
    GLCD_Bargraph                            0x0000143b   Thumb Code   152  glcd_lpc1700.o(.text)
    GLCD_Bitmap                              0x000014d3   Thumb Code   156  glcd_lpc1700.o(.text)
    GLCD_Bmp                                 0x0000156f   Thumb Code   152  glcd_lpc1700.o(.text)
    _printf_pre_padding                      0x000016f1   Thumb Code    44  _printf_pad.o(.text)
    _printf_post_padding                     0x0000171d   Thumb Code    36  _printf_pad.o(.text)
    _printf_str                              0x00001741   Thumb Code    82  _printf_str.o(.text)
    _printf_int_dec                          0x00001795   Thumb Code    98  _printf_dec.o(.text)
    _printf_charcount                        0x00001809   Thumb Code    40  _printf_charcount.o(.text)
    _printf_hex_ptr                          0x00001831   Thumb Code    82  _printf_hex_ptr.o(.text)
    _printf_longlong_hex                     0x00001831   Thumb Code     0  _printf_hex_ptr.o(.text)
    __printf                                 0x00001889   Thumb Code   412  __printf_flags_ss_wp.o(.text)
    atoi                                     0x00001a29   Thumb Code    26  atoi.o(.text)
    fgets                                    0x00001a43   Thumb Code    72  fgets.o(.text)
    freopen                                  0x00001a8d   Thumb Code   154  fopen.o(.text)
    fopen                                    0x00001b27   Thumb Code    68  fopen.o(.text)
    _fclose_internal                         0x00001b71   Thumb Code    76  fclose.o(.text)
    fclose                                   0x00001b71   Thumb Code     0  fclose.o(.text)
    strlen                                   0x00001bbd   Thumb Code    62  strlen.o(.text)
    __aeabi_memcpy                           0x00001bfb   Thumb Code     0  rt_memcpy_v6.o(.text)
    __rt_memcpy                              0x00001bfb   Thumb Code   140  rt_memcpy_v6.o(.text)
    _memcpy_lastbytes                        0x00001c63   Thumb Code     0  rt_memcpy_v6.o(.text)
    __aeabi_memclr                           0x00001c87   Thumb Code     0  rt_memclr.o(.text)
    __rt_memclr                              0x00001c87   Thumb Code    68  rt_memclr.o(.text)
    _memset                                  0x00001c8b   Thumb Code     0  rt_memclr.o(.text)
    __aeabi_memcpy4                          0x00001ccb   Thumb Code     0  rt_memcpy_w.o(.text)
    __aeabi_memcpy8                          0x00001ccb   Thumb Code     0  rt_memcpy_w.o(.text)
    __rt_memcpy_w                            0x00001ccb   Thumb Code   100  rt_memcpy_w.o(.text)
    _memcpy_lastbytes_aligned                0x00001d13   Thumb Code     0  rt_memcpy_w.o(.text)
    __aeabi_memclr4                          0x00001d2f   Thumb Code     0  rt_memclr_w.o(.text)
    __aeabi_memclr8                          0x00001d2f   Thumb Code     0  rt_memclr_w.o(.text)
    __rt_memclr_w                            0x00001d2f   Thumb Code    78  rt_memclr_w.o(.text)
    _memset_w                                0x00001d33   Thumb Code     0  rt_memclr_w.o(.text)
    strcmp                                   0x00001d7d   Thumb Code   128  strcmpv7m.o(.text)
    __use_two_region_memory                  0x00001dfd   Thumb Code     2  heapauxi.o(.text)
    __rt_heap_escrow                         0x00001dff   Thumb Code     2  heapauxi.o(.text)
    __rt_heap_expand                         0x00001e01   Thumb Code     2  heapauxi.o(.text)
    __rt_ctype_table                         0x00001e05   Thumb Code    16  rt_ctype_table.o(.text)
    __aeabi_errno_addr                       0x00001e15   Thumb Code    12  rt_errno_addr_intlibspace.o(.text)
    __errno$intlibspace                      0x00001e15   Thumb Code     0  rt_errno_addr_intlibspace.o(.text)
    __rt_errno_addr$intlibspace              0x00001e15   Thumb Code     0  rt_errno_addr_intlibspace.o(.text)
    malloc                                   0x00001e21   Thumb Code    98  h1_alloc.o(.text)
    free                                     0x00001e83   Thumb Code    78  h1_free.o(.text)
    _printf_int_common                       0x00001ed1   Thumb Code   180  _printf_intcommon.o(.text)
    _printf_char_common                      0x00001f8f   Thumb Code    34  _printf_char_common.o(.text)
    _sputc                                   0x00001fb5   Thumb Code    10  _sputc.o(.text)
    _printf_cs_common                        0x00001fbf   Thumb Code    20  _printf_char.o(.text)
    _printf_char                             0x00001fd3   Thumb Code    16  _printf_char.o(.text)
    _printf_string                           0x00001fe3   Thumb Code     8  _printf_char.o(.text)
    strtol                                   0x00001feb   Thumb Code   112  strtol.o(.text)
    ferror                                   0x0000205b   Thumb Code     8  ferror.o(.text)
    _fseek                                   0x00002065   Thumb Code   242  fseek.o(.text)
    fseek                                    0x00002065   Thumb Code     0  fseek.o(.text)
    _seterr                                  0x0000215d   Thumb Code    20  stdio.o(.text)
    _writebuf                                0x00002171   Thumb Code    92  stdio.o(.text)
    _fflush                                  0x000021cd   Thumb Code    70  stdio.o(.text)
    _deferredlazyseek                        0x00002213   Thumb Code    60  stdio.o(.text)
    __rt_udiv10                              0x00002255   Thumb Code    16  rtudiv10.o(.text)
    __user_libspace                          0x00002265   Thumb Code     8  libspace.o(.text)
    __user_perproc_libspace                  0x00002265   Thumb Code     0  libspace.o(.text)
    __user_perthread_libspace                0x00002265   Thumb Code     0  libspace.o(.text)
    __rt_heap_descriptor                     0x0000226d   Thumb Code    12  rt_heap_descriptor_intlibspace.o(.text)
    __rt_locale                              0x00002279   Thumb Code    12  rt_locale_intlibspace.o(.text)
    _terminate_user_alloc                    0x00002285   Thumb Code     2  init_alloc.o(.text)
    _init_user_alloc                         0x00002287   Thumb Code     2  init_alloc.o(.text)
    __Heap_Full                              0x00002289   Thumb Code    34  init_alloc.o(.text)
    __Heap_Broken                            0x000022ab   Thumb Code     6  init_alloc.o(.text)
    _init_alloc                              0x000022b1   Thumb Code    94  init_alloc.o(.text)
    __Heap_Initialize                        0x0000230f   Thumb Code    10  h1_init.o(.text)
    __Heap_DescSize                          0x00002319   Thumb Code     4  h1_init.o(.text)
    _strtoul                                 0x0000231d   Thumb Code   152  _strtoul.o(.text)
    _readbuf                                 0x000023b5   Thumb Code    62  filbuf.o(.text)
    _seteof                                  0x000023f3   Thumb Code    40  filbuf.o(.text)
    __filbuf                                 0x0000241b   Thumb Code   496  filbuf.o(.text)
    __filbuf_byte                            0x0000241b   Thumb Code     0  filbuf.o(.text)
    __filbuf_wide                            0x0000241b   Thumb Code     0  filbuf.o(.text)
    __flsbuf                                 0x0000260b   Thumb Code   462  flsbuf.o(.text)
    __flsbuf_byte                            0x0000260b   Thumb Code     0  flsbuf.o(.text)
    __flsbuf_wide                            0x0000260b   Thumb Code     0  flsbuf.o(.text)
    _ftell_internal                          0x000027d9   Thumb Code    70  ftell.o(.text)
    ftell                                    0x000027d9   Thumb Code     0  ftell.o(.text)
    _initio                                  0x00002821   Thumb Code   210  initio.o(.text)
    _terminateio                             0x000028f3   Thumb Code    56  initio.o(.text)
    __user_setup_stackheap                   0x00002959   Thumb Code    74  sys_stackheap_outer.o(.text)
    __Heap_ProvideMemory                     0x000029a3   Thumb Code    52  h1_extend.o(.text)
    _chval                                   0x000029d7   Thumb Code    32  _chval.o(.text)
    setvbuf                                  0x000029f7   Thumb Code    70  setvbuf.o(.text)
    fread                                    0x00002a3d   Thumb Code   282  freadfast.o(.text)
    fwrite                                   0x00002b57   Thumb Code   192  fwritefast.o(.text)
    _flushlinebuffered                       0x00002c19   Thumb Code    48  flushlinebuffered.o(.text)
    exit                                     0x00002c4d   Thumb Code    12  exit.o(.text)
    __rt_SIGRTRED                            0x00002c59   Thumb Code    14  defsig_rtred_outer.o(.text)
    __rt_SIGRTMEM                            0x00002c67   Thumb Code    14  defsig_rtmem_outer.o(.text)
    _do_fflush                               0x00002c75   Thumb Code    54  fflush.o(.text)
    fflush                                   0x00002cab   Thumb Code    42  fflush.o(.text)
    __sig_exit                               0x00002cd9   Thumb Code    10  defsig_exit.o(.text)
    __rt_SIGRTRED_inner                      0x00002ce5   Thumb Code    14  defsig_rtred_inner.o(.text)
    __rt_SIGRTMEM_inner                      0x00002d19   Thumb Code    20  defsig_rtmem_inner.o(.text)
    __rt_fp_status_addr                      0x00002d65   Thumb Code    12  rt_fp_status_addr_intlibspace.o(.text)
    __default_signal_display                 0x00002d71   Thumb Code    50  defsig_general.o(.text)
    CalcChksum                               0x00002da3   Thumb Code    22  at_lib.o(i.CalcChksum)
    CalcChksumBuf                            0x00002db9   Thumb Code    40  at_lib.o(i.CalcChksumBuf)
    CalcChksumVal                            0x00002de1   Thumb Code    10  at_lib.o(i.CalcChksumVal)
    SwapB                                    0x00002deb   Thumb Code    10  at_lib.o(i.SwapB)
    __fclose                                 0x00002df5   Thumb Code   116  _fs_fclose.o(i.__fclose)
    __flushbuf                               0x00002e71   Thumb Code   130  _fs_flushbuf.o(i.__flushbuf)
    __fopen                                  0x00002efd   Thumb Code   364  _fs_fopen.o(i.__fopen)
    __getfsize                               0x00003079   Thumb Code   166  _fs_getfsize.o(i.__getfsize)
    __read                                   0x00003125   Thumb Code   160  _fs_read.o(i.__read)
    __setfpos                                0x000031cd   Thumb Code   228  _fs_setfpos.o(i.__setfpos)
    __write                                  0x000032b9   Thumb Code   244  _fs_write.o(i.__write)
    _fcreate                                 0x000033b5   Thumb Code   280  _fs_fcreate.o(i._fcreate)
    _fdelete                                 0x000034cd   Thumb Code   130  _fs_fdelete.o(i._fdelete)
    _ffind                                   0x0000354f   Thumb Code   182  _fs_ffind.o(i._ffind)
    alloc_mem                                0x00003605   Thumb Code   144  at_mem.o(i.alloc_mem)
    arp_cache_add                            0x000037dd   Thumb Code   174  at_arp.o(i.arp_cache_add)
    arp_cache_find                           0x00003909   Thumb Code   252  at_arp.o(i.arp_cache_find)
    arp_cache_update                         0x00003a1d   Thumb Code   218  at_arp.o(i.arp_cache_update)
    b64_to_asc                               0x00003cb1   Thumb Code   116  at_lib.o(i.b64_to_asc)
    cgx_content_type                         0x00003d6d   Thumb Code     4  at_http.o(i.cgx_content_type)
    dhcp_disable                             0x00004361   Thumb Code    28  at_dhcp.o(i.dhcp_disable)
    eth_chk_adr                              0x00004729   Thumb Code    10  at_ethernet.o(i.eth_chk_adr)
    eth_send_frame                           0x00004739   Thumb Code   136  at_ethernet.o(i.eth_send_frame)
    fat_close_write                          0x000047cd   Thumb Code   140  fs_fat.o(i.fat_close_write)
    fat_create                               0x0000485d   Thumb Code    72  fs_fat.o(i.fat_create)
    fat_delete                               0x000048a9   Thumb Code    84  fs_fat.o(i.fat_delete)
    fat_ffind                                0x00004901   Thumb Code    56  fs_fat.o(i.fat_ffind)
    fat_find_file                            0x000049bd   Thumb Code    66  fs_fat.o(i.fat_find_file)
    fat_format                               0x00004a05   Thumb Code   606  fs_fat.o(i.fat_format)
    fat_init                                 0x00004c91   Thumb Code    20  fs_fat.o(i.fat_init)
    fat_read                                 0x00004ca5   Thumb Code   174  fs_fat.o(i.fat_read)
    fat_set_fpos                             0x00004d59   Thumb Code    72  fs_fat.o(i.fat_set_fpos)
    fat_write                                0x00004da5   Thumb Code   208  fs_fat.o(i.fat_write)
    ffind                                    0x00004e79   Thumb Code   458  fs_ffind.o(i.ffind)
    fformat                                  0x00005055   Thumb Code   158  fs_fformat.o(i.fformat)
    fgetc                                    0x00005105   Thumb Code    24  fgetc.o(i.fgetc)
    finit                                    0x00005125   Thumb Code    48  fs_finit.o(i.finit)
    fn_cmp                                   0x00005161   Thumb Code    30  fs_lib.o(i.fn_cmp)
    free_mem                                 0x00005181   Thumb Code    94  at_mem.o(i.free_mem)
    fs_AllocBlock                            0x000051e9   Thumb Code   162  _fs_flashio.o(i.fs_AllocBlock)
    fs_BlockFull                             0x0000528b   Thumb Code    92  _fs_flashio.o(i.fs_BlockFull)
    fs_BlockInvalid                          0x000052e7   Thumb Code    48  _fs_flashio.o(i.fs_BlockInvalid)
    fs_EraseSector                           0x00005317   Thumb Code     4  fs_flashprg.o(i.fs_EraseSector)
    fs_Find_File                             0x0000531b   Thumb Code   172  _fs_flashio.o(i.fs_Find_File)
    fs_Init                                  0x000053c7   Thumb Code     4  fs_flashprg.o(i.fs_Init)
    fs_InitBlock                             0x000053cd   Thumb Code    66  _fs_flashio.o(i.fs_InitBlock)
    fs_ProgramPage                           0x0000541d   Thumb Code     4  fs_flashprg.o(i.fs_ProgramPage)
    fs_ReadBlock                             0x00005421   Thumb Code    28  _fs_flashio.o(i.fs_ReadBlock)
    fs_ReadData                              0x0000543d   Thumb Code    18  fs_lib.o(i.fs_ReadData)
    fs_WriteBlock                            0x0000544f   Thumb Code    56  _fs_flashio.o(i.fs_WriteBlock)
    fs_WriteData                             0x00005487   Thumb Code    16  fs_lib.o(i.fs_WriteData)
    fs_adr_sig                               0x00005497   Thumb Code    22  _fs_flashio.o(i.fs_adr_sig)
    fs_check_fwopen                          0x000054ad   Thumb Code    56  _fs_flashio.o(i.fs_check_fwopen)
    fs_find_iob                              0x000054ed   Thumb Code    42  fs_lib.o(i.fs_find_iob)
    fs_get_date                              0x00005521   Thumb Code     4  fs_time.o(i.fs_get_date)
    fs_get_drive                             0x00005529   Thumb Code    64  fs_lib.o(i.fs_get_drive)
    fs_get_freeID                            0x00005569   Thumb Code    82  _fs_flashio.o(i.fs_get_freeID)
    fs_get_freeMem                           0x000055bb   Thumb Code    56  _fs_flashio.o(i.fs_get_freeMem)
    fs_get_time                              0x000055f3   Thumb Code     6  fs_time.o(i.fs_get_time)
    fs_mark_fileMem                          0x000055f9   Thumb Code   122  _fs_flashio.o(i.fs_mark_fileMem)
    fs_mark_freeMem                          0x00005673   Thumb Code    62  _fs_flashio.o(i.fs_mark_freeMem)
    fs_rd_alloc                              0x000056b1   Thumb Code    36  _fs_flashio.o(i.fs_rd_alloc)
    fs_rd_sig                                0x000056d5   Thumb Code    32  _fs_flashio.o(i.fs_rd_sig)
    fs_set_params                            0x000056f5   Thumb Code    68  fs_lib.o(i.fs_set_params)
    fs_spi_EraseSector                       0x00005759   Thumb Code     4  fs_flashprg.o(i.fs_spi_EraseSector)
    fs_spi_Init                              0x0000575d   Thumb Code     4  fs_flashprg.o(i.fs_spi_Init)
    fs_spi_ProgramPage                       0x00005761   Thumb Code     4  fs_flashprg.o(i.fs_spi_ProgramPage)
    fs_spi_ReadData                          0x00005765   Thumb Code     4  fs_flashprg.o(i.fs_spi_ReadData)
    fs_strpos                                0x00005769   Thumb Code    26  fs_lib.o(i.fs_strpos)
    get_crc                                  0x00005835   Thumb Code    36  at_lib.o(i.get_crc)
    get_u32                                  0x00005dc9   Thumb Code    22  at_lib.o(i.get_u32)
    http_accept_host                         0x00005dfd   Thumb Code     4  at_http.o(i.http_accept_host)
    http_date                                0x0000600d   Thumb Code   112  at_http.o(i.http_date)
    http_get_var                             0x0000628d   Thumb Code   108  at_http.o(i.http_get_var)
    init_TcpNet                              0x00006b3d   Thumb Code    40  at_system.o(i.init_TcpNet)
    init_arp                                 0x00006b75   Thumb Code    30  at_arp.o(i.init_arp)
    init_dhcp                                0x00006c75   Thumb Code    88  at_dhcp.o(i.init_dhcp)
    init_eth_link                            0x00006cdd   Thumb Code    30  at_ethernet.o(i.init_eth_link)
    init_http                                0x00006d01   Thumb Code    78  at_http.o(i.init_http)
    init_mem                                 0x00006d65   Thumb Code    24  at_mem.o(i.init_mem)
    init_nbns                                0x00006d89   Thumb Code    34  at_nbns.o(i.init_nbns)
    init_tcp                                 0x00006db5   Thumb Code    16  at_tcp.o(i.init_tcp)
    init_udp                                 0x00006dcd   Thumb Code    18  at_udp.o(i.init_udp)
    ip_chk_frame                             0x00006de9   Thumb Code   184  at_ip.o(i.ip_chk_frame)
    ip_get_locadr                            0x00006eb5   Thumb Code   140  at_ip.o(i.ip_get_locadr)
    ip_send_frame                            0x00006f4d   Thumb Code   136  at_ip.o(i.ip_send_frame)
    is_subnet                                0x00007065   Thumb Code    34  at_lib.o(i.is_subnet)
    is_subnet_bcast                          0x00007089   Thumb Code    40  at_arp.o(i.is_subnet_bcast)
    main_TcpNet                              0x000070d5   Thumb Code    50  at_system.o(i.main_TcpNet)
    mem_comp                                 0x00007111   Thumb Code    30  at_lib.o(i.mem_comp)
    mem_copy                                 0x00007131   Thumb Code    30  at_lib.o(i.mem_copy)
    mem_set                                  0x00007151   Thumb Code    16  at_lib.o(i.mem_set)
    mem_test                                 0x00007161   Thumb Code    22  at_lib.o(i.mem_test)
    mmc_init                                 0x000071c1   Thumb Code   268  fs_mmc.o(i.mmc_init)
    mmc_read_config                          0x00007379   Thumb Code   172  fs_mmc.o(i.mmc_read_config)
    mmc_read_sect                            0x00007429   Thumb Code    82  fs_mmc.o(i.mmc_read_sect)
    mmc_write_sect                           0x00007501   Thumb Code    82  fs_mmc.o(i.mmc_write_sect)
    poll_ethernet                            0x00007689   Thumb Code     2  at_ethernet.o(i.poll_ethernet)
    process_arp                              0x000077c5   Thumb Code   142  at_arp.o(i.process_arp)
    process_hl_igmp                          0x0000785d   Thumb Code     2  at_ethernet.o(i.process_hl_igmp)
    process_icmp                             0x0000785f   Thumb Code   116  at_icmp.o(i.process_icmp)
    process_tcp                              0x000078d5   Thumb Code  1056  at_tcp.o(i.process_tcp)
    process_udp                              0x00007cf9   Thumb Code   196  at_udp.o(i.process_udp)
    put_in_queue                             0x00007dc5   Thumb Code    36  at_ethernet.o(i.put_in_queue)
    resize_mem                               0x00007fa1   Thumb Code    48  at_mem.o(i.resize_mem)
    run_dhcp_client                          0x00007fd5   Thumb Code   272  at_dhcp.o(i.run_dhcp_client)
    run_eth_link                             0x000080f1   Thumb Code   160  at_ethernet.o(i.run_eth_link)
    run_http_server                          0x0000819d   Thumb Code   724  at_http.o(i.run_http_server)
    set_u32                                  0x00008775   Thumb Code    16  at_lib.o(i.set_u32)
    str_copy                                 0x00008795   Thumb Code    22  at_lib.o(i.str_copy)
    str_crc                                  0x000087ab   Thumb Code    26  at_lib.o(i.str_crc)
    str_scomp                                0x000087c5   Thumb Code    26  at_lib.o(i.str_scomp)
    str_up_case                              0x000087df   Thumb Code    26  at_lib.o(i.str_up_case)
    tcp_abort                                0x000087f9   Thumb Code    78  at_tcp.o(i.tcp_abort)
    tcp_close                                0x00008851   Thumb Code   120  at_tcp.o(i.tcp_close)
    tcp_get_buf                              0x000088d1   Thumb Code    16  at_tcp.o(i.tcp_get_buf)
    tcp_get_socket                           0x000088e1   Thumb Code    62  at_tcp.o(i.tcp_get_socket)
    tcp_get_state                            0x00008929   Thumb Code    34  at_tcp.o(i.tcp_get_state)
    tcp_listen                               0x00008969   Thumb Code   114  at_tcp.o(i.tcp_listen)
    tcp_max_dsize                            0x00008a81   Thumb Code    32  at_tcp.o(i.tcp_max_dsize)
    tcp_poll_sockets                         0x00008aa5   Thumb Code   466  at_tcp.o(i.tcp_poll_sockets)
    tcp_send                                 0x00008d01   Thumb Code   240  at_tcp.o(i.tcp_send)
    timer_tick                               0x00009025   Thumb Code     8  at_system.o(i.timer_tick)
    udp_close                                0x00009031   Thumb Code    34  at_udp.o(i.udp_close)
    udp_get_buf                              0x0000905d   Thumb Code    16  at_udp.o(i.udp_get_buf)
    udp_get_socket                           0x0000906d   Thumb Code    62  at_udp.o(i.udp_get_socket)
    udp_open                                 0x000090b5   Thumb Code   112  at_udp.o(i.udp_open)
    udp_send                                 0x00009131   Thumb Code   250  at_udp.o(i.udp_send)
    _get_lc_ctype                            0x00009c81   Thumb Code    44  lc_ctype_c.o(locale$$code)
    _fp_init                                 0x00009cad   Thumb Code    14  fpinit.o(x$fpl$fpinit)
    __fplib_config_pureend_doubles           0x00009cb9   Thumb Code     0  fpinit.o(x$fpl$fpinit)
    FileMD                                   0x00009d44   Data           4  web.o(.constdata)
    FileTab                                  0x0000dc38   Data          96  web.o(.constdata)
    nlocalm                                  0x0000dc98   Data          60  net_config.o(.constdata)
    netif_cfg                                0x0000dcd4   Data           1  net_config.o(.constdata)
    MPool_Size                               0x0000dcd8   Data           4  net_config.o(.constdata)
    tick_rate                                0x0000dcdc   Data           2  net_config.o(.constdata)
    arp_TabSize                              0x0000dcde   Data           2  net_config.o(.constdata)
    arp_TimeOut                              0x0000dce0   Data           2  net_config.o(.constdata)
    arp_MaxRetry                             0x0000dce2   Data           1  net_config.o(.constdata)
    arp_Resend                               0x0000dce3   Data           1  net_config.o(.constdata)
    udp_NumSocks                             0x0000dce4   Data           1  net_config.o(.constdata)
    tcp_NumSocks                             0x0000dce5   Data           1  net_config.o(.constdata)
    tcp_MaxRetry                             0x0000dce6   Data           1  net_config.o(.constdata)
    tcp_RetryTout                            0x0000dce8   Data           2  net_config.o(.constdata)
    tcp_2MSSTout                             0x0000dcea   Data           2  net_config.o(.constdata)
    tcp_SynRetryTout                         0x0000dcec   Data           2  net_config.o(.constdata)
    tcp_InitRetryTout                        0x0000dcee   Data           2  net_config.o(.constdata)
    tcp_DefTout                              0x0000dcf0   Data           2  net_config.o(.constdata)
    tcp_ConRetry                             0x0000dcf2   Data           1  net_config.o(.constdata)
    http_NumSess                             0x0000dcf3   Data           1  net_config.o(.constdata)
    http_EnAuth                              0x0000dcf4   Data           1  net_config.o(.constdata)
    http_PortNum                             0x0000dcf6   Data           2  net_config.o(.constdata)
    http_auth_dev                            0x0000dcf8   Data          20  net_config.o(.constdata)
    http_auth_user                           0x0000dd0c   Data           6  net_config.o(.constdata)
    _NFILE                                   0x0000dd12   Data           2  file_config.o(.constdata)
    _DEF_DRIVE                               0x0000dd14   Data           2  file_config.o(.constdata)
    _CPU_CLK                                 0x0000dd18   Data           4  file_config.o(.constdata)
    FlashDev                                 0x0000dd1c   Data           8  file_config.o(.constdata)
    _FlashNumSect                            0x0000dd24   Data           2  file_config.o(.constdata)
    _BlockFREE                               0x0000dd28   Data           4  file_config.o(.constdata)
    _BASE_ADR                                0x0000dd2c   Data           4  file_config.o(.constdata)
    SpiDev                                   0x0000dd30   Data           8  file_config.o(.constdata)
    _SpiNumSect                              0x0000dd38   Data           2  file_config.o(.constdata)
    _SpiBlFREE                               0x0000dd3c   Data           4  file_config.o(.constdata)
    RamDev                                   0x0000dd40   Data           8  file_config.o(.constdata)
    _RamNumSect                              0x0000dd48   Data           2  file_config.o(.constdata)
    _MC_CSIZE                                0x0000dd4a   Data           2  file_config.o(.constdata)
    __stdin_name                             0x0000dd4c   Data           6  retarget.o(.constdata)
    __stdout_name                            0x0000dd52   Data           7  retarget.o(.constdata)
    __stderr_name                            0x0000dd59   Data           7  retarget.o(.constdata)
    Font_24x16                               0x0000dd60   Data        5376  glcd_lpc1700.o(.constdata)
    MAC_Broadcast                            0x0000f32c   Data           6  at_ethernet.o(.constdata)
    IP_Broadcast                             0x0000f3b7   Data           4  at_ip.o(.constdata)
    http_err_401                             0x0000f3bb   Data          94  http_err.o(.constdata)
    http_err_404                             0x0000f419   Data          91  http_err.o(.constdata)
    http_err_501                             0x0000f474   Data          83  http_err.o(.constdata)
    http_err_head                            0x0000f4c7   Data          59  http_err.o(.constdata)
    http_err_foot                            0x0000f502   Data         137  http_err.o(.constdata)
    Region$$Table$$Base                      0x0000f5c4   Number         0  anon$$obj.o(Region$$Table)
    Region$$Table$$Limit                     0x0000f5e4   Number         0  anon$$obj.o(Region$$Table)
    __ctype                                  0x0000f5f1   Data           0  lc_ctype_c.o(locale$$data)
    tick                                     0x10000004   Data           4  http_upload.o(.data)
    LCDupdate                                0x10000008   Data           4  http_upload.o(.data)
    dhcp_tout                                0x1000000c   Data           4  http_upload.o(.data)
    lcd_text                                 0x10000010   Data          34  http_upload.o(.data)
    lhost_name                               0x10000044   Data          16  net_config.o(.data)
    own_hw_adr                               0x10000054   Data           6  net_config.o(.data)
    iap_entry                                0x10000060   Data           4  emac_lpc17xx.o(.data)
    SystemFrequency                          0x10000064   Data           4  system_lpc17xx.o(.data)
    sys_tick                                 0x10000090   Data           1  at_system.o(.data)
    sec_tick                                 0x10000091   Data           1  at_system.o(.data)
    timer_cnt                                0x10000094   Data           2  at_system.o(.data)
    __aeabi_stdin                            0x100000b8   Data           4  stdio_streams.o(.data)
    __aeabi_stdout                           0x100000bc   Data           4  stdio_streams.o(.data)
    __aeabi_stderr                           0x100000c0   Data           4  stdio_streams.o(.data)
    http_auth_passw                          0x100001d4   Data          20  net_config.o(.bss)
    Mem_Pool                                 0x100001e8   Data        8192  net_config.o(.bss)
    arp_table                                0x100021e8   Data         140  net_config.o(.bss)
    udp_socket                               0x10002274   Data          24  net_config.o(.bss)
    tcp_socket                               0x1000228c   Data         352  net_config.o(.bss)
    http_session                             0x100023ec   Data         288  net_config.o(.bss)
    _iob                                     0x1000250c   Data         832  file_config.o(.bss)
    mc_cache                                 0x1000284c   Data        5120  file_config.o(.bss)
    localm                                   0x10006750   Data          60  at_system.o(.bss)
    __stdin                                  0x100068e0   Data          80  stdio_streams.o(.bss)
    __stdout                                 0x10006930   Data          80  stdio_streams.o(.bss)
    __stderr                                 0x10006980   Data          80  stdio_streams.o(.bss)
    __libspace_start                         0x100069d0   Data          96  libspace.o(.bss)
    __temporary_stack_top$libspace           0x10006a30   Data           0  libspace.o(.bss)



==============================================================================

Memory Map of the image

  Image Entry point : 0x000000cd

  Load Region LR_IROM1 (Base: 0x00000000, Size: 0x0000f7b8, Max: 0x00080000, ABSOLUTE)

    Execution Region ER_IROM1 (Base: 0x00000000, Size: 0x0000f6f4, Max: 0x00080000, ABSOLUTE)

    Base Addr    Size         Type   Attr      Idx    E Section Name        Object

    0x00000000   0x000000cc   Data   RO          214    RESET               startup_lpc17xx.o
    0x000000cc   0x00000008   Code   RO         1468  * !!!main             __main.o(c_w.l)
    0x000000d4   0x00000034   Code   RO         1833    !!!scatter          __scatter.o(c_w.l)
    0x00000108   0x0000001a   Code   RO         1835    !!handler_copy      __scatter_copy.o(c_w.l)
    0x00000122   0x00000002   PAD
    0x00000124   0x0000001c   Code   RO         1837    !!handler_zi        __scatter_zi.o(c_w.l)
    0x00000140   0x00000000   Code   RO         1435    .ARM.Collect$$_printf_percent$$00000000  _printf_percent.o(c_w.l)
    0x00000140   0x00000006   Code   RO         1432    .ARM.Collect$$_printf_percent$$00000001  _printf_n.o(c_w.l)
    0x00000146   0x00000006   Code   RO         1433    .ARM.Collect$$_printf_percent$$00000002  _printf_p.o(c_w.l)
    0x0000014c   0x00000006   Code   RO         1434    .ARM.Collect$$_printf_percent$$00000009  _printf_d.o(c_w.l)
    0x00000152   0x00000006   Code   RO         1431    .ARM.Collect$$_printf_percent$$00000014  _printf_s.o(c_w.l)
    0x00000158   0x00000004   Code   RO         1547    .ARM.Collect$$_printf_percent$$00000017  _printf_percent_end.o(c_w.l)
    0x0000015c   0x00000006   Code   RO         1751    .ARM.Collect$$libinit$$00000000  libinit.o(c_w.l)
    0x00000162   0x00000008   Code   RO         1649    .ARM.Collect$$libinit$$00000001  libinit2.o(c_w.l)
    0x0000016a   0x00000000   Code   RO         1651    .ARM.Collect$$libinit$$00000006  libinit2.o(c_w.l)
    0x0000016a   0x00000000   Code   RO         1653    .ARM.Collect$$libinit$$00000008  libinit2.o(c_w.l)
    0x0000016a   0x00000000   Code   RO         1655    .ARM.Collect$$libinit$$0000000A  libinit2.o(c_w.l)
    0x0000016a   0x00000006   Code   RO         1656    .ARM.Collect$$libinit$$0000000B  libinit2.o(c_w.l)
    0x00000170   0x00000000   Code   RO         1658    .ARM.Collect$$libinit$$0000000D  libinit2.o(c_w.l)
    0x00000170   0x0000000c   Code   RO         1659    .ARM.Collect$$libinit$$0000000E  libinit2.o(c_w.l)
    0x0000017c   0x00000000   Code   RO         1660    .ARM.Collect$$libinit$$0000000F  libinit2.o(c_w.l)
    0x0000017c   0x00000000   Code   RO         1662    .ARM.Collect$$libinit$$00000011  libinit2.o(c_w.l)
    0x0000017c   0x00000000   Code   RO         1664    .ARM.Collect$$libinit$$00000013  libinit2.o(c_w.l)
    0x0000017c   0x00000000   Code   RO         1666    .ARM.Collect$$libinit$$00000015  libinit2.o(c_w.l)
    0x0000017c   0x00000000   Code   RO         1668    .ARM.Collect$$libinit$$00000017  libinit2.o(c_w.l)
    0x0000017c   0x00000000   Code   RO         1670    .ARM.Collect$$libinit$$00000019  libinit2.o(c_w.l)
    0x0000017c   0x00000000   Code   RO         1672    .ARM.Collect$$libinit$$0000001B  libinit2.o(c_w.l)
    0x0000017c   0x00000000   Code   RO         1674    .ARM.Collect$$libinit$$0000001D  libinit2.o(c_w.l)
    0x0000017c   0x00000000   Code   RO         1676    .ARM.Collect$$libinit$$0000001F  libinit2.o(c_w.l)
    0x0000017c   0x00000004   Code   RO         1677    .ARM.Collect$$libinit$$00000020  libinit2.o(c_w.l)
    0x00000180   0x00000000   Code   RO         1678    .ARM.Collect$$libinit$$00000021  libinit2.o(c_w.l)
    0x00000180   0x00000000   Code   RO         1682    .ARM.Collect$$libinit$$00000028  libinit2.o(c_w.l)
    0x00000180   0x00000000   Code   RO         1684    .ARM.Collect$$libinit$$0000002A  libinit2.o(c_w.l)
    0x00000180   0x00000000   Code   RO         1686    .ARM.Collect$$libinit$$0000002C  libinit2.o(c_w.l)
    0x00000180   0x00000000   Code   RO         1688    .ARM.Collect$$libinit$$0000002E  libinit2.o(c_w.l)
    0x00000180   0x00000002   Code   RO         1689    .ARM.Collect$$libinit$$0000002F  libinit2.o(c_w.l)
    0x00000182   0x00000002   Code   RO         1816    .ARM.Collect$$libshutdown$$00000000  libshutdown.o(c_w.l)
    0x00000184   0x00000004   Code   RO         1753    .ARM.Collect$$libshutdown$$00000002  libshutdown2.o(c_w.l)
    0x00000188   0x00000000   Code   RO         1754    .ARM.Collect$$libshutdown$$00000003  libshutdown2.o(c_w.l)
    0x00000188   0x00000000   Code   RO         1757    .ARM.Collect$$libshutdown$$00000006  libshutdown2.o(c_w.l)
    0x00000188   0x00000000   Code   RO         1760    .ARM.Collect$$libshutdown$$00000009  libshutdown2.o(c_w.l)
    0x00000188   0x00000000   Code   RO         1762    .ARM.Collect$$libshutdown$$0000000B  libshutdown2.o(c_w.l)
    0x00000188   0x00000000   Code   RO         1765    .ARM.Collect$$libshutdown$$0000000E  libshutdown2.o(c_w.l)
    0x00000188   0x00000002   Code   RO         1766    .ARM.Collect$$libshutdown$$0000000F  libshutdown2.o(c_w.l)
    0x0000018a   0x00000000   Code   RO         1472    .ARM.Collect$$rtentry$$00000000  rtentry.o(c_w.l)
    0x0000018a   0x00000000   Code   RO         1583    .ARM.Collect$$rtentry$$00000002  rtentry2.o(c_w.l)
    0x0000018a   0x00000006   Code   RO         1598    .ARM.Collect$$rtentry$$00000004  rtentry4.o(c_w.l)
    0x00000190   0x00000000   Code   RO         1585    .ARM.Collect$$rtentry$$00000009  rtentry2.o(c_w.l)
    0x00000190   0x00000004   Code   RO         1586    .ARM.Collect$$rtentry$$0000000A  rtentry2.o(c_w.l)
    0x00000194   0x00000000   Code   RO         1588    .ARM.Collect$$rtentry$$0000000C  rtentry2.o(c_w.l)
    0x00000194   0x00000008   Code   RO         1589    .ARM.Collect$$rtentry$$0000000D  rtentry2.o(c_w.l)
    0x0000019c   0x00000002   Code   RO         1767    .ARM.Collect$$rtexit$$00000000  rtexit.o(c_w.l)
    0x0000019e   0x00000000   Code   RO         1792    .ARM.Collect$$rtexit$$00000002  rtexit2.o(c_w.l)
    0x0000019e   0x00000004   Code   RO         1793    .ARM.Collect$$rtexit$$00000003  rtexit2.o(c_w.l)
    0x000001a2   0x00000006   Code   RO         1794    .ARM.Collect$$rtexit$$00000004  rtexit2.o(c_w.l)
    0x000001a8   0x00000004   Code   RO          286    .emb_text           glcd_lpc1700.o
    0x000001ac   0x00000000   Code   RO         1698    .emb_text           maybetermalloc1.o(c_w.l)
    0x000001ac   0x0000004c   Code   RO           92    .text               net_config.o
    0x000001f8   0x0000006c   Code   RO          169    .text               http_uif.o
    0x00000264   0x00000038   Code   RO          216    .text               startup_lpc17xx.o
    0x0000029c   0x00000002   Code   RO         1374    .text               use_no_semi.o(c_w.l)
    0x0000029e   0x0000001e   Code   RO         1376    .text               toupper.o(c_w.l)
    0x000002bc   0x0000002c   Code   RO         1378    .text               __2sprintf.o(c_w.l)
    0x000002e8   0x00000010   Code   RO         1456    .text               aeabi_memset.o(c_w.l)
    0x000002f8   0x00000004   Code   RO         1610    .text               hguard.o(c_w.l)
    0x000002fc   0x00000004   Code   RO          215    .ARM.__at_0x02FC    startup_lpc17xx.o
    0x00000300   0x00000220   Code   RO            1    .text               http_upload.o
    0x00000520   0x0000026c   Code   RO           48    .text               http_cgi.o
    0x0000078c   0x00000134   Code   RO          181    .text               retarget.o
    0x000008c0   0x00000440   Code   RO          223    .text               emac_lpc17xx.o
    0x00000d00   0x000000c4   Code   RO          249    .text               spi_lpc17xx.o
    0x00000dc4   0x00000140   Code   RO          265    .text               system_lpc17xx.o
    0x00000f04   0x000007ec   Code   RO          287    .text               glcd_lpc1700.o
    0x000016f0   0x00000050   Code   RO         1384    .text               _printf_pad.o(c_w.l)
    0x00001740   0x00000052   Code   RO         1386    .text               _printf_str.o(c_w.l)
    0x00001792   0x00000002   PAD
    0x00001794   0x00000074   Code   RO         1388    .text               _printf_dec.o(c_w.l)
    0x00001808   0x00000028   Code   RO         1390    .text               _printf_charcount.o(c_w.l)
    0x00001830   0x00000058   Code   RO         1401    .text               _printf_hex_ptr.o(c_w.l)
    0x00001888   0x000001a0   Code   RO         1428    .text               __printf_flags_ss_wp.o(c_w.l)
    0x00001a28   0x0000001a   Code   RO         1436    .text               atoi.o(c_w.l)
    0x00001a42   0x00000048   Code   RO         1438    .text               fgets.o(c_w.l)
    0x00001a8a   0x00000002   PAD
    0x00001a8c   0x000000e4   Code   RO         1444    .text               fopen.o(c_w.l)
    0x00001b70   0x0000004c   Code   RO         1446    .text               fclose.o(c_w.l)
    0x00001bbc   0x0000003e   Code   RO         1452    .text               strlen.o(c_w.l)
    0x00001bfa   0x0000008c   Code   RO         1454    .text               rt_memcpy_v6.o(c_w.l)
    0x00001c86   0x00000044   Code   RO         1458    .text               rt_memclr.o(c_w.l)
    0x00001cca   0x00000064   Code   RO         1460    .text               rt_memcpy_w.o(c_w.l)
    0x00001d2e   0x0000004e   Code   RO         1462    .text               rt_memclr_w.o(c_w.l)
    0x00001d7c   0x00000080   Code   RO         1464    .text               strcmpv7m.o(c_w.l)
    0x00001dfc   0x00000006   Code   RO         1466    .text               heapauxi.o(c_w.l)
    0x00001e02   0x00000002   PAD
    0x00001e04   0x00000010   Code   RO         1474    .text               rt_ctype_table.o(c_w.l)
    0x00001e14   0x0000000c   Code   RO         1479    .text               rt_errno_addr_intlibspace.o(c_w.l)
    0x00001e20   0x00000062   Code   RO         1485    .text               h1_alloc.o(c_w.l)
    0x00001e82   0x0000004e   Code   RO         1487    .text               h1_free.o(c_w.l)
    0x00001ed0   0x000000b4   Code   RO         1539    .text               _printf_intcommon.o(c_w.l)
    0x00001f84   0x00000030   Code   RO         1541    .text               _printf_char_common.o(c_w.l)
    0x00001fb4   0x0000000a   Code   RO         1543    .text               _sputc.o(c_w.l)
    0x00001fbe   0x0000002c   Code   RO         1545    .text               _printf_char.o(c_w.l)
    0x00001fea   0x00000070   Code   RO         1548    .text               strtol.o(c_w.l)
    0x0000205a   0x00000008   Code   RO         1550    .text               ferror.o(c_w.l)
    0x00002062   0x00000002   PAD
    0x00002064   0x000000f8   Code   RO         1560    .text               fseek.o(c_w.l)
    0x0000215c   0x000000f8   Code   RO         1562    .text               stdio.o(c_w.l)
    0x00002254   0x00000010   Code   RO         1577    .text               rtudiv10.o(c_w.l)
    0x00002264   0x00000008   Code   RO         1579    .text               libspace.o(c_w.l)
    0x0000226c   0x0000000c   Code   RO         1603    .text               rt_heap_descriptor_intlibspace.o(c_w.l)
    0x00002278   0x0000000c   Code   RO         1608    .text               rt_locale_intlibspace.o(c_w.l)
    0x00002284   0x0000008a   Code   RO         1612    .text               init_alloc.o(c_w.l)
    0x0000230e   0x0000000e   Code   RO         1616    .text               h1_init.o(c_w.l)
    0x0000231c   0x00000098   Code   RO         1632    .text               _strtoul.o(c_w.l)
    0x000023b4   0x00000256   Code   RO         1634    .text               filbuf.o(c_w.l)
    0x0000260a   0x000001ce   Code   RO         1636    .text               flsbuf.o(c_w.l)
    0x000027d8   0x00000046   Code   RO         1638    .text               ftell.o(c_w.l)
    0x0000281e   0x00000002   PAD
    0x00002820   0x00000138   Code   RO         1640    .text               initio.o(c_w.l)
    0x00002958   0x0000004a   Code   RO         1694    .text               sys_stackheap_outer.o(c_w.l)
    0x000029a2   0x00000034   Code   RO         1702    .text               h1_extend.o(c_w.l)
    0x000029d6   0x00000020   Code   RO         1706    .text               _chval.o(c_w.l)
    0x000029f6   0x00000046   Code   RO         1708    .text               setvbuf.o(c_w.l)
    0x00002a3c   0x0000011a   Code   RO         1710    .text               freadfast.o(c_w.l)
    0x00002b56   0x000000c0   Code   RO         1714    .text               fwritefast.o(c_w.l)
    0x00002c16   0x00000002   PAD
    0x00002c18   0x00000034   Code   RO         1716    .text               flushlinebuffered.o(c_w.l)
    0x00002c4c   0x0000000c   Code   RO         1728    .text               exit.o(c_w.l)
    0x00002c58   0x0000000e   Code   RO         1730    .text               defsig_rtred_outer.o(c_w.l)
    0x00002c66   0x0000000e   Code   RO         1734    .text               defsig_rtmem_outer.o(c_w.l)
    0x00002c74   0x00000064   Code   RO         1773    .text               fflush.o(c_w.l)
    0x00002cd8   0x0000000a   Code   RO         1779    .text               defsig_exit.o(c_w.l)
    0x00002ce2   0x00000002   PAD
    0x00002ce4   0x00000034   Code   RO         1781    .text               defsig_rtred_inner.o(c_w.l)
    0x00002d18   0x0000004c   Code   RO         1783    .text               defsig_rtmem_inner.o(c_w.l)
    0x00002d64   0x0000000c   Code   RO         1802    .text               rt_fp_status_addr_intlibspace.o(c_w.l)
    0x00002d70   0x00000032   Code   RO         1810    .text               defsig_general.o(c_w.l)
    0x00002da2   0x00000016   Code   RO          645    i.CalcChksum        at_lib.o(TCP_CM3.lib)
    0x00002db8   0x00000028   Code   RO          646    i.CalcChksumBuf     at_lib.o(TCP_CM3.lib)
    0x00002de0   0x0000000a   Code   RO          647    i.CalcChksumVal     at_lib.o(TCP_CM3.lib)
    0x00002dea   0x0000000a   Code   RO          648    i.SwapB             at_lib.o(TCP_CM3.lib)
    0x00002df4   0x0000007c   Code   RO          397    i.__fclose          _fs_fclose.o(FS_CM3.lib)
    0x00002e70   0x0000008c   Code   RO          433    i.__flushbuf        _fs_flushbuf.o(FS_CM3.lib)
    0x00002efc   0x0000017c   Code   RO          367    i.__fopen           _fs_fopen.o(FS_CM3.lib)
    0x00003078   0x000000ac   Code   RO          457    i.__getfsize        _fs_getfsize.o(FS_CM3.lib)
    0x00003124   0x000000a8   Code   RO          409    i.__read            _fs_read.o(FS_CM3.lib)
    0x000031cc   0x000000ec   Code   RO          445    i.__setfpos         _fs_setfpos.o(FS_CM3.lib)
    0x000032b8   0x000000fc   Code   RO          421    i.__write           _fs_write.o(FS_CM3.lib)
    0x000033b4   0x00000118   Code   RO         1082    i._fcreate          _fs_fcreate.o(FS_CM3.lib)
    0x000034cc   0x00000082   Code   RO         1094    i._fdelete          _fs_fdelete.o(FS_CM3.lib)
    0x0000354e   0x000000b6   Code   RO         1106    i._ffind            _fs_ffind.o(FS_CM3.lib)
    0x00003604   0x0000009c   Code   RO          693    i.alloc_mem         at_mem.o(TCP_CM3.lib)
    0x000036a0   0x00000100   Code   RO          712    i.alloc_name        fs_fat.o(FS_CM3.lib)
    0x000037a0   0x0000003a   Code   RO          713    i.alloc_new_clus    fs_fat.o(FS_CM3.lib)
    0x000037da   0x00000002   PAD
    0x000037dc   0x000000c4   Code   RO         1260    i.arp_cache_add     at_arp.o(TCP_CM3.lib)
    0x000038a0   0x00000068   Code   RO         1261    i.arp_cache_alloc   at_arp.o(TCP_CM3.lib)
    0x00003908   0x00000114   Code   RO         1262    i.arp_cache_find    at_arp.o(TCP_CM3.lib)
    0x00003a1c   0x000000f8   Code   RO         1264    i.arp_cache_update  at_arp.o(TCP_CM3.lib)
    0x00003b14   0x00000068   Code   RO         1266    i.arp_get_response  at_arp.o(TCP_CM3.lib)
    0x00003b7c   0x0000009c   Code   RO         1267    i.arp_send_reply    at_arp.o(TCP_CM3.lib)
    0x00003c18   0x00000098   Code   RO         1268    i.arp_send_req      at_arp.o(TCP_CM3.lib)
    0x00003cb0   0x00000074   Code   RO          650    i.b64_to_asc        at_lib.o(TCP_CM3.lib)
    0x00003d24   0x00000048   Code   RO          714    i.cache_fat         fs_fat.o(FS_CM3.lib)
    0x00003d6c   0x00000004   Code   RO          541    i.cgx_content_type  at_http.o(TCP_CM3.lib)
    0x00003d70   0x00000078   Code   RO          715    i.check_lfn         fs_fat.o(FS_CM3.lib)
    0x00003de8   0x00000006   Code   RO          716    i.check_name        fs_fat.o(FS_CM3.lib)
    0x00003dee   0x00000002   PAD
    0x00003df0   0x000000a4   Code   RO          717    i.chk_dir_empty     fs_fat.o(FS_CM3.lib)
    0x00003e94   0x00000022   Code   RO          718    i.chk_param         fs_fat.o(FS_CM3.lib)
    0x00003eb6   0x00000002   PAD
    0x00003eb8   0x000001c0   Code   RO          542    i.chk_post_rq       at_http.o(TCP_CM3.lib)
    0x00004078   0x00000040   Code   RO          719    i.clear_clus        fs_fat.o(FS_CM3.lib)
    0x000040b8   0x00000024   Code   RO          720    i.clus_to_sect      fs_fat.o(FS_CM3.lib)
    0x000040dc   0x00000028   Code   RO          543    i.cmp_header        at_http.o(TCP_CM3.lib)
    0x00004104   0x0000010c   Code   RO          721    i.count_free_clus   fs_fat.o(FS_CM3.lib)
    0x00004210   0x000000a4   Code   RO          722    i.cvt_fatname       fs_fat.o(FS_CM3.lib)
    0x000042b4   0x000000ac   Code   RO          723    i.delete_entries    fs_fat.o(FS_CM3.lib)
    0x00004360   0x00000024   Code   RO          609    i.dhcp_disable      at_dhcp.o(TCP_CM3.lib)
    0x00004384   0x000001f8   Code   RO          610    i.dhcp_listener     at_dhcp.o(TCP_CM3.lib)
    0x0000457c   0x000001ac   Code   RO          611    i.dhcp_send_message  at_dhcp.o(TCP_CM3.lib)
    0x00004728   0x00000010   Code   RO          626    i.eth_chk_adr       at_ethernet.o(TCP_CM3.lib)
    0x00004738   0x00000094   Code   RO          628    i.eth_send_frame    at_ethernet.o(TCP_CM3.lib)
    0x000047cc   0x00000090   Code   RO          724    i.fat_close_write   fs_fat.o(FS_CM3.lib)
    0x0000485c   0x0000004c   Code   RO          725    i.fat_create        fs_fat.o(FS_CM3.lib)
    0x000048a8   0x00000058   Code   RO          726    i.fat_delete        fs_fat.o(FS_CM3.lib)
    0x00004900   0x0000003c   Code   RO          727    i.fat_ffind         fs_fat.o(FS_CM3.lib)
    0x0000493c   0x00000080   Code   RO          728    i.fat_find_dir      fs_fat.o(FS_CM3.lib)
    0x000049bc   0x00000048   Code   RO          729    i.fat_find_file     fs_fat.o(FS_CM3.lib)
    0x00004a04   0x0000028c   Code   RO          730    i.fat_format        fs_fat.o(FS_CM3.lib)
    0x00004c90   0x00000014   Code   RO          732    i.fat_init          fs_fat.o(FS_CM3.lib)
    0x00004ca4   0x000000b4   Code   RO          733    i.fat_read          fs_fat.o(FS_CM3.lib)
    0x00004d58   0x0000004c   Code   RO          735    i.fat_set_fpos      fs_fat.o(FS_CM3.lib)
    0x00004da4   0x000000d4   Code   RO          736    i.fat_write         fs_fat.o(FS_CM3.lib)
    0x00004e78   0x000001dc   Code   RO          352    i.ffind             fs_ffind.o(FS_CM3.lib)
    0x00005054   0x000000b0   Code   RO          340    i.fformat           fs_fformat.o(FS_CM3.lib)
    0x00005104   0x00000018   Code   RO         1553    i.fgetc             fgetc.o(c_w.l)
    0x0000511c   0x00000006   Code   RO          737    i.find_name         fs_fat.o(FS_CM3.lib)
    0x00005122   0x00000002   PAD
    0x00005124   0x0000003c   Code   RO          317    i.finit             fs_finit.o(FS_CM3.lib)
    0x00005160   0x0000001e   Code   RO         1034    i.fn_cmp            fs_lib.o(FS_CM3.lib)
    0x0000517e   0x00000002   PAD
    0x00005180   0x00000068   Code   RO          694    i.free_mem          at_mem.o(TCP_CM3.lib)
    0x000051e8   0x000000a2   Code   RO         1118    i.fs_AllocBlock     _fs_flashio.o(FS_CM3.lib)
    0x0000528a   0x0000005c   Code   RO         1119    i.fs_BlockFull      _fs_flashio.o(FS_CM3.lib)
    0x000052e6   0x00000030   Code   RO         1120    i.fs_BlockInvalid   _fs_flashio.o(FS_CM3.lib)
    0x00005316   0x00000004   Code   RO         1212    i.fs_EraseSector    fs_flashprg.o(FS_CM3.lib)
    0x0000531a   0x000000ac   Code   RO         1121    i.fs_Find_File      _fs_flashio.o(FS_CM3.lib)
    0x000053c6   0x00000004   Code   RO         1213    i.fs_Init           fs_flashprg.o(FS_CM3.lib)
    0x000053ca   0x00000002   PAD
    0x000053cc   0x00000050   Code   RO         1122    i.fs_InitBlock      _fs_flashio.o(FS_CM3.lib)
    0x0000541c   0x00000004   Code   RO         1214    i.fs_ProgramPage    fs_flashprg.o(FS_CM3.lib)
    0x00005420   0x0000001c   Code   RO         1123    i.fs_ReadBlock      _fs_flashio.o(FS_CM3.lib)
    0x0000543c   0x00000012   Code   RO         1035    i.fs_ReadData       fs_lib.o(FS_CM3.lib)
    0x0000544e   0x00000038   Code   RO         1124    i.fs_WriteBlock     _fs_flashio.o(FS_CM3.lib)
    0x00005486   0x00000010   Code   RO         1036    i.fs_WriteData      fs_lib.o(FS_CM3.lib)
    0x00005496   0x00000016   Code   RO         1125    i.fs_adr_sig        _fs_flashio.o(FS_CM3.lib)
    0x000054ac   0x00000040   Code   RO         1126    i.fs_check_fwopen   _fs_flashio.o(FS_CM3.lib)
    0x000054ec   0x00000034   Code   RO         1037    i.fs_find_iob       fs_lib.o(FS_CM3.lib)
    0x00005520   0x00000008   Code   RO         1354    i.fs_get_date       fs_time.o(FS_CM3.lib)
    0x00005528   0x00000040   Code   RO         1038    i.fs_get_drive      fs_lib.o(FS_CM3.lib)
    0x00005568   0x00000052   Code   RO         1127    i.fs_get_freeID     _fs_flashio.o(FS_CM3.lib)
    0x000055ba   0x00000038   Code   RO         1128    i.fs_get_freeMem    _fs_flashio.o(FS_CM3.lib)
    0x000055f2   0x00000006   Code   RO         1355    i.fs_get_time       fs_time.o(FS_CM3.lib)
    0x000055f8   0x0000007a   Code   RO         1129    i.fs_mark_fileMem   _fs_flashio.o(FS_CM3.lib)
    0x00005672   0x0000003e   Code   RO         1130    i.fs_mark_freeMem   _fs_flashio.o(FS_CM3.lib)
    0x000056b0   0x00000024   Code   RO         1131    i.fs_rd_alloc       _fs_flashio.o(FS_CM3.lib)
    0x000056d4   0x00000020   Code   RO         1132    i.fs_rd_sig         _fs_flashio.o(FS_CM3.lib)
    0x000056f4   0x00000064   Code   RO         1039    i.fs_set_params     fs_lib.o(FS_CM3.lib)
    0x00005758   0x00000004   Code   RO         1215    i.fs_spi_EraseSector  fs_flashprg.o(FS_CM3.lib)
    0x0000575c   0x00000004   Code   RO         1216    i.fs_spi_Init       fs_flashprg.o(FS_CM3.lib)
    0x00005760   0x00000004   Code   RO         1217    i.fs_spi_ProgramPage  fs_flashprg.o(FS_CM3.lib)
    0x00005764   0x00000004   Code   RO         1218    i.fs_spi_ReadData   fs_flashprg.o(FS_CM3.lib)
    0x00005768   0x0000001a   Code   RO         1040    i.fs_strpos         fs_lib.o(FS_CM3.lib)
    0x00005782   0x00000002   PAD
    0x00005784   0x0000002c   Code   RO          738    i.get_EOC           fs_fat.o(FS_CM3.lib)
    0x000057b0   0x00000084   Code   RO          739    i.get_bootrec       fs_fat.o(FS_CM3.lib)
    0x00005834   0x00000028   Code   RO          653    i.get_crc           at_lib.o(TCP_CM3.lib)
    0x0000585c   0x0000002c   Code   RO          740    i.get_date          fs_fat.o(FS_CM3.lib)
    0x00005888   0x0000002c   Code   RO          741    i.get_dir_sect      fs_fat.o(FS_CM3.lib)
    0x000058b4   0x00000038   Code   RO          742    i.get_fat_sect      fs_fat.o(FS_CM3.lib)
    0x000058ec   0x000000dc   Code   RO          743    i.get_free_clus     fs_fat.o(FS_CM3.lib)
    0x000059c8   0x00000048   Code   RO          744    i.get_mbrec         fs_fat.o(FS_CM3.lib)
    0x00005a10   0x00000028   Code   RO          544    i.get_next_field    at_http.o(TCP_CM3.lib)
    0x00005a38   0x000001a4   Code   RO          745    i.get_next_info     fs_fat.o(FS_CM3.lib)
    0x00005bdc   0x00000032   Code   RO          545    i.get_next_par      at_http.o(TCP_CM3.lib)
    0x00005c0e   0x00000002   PAD
    0x00005c10   0x00000188   Code   RO          746    i.get_nt_name       fs_fat.o(FS_CM3.lib)
    0x00005d98   0x00000030   Code   RO          747    i.get_time          fs_fat.o(FS_CM3.lib)
    0x00005dc8   0x00000016   Code   RO          655    i.get_u32           at_lib.o(TCP_CM3.lib)
    0x00005dde   0x0000000c   Code   RO          748    i.get_u32           fs_fat.o(FS_CM3.lib)
    0x00005dea   0x00000012   Code   RO          546    i.hex2byte          at_http.o(TCP_CM3.lib)
    0x00005dfc   0x00000004   Code   RO          547    i.http_accept_host  at_http.o(TCP_CM3.lib)
    0x00005e00   0x0000020c   Code   RO          548    i.http_add_header   at_http.o(TCP_CM3.lib)
    0x0000600c   0x00000074   Code   RO          549    i.http_date         at_http.o(TCP_CM3.lib)
    0x00006080   0x000001bc   Code   RO          550    i.http_error_msg    at_http.o(TCP_CM3.lib)
    0x0000623c   0x00000050   Code   RO          551    i.http_file_type    at_http.o(TCP_CM3.lib)
    0x0000628c   0x00000070   Code   RO          556    i.http_get_var      at_http.o(TCP_CM3.lib)
    0x000062fc   0x0000005e   Code   RO          557    i.http_kill_session  at_http.o(TCP_CM3.lib)
    0x0000635a   0x00000002   PAD
    0x0000635c   0x00000250   Code   RO          558    i.http_listener     at_http.o(TCP_CM3.lib)
    0x000065ac   0x00000134   Code   RO          559    i.http_open_file    at_http.o(TCP_CM3.lib)
    0x000066e0   0x00000138   Code   RO          560    i.http_proc_header  at_http.o(TCP_CM3.lib)
    0x00006818   0x00000158   Code   RO          561    i.http_proc_multipart  at_http.o(TCP_CM3.lib)
    0x00006970   0x000000ec   Code   RO          562    i.http_proc_post    at_http.o(TCP_CM3.lib)
    0x00006a5c   0x0000001a   Code   RO          563    i.http_strchr       at_http.o(TCP_CM3.lib)
    0x00006a76   0x0000001e   Code   RO          564    i.http_strcpy       at_http.o(TCP_CM3.lib)
    0x00006a94   0x000000a8   Code   RO          565    i.http_to_utc       at_http.o(TCP_CM3.lib)
    0x00006b3c   0x00000038   Code   RO          703    i.init_TcpNet       at_system.o(TCP_CM3.lib)
    0x00006b74   0x00000028   Code   RO         1269    i.init_arp          at_arp.o(TCP_CM3.lib)
    0x00006b9c   0x000000d8   Code   RO          749    i.init_dev          fs_fat.o(FS_CM3.lib)
    0x00006c74   0x00000068   Code   RO          612    i.init_dhcp         at_dhcp.o(TCP_CM3.lib)
    0x00006cdc   0x00000024   Code   RO          629    i.init_eth_link     at_ethernet.o(TCP_CM3.lib)
    0x00006d00   0x00000064   Code   RO          566    i.init_http         at_http.o(TCP_CM3.lib)
    0x00006d64   0x00000024   Code   RO          695    i.init_mem          at_mem.o(TCP_CM3.lib)
    0x00006d88   0x0000002c   Code   RO          603    i.init_nbns         at_nbns.o(TCP_CM3.lib)
    0x00006db4   0x00000018   Code   RO          469    i.init_tcp          at_tcp.o(TCP_CM3.lib)
    0x00006dcc   0x0000001c   Code   RO          522    i.init_udp          at_udp.o(TCP_CM3.lib)
    0x00006de8   0x000000c0   Code   RO         1285    i.ip_chk_frame      at_ip.o(TCP_CM3.lib)
    0x00006ea8   0x0000000a   Code   RO         1286    i.ip_get_chksum     at_ip.o(TCP_CM3.lib)
    0x00006eb2   0x00000002   PAD
    0x00006eb4   0x00000098   Code   RO         1287    i.ip_get_locadr     at_ip.o(TCP_CM3.lib)
    0x00006f4c   0x0000008c   Code   RO         1288    i.ip_send_frame     at_ip.o(TCP_CM3.lib)
    0x00006fd8   0x00000038   Code   RO          750    i.is_EOC            fs_fat.o(FS_CM3.lib)
    0x00007010   0x00000054   Code   RO          751    i.is_fat_valid      fs_fat.o(FS_CM3.lib)
    0x00007064   0x00000022   Code   RO          656    i.is_subnet         at_lib.o(TCP_CM3.lib)
    0x00007086   0x00000002   PAD
    0x00007088   0x0000002c   Code   RO         1270    i.is_subnet_bcast   at_arp.o(TCP_CM3.lib)
    0x000070b4   0x0000001e   Code   RO          752    i.lfn_calc_chksum   fs_fat.o(FS_CM3.lib)
    0x000070d2   0x00000002   PAD
    0x000070d4   0x0000003c   Code   RO          704    i.main_TcpNet       at_system.o(TCP_CM3.lib)
    0x00007110   0x0000001e   Code   RO          657    i.mem_comp          at_lib.o(TCP_CM3.lib)
    0x0000712e   0x00000002   PAD
    0x00007130   0x0000001e   Code   RO          658    i.mem_copy          at_lib.o(TCP_CM3.lib)
    0x0000714e   0x00000002   PAD
    0x00007150   0x00000010   Code   RO          660    i.mem_set           at_lib.o(TCP_CM3.lib)
    0x00007160   0x00000016   Code   RO          661    i.mem_test          at_lib.o(TCP_CM3.lib)
    0x00007176   0x0000004a   Code   RO         1302    i.mmc_command       fs_mmc.o(FS_CM3.lib)
    0x000071c0   0x00000110   Code   RO         1303    i.mmc_init          fs_mmc.o(FS_CM3.lib)
    0x000072d0   0x0000005e   Code   RO         1304    i.mmc_read_block    fs_mmc.o(FS_CM3.lib)
    0x0000732e   0x00000048   Code   RO         1305    i.mmc_read_bytes    fs_mmc.o(FS_CM3.lib)
    0x00007376   0x00000002   PAD
    0x00007378   0x000000b0   Code   RO         1306    i.mmc_read_config   fs_mmc.o(FS_CM3.lib)
    0x00007428   0x00000058   Code   RO         1307    i.mmc_read_sect     fs_mmc.o(FS_CM3.lib)
    0x00007480   0x00000080   Code   RO         1308    i.mmc_write_block   fs_mmc.o(FS_CM3.lib)
    0x00007500   0x00000058   Code   RO         1309    i.mmc_write_sect    fs_mmc.o(FS_CM3.lib)
    0x00007558   0x00000130   Code   RO          604    i.nbns_listener     at_nbns.o(TCP_CM3.lib)
    0x00007688   0x00000002   Code   RO          630    i.poll_ethernet     at_ethernet.o(TCP_CM3.lib)
    0x0000768a   0x00000002   PAD
    0x0000768c   0x00000060   Code   RO          613    i.proc_opt_renew    at_dhcp.o(TCP_CM3.lib)
    0x000076ec   0x000000a4   Code   RO          614    i.proc_opt_req      at_dhcp.o(TCP_CM3.lib)
    0x00007790   0x00000034   Code   RO          615    i.proc_opt_sel      at_dhcp.o(TCP_CM3.lib)
    0x000077c4   0x00000098   Code   RO         1271    i.process_arp       at_arp.o(TCP_CM3.lib)
    0x0000785c   0x00000002   Code   RO          631    i.process_hl_igmp   at_ethernet.o(TCP_CM3.lib)
    0x0000785e   0x00000074   Code   RO         1295    i.process_icmp      at_icmp.o(TCP_CM3.lib)
    0x000078d2   0x00000002   PAD
    0x000078d4   0x00000424   Code   RO          470    i.process_tcp       at_tcp.o(TCP_CM3.lib)
    0x00007cf8   0x000000cc   Code   RO          523    i.process_udp       at_udp.o(TCP_CM3.lib)
    0x00007dc4   0x0000002c   Code   RO          632    i.put_in_queue      at_ethernet.o(TCP_CM3.lib)
    0x00007df0   0x0000007c   Code   RO          753    i.read_cache        fs_fat.o(FS_CM3.lib)
    0x00007e6c   0x00000038   Code   RO          754    i.read_last_entry   fs_fat.o(FS_CM3.lib)
    0x00007ea4   0x000000a6   Code   RO          567    i.read_script_line  at_http.o(TCP_CM3.lib)
    0x00007f4a   0x00000002   PAD
    0x00007f4c   0x00000054   Code   RO          755    i.read_sector       fs_fat.o(FS_CM3.lib)
    0x00007fa0   0x00000034   Code   RO          696    i.resize_mem        at_mem.o(TCP_CM3.lib)
    0x00007fd4   0x0000011c   Code   RO          616    i.run_dhcp_client   at_dhcp.o(TCP_CM3.lib)
    0x000080f0   0x000000ac   Code   RO          633    i.run_eth_link      at_ethernet.o(TCP_CM3.lib)
    0x0000819c   0x000002e4   Code   RO          568    i.run_http_server   at_http.o(TCP_CM3.lib)
    0x00008480   0x0000004a   Code   RO          569    i.search_delim      at_http.o(TCP_CM3.lib)
    0x000084ca   0x00000002   PAD
    0x000084cc   0x00000214   Code   RO          757    i.search_for_name   fs_fat.o(FS_CM3.lib)
    0x000086e0   0x0000008c   Code   RO          758    i.set_next_clus     fs_fat.o(FS_CM3.lib)
    0x0000876c   0x00000008   Code   RO          759    i.set_u16           fs_fat.o(FS_CM3.lib)
    0x00008774   0x00000010   Code   RO          662    i.set_u32           at_lib.o(TCP_CM3.lib)
    0x00008784   0x00000010   Code   RO          760    i.set_u32           fs_fat.o(FS_CM3.lib)
    0x00008794   0x00000016   Code   RO          663    i.str_copy          at_lib.o(TCP_CM3.lib)
    0x000087aa   0x0000001a   Code   RO          664    i.str_crc           at_lib.o(TCP_CM3.lib)
    0x000087c4   0x0000001a   Code   RO          666    i.str_scomp         at_lib.o(TCP_CM3.lib)
    0x000087de   0x0000001a   Code   RO          668    i.str_up_case       at_lib.o(TCP_CM3.lib)
    0x000087f8   0x00000058   Code   RO          471    i.tcp_abort         at_tcp.o(TCP_CM3.lib)
    0x00008850   0x00000080   Code   RO          473    i.tcp_close         at_tcp.o(TCP_CM3.lib)
    0x000088d0   0x00000010   Code   RO          476    i.tcp_get_buf       at_tcp.o(TCP_CM3.lib)
    0x000088e0   0x00000048   Code   RO          478    i.tcp_get_socket    at_tcp.o(TCP_CM3.lib)
    0x00008928   0x0000002c   Code   RO          479    i.tcp_get_state     at_tcp.o(TCP_CM3.lib)
    0x00008954   0x00000014   Code   RO          480    i.tcp_init_seq      at_tcp.o(TCP_CM3.lib)
    0x00008968   0x0000007c   Code   RO          481    i.tcp_listen        at_tcp.o(TCP_CM3.lib)
    0x000089e4   0x0000009c   Code   RO          482    i.tcp_map_socket    at_tcp.o(TCP_CM3.lib)
    0x00008a80   0x00000024   Code   RO          483    i.tcp_max_dsize     at_tcp.o(TCP_CM3.lib)
    0x00008aa4   0x000001f0   Code   RO          484    i.tcp_poll_sockets  at_tcp.o(TCP_CM3.lib)
    0x00008c94   0x0000006c   Code   RO          485    i.tcp_process_opt   at_tcp.o(TCP_CM3.lib)
    0x00008d00   0x00000100   Code   RO          488    i.tcp_send          at_tcp.o(TCP_CM3.lib)
    0x00008e00   0x00000022   Code   RO          489    i.tcp_send_ctrl     at_tcp.o(TCP_CM3.lib)
    0x00008e22   0x00000002   PAD
    0x00008e24   0x000000f4   Code   RO          490    i.tcp_send_frame    at_tcp.o(TCP_CM3.lib)
    0x00008f18   0x00000080   Code   RO          491    i.tcp_send_reset    at_tcp.o(TCP_CM3.lib)
    0x00008f98   0x00000012   Code   RO          493    i.tcp_set_retransmit  at_tcp.o(TCP_CM3.lib)
    0x00008faa   0x00000002   PAD
    0x00008fac   0x00000078   Code   RO          494    i.tcp_transit       at_tcp.o(TCP_CM3.lib)
    0x00009024   0x0000000c   Code   RO          705    i.timer_tick        at_system.o(TCP_CM3.lib)
    0x00009030   0x0000002c   Code   RO          524    i.udp_close         at_udp.o(TCP_CM3.lib)
    0x0000905c   0x00000010   Code   RO          525    i.udp_get_buf       at_udp.o(TCP_CM3.lib)
    0x0000906c   0x00000048   Code   RO          526    i.udp_get_socket    at_udp.o(TCP_CM3.lib)
    0x000090b4   0x0000007c   Code   RO          528    i.udp_open          at_udp.o(TCP_CM3.lib)
    0x00009130   0x00000104   Code   RO          530    i.udp_send          at_udp.o(TCP_CM3.lib)
    0x00009234   0x00000128   Code   RO          761    i.unlink_clus_chain  fs_fat.o(FS_CM3.lib)
    0x0000935c   0x000000e4   Code   RO          570    i.utc_to_http       at_http.o(TCP_CM3.lib)
    0x00009440   0x00000012   Code   RO          762    i.val_char          fs_fat.o(FS_CM3.lib)
    0x00009452   0x0000003c   Code   RO          763    i.val_char_sn       fs_fat.o(FS_CM3.lib)
    0x0000948e   0x00000002   PAD
    0x00009490   0x00000160   Code   RO          764    i.write_br          fs_fat.o(FS_CM3.lib)
    0x000095f0   0x00000084   Code   RO          765    i.write_cache       fs_fat.o(FS_CM3.lib)
    0x00009674   0x000000e8   Code   RO          766    i.write_dot_entries  fs_fat.o(FS_CM3.lib)
    0x0000975c   0x000002d4   Code   RO          767    i.write_entries     fs_fat.o(FS_CM3.lib)
    0x00009a30   0x000000e0   Code   RO          768    i.write_fat_link    fs_fat.o(FS_CM3.lib)
    0x00009b10   0x00000098   Code   RO          769    i.write_label       fs_fat.o(FS_CM3.lib)
    0x00009ba8   0x000000b8   Code   RO          770    i.write_mbr         fs_fat.o(FS_CM3.lib)
    0x00009c60   0x00000020   Code   RO          771    i.write_sector      fs_fat.o(FS_CM3.lib)
    0x00009c80   0x0000002c   Code   RO         1645    locale$$code        lc_ctype_c.o(c_w.l)
    0x00009cac   0x0000000e   Code   RO         1789    x$fpl$fpinit        fpinit.o(fz_ws.l)
    0x00009cba   0x00000002   PAD
    0x00009cbc   0x00000087   Data   RO           50    .constdata          http_cgi.o
    0x00009d43   0x00000001   PAD
    0x00009d44   0x00000004   Data   RO           81    .constdata          web.o
    0x00009d48   0x00003eee   Data   RO           82    .constdata          web.o
    0x0000dc36   0x00000002   PAD
    0x0000dc38   0x00000060   Data   RO           83    .constdata          web.o
    0x0000dc98   0x0000003c   Data   RO           99    .constdata          net_config.o
    0x0000dcd4   0x00000001   Data   RO          100    .constdata          net_config.o
    0x0000dcd5   0x00000003   PAD
    0x0000dcd8   0x00000004   Data   RO          101    .constdata          net_config.o
    0x0000dcdc   0x00000002   Data   RO          102    .constdata          net_config.o
    0x0000dcde   0x00000002   Data   RO          103    .constdata          net_config.o
    0x0000dce0   0x00000002   Data   RO          104    .constdata          net_config.o
    0x0000dce2   0x00000001   Data   RO          105    .constdata          net_config.o
    0x0000dce3   0x00000001   Data   RO          106    .constdata          net_config.o
    0x0000dce4   0x00000001   Data   RO          107    .constdata          net_config.o
    0x0000dce5   0x00000001   Data   RO          108    .constdata          net_config.o
    0x0000dce6   0x00000001   Data   RO          109    .constdata          net_config.o
    0x0000dce7   0x00000001   PAD
    0x0000dce8   0x00000002   Data   RO          110    .constdata          net_config.o
    0x0000dcea   0x00000002   Data   RO          111    .constdata          net_config.o
    0x0000dcec   0x00000002   Data   RO          112    .constdata          net_config.o
    0x0000dcee   0x00000002   Data   RO          113    .constdata          net_config.o
    0x0000dcf0   0x00000002   Data   RO          114    .constdata          net_config.o
    0x0000dcf2   0x00000001   Data   RO          115    .constdata          net_config.o
    0x0000dcf3   0x00000001   Data   RO          116    .constdata          net_config.o
    0x0000dcf4   0x00000001   Data   RO          117    .constdata          net_config.o
    0x0000dcf5   0x00000001   PAD
    0x0000dcf6   0x00000002   Data   RO          118    .constdata          net_config.o
    0x0000dcf8   0x00000014   Data   RO          119    .constdata          net_config.o
    0x0000dd0c   0x00000006   Data   RO          120    .constdata          net_config.o
    0x0000dd12   0x00000002   Data   RO          141    .constdata          file_config.o
    0x0000dd14   0x00000002   Data   RO          142    .constdata          file_config.o
    0x0000dd16   0x00000002   PAD
    0x0000dd18   0x00000004   Data   RO          143    .constdata          file_config.o
    0x0000dd1c   0x00000008   Data   RO          144    .constdata          file_config.o
    0x0000dd24   0x00000002   Data   RO          145    .constdata          file_config.o
    0x0000dd26   0x00000002   PAD
    0x0000dd28   0x00000004   Data   RO          146    .constdata          file_config.o
    0x0000dd2c   0x00000004   Data   RO          147    .constdata          file_config.o
    0x0000dd30   0x00000008   Data   RO          148    .constdata          file_config.o
    0x0000dd38   0x00000002   Data   RO          149    .constdata          file_config.o
    0x0000dd3a   0x00000002   PAD
    0x0000dd3c   0x00000004   Data   RO          150    .constdata          file_config.o
    0x0000dd40   0x00000008   Data   RO          151    .constdata          file_config.o
    0x0000dd48   0x00000002   Data   RO          152    .constdata          file_config.o
    0x0000dd4a   0x00000002   Data   RO          153    .constdata          file_config.o
    0x0000dd4c   0x00000006   Data   RO          182    .constdata          retarget.o
    0x0000dd52   0x00000007   Data   RO          183    .constdata          retarget.o
    0x0000dd59   0x00000007   Data   RO          184    .constdata          retarget.o
    0x0000dd60   0x00001500   Data   RO          288    .constdata          glcd_lpc1700.o
    0x0000f260   0x000000c4   Data   RO          571    .constdata          at_http.o(TCP_CM3.lib)
    0x0000f324   0x00000008   Data   RO          605    .constdata          at_nbns.o(TCP_CM3.lib)
    0x0000f32c   0x00000006   Data   RO          635    .constdata          at_ethernet.o(TCP_CM3.lib)
    0x0000f332   0x00000085   Data   RO          773    .constdata          fs_fat.o(FS_CM3.lib)
    0x0000f3b7   0x00000004   Data   RO         1289    .constdata          at_ip.o(TCP_CM3.lib)
    0x0000f3bb   0x0000005e   Data   RO         1297    .constdata          http_err.o(TCP_CM3.lib)
    0x0000f419   0x0000005b   Data   RO         1298    .constdata          http_err.o(TCP_CM3.lib)
    0x0000f474   0x00000053   Data   RO         1299    .constdata          http_err.o(TCP_CM3.lib)
    0x0000f4c7   0x0000003b   Data   RO         1300    .constdata          http_err.o(TCP_CM3.lib)
    0x0000f502   0x00000089   Data   RO         1301    .constdata          http_err.o(TCP_CM3.lib)
    0x0000f58b   0x00000028   Data   RO         1402    .constdata          _printf_hex_ptr.o(c_w.l)
    0x0000f5b3   0x00000011   Data   RO         1429    .constdata          __printf_flags_ss_wp.o(c_w.l)
    0x0000f5c4   0x00000020   Data   RO         1831    Region$$Table       anon$$obj.o
    0x0000f5e4   0x00000110   Data   RO         1644    locale$$data        lc_ctype_c.o(c_w.l)


    Execution Region RW_IRAM1 (Base: 0x10000000, Size: 0x00007630, Max: 0x00008000, ABSOLUTE)

    Base Addr    Size         Type   Attr      Idx    E Section Name        Object

    0x10000000   0x00000032   Data   RW            2    .data               http_upload.o
    0x10000032   0x00000002   PAD
    0x10000034   0x00000010   Data   RW           51    .data               http_cgi.o
    0x10000044   0x00000010   Data   RW          121    .data               net_config.o
    0x10000054   0x00000006   Data   RW          122    .data               net_config.o
    0x1000005a   0x00000002   PAD
    0x1000005c   0x00000008   Data   RW          225    .data               emac_lpc17xx.o
    0x10000064   0x00000004   Data   RW          266    .data               system_lpc17xx.o
    0x10000068   0x00000006   Data   RW          289    .data               glcd_lpc1700.o
    0x1000006e   0x00000004   Data   RW          495    .data               at_tcp.o(TCP_CM3.lib)
    0x10000072   0x00000002   Data   RW          531    .data               at_udp.o(TCP_CM3.lib)
    0x10000074   0x0000000c   Data   RW          572    .data               at_http.o(TCP_CM3.lib)
    0x10000080   0x00000001   Data   RW          606    .data               at_nbns.o(TCP_CM3.lib)
    0x10000081   0x00000003   PAD
    0x10000084   0x00000008   Data   RW          636    .data               at_ethernet.o(TCP_CM3.lib)
    0x1000008c   0x00000004   Data   RW          697    .data               at_mem.o(TCP_CM3.lib)
    0x10000090   0x00000008   Data   RW          707    .data               at_system.o(TCP_CM3.lib)
    0x10000098   0x00000018   Data   RW          774    .data               fs_fat.o(FS_CM3.lib)
    0x100000b0   0x00000002   Data   RW         1272    .data               at_arp.o(TCP_CM3.lib)
    0x100000b2   0x00000004   Data   RW         1290    .data               at_ip.o(TCP_CM3.lib)
    0x100000b6   0x00000001   Data   RW         1310    .data               fs_mmc.o(FS_CM3.lib)
    0x100000b7   0x00000001   PAD
    0x100000b8   0x00000004   Data   RW         1568    .data               stdio_streams.o(c_w.l)
    0x100000bc   0x00000004   Data   RW         1569    .data               stdio_streams.o(c_w.l)
    0x100000c0   0x00000004   Data   RW         1570    .data               stdio_streams.o(c_w.l)
    0x100000c4   0x00000110   Zero   RW           49    .bss                http_cgi.o
    0x100001d4   0x00000014   Zero   RW           93    .bss                net_config.o
    0x100001e8   0x00002000   Zero   RW           94    .bss                net_config.o
    0x100021e8   0x0000008c   Zero   RW           95    .bss                net_config.o
    0x10002274   0x00000018   Zero   RW           96    .bss                net_config.o
    0x1000228c   0x00000160   Zero   RW           97    .bss                net_config.o
    0x100023ec   0x00000120   Zero   RW           98    .bss                net_config.o
    0x1000250c   0x00000340   Zero   RW          139    .bss                file_config.o
    0x1000284c   0x00001400   Zero   RW          140    .bss                file_config.o
    0x10003c4c   0x00000004   PAD
    0x10003c50   0x00002a64   Zero   RW          224    .bss                emac_lpc17xx.o
    0x100066b4   0x0000001c   Zero   RW          617    .bss                at_dhcp.o(TCP_CM3.lib)
    0x100066d0   0x00000080   Zero   RW          634    .bss                at_ethernet.o(TCP_CM3.lib)
    0x10006750   0x0000003c   Zero   RW          706    .bss                at_system.o(TCP_CM3.lib)
    0x1000678c   0x00000154   Zero   RW          772    .bss                fs_fat.o(FS_CM3.lib)
    0x100068e0   0x00000050   Zero   RW         1565    .bss                stdio_streams.o(c_w.l)
    0x10006930   0x00000050   Zero   RW         1566    .bss                stdio_streams.o(c_w.l)
    0x10006980   0x00000050   Zero   RW         1567    .bss                stdio_streams.o(c_w.l)
    0x100069d0   0x00000060   Zero   RW         1580    .bss                libspace.o(c_w.l)
    0x10006a30   0x00000800   Zero   RW          213    HEAP                startup_lpc17xx.o
    0x10007230   0x00000400   Zero   RW          212    STACK               startup_lpc17xx.o


==============================================================================

Image component sizes


      Code (inc. data)   RO Data    RW Data    ZI Data      Debug   Object Name

      1088         58          0          8      10852      31899   emac_lpc17xx.o
         0          0         52          0       5952       4478   file_config.o
      2032         46       5376          6          0       8616   glcd_lpc1700.o
       620         84        135         16        272      11600   http_cgi.o
       108          6          0          0          0       1606   http_uif.o
       544        128          0         50          0      14548   http_upload.o
        76          0        117         22       9016       3165   net_config.o
       308         30         20          0          0       4225   retarget.o
       196         18          0          0          0        964   spi_lpc17xx.o
        60         26        204          0       3072        684   startup_lpc17xx.o
       320         32          0          4          0        815   system_lpc17xx.o
         0          0      16210          0          0        525   web.o

    ----------------------------------------------------------------------
      5352        428      22160        110      29168      83125   Object Totals
         0          0         32          0          0          0   (incl. Generated)
         0          0         14          4          4          3   (incl. Padding)

    ----------------------------------------------------------------------

      Code (inc. data)   RO Data    RW Data    ZI Data      Debug   Library Member Name

        44          6          0          0          0         80   __2sprintf.o
         8          0          0          0          0         68   __main.o
       416          4         17          0          0         88   __printf_flags_ss_wp.o
        52          8          0          0          0          0   __scatter.o
        26          0          0          0          0          0   __scatter_copy.o
        28          0          0          0          0          0   __scatter_zi.o
        32          0          0          0          0         68   _chval.o
       124          8          0          0          0        839   _fs_fclose.o
       280          0          0          0          0       1295   _fs_fcreate.o
       130          0          0          0          0        955   _fs_fdelete.o
       182          0          0          0          0       1161   _fs_ffind.o
      1114         22          0          0          0       9980   _fs_flashio.o
       140         10          0          0          0        833   _fs_flushbuf.o
       380         16          0          0          0       9543   _fs_fopen.o
       172          6          0          0          0       1125   _fs_getfsize.o
       168          8          0          0          0       1097   _fs_read.o
       236          8          0          0          0       1284   _fs_setfpos.o
       252          8          0          0          0       1146   _fs_write.o
        44          0          0          0          0        108   _printf_char.o
        48          4          0          0          0         96   _printf_char_common.o
        40          0          0          0          0         68   _printf_charcount.o
         6          0          0          0          0          0   _printf_d.o
       116         18          0          0          0         92   _printf_dec.o
        88          6         40          0          0         84   _printf_hex_ptr.o
       180          0          0          0          0         88   _printf_intcommon.o
         6          0          0          0          0          0   _printf_n.o
         6          0          0          0          0          0   _printf_p.o
        80          0          0          0          0        104   _printf_pad.o
         0          0          0          0          0          0   _printf_percent.o
         4          0          0          0          0          0   _printf_percent_end.o
         6          0          0          0          0          0   _printf_s.o
        82          0          0          0          0         80   _printf_str.o
        10          0          0          0          0         68   _sputc.o
       152          0          0          0          0         88   _strtoul.o
        16          0          0          0          0         68   aeabi_memset.o
      1472        158          0          2          0        872   at_arp.o
      1668        114          0          0         28        684   at_dhcp.o
       420         44          6          8        128        540   at_ethernet.o
      5298       1046        196         12          0       2084   at_http.o
       116          0          0          0          0         84   at_icmp.o
       494         24          4          4          0        328   at_ip.o
       508          4          0          0          0       1212   at_lib.o
       348         38          0          4          0        340   at_mem.o
       348         28          8          1          0        184   at_nbns.o
       128         30          0          8         60        216   at_system.o
      3172        224          0          4          0       1576   at_tcp.o
       748         60          0          2          0        540   at_udp.o
        26          0          0          0          0         80   atoi.o
        10          0          0          0          0         68   defsig_exit.o
        50          0          0          0          0         84   defsig_general.o
        76         56          0          0          0         76   defsig_rtmem_inner.o
        14          0          0          0          0         80   defsig_rtmem_outer.o
        52         38          0          0          0         76   defsig_rtred_inner.o
        14          0          0          0          0         80   defsig_rtred_outer.o
        12          0          0          0          0         68   exit.o
        76          0          0          0          0         88   fclose.o
         8          0          0          0          0         68   ferror.o
       100          4          0          0          0        116   fflush.o
        24          0          0          0          0         68   fgetc.o
        72          0          0          0          0         84   fgets.o
       598          0          0          0          0        128   filbuf.o
       462          0          0          0          0         88   flsbuf.o
        52          4          0          0          0         80   flushlinebuffered.o
       228          6          0          0          0        124   fopen.o
        14          0          0          0          0         76   fpinit.o
       282          0          0          0          0         96   freadfast.o
      8364        450        133         24        340      43402   fs_fat.o
       476         18          0          0          0       1836   fs_ffind.o
       176         18          0          0          0       1022   fs_fformat.o
        60         12          0          0          0       8713   fs_finit.o
        28          0          0          0          0       3462   fs_flashprg.o
       306         42          0          0          0       4055   fs_lib.o
       992         26          0          1          0       6490   fs_mmc.o
        14          4          0          0          0        832   fs_time.o
       248          6          0          0          0         84   fseek.o
        70          0          0          0          0         76   ftell.o
       192          0          0          0          0         88   fwritefast.o
        98          0          0          0          0         80   h1_alloc.o
        52          0          0          0          0         68   h1_extend.o
        78          0          0          0          0         80   h1_free.o
        14          0          0          0          0         84   h1_init.o
         6          0          0          0          0        148   heapauxi.o
         4          0          0          0          0        132   hguard.o
         0          0        464          0          0          0   http_err.o
       138          0          0          0          0        160   init_alloc.o
       312         46          0          0          0        112   initio.o
        44         10        272          0          0         76   lc_ctype_c.o
         6          0          0          0          0          0   libinit.o
        32          0          0          0          0          0   libinit2.o
         2          0          0          0          0          0   libshutdown.o
         6          0          0          0          0          0   libshutdown2.o
         8          4          0          0         96         68   libspace.o
         0          0          0          0          0         68   maybetermalloc1.o
        16          6          0          0          0         76   rt_ctype_table.o
        12          6          0          0          0         68   rt_errno_addr_intlibspace.o
        12          6          0          0          0         68   rt_fp_status_addr_intlibspace.o
        12          6          0          0          0         68   rt_heap_descriptor_intlibspace.o
        12          6          0          0          0         68   rt_locale_intlibspace.o
        68          0          0          0          0         68   rt_memclr.o
        78          0          0          0          0         76   rt_memclr_w.o
       140          0          0          0          0         68   rt_memcpy_v6.o
       100          0          0          0          0         80   rt_memcpy_w.o
         0          0          0          0          0          0   rtentry.o
        12          0          0          0          0          0   rtentry2.o
         6          0          0          0          0          0   rtentry4.o
         2          0          0          0          0          0   rtexit.o
        10          0          0          0          0          0   rtexit2.o
        16          0          0          0          0         68   rtudiv10.o
        70          0          0          0          0         80   setvbuf.o
       248          6          0          0          0        152   stdio.o
         0          0          0         12        240          0   stdio_streams.o
       128          2          0          0          0         68   strcmpv7m.o
        62          0          0          0          0         76   strlen.o
       112          0          0          0          0         88   strtol.o
        74          0          0          0          0         80   sys_stackheap_outer.o
        30          0          0          0          0         76   toupper.o
         2          0          0          0          0         68   use_no_semi.o

    ----------------------------------------------------------------------
     34568       2684       1140         86        892     113326   Library Totals
        62          0          0          4          0          0   (incl. Padding)

    ----------------------------------------------------------------------

      Code (inc. data)   RO Data    RW Data    ZI Data      Debug   Library Name

     13594        656        133         25        340      99070   FS_CM3.lib
     14720       1770        678         45        216       8660   TCP_CM3.lib
      6178        258        329         12        336       5520   c_w.l
        14          0          0          0          0         76   fz_ws.l

    ----------------------------------------------------------------------
     34568       2684       1140         86        892     113326   Library Totals

    ----------------------------------------------------------------------

==============================================================================


      Code (inc. data)   RO Data    RW Data    ZI Data      Debug   

     39920       3112      23300        196      30060     181504   Grand Totals
     39920       3112      23300        196      30060     181504   ELF Image Totals
     39920       3112      23300        196          0          0   ROM Totals

==============================================================================

    Total RO  Size (Code + RO Data)                63220 (  61.74kB)
    Total RW  Size (RW Data + ZI Data)             30256 (  29.55kB)
    Total ROM Size (Code + RO Data + RW Data)      63416 (  61.93kB)

==============================================================================

