<html>
<body>
<pre>
<h1>礦ision Build Log</h1>
<h2>Project:</h2>
F:\路虎开发板光盘\实验例程\EasyWEB\EasyWeb.uvproj
Project File Date:  <unknown>

<h2>Output:</h2>
Build target 'MCB1700'
custom translating webpage.html...
Custom: webconverter.exe webpage.html webpage.h
assembling startup_LPC17xx.s...
compiling system_LPC17xx.c...
compiling tcpip.c...
compiling EMAC.c...
compiling easyweb.c...
compiling Retarget.c...
linking...
Program Size: Code=7764 RO-data=1728 RW-data=96 ZI-data=1920  
FromELF: creating hex file...
".\Obj\EasyWeb.axf" - 0 Error(s), 0 Warning(s).
