<html>
<body>
<pre>
<h1>礦ision Build Log</h1>
<h2>Project:</h2>
F:\路虎开发板光盘\实验例程\USBCDC\USBCDC.uvproj
Project File Date:  05/13/2010

<h2>Output:</h2>
Build target 'LPC17xx Flash'
compiling usbcore.c...
compiling usbdesc.c...
compiling usbhw.c...
compiling usbuser.c...
compiling cdcuser.c...
compiling vcomdemo.c...
compiling serial.c...
assembling startup_LPC17xx.s...
compiling core_cm3.c...
compiling system_LPC17xx.c...
linking...
Program Size: Code=6824 RO-data=532 RW-data=76 ZI-data=1092  
FromELF: creating hex file...
".\Obj\USBCDC.axf" - 0 Error(s), 0 Warning(s).
