<html>
<body>
<pre>
<h1>µVision Build Log</h1>
<h2>Project:</h2>
C:\Documents and Settings\PowerARM\◊¿√Ê\LPC1768≤‚ ‘≥Ã–Ú\DAC\LandTiger_DAC.uvproj
Project File Date:  05/12/2010

<h2>Output:</h2>
Build target 'LandTiger_DAC'
compiling core_cm3.c...
compiling system_LPC17xx.c...
assembling startup_LPC17xx.s...
compiling main.c...
Source\App\main.c(68): error:  #169: expected a declaration
Source\App\main.c:   }
Source\App\main.c:   ^
Source\App\main.c: Source\App\main.c: 0 warnings, 1 error
Target not created
Build target 'LandTiger_DAC'
compiling main.c...
linking...
Program Size: Code=1096 RO-data=336 RW-data=96 ZI-data=608  
".\Obj\LandTiger_DAC.axf" - 0 Error(s), 0 Warning(s).
Build target 'LandTiger_DAC'
compiling main.c...
linking...
Program Size: Code=1096 RO-data=336 RW-data=96 ZI-data=608  
".\Obj\LandTiger_DAC.axf" - 0 Error(s), 0 Warning(s).
