ARM Linker, 4.1 [Build 481] [Standard]

==============================================================================

Section Cross References

    startup_lpc17xx.o(RESET) refers to startup_lpc17xx.o(STACK) for __initial_sp
    startup_lpc17xx.o(RESET) refers to startup_lpc17xx.o(.text) for Reset_Handler
    startup_lpc17xx.o(RESET) refers to usbhw.o(.text) for USB_IRQHandler
    startup_lpc17xx.o(.text) refers to entry.o(.ARM.Collect$$$$00000000) for __main
    system_lpc17xx.o(.text) refers to system_lpc17xx.o(.data) for SystemFrequency
    usbcore.o(.text) refers to usbhw.o(.text) for USB_ReadEP
    usbcore.o(.text) refers to usbcore.o(i.USB_ReqGetStatus) for USB_ReqGetStatus
    usbcore.o(.text) refers to usbcore.o(i.USB_ReqSetClrFeature) for USB_ReqSetClrFeature
    usbcore.o(.text) refers to usbcore.o(i.USB_ReqGetDescriptor) for USB_ReqGetDescriptor
    usbcore.o(.text) refers to usbcore.o(i.USB_ReqSetConfiguration) for USB_ReqSetConfiguration
    usbcore.o(.text) refers to usbuser.o(.text) for USB_Configure_Event
    usbcore.o(.text) refers to usbcore.o(i.USB_ReqSetInterface) for USB_ReqSetInterface
    usbcore.o(.text) refers to hiduser.o(.text) for HID_GetReport
    usbcore.o(.text) refers to usbcore.o(.data) for USB_DeviceStatus
    usbhw.o(.text) refers to usbuser.o(.text) for USB_Reset_Event
    usbhw.o(.text) refers to usbcore.o(.data) for USB_DeviceStatus
    usbhw.o(.text) refers to usbuser.o(.constdata) for USB_P_EP
    usbuser.o(.text) refers to usbcore.o(.text) for USB_ResetCore
    usbuser.o(.text) refers to demo.o(.text) for GetInReport
    usbuser.o(.text) refers to usbhw.o(.text) for USB_WriteEP
    usbuser.o(.text) refers to usbcore.o(.data) for USB_Configuration
    usbuser.o(.text) refers to demo.o(.data) for InReport
    usbuser.o(.constdata) refers to usbcore.o(.text) for USB_EndPoint0
    usbuser.o(.constdata) refers to usbuser.o(.text) for USB_EndPoint1
    hiduser.o(.text) refers to demo.o(.text) for GetInReport
    hiduser.o(.text) refers to usbcore.o(.data) for SetupPacket
    hiduser.o(.text) refers to demo.o(.data) for InReport
    hiduser.o(.text) refers to hiduser.o(.data) for HID_IdleTime
    demo.o(.text) refers to system_lpc17xx.o(.text) for SystemInit
    demo.o(.text) refers to usbhw.o(.text) for USB_Init
    demo.o(.text) refers to demo.o(.data) for InReport
    entry.o(.ARM.Collect$$$$00000000) refers (Special) to entry7.o(.ARM.Collect$$$$00000007) for _main_init
    entry.o(.ARM.Collect$$$$00000000) refers (Special) to entry5.o(.ARM.Collect$$$$00000004) for _main_scatterload
    entry.o(.ARM.Collect$$$$00000000) refers (Special) to entry2.o(.ARM.Collect$$$$00000001) for _main_stk
    entry2.o(.ARM.Collect$$$$00000001) refers to entry2.o(.ARM.Collect$$$$00002712) for __lit__00000000
    entry2.o(.ARM.Collect$$$$00002712) refers to startup_lpc17xx.o(STACK) for __initial_sp
    entry2.o(__vectab_stack_and_reset_area) refers to startup_lpc17xx.o(STACK) for __initial_sp
    entry2.o(__vectab_stack_and_reset_area) refers to entry.o(.ARM.Collect$$$$00000000) for __main
    entry5.o(.ARM.Collect$$$$00000004) refers to init.o(.text) for __scatterload
    entry7.o(.ARM.Collect$$$$00000007) refers to demo.o(.text) for main
    init.o(.text) refers to entry5.o(.ARM.Collect$$$$00000004) for __main_after_scatterload
    usbcore.o(i.USB_ReqGetStatus) refers to usbcore.o(.data) for SetupPacket
    usbcore.o(i.USB_ReqSetClrFeature) refers to usbhw.o(.text) for USB_WakeUpCfg
    usbcore.o(i.USB_ReqSetClrFeature) refers to usbcore.o(.data) for SetupPacket
    usbcore.o(i.USB_ReqGetDescriptor) refers to usbcore.o(.data) for SetupPacket
    usbcore.o(i.USB_ReqGetDescriptor) refers to usbdesc.o(.constdata) for USB_DeviceDescriptor
    usbcore.o(i.USB_ReqSetConfiguration) refers to usbhw.o(.text) for USB_DisableEP
    usbcore.o(i.USB_ReqSetConfiguration) refers to usbcore.o(.data) for SetupPacket
    usbcore.o(i.USB_ReqSetConfiguration) refers to usbdesc.o(.constdata) for USB_ConfigDescriptor
    usbcore.o(i.USB_ReqSetInterface) refers to usbhw.o(.text) for USB_ConfigEP
    usbcore.o(i.USB_ReqSetInterface) refers to usbcore.o(.data) for SetupPacket
    usbcore.o(i.USB_ReqSetInterface) refers to usbdesc.o(.constdata) for USB_ConfigDescriptor


==============================================================================

Removing Unused input sections from the image.

    Removing startup_lpc17xx.o(HEAP), (0 bytes).

1 unused section(s) (total 0 bytes) removed from the image.

==============================================================================

Image Symbol Table

    Local Symbols

    Symbol Name                              Value     Ov Type        Size  Object(Section)

    RESET                                    0x00000000   Section      204  startup_lpc17xx.o(RESET)
    ../../microlib/init/entry.s              0x00000000   Number         0  entry7.o ABSOLUTE
    ../../microlib/init/entry.s              0x00000000   Number         0  entry5.o ABSOLUTE
    ../../microlib/init/entry.s              0x00000000   Number         0  entry2.o ABSOLUTE
    ../../microlib/init/entry.s              0x00000000   Number         0  entry.o ABSOLUTE
    dc.s                                     0x00000000   Number         0  dc.o ABSOLUTE
    demo.c                                   0x00000000   Number         0  demo.o ABSOLUTE
    handlers.s                               0x00000000   Number         0  handlers.o ABSOLUTE
    hiduser.c                                0x00000000   Number         0  hiduser.o ABSOLUTE
    init.s                                   0x00000000   Number         0  init.o ABSOLUTE
    startup_LPC17xx.s                        0x00000000   Number         0  startup_lpc17xx.o ABSOLUTE
    system_LPC17xx.c                         0x00000000   Number         0  system_lpc17xx.o ABSOLUTE
    usbcore.c                                0x00000000   Number         0  usbcore.o ABSOLUTE
    usbdesc.c                                0x00000000   Number         0  usbdesc.o ABSOLUTE
    usbhw.c                                  0x00000000   Number         0  usbhw.o ABSOLUTE
    usbuser.c                                0x00000000   Number         0  usbuser.o ABSOLUTE
    .ARM.Collect$$$$00000000                 0x000000cc   Section        0  entry.o(.ARM.Collect$$$$00000000)
    .ARM.Collect$$$$00000001                 0x000000cc   Section        4  entry2.o(.ARM.Collect$$$$00000001)
    .ARM.Collect$$$$00000004                 0x000000d0   Section        4  entry5.o(.ARM.Collect$$$$00000004)
    .ARM.Collect$$$$00000007                 0x000000d4   Section        8  entry7.o(.ARM.Collect$$$$00000007)
    .ARM.Collect$$$$00002712                 0x000000dc   Section        4  entry2.o(.ARM.Collect$$$$00002712)
    __lit__00000000                          0x000000dc   Data           4  entry2.o(.ARM.Collect$$$$00002712)
    .text                                    0x000000e0   Section       28  startup_lpc17xx.o(.text)
    .text                                    0x000000fc   Section        0  usbuser.o(.text)
    .text                                    0x0000015c   Section        0  hiduser.o(.text)
    .text                                    0x0000020c   Section       36  init.o(.text)
    i.USB_ReqGetStatus                       0x00000230   Section        0  usbcore.o(i.USB_ReqGetStatus)
    i.__scatterload_null                     0x000002f0   Section        2  handlers.o(i.__scatterload_null)
    .ARM.__at_0x02FC                         0x000002fc   Section        4  startup_lpc17xx.o(.ARM.__at_0x02FC)
    .text                                    0x00000300   Section        0  system_lpc17xx.o(.text)
    .text                                    0x00000568   Section        0  usbcore.o(.text)
    .text                                    0x00000904   Section        0  usbhw.o(.text)
    .text                                    0x00000e50   Section        0  demo.o(.text)
    i.USB_ReqGetDescriptor                   0x00000f58   Section        0  usbcore.o(i.USB_ReqGetDescriptor)
    i.USB_ReqSetClrFeature                   0x0000105c   Section        0  usbcore.o(i.USB_ReqSetClrFeature)
    i.USB_ReqSetConfiguration                0x00001148   Section        0  usbcore.o(i.USB_ReqSetConfiguration)
    i.USB_ReqSetInterface                    0x000012fc   Section        0  usbcore.o(i.USB_ReqSetInterface)
    i.__scatterload_copy                     0x0000142c   Section       14  handlers.o(i.__scatterload_copy)
    i.__scatterload_zeroinit                 0x0000143a   Section       14  handlers.o(i.__scatterload_zeroinit)
    .constdata                               0x00001448   Section      189  usbdesc.o(.constdata)
    .constdata                               0x00001508   Section       64  usbuser.o(.constdata)
    .data                                    0x10000000   Section        4  system_lpc17xx.o(.data)
    .data                                    0x10000004   Section       44  usbcore.o(.data)
    .data                                    0x10000030   Section        2  hiduser.o(.data)
    .data                                    0x10000034   Section       34  demo.o(.data)
    led_mask                                 0x10000034   Data          32  demo.o(.data)
    STACK                                    0x10000058   Section      512  startup_lpc17xx.o(STACK)

    Global Symbols

    Symbol Name                              Value     Ov Type        Size  Object(Section)

    BuildAttributes$$THM_ISAv4$P$D$K$B$S$PE$A:L22UL41UL21$X:L11$S22US41US21$IEEE1$IW$USESV6$~STKCKD$USESV7$~SHL$OSPACE$EBA8$MICROLIB$REQ8$PRES8$EABIv2 0x00000000   Number         0  anon$$obj.o ABSOLUTE
    __ARM_use_no_argv                        0x00000000   Number         0  demo.o ABSOLUTE
    __Vectors                                0x00000000   Data           4  startup_lpc17xx.o(RESET)
    __decompress                              - Undefined Weak Reference
    __main                                   0x000000cd   Thumb Code     0  entry.o(.ARM.Collect$$$$00000000)
    _main_stk                                0x000000cd   Thumb Code     0  entry2.o(.ARM.Collect$$$$00000001)
    _main_scatterload                        0x000000d1   Thumb Code     0  entry5.o(.ARM.Collect$$$$00000004)
    __main_after_scatterload                 0x000000d5   Thumb Code     0  entry5.o(.ARM.Collect$$$$00000004)
    _main_init                               0x000000d5   Thumb Code     0  entry7.o(.ARM.Collect$$$$00000007)
    Reset_Handler                            0x000000e1   Thumb Code     4  startup_lpc17xx.o(.text)
    NMI_Handler                              0x000000e5   Thumb Code     2  startup_lpc17xx.o(.text)
    HardFault_Handler                        0x000000e7   Thumb Code     2  startup_lpc17xx.o(.text)
    MemManage_Handler                        0x000000e9   Thumb Code     2  startup_lpc17xx.o(.text)
    BusFault_Handler                         0x000000eb   Thumb Code     2  startup_lpc17xx.o(.text)
    UsageFault_Handler                       0x000000ed   Thumb Code     2  startup_lpc17xx.o(.text)
    SVC_Handler                              0x000000ef   Thumb Code     2  startup_lpc17xx.o(.text)
    DebugMon_Handler                         0x000000f1   Thumb Code     2  startup_lpc17xx.o(.text)
    PendSV_Handler                           0x000000f3   Thumb Code     2  startup_lpc17xx.o(.text)
    SysTick_Handler                          0x000000f5   Thumb Code     2  startup_lpc17xx.o(.text)
    ADC_IRQHandler                           0x000000f7   Thumb Code     0  startup_lpc17xx.o(.text)
    BOD_IRQHandler                           0x000000f7   Thumb Code     0  startup_lpc17xx.o(.text)
    CANActivity_IRQHandler                   0x000000f7   Thumb Code     0  startup_lpc17xx.o(.text)
    CAN_IRQHandler                           0x000000f7   Thumb Code     0  startup_lpc17xx.o(.text)
    DMA_IRQHandler                           0x000000f7   Thumb Code     0  startup_lpc17xx.o(.text)
    EINT0_IRQHandler                         0x000000f7   Thumb Code     0  startup_lpc17xx.o(.text)
    EINT1_IRQHandler                         0x000000f7   Thumb Code     0  startup_lpc17xx.o(.text)
    EINT2_IRQHandler                         0x000000f7   Thumb Code     0  startup_lpc17xx.o(.text)
    EINT3_IRQHandler                         0x000000f7   Thumb Code     0  startup_lpc17xx.o(.text)
    ENET_IRQHandler                          0x000000f7   Thumb Code     0  startup_lpc17xx.o(.text)
    I2C0_IRQHandler                          0x000000f7   Thumb Code     0  startup_lpc17xx.o(.text)
    I2C1_IRQHandler                          0x000000f7   Thumb Code     0  startup_lpc17xx.o(.text)
    I2C2_IRQHandler                          0x000000f7   Thumb Code     0  startup_lpc17xx.o(.text)
    I2S_IRQHandler                           0x000000f7   Thumb Code     0  startup_lpc17xx.o(.text)
    MCPWM_IRQHandler                         0x000000f7   Thumb Code     0  startup_lpc17xx.o(.text)
    PLL0_IRQHandler                          0x000000f7   Thumb Code     0  startup_lpc17xx.o(.text)
    PLL1_IRQHandler                          0x000000f7   Thumb Code     0  startup_lpc17xx.o(.text)
    PWM1_IRQHandler                          0x000000f7   Thumb Code     0  startup_lpc17xx.o(.text)
    QEI_IRQHandler                           0x000000f7   Thumb Code     0  startup_lpc17xx.o(.text)
    RIT_IRQHandler                           0x000000f7   Thumb Code     0  startup_lpc17xx.o(.text)
    RTC_IRQHandler                           0x000000f7   Thumb Code     0  startup_lpc17xx.o(.text)
    SPI_IRQHandler                           0x000000f7   Thumb Code     0  startup_lpc17xx.o(.text)
    SSP0_IRQHandler                          0x000000f7   Thumb Code     0  startup_lpc17xx.o(.text)
    SSP1_IRQHandler                          0x000000f7   Thumb Code     0  startup_lpc17xx.o(.text)
    TIMER0_IRQHandler                        0x000000f7   Thumb Code     0  startup_lpc17xx.o(.text)
    TIMER1_IRQHandler                        0x000000f7   Thumb Code     0  startup_lpc17xx.o(.text)
    TIMER2_IRQHandler                        0x000000f7   Thumb Code     0  startup_lpc17xx.o(.text)
    TIMER3_IRQHandler                        0x000000f7   Thumb Code     0  startup_lpc17xx.o(.text)
    UART0_IRQHandler                         0x000000f7   Thumb Code     0  startup_lpc17xx.o(.text)
    UART1_IRQHandler                         0x000000f7   Thumb Code     0  startup_lpc17xx.o(.text)
    UART2_IRQHandler                         0x000000f7   Thumb Code     0  startup_lpc17xx.o(.text)
    UART3_IRQHandler                         0x000000f7   Thumb Code     0  startup_lpc17xx.o(.text)
    USBActivity_IRQHandler                   0x000000f7   Thumb Code     0  startup_lpc17xx.o(.text)
    WDT_IRQHandler                           0x000000f7   Thumb Code     0  startup_lpc17xx.o(.text)
    USB_Reset_Event                          0x000000fd   Thumb Code     8  usbuser.o(.text)
    USB_Configure_Event                      0x00000105   Thumb Code    24  usbuser.o(.text)
    USB_EndPoint1                            0x0000011d   Thumb Code    28  usbuser.o(.text)
    USB_EndPoint2                            0x00000139   Thumb Code     2  usbuser.o(.text)
    USB_EndPoint3                            0x0000013b   Thumb Code     2  usbuser.o(.text)
    USB_EndPoint4                            0x0000013d   Thumb Code     2  usbuser.o(.text)
    USB_EndPoint5                            0x0000013f   Thumb Code     2  usbuser.o(.text)
    USB_EndPoint6                            0x00000141   Thumb Code     2  usbuser.o(.text)
    USB_EndPoint7                            0x00000143   Thumb Code     2  usbuser.o(.text)
    USB_EndPoint8                            0x00000145   Thumb Code     2  usbuser.o(.text)
    USB_EndPoint9                            0x00000147   Thumb Code     2  usbuser.o(.text)
    USB_EndPoint10                           0x00000149   Thumb Code     2  usbuser.o(.text)
    USB_EndPoint11                           0x0000014b   Thumb Code     2  usbuser.o(.text)
    USB_EndPoint12                           0x0000014d   Thumb Code     2  usbuser.o(.text)
    USB_EndPoint13                           0x0000014f   Thumb Code     2  usbuser.o(.text)
    USB_EndPoint14                           0x00000151   Thumb Code     2  usbuser.o(.text)
    USB_EndPoint15                           0x00000153   Thumb Code     2  usbuser.o(.text)
    HID_GetReport                            0x0000015d   Thumb Code    48  hiduser.o(.text)
    HID_SetReport                            0x0000018d   Thumb Code    48  hiduser.o(.text)
    HID_GetIdle                              0x000001bd   Thumb Code    16  hiduser.o(.text)
    HID_SetIdle                              0x000001cd   Thumb Code    16  hiduser.o(.text)
    HID_GetProtocol                          0x000001dd   Thumb Code    12  hiduser.o(.text)
    HID_SetProtocol                          0x000001e9   Thumb Code    12  hiduser.o(.text)
    __scatterload                            0x0000020d   Thumb Code    28  init.o(.text)
    __scatterload_rt2                        0x0000020d   Thumb Code     0  init.o(.text)
    USB_ReqGetStatus                         0x00000231   Thumb Code   160  usbcore.o(i.USB_ReqGetStatus)
    __scatterload_null                       0x000002f1   Thumb Code     2  handlers.o(i.__scatterload_null)
    SystemInit                               0x00000301   Thumb Code   538  system_lpc17xx.o(.text)
    USB_ResetCore                            0x00000569   Thumb Code    34  usbcore.o(.text)
    USB_SetupStage                           0x0000058b   Thumb Code    12  usbcore.o(.text)
    USB_DataInStage                          0x00000597   Thumb Code    52  usbcore.o(.text)
    USB_DataOutStage                         0x000005cb   Thumb Code    34  usbcore.o(.text)
    USB_StatusInStage                        0x000005ed   Thumb Code    14  usbcore.o(.text)
    USB_StatusOutStage                       0x000005fb   Thumb Code    12  usbcore.o(.text)
    USB_EndPoint0                            0x00000607   Thumb Code   720  usbcore.o(.text)
    EPAdr                                    0x00000905   Thumb Code    16  usbhw.o(.text)
    WrCmd                                    0x00000915   Thumb Code    26  usbhw.o(.text)
    WrCmdDat                                 0x0000092f   Thumb Code    50  usbhw.o(.text)
    WrCmdEP                                  0x00000961   Thumb Code    70  usbhw.o(.text)
    RdCmdDat                                 0x000009a7   Thumb Code    32  usbhw.o(.text)
    USB_SetAddress                           0x000009c7   Thumb Code    42  usbhw.o(.text)
    USB_Reset                                0x000009f1   Thumb Code    76  usbhw.o(.text)
    USB_Init                                 0x00000a3d   Thumb Code   140  usbhw.o(.text)
    USB_Connect                              0x00000ac9   Thumb Code    28  usbhw.o(.text)
    USB_Suspend                              0x00000ae5   Thumb Code     2  usbhw.o(.text)
    USB_Resume                               0x00000ae7   Thumb Code     2  usbhw.o(.text)
    USB_WakeUp                               0x00000ae9   Thumb Code    22  usbhw.o(.text)
    USB_WakeUpCfg                            0x00000aff   Thumb Code     2  usbhw.o(.text)
    USB_Configure                            0x00000b01   Thumb Code    54  usbhw.o(.text)
    USB_ConfigEP                             0x00000b37   Thumb Code    66  usbhw.o(.text)
    USB_DirCtrlEP                            0x00000b79   Thumb Code     2  usbhw.o(.text)
    USB_EnableEP                             0x00000b7b   Thumb Code    26  usbhw.o(.text)
    USB_DisableEP                            0x00000b95   Thumb Code    26  usbhw.o(.text)
    USB_ResetEP                              0x00000baf   Thumb Code    26  usbhw.o(.text)
    USB_SetStallEP                           0x00000bc9   Thumb Code    26  usbhw.o(.text)
    USB_ClrStallEP                           0x00000be3   Thumb Code    26  usbhw.o(.text)
    USB_ClearEPBuf                           0x00000bfd   Thumb Code    14  usbhw.o(.text)
    USB_ReadEP                               0x00000c0b   Thumb Code    98  usbhw.o(.text)
    USB_WriteEP                              0x00000c6d   Thumb Code    74  usbhw.o(.text)
    USB_GetFrame                             0x00000cb7   Thumb Code    30  usbhw.o(.text)
    USB_IRQHandler                           0x00000cd5   Thumb Code   354  usbhw.o(.text)
    GetInReport                              0x00000e51   Thumb Code   104  demo.o(.text)
    SetOutReport                             0x00000eb9   Thumb Code    58  demo.o(.text)
    main                                     0x00000ef3   Thumb Code    82  demo.o(.text)
    USB_ReqGetDescriptor                     0x00000f59   Thumb Code   230  usbcore.o(i.USB_ReqGetDescriptor)
    USB_ReqSetClrFeature                     0x0000105d   Thumb Code   210  usbcore.o(i.USB_ReqSetClrFeature)
    USB_ReqSetConfiguration                  0x00001149   Thumb Code   398  usbcore.o(i.USB_ReqSetConfiguration)
    USB_ReqSetInterface                      0x000012fd   Thumb Code   278  usbcore.o(i.USB_ReqSetInterface)
    __scatterload_copy                       0x0000142d   Thumb Code    14  handlers.o(i.__scatterload_copy)
    __scatterload_zeroinit                   0x0000143b   Thumb Code    14  handlers.o(i.__scatterload_zeroinit)
    HID_ReportDescriptor                     0x00001448   Data          33  usbdesc.o(.constdata)
    HID_ReportDescSize                       0x0000146a   Data           2  usbdesc.o(.constdata)
    USB_DeviceDescriptor                     0x0000146c   Data          18  usbdesc.o(.constdata)
    USB_ConfigDescriptor                     0x0000147e   Data          35  usbdesc.o(.constdata)
    USB_StringDescriptor                     0x000014a1   Data         100  usbdesc.o(.constdata)
    USB_P_EP                                 0x00001508   Data          64  usbuser.o(.constdata)
    Region$$Table$$Base                      0x00001548   Number         0  anon$$obj.o(Region$$Table)
    Region$$Table$$Limit                     0x00001568   Number         0  anon$$obj.o(Region$$Table)
    SystemFrequency                          0x10000000   Data           4  system_lpc17xx.o(.data)
    USB_DeviceStatus                         0x10000004   Data           2  usbcore.o(.data)
    USB_DeviceAddress                        0x10000006   Data           1  usbcore.o(.data)
    USB_Configuration                        0x10000007   Data           1  usbcore.o(.data)
    USB_EndPointMask                         0x10000008   Data           4  usbcore.o(.data)
    USB_EndPointHalt                         0x1000000c   Data           4  usbcore.o(.data)
    USB_EndPointStall                        0x10000010   Data           4  usbcore.o(.data)
    USB_NumInterfaces                        0x10000014   Data           1  usbcore.o(.data)
    USB_AltSetting                           0x10000015   Data           1  usbcore.o(.data)
    EP0Buf                                   0x10000016   Data           8  usbcore.o(.data)
    EP0Data                                  0x10000020   Data           8  usbcore.o(.data)
    SetupPacket                              0x10000028   Data           8  usbcore.o(.data)
    HID_Protocol                             0x10000030   Data           1  hiduser.o(.data)
    HID_IdleTime                             0x10000031   Data           1  hiduser.o(.data)
    InReport                                 0x10000054   Data           1  demo.o(.data)
    OutReport                                0x10000055   Data           1  demo.o(.data)
    __initial_sp                             0x10000258   Data           0  startup_lpc17xx.o(STACK)



==============================================================================

Memory Map of the image

  Image Entry point : 0x000000cd

  Load Region LR_IROM1 (Base: 0x00000000, Size: 0x000015c0, Max: 0x00080000, ABSOLUTE)

    Execution Region ER_IROM1 (Base: 0x00000000, Size: 0x00001568, Max: 0x00080000, ABSOLUTE)

    Base Addr    Size         Type   Attr      Idx    E Section Name        Object

    0x00000000   0x000000cc   Data   RO            3    RESET               startup_lpc17xx.o
    0x000000cc   0x00000000   Code   RO          230  * .ARM.Collect$$$$00000000  mc_w.l(entry.o)(mc_w.l)
    0x000000cc   0x00000004   Code   RO          233    .ARM.Collect$$$$00000001  mc_w.l(entry2.o)(mc_w.l)
    0x000000d0   0x00000004   Code   RO          236    .ARM.Collect$$$$00000004  mc_w.l(entry5.o)(mc_w.l)
    0x000000d4   0x00000008   Code   RO          237    .ARM.Collect$$$$00000007  mc_w.l(entry7.o)(mc_w.l)
    0x000000dc   0x00000004   Code   RO          234    .ARM.Collect$$$$00002712  mc_w.l(entry2.o)(mc_w.l)
    0x000000e0   0x0000001c   Code   RO            5    .text               startup_lpc17xx.o
    0x000000fc   0x00000060   Code   RO          168    .text               usbuser.o
    0x0000015c   0x000000b0   Code   RO          190    .text               hiduser.o
    0x0000020c   0x00000024   Code   RO          238    .text               mc_w.l(init.o)(mc_w.l)
    0x00000230   0x000000c0   Code   RO           54    i.USB_ReqGetStatus  usbcore.o
    0x000002f0   0x00000002   Code   RO          243    i.__scatterload_null  mc_w.l(handlers.o)(mc_w.l)
    0x000002f2   0x0000000a   PAD
    0x000002fc   0x00000004   Code   RO            4    .ARM.__at_0x02FC    startup_lpc17xx.o
    0x00000300   0x00000268   Code   RO           13    .text               system_lpc17xx.o
    0x00000568   0x0000039c   Code   RO           42    .text               usbcore.o
    0x00000904   0x0000054c   Code   RO          138    .text               usbhw.o
    0x00000e50   0x00000108   Code   RO          208    .text               demo.o
    0x00000f58   0x00000104   Code   RO           66    i.USB_ReqGetDescriptor  usbcore.o
    0x0000105c   0x000000ec   Code   RO           60    i.USB_ReqSetClrFeature  usbcore.o
    0x00001148   0x000001b4   Code   RO           72    i.USB_ReqSetConfiguration  usbcore.o
    0x000012fc   0x00000130   Code   RO           78    i.USB_ReqSetInterface  usbcore.o
    0x0000142c   0x0000000e   Code   RO          242    i.__scatterload_copy  mc_w.l(handlers.o)(mc_w.l)
    0x0000143a   0x0000000e   Code   RO          244    i.__scatterload_zeroinit  mc_w.l(handlers.o)(mc_w.l)
    0x00001448   0x000000bd   Data   RO          126    .constdata          usbdesc.o
    0x00001505   0x00000003   PAD
    0x00001508   0x00000040   Data   RO          169    .constdata          usbuser.o
    0x00001548   0x00000020   Data   RO          240    Region$$Table       anon$$obj.o


    Execution Region RW_IRAM1 (Base: 0x10000000, Size: 0x00000258, Max: 0x00008000, ABSOLUTE)

    Base Addr    Size         Type   Attr      Idx    E Section Name        Object

    0x10000000   0x00000004   Data   RW           14    .data               system_lpc17xx.o
    0x10000004   0x0000002c   Data   RW           43    .data               usbcore.o
    0x10000030   0x00000002   Data   RW          191    .data               hiduser.o
    0x10000032   0x00000002   PAD
    0x10000034   0x00000022   Data   RW          209    .data               demo.o
    0x10000056   0x00000002   PAD
    0x10000058   0x00000200   Zero   RW            1    STACK               startup_lpc17xx.o


==============================================================================

Image component sizes


      Code (inc. data)   RO Data    RW Data    ZI Data      Debug   Object Name

       264         20          0         34          0          0   demo.o
       176         24          0          2          0          0   hiduser.o
        32          8        204          0        512          0   startup_lpc17xx.o
       616         78          0          4          0          0   system_lpc17xx.o
      2352        230          0         44          0          0   usbcore.o
         0          0        189          0          0          0   usbdesc.o
      1356        146          0          0          0          0   usbhw.o
        96          8         64          0          0          0   usbuser.o

    ----------------------------------------------------------------------
      4892        514        492         88        512          0   Object Totals
         0          0         32          0          0          0   (incl. Generated)
         0          0          3          4          0          0   (incl. Padding)

    ----------------------------------------------------------------------

      Code (inc. data)   RO Data    RW Data    ZI Data      Debug   Library Member Name

         0          0          0          0          0          0   entry.o
         8          4          0          0          0          0   entry2.o
         4          0          0          0          0          0   entry5.o
         8          4          0          0          0          0   entry7.o
        30          0          0          0          0          0   handlers.o
        36          8          0          0          0          0   init.o

    ----------------------------------------------------------------------
        96         16          0          0          0          0   Library Totals
        10          0          0          0          0          0   (incl. Padding)

    ----------------------------------------------------------------------

      Code (inc. data)   RO Data    RW Data    ZI Data      Debug   Library Name

        86         16          0          0          0         68   mc_w.l

    ----------------------------------------------------------------------
        96         16          0          0          0          0   Library Totals

    ----------------------------------------------------------------------

==============================================================================


      Code (inc. data)   RO Data    RW Data    ZI Data      Debug   

      4988        530        492         88        512      63580   Grand Totals
      4988        530        492         88        512      63580   ELF Image Totals
      4988        530        492         88          0          0   ROM Totals

==============================================================================

    Total RO  Size (Code + RO Data)                 5480 (   5.35kB)
    Total RW  Size (RW Data + ZI Data)               600 (   0.59kB)
    Total ROM Size (Code + RO Data + RW Data)       5568 (   5.44kB)

==============================================================================

