<!doctype html public "-//w3c//dtd html 4.0 transitional//en">
<html><head>
<title>Static Call Graph - [.\Obj\Http_demo.axf]</title></head>
<body><HR>
<H1>Static Call Graph for image .\Obj\Http_demo.axf</H1><HR>
<BR><P>#&#060CALLGRAPH&#062# ARM Linker, RVCT4.0 [Build 728]: Last Updated: Tue Apr 13 16:53:46 2010
<BR><P>
<H3>Maximum Stack Usage =        368 bytes + Unknown(Cycles, Untraceable Function Pointers)</H3><H3>
Call chain for Maximum Stack Depth:</H3>
main &rArr; main_TcpNet &rArr; run_system &rArr; run_eth_link &rArr; process_hl_tcp &rArr; process_tcp &rArr; tcp_send_reset &rArr; tcp_send_ctrl &rArr; tcp_send_frame &rArr; ip_send_frame &rArr; dispatch_frame &rArr; eth_send_frame &rArr; arp_cache_find &rArr; arp_send_req &rArr; alloc_mem &rArr; __error__ &rArr; __2printf
<P>
<H3>
Mutually Recursive functions
</H3> <LI><a href="#[db4c48]">NMI_Handler</a>&nbsp;&nbsp;&nbsp;&rArr;&nbsp;&nbsp;&nbsp;<a href="#[db4c48]">NMI_Handler</a><BR>
 <LI><a href="#[db4c0c]">HardFault_Handler</a>&nbsp;&nbsp;&nbsp;&rArr;&nbsp;&nbsp;&nbsp;<a href="#[db4c0c]">HardFault_Handler</a><BR>
 <LI><a href="#[db4bd0]">MemManage_Handler</a>&nbsp;&nbsp;&nbsp;&rArr;&nbsp;&nbsp;&nbsp;<a href="#[db4bd0]">MemManage_Handler</a><BR>
 <LI><a href="#[db4b94]">BusFault_Handler</a>&nbsp;&nbsp;&nbsp;&rArr;&nbsp;&nbsp;&nbsp;<a href="#[db4b94]">BusFault_Handler</a><BR>
 <LI><a href="#[db4b58]">UsageFault_Handler</a>&nbsp;&nbsp;&nbsp;&rArr;&nbsp;&nbsp;&nbsp;<a href="#[db4b58]">UsageFault_Handler</a><BR>
 <LI><a href="#[db4b1c]">SVC_Handler</a>&nbsp;&nbsp;&nbsp;&rArr;&nbsp;&nbsp;&nbsp;<a href="#[db4b1c]">SVC_Handler</a><BR>
 <LI><a href="#[db4ae0]">DebugMon_Handler</a>&nbsp;&nbsp;&nbsp;&rArr;&nbsp;&nbsp;&nbsp;<a href="#[db4ae0]">DebugMon_Handler</a><BR>
 <LI><a href="#[db4aa4]">PendSV_Handler</a>&nbsp;&nbsp;&nbsp;&rArr;&nbsp;&nbsp;&nbsp;<a href="#[db4aa4]">PendSV_Handler</a><BR>
 <LI><a href="#[db4a68]">SysTick_Handler</a>&nbsp;&nbsp;&nbsp;&rArr;&nbsp;&nbsp;&nbsp;<a href="#[db4a68]">SysTick_Handler</a><BR>
 <LI><a href="#[db4a2c]">ADC_IRQHandler</a>&nbsp;&nbsp;&nbsp;&rArr;&nbsp;&nbsp;&nbsp;<a href="#[db4a2c]">ADC_IRQHandler</a><BR>
 <LI><a href="#[db5c74]">sys_error</a>&nbsp;&nbsp;&nbsp;&rArr;&nbsp;&nbsp;&nbsp;<a href="#[db5c74]">sys_error</a><BR>
 <LI><a href="#[db86e0]">mem_test</a>&nbsp;&nbsp;&nbsp;&rArr;&nbsp;&nbsp;&nbsp;<a href="#[db86e0]">mem_test</a><BR>
 <LI><a href="#[daea50]">str_up_case</a>&nbsp;&nbsp;&nbsp;&rArr;&nbsp;&nbsp;&nbsp;<a href="#[daea50]">str_up_case</a><BR>
</UL>
<P>
<H3>
Function Pointers
</H3><UL>
 <LI><a href="#[db4c84]">Reset_Handler</a>
 <LI><a href="#[db4c48]">NMI_Handler</a>
 <LI><a href="#[db4c0c]">HardFault_Handler</a>
 <LI><a href="#[db4bd0]">MemManage_Handler</a>
 <LI><a href="#[db4b94]">BusFault_Handler</a>
 <LI><a href="#[db4b58]">UsageFault_Handler</a>
 <LI><a href="#[db4b1c]">SVC_Handler</a>
 <LI><a href="#[db4ae0]">DebugMon_Handler</a>
 <LI><a href="#[db4aa4]">PendSV_Handler</a>
 <LI><a href="#[db4a68]">SysTick_Handler</a>
 <LI><a href="#[db4234]">WDT_IRQHandler</a>
 <LI><a href="#[db448c]">TIMER0_IRQHandler</a>
 <LI><a href="#[db4450]">TIMER1_IRQHandler</a>
 <LI><a href="#[db4414]">TIMER2_IRQHandler</a>
 <LI><a href="#[db43d8]">TIMER3_IRQHandler</a>
 <LI><a href="#[db439c]">UART0_IRQHandler</a>
 <LI><a href="#[db4360]">UART1_IRQHandler</a>
 <LI><a href="#[db4324]">UART2_IRQHandler</a>
 <LI><a href="#[db42e8]">UART3_IRQHandler</a>
 <LI><a href="#[db4630]">PWM1_IRQHandler</a>
 <LI><a href="#[db47d4]">I2C0_IRQHandler</a>
 <LI><a href="#[db4798]">I2C1_IRQHandler</a>
 <LI><a href="#[db475c]">I2C2_IRQHandler</a>
 <LI><a href="#[db4540]">SPI_IRQHandler</a>
 <LI><a href="#[db4504]">SSP0_IRQHandler</a>
 <LI><a href="#[db44c8]">SSP1_IRQHandler</a>
 <LI><a href="#[db46a8]">PLL0_IRQHandler</a>
 <LI><a href="#[db457c]">RTC_IRQHandler</a>
 <LI><a href="#[db4900]">EINT0_IRQHandler</a>
 <LI><a href="#[db48c4]">EINT1_IRQHandler</a>
 <LI><a href="#[db4888]">EINT2_IRQHandler</a>
 <LI><a href="#[db484c]">EINT3_IRQHandler</a>
 <LI><a href="#[db4a2c]">ADC_IRQHandler</a>
 <LI><a href="#[db49f0]">BOD_IRQHandler</a>
 <LI><a href="#[db4270]">USB_IRQHandler</a>
 <LI><a href="#[db4978]">CAN_IRQHandler</a>
 <LI><a href="#[db493c]">DMA_IRQHandler</a>
 <LI><a href="#[db4720]">I2S_IRQHandler</a>
 <LI><a href="#[db37e4]">ENET_IRQHandler</a>
 <LI><a href="#[db45b8]">RIT_IRQHandler</a>
 <LI><a href="#[db46e4]">MCPWM_IRQHandler</a>
 <LI><a href="#[db45f4]">QEI_IRQHandler</a>
 <LI><a href="#[db466c]">PLL1_IRQHandler</a>
 <LI><a href="#[db42ac]">USBActivity_IRQHandler</a>
 <LI><a href="#[db49b4]">CANActivity_IRQHandler</a>
 <LI><a href="#[db8aa0]">main</a>
 <LI><a href="#[dab4a4]">__main</a>
 <LI><a href="#[14cde88]">_sgetc</a>
 <LI><a href="#[14cde4c]">_sbackspace</a>
 <LI><a href="#[14ce02c]">_scanf_char_input</a>
 <LI><a href="#[14cc484]">isspace</a>
 <LI><a href="#[db8b90]">fputc</a>
 <LI><a href="#[14d08b8]">_sputc</a>
 <LI><a href="#[db8b90]">fputc</a>
 <LI><a href="#[dae4ec]">dhcp_listener</a>
 <LI><a href="#[daf3ec]">http_listener</a>
 <LI><a href="#[daea8c]">nbns_listener</a>
</UL>
<P>
<H3>
Global Symbols
</H3>
<P><STRONG><a name="[dab4a4]"></a>__main</STRONG> (Thumb, 0 bytes, Stack size unknown bytes, entry.o(.ARM.Collect$$$$00000000))
<BR>[Address Reference Count : 1]<UL><LI> startup_lpc17xx.o(.text)
</UL>
<P><STRONG><a name="[14ceaf4]"></a>_main_stk</STRONG> (Thumb, 0 bytes, Stack size unknown bytes, entry2.o(.ARM.Collect$$$$00000001))

<P><STRONG><a name="[14ce9c8]"></a>_main_scatterload</STRONG> (Thumb, 0 bytes, Stack size unknown bytes, entry5.o(.ARM.Collect$$$$00000004))
<BR><BR>[Calls]<UL><LI><a href="#[14cd5dc]">&gt;&gt;</a>&nbsp;&nbsp;&nbsp;__scatterload
</UL>

<P><STRONG><a name="[14ce98c]"></a>__main_after_scatterload</STRONG> (Thumb, 0 bytes, Stack size unknown bytes, entry5.o(.ARM.Collect$$$$00000004))
<BR><BR>[Called By]<UL><LI><a href="#[14cd5dc]">&gt;&gt;</a>&nbsp;&nbsp;&nbsp;__scatterload
</UL>

<P><STRONG><a name="[14ce89c]"></a>_main_init</STRONG> (Thumb, 0 bytes, Stack size unknown bytes, entry7.o(.ARM.Collect$$$$00000007))

<P><STRONG><a name="[db277c]"></a>wait</STRONG> (Thumb, 4 bytes, Stack size 0 bytes, glcd_lpc1700.o(.emb_text))
<BR><BR>[Called By]<UL><LI><a href="#[db2c68]">&gt;&gt;</a>&nbsp;&nbsp;&nbsp;wr_dat_only
<LI><a href="#[db2ca4]">&gt;&gt;</a>&nbsp;&nbsp;&nbsp;wr_dat
<LI><a href="#[db2ce0]">&gt;&gt;</a>&nbsp;&nbsp;&nbsp;wr_cmd
</UL>

<P><STRONG><a name="[db5c74]"></a>sys_error</STRONG> (Thumb, 2 bytes, Stack size 0 bytes, net_config.o(.text))
<BR><BR>[Calls]<UL><LI><a href="#[db5c74]">&gt;&gt;</a>&nbsp;&nbsp;&nbsp;sys_error
</UL>
<BR>[Called By]<UL><LI><a href="#[db079c]">&gt;&gt;</a>&nbsp;&nbsp;&nbsp;udp_get_socket
<LI><a href="#[db12dc]">&gt;&gt;</a>&nbsp;&nbsp;&nbsp;tcp_get_socket
<LI><a href="#[db592c]">&gt;&gt;</a>&nbsp;&nbsp;&nbsp;process_tcp
<LI><a href="#[db5c74]">&gt;&gt;</a>&nbsp;&nbsp;&nbsp;sys_error
<LI><a href="#[db74d4]">&gt;&gt;</a>&nbsp;&nbsp;&nbsp;free_mem
<LI><a href="#[db7510]">&gt;&gt;</a>&nbsp;&nbsp;&nbsp;alloc_mem
</UL>

<P><STRONG><a name="[db5c38]"></a>init_system</STRONG> (Thumb, 30 bytes, Stack size 8 bytes, net_config.o(.text))
<BR><BR>[Stack]<UL><LI>Max Depth = 112<LI>Call Chain = init_system &rArr; init_http &rArr; tcp_get_socket &rArr; __error__ &rArr; __2printf
</UL>
<BR>[Calls]<UL><LI><a href="#[db5968]">&gt;&gt;</a>&nbsp;&nbsp;&nbsp;init_udp
<LI><a href="#[db59a4]">&gt;&gt;</a>&nbsp;&nbsp;&nbsp;init_tcp
<LI><a href="#[db59e0]">&gt;&gt;</a>&nbsp;&nbsp;&nbsp;init_nbns
<LI><a href="#[db5a1c]">&gt;&gt;</a>&nbsp;&nbsp;&nbsp;init_http
<LI><a href="#[db5a58]">&gt;&gt;</a>&nbsp;&nbsp;&nbsp;init_eth_link
<LI><a href="#[db5a94]">&gt;&gt;</a>&nbsp;&nbsp;&nbsp;init_dhcp
</UL>
<BR>[Called By]<UL><LI><a href="#[db8794]">&gt;&gt;</a>&nbsp;&nbsp;&nbsp;init_TcpNet
</UL>

<P><STRONG><a name="[db5bfc]"></a>run_system</STRONG> (Thumb, 22 bytes, Stack size 8 bytes, net_config.o(.text))
<BR><BR>[Stack]<UL><LI>Max Depth = 352<LI>Call Chain = run_system &rArr; run_eth_link &rArr; process_hl_tcp &rArr; process_tcp &rArr; tcp_send_reset &rArr; tcp_send_ctrl &rArr; tcp_send_frame &rArr; ip_send_frame &rArr; dispatch_frame &rArr; eth_send_frame &rArr; arp_cache_find &rArr; arp_send_req &rArr; alloc_mem &rArr; __error__ &rArr; __2printf
</UL>
<BR>[Calls]<UL><LI><a href="#[db5800]">&gt;&gt;</a>&nbsp;&nbsp;&nbsp;tcp_poll_sockets
<LI><a href="#[db583c]">&gt;&gt;</a>&nbsp;&nbsp;&nbsp;run_http_server
<LI><a href="#[db5878]">&gt;&gt;</a>&nbsp;&nbsp;&nbsp;run_eth_link
<LI><a href="#[db58b4]">&gt;&gt;</a>&nbsp;&nbsp;&nbsp;run_dhcp_client
</UL>
<BR>[Called By]<UL><LI><a href="#[db871c]">&gt;&gt;</a>&nbsp;&nbsp;&nbsp;main_TcpNet
</UL>

<P><STRONG><a name="[db5bc0]"></a>process_hl_udp</STRONG> (Thumb, 4 bytes, Stack size 0 bytes, net_config.o(.text))
<BR><BR>[Stack]<UL><LI>Max Depth = 80<LI>Call Chain = process_hl_udp &rArr; process_udp &rArr; __error__ &rArr; __2printf
</UL>
<BR>[Calls]<UL><LI><a href="#[db58f0]">&gt;&gt;</a>&nbsp;&nbsp;&nbsp;process_udp
</UL>
<BR>[Called By]<UL><LI><a href="#[db5878]">&gt;&gt;</a>&nbsp;&nbsp;&nbsp;run_eth_link
</UL>

<P><STRONG><a name="[db5b84]"></a>process_hl_tcp</STRONG> (Thumb, 4 bytes, Stack size 0 bytes, net_config.o(.text))
<BR><BR>[Stack]<UL><LI>Max Depth = 312<LI>Call Chain = process_hl_tcp &rArr; process_tcp &rArr; tcp_send_reset &rArr; tcp_send_ctrl &rArr; tcp_send_frame &rArr; ip_send_frame &rArr; dispatch_frame &rArr; eth_send_frame &rArr; arp_cache_find &rArr; arp_send_req &rArr; alloc_mem &rArr; __error__ &rArr; __2printf
</UL>
<BR>[Calls]<UL><LI><a href="#[db592c]">&gt;&gt;</a>&nbsp;&nbsp;&nbsp;process_tcp
</UL>
<BR>[Called By]<UL><LI><a href="#[db5878]">&gt;&gt;</a>&nbsp;&nbsp;&nbsp;run_eth_link
</UL>

<P><STRONG><a name="[db5b48]"></a>dispatch_frame</STRONG> (Thumb, 10 bytes, Stack size 0 bytes, net_config.o(.text))
<BR><BR>[Stack]<UL><LI>Max Depth = 168<LI>Call Chain = dispatch_frame &rArr; eth_send_frame &rArr; arp_cache_find &rArr; arp_send_req &rArr; alloc_mem &rArr; __error__ &rArr; __2printf
</UL>
<BR>[Calls]<UL><LI><a href="#[db5ad0]">&gt;&gt;</a>&nbsp;&nbsp;&nbsp;eth_send_frame
</UL>
<BR>[Called By]<UL><LI><a href="#[db0f94]">&gt;&gt;</a>&nbsp;&nbsp;&nbsp;ip_send_frame
</UL>

<P><STRONG><a name="[db5b0c]"></a>igmp_is_member</STRONG> (Thumb, 4 bytes, Stack size 0 bytes, net_config.o(.text))
<BR><BR>[Called By]<UL><LI><a href="#[dadc40]">&gt;&gt;</a>&nbsp;&nbsp;&nbsp;ip_chk_frame
</UL>

<P><STRONG><a name="[db51e8]"></a>init_debug</STRONG> (Thumb, 2 bytes, Stack size 0 bytes, net_debug.o(.text))
<BR><BR>[Called By]<UL><LI><a href="#[db8794]">&gt;&gt;</a>&nbsp;&nbsp;&nbsp;init_TcpNet
</UL>

<P><STRONG><a name="[db51ac]"></a>__debug__</STRONG> (Thumb, 22 bytes, Stack size 24 bytes, net_debug.o(.text))
<BR><BR>[Stack]<UL><LI>Max Depth = 24<LI>Call Chain = __debug__
</UL>
<BR>[Calls]<UL><LI><a href="#[14d01ec]">&gt;&gt;</a>&nbsp;&nbsp;&nbsp;__c89vprintf
</UL>
<BR>[Called By]<UL><LI><a href="#[daba44]">&gt;&gt;</a>&nbsp;&nbsp;&nbsp;debug_info
<LI><a href="#[dabeb8]">&gt;&gt;</a>&nbsp;&nbsp;&nbsp;debug_info
<LI><a href="#[dabef4]">&gt;&gt;</a>&nbsp;&nbsp;&nbsp;arp_send_req
<LI><a href="#[dabf30]">&gt;&gt;</a>&nbsp;&nbsp;&nbsp;arp_send_reply
<LI><a href="#[dabf6c]">&gt;&gt;</a>&nbsp;&nbsp;&nbsp;arp_get_response
<LI><a href="#[daca70]">&gt;&gt;</a>&nbsp;&nbsp;&nbsp;init_mem
<LI><a href="#[dadb8c]">&gt;&gt;</a>&nbsp;&nbsp;&nbsp;process_icmp
<LI><a href="#[dadbc8]">&gt;&gt;</a>&nbsp;&nbsp;&nbsp;process_arp
<LI><a href="#[dadc40]">&gt;&gt;</a>&nbsp;&nbsp;&nbsp;ip_chk_frame
<LI><a href="#[dadc7c]">&gt;&gt;</a>&nbsp;&nbsp;&nbsp;init_arp
<LI><a href="#[dadcf4]">&gt;&gt;</a>&nbsp;&nbsp;&nbsp;arp_cache_update
<LI><a href="#[dadd30]">&gt;&gt;</a>&nbsp;&nbsp;&nbsp;arp_cache_find
<LI><a href="#[dadd6c]">&gt;&gt;</a>&nbsp;&nbsp;&nbsp;arp_cache_add
<LI><a href="#[dae438]">&gt;&gt;</a>&nbsp;&nbsp;&nbsp;proc_opt_req
<LI><a href="#[dae4b0]">&gt;&gt;</a>&nbsp;&nbsp;&nbsp;dhcp_send_message
<LI><a href="#[dae4ec]">&gt;&gt;</a>&nbsp;&nbsp;&nbsp;dhcp_listener
<LI><a href="#[dae528]">&gt;&gt;</a>&nbsp;&nbsp;&nbsp;debug_inf2
<LI><a href="#[daea8c]">&gt;&gt;</a>&nbsp;&nbsp;&nbsp;nbns_listener
<LI><a href="#[daf2fc]">&gt;&gt;</a>&nbsp;&nbsp;&nbsp;http_proc_post
<LI><a href="#[daf338]">&gt;&gt;</a>&nbsp;&nbsp;&nbsp;http_proc_multipart
<LI><a href="#[daf374]">&gt;&gt;</a>&nbsp;&nbsp;&nbsp;http_proc_header
<LI><a href="#[daf3b0]">&gt;&gt;</a>&nbsp;&nbsp;&nbsp;http_open_file
<LI><a href="#[daf3ec]">&gt;&gt;</a>&nbsp;&nbsp;&nbsp;http_listener
<LI><a href="#[daf608]">&gt;&gt;</a>&nbsp;&nbsp;&nbsp;chk_post_rq
<LI><a href="#[db06ac]">&gt;&gt;</a>&nbsp;&nbsp;&nbsp;udp_send
<LI><a href="#[db0724]">&gt;&gt;</a>&nbsp;&nbsp;&nbsp;udp_open
<LI><a href="#[db079c]">&gt;&gt;</a>&nbsp;&nbsp;&nbsp;udp_get_socket
<LI><a href="#[db0814]">&gt;&gt;</a>&nbsp;&nbsp;&nbsp;udp_close
<LI><a href="#[db0850]">&gt;&gt;</a>&nbsp;&nbsp;&nbsp;debug_info
<LI><a href="#[db0ee0]">&gt;&gt;</a>&nbsp;&nbsp;&nbsp;resize_mem
<LI><a href="#[db0f94]">&gt;&gt;</a>&nbsp;&nbsp;&nbsp;ip_send_frame
<LI><a href="#[db1174]">&gt;&gt;</a>&nbsp;&nbsp;&nbsp;tcp_send
<LI><a href="#[db1264]">&gt;&gt;</a>&nbsp;&nbsp;&nbsp;tcp_listen
<LI><a href="#[db12dc]">&gt;&gt;</a>&nbsp;&nbsp;&nbsp;tcp_get_socket
<LI><a href="#[db1408]">&gt;&gt;</a>&nbsp;&nbsp;&nbsp;tcp_close
<LI><a href="#[db1480]">&gt;&gt;</a>&nbsp;&nbsp;&nbsp;tcp_abort
<LI><a href="#[db1534]">&gt;&gt;</a>&nbsp;&nbsp;&nbsp;tcp_send_reset
<LI><a href="#[db1570]">&gt;&gt;</a>&nbsp;&nbsp;&nbsp;tcp_send_frame
<LI><a href="#[db15ac]">&gt;&gt;</a>&nbsp;&nbsp;&nbsp;tcp_send_ctrl
<LI><a href="#[db15e8]">&gt;&gt;</a>&nbsp;&nbsp;&nbsp;tcp_process_opt
<LI><a href="#[db1624]">&gt;&gt;</a>&nbsp;&nbsp;&nbsp;tcp_map_socket
<LI><a href="#[db169c]">&gt;&gt;</a>&nbsp;&nbsp;&nbsp;debug_info
<LI><a href="#[db5800]">&gt;&gt;</a>&nbsp;&nbsp;&nbsp;tcp_poll_sockets
<LI><a href="#[db583c]">&gt;&gt;</a>&nbsp;&nbsp;&nbsp;run_http_server
<LI><a href="#[db5878]">&gt;&gt;</a>&nbsp;&nbsp;&nbsp;run_eth_link
<LI><a href="#[db58b4]">&gt;&gt;</a>&nbsp;&nbsp;&nbsp;run_dhcp_client
<LI><a href="#[db58f0]">&gt;&gt;</a>&nbsp;&nbsp;&nbsp;process_udp
<LI><a href="#[db592c]">&gt;&gt;</a>&nbsp;&nbsp;&nbsp;process_tcp
<LI><a href="#[db5968]">&gt;&gt;</a>&nbsp;&nbsp;&nbsp;init_udp
<LI><a href="#[db59a4]">&gt;&gt;</a>&nbsp;&nbsp;&nbsp;init_tcp
<LI><a href="#[db59e0]">&gt;&gt;</a>&nbsp;&nbsp;&nbsp;init_nbns
<LI><a href="#[db5a1c]">&gt;&gt;</a>&nbsp;&nbsp;&nbsp;init_http
<LI><a href="#[db5a58]">&gt;&gt;</a>&nbsp;&nbsp;&nbsp;init_eth_link
<LI><a href="#[db5a94]">&gt;&gt;</a>&nbsp;&nbsp;&nbsp;init_dhcp
<LI><a href="#[db5ad0]">&gt;&gt;</a>&nbsp;&nbsp;&nbsp;eth_send_frame
<LI><a href="#[db74d4]">&gt;&gt;</a>&nbsp;&nbsp;&nbsp;free_mem
<LI><a href="#[db7510]">&gt;&gt;</a>&nbsp;&nbsp;&nbsp;alloc_mem
<LI><a href="#[db87d0]">&gt;&gt;</a>&nbsp;&nbsp;&nbsp;dhcp_disable
</UL>

<P><STRONG><a name="[db5170]"></a>__error__</STRONG> (Thumb, 82 bytes, Stack size 24 bytes, net_debug.o(.text))
<BR><BR>[Stack]<UL><LI>Max Depth = 48<LI>Call Chain = __error__ &rArr; __2printf
</UL>
<BR>[Calls]<UL><LI><a href="#[14d01ec]">&gt;&gt;</a>&nbsp;&nbsp;&nbsp;__c89vprintf
<LI><a href="#[14d06d8]">&gt;&gt;</a>&nbsp;&nbsp;&nbsp;__2printf
</UL>
<BR>[Called By]<UL><LI><a href="#[dabf6c]">&gt;&gt;</a>&nbsp;&nbsp;&nbsp;arp_get_response
<LI><a href="#[dadb8c]">&gt;&gt;</a>&nbsp;&nbsp;&nbsp;process_icmp
<LI><a href="#[dadbc8]">&gt;&gt;</a>&nbsp;&nbsp;&nbsp;process_arp
<LI><a href="#[dadc40]">&gt;&gt;</a>&nbsp;&nbsp;&nbsp;ip_chk_frame
<LI><a href="#[dadd30]">&gt;&gt;</a>&nbsp;&nbsp;&nbsp;arp_cache_find
<LI><a href="#[dadd6c]">&gt;&gt;</a>&nbsp;&nbsp;&nbsp;arp_cache_add
<LI><a href="#[dae4ec]">&gt;&gt;</a>&nbsp;&nbsp;&nbsp;dhcp_listener
<LI><a href="#[daea8c]">&gt;&gt;</a>&nbsp;&nbsp;&nbsp;nbns_listener
<LI><a href="#[daf2fc]">&gt;&gt;</a>&nbsp;&nbsp;&nbsp;http_proc_post
<LI><a href="#[daf3ec]">&gt;&gt;</a>&nbsp;&nbsp;&nbsp;http_listener
<LI><a href="#[db06ac]">&gt;&gt;</a>&nbsp;&nbsp;&nbsp;udp_send
<LI><a href="#[db0724]">&gt;&gt;</a>&nbsp;&nbsp;&nbsp;udp_open
<LI><a href="#[db079c]">&gt;&gt;</a>&nbsp;&nbsp;&nbsp;udp_get_socket
<LI><a href="#[db0814]">&gt;&gt;</a>&nbsp;&nbsp;&nbsp;udp_close
<LI><a href="#[db0f94]">&gt;&gt;</a>&nbsp;&nbsp;&nbsp;ip_send_frame
<LI><a href="#[db1174]">&gt;&gt;</a>&nbsp;&nbsp;&nbsp;tcp_send
<LI><a href="#[db1264]">&gt;&gt;</a>&nbsp;&nbsp;&nbsp;tcp_listen
<LI><a href="#[db12dc]">&gt;&gt;</a>&nbsp;&nbsp;&nbsp;tcp_get_socket
<LI><a href="#[db1408]">&gt;&gt;</a>&nbsp;&nbsp;&nbsp;tcp_close
<LI><a href="#[db1480]">&gt;&gt;</a>&nbsp;&nbsp;&nbsp;tcp_abort
<LI><a href="#[db1570]">&gt;&gt;</a>&nbsp;&nbsp;&nbsp;tcp_send_frame
<LI><a href="#[db1624]">&gt;&gt;</a>&nbsp;&nbsp;&nbsp;tcp_map_socket
<LI><a href="#[db5800]">&gt;&gt;</a>&nbsp;&nbsp;&nbsp;tcp_poll_sockets
<LI><a href="#[db583c]">&gt;&gt;</a>&nbsp;&nbsp;&nbsp;run_http_server
<LI><a href="#[db58b4]">&gt;&gt;</a>&nbsp;&nbsp;&nbsp;run_dhcp_client
<LI><a href="#[db58f0]">&gt;&gt;</a>&nbsp;&nbsp;&nbsp;process_udp
<LI><a href="#[db592c]">&gt;&gt;</a>&nbsp;&nbsp;&nbsp;process_tcp
<LI><a href="#[db59e0]">&gt;&gt;</a>&nbsp;&nbsp;&nbsp;init_nbns
<LI><a href="#[db5a1c]">&gt;&gt;</a>&nbsp;&nbsp;&nbsp;init_http
<LI><a href="#[db5a94]">&gt;&gt;</a>&nbsp;&nbsp;&nbsp;init_dhcp
<LI><a href="#[db5ad0]">&gt;&gt;</a>&nbsp;&nbsp;&nbsp;eth_send_frame
<LI><a href="#[db74d4]">&gt;&gt;</a>&nbsp;&nbsp;&nbsp;free_mem
<LI><a href="#[db7510]">&gt;&gt;</a>&nbsp;&nbsp;&nbsp;alloc_mem
</UL>

<P><STRONG><a name="[db4c84]"></a>Reset_Handler</STRONG> (Thumb, 4 bytes, Stack size 0 bytes, startup_lpc17xx.o(.text))
<BR>[Address Reference Count : 1]<UL><LI> startup_lpc17xx.o(RESET)
</UL>
<P><STRONG><a name="[db4c48]"></a>NMI_Handler</STRONG> (Thumb, 2 bytes, Stack size 0 bytes, startup_lpc17xx.o(.text))
<BR><BR>[Calls]<UL><LI><a href="#[db4c48]">&gt;&gt;</a>&nbsp;&nbsp;&nbsp;NMI_Handler
</UL>
<BR>[Called By]<UL><LI><a href="#[db4c48]">&gt;&gt;</a>&nbsp;&nbsp;&nbsp;NMI_Handler
</UL>
<BR>[Address Reference Count : 1]<UL><LI> startup_lpc17xx.o(RESET)
</UL>
<P><STRONG><a name="[db4c0c]"></a>HardFault_Handler</STRONG> (Thumb, 2 bytes, Stack size 0 bytes, startup_lpc17xx.o(.text))
<BR><BR>[Calls]<UL><LI><a href="#[db4c0c]">&gt;&gt;</a>&nbsp;&nbsp;&nbsp;HardFault_Handler
</UL>
<BR>[Called By]<UL><LI><a href="#[db4c0c]">&gt;&gt;</a>&nbsp;&nbsp;&nbsp;HardFault_Handler
</UL>
<BR>[Address Reference Count : 1]<UL><LI> startup_lpc17xx.o(RESET)
</UL>
<P><STRONG><a name="[db4bd0]"></a>MemManage_Handler</STRONG> (Thumb, 2 bytes, Stack size 0 bytes, startup_lpc17xx.o(.text))
<BR><BR>[Calls]<UL><LI><a href="#[db4bd0]">&gt;&gt;</a>&nbsp;&nbsp;&nbsp;MemManage_Handler
</UL>
<BR>[Called By]<UL><LI><a href="#[db4bd0]">&gt;&gt;</a>&nbsp;&nbsp;&nbsp;MemManage_Handler
</UL>
<BR>[Address Reference Count : 1]<UL><LI> startup_lpc17xx.o(RESET)
</UL>
<P><STRONG><a name="[db4b94]"></a>BusFault_Handler</STRONG> (Thumb, 2 bytes, Stack size 0 bytes, startup_lpc17xx.o(.text))
<BR><BR>[Calls]<UL><LI><a href="#[db4b94]">&gt;&gt;</a>&nbsp;&nbsp;&nbsp;BusFault_Handler
</UL>
<BR>[Called By]<UL><LI><a href="#[db4b94]">&gt;&gt;</a>&nbsp;&nbsp;&nbsp;BusFault_Handler
</UL>
<BR>[Address Reference Count : 1]<UL><LI> startup_lpc17xx.o(RESET)
</UL>
<P><STRONG><a name="[db4b58]"></a>UsageFault_Handler</STRONG> (Thumb, 2 bytes, Stack size 0 bytes, startup_lpc17xx.o(.text))
<BR><BR>[Calls]<UL><LI><a href="#[db4b58]">&gt;&gt;</a>&nbsp;&nbsp;&nbsp;UsageFault_Handler
</UL>
<BR>[Called By]<UL><LI><a href="#[db4b58]">&gt;&gt;</a>&nbsp;&nbsp;&nbsp;UsageFault_Handler
</UL>
<BR>[Address Reference Count : 1]<UL><LI> startup_lpc17xx.o(RESET)
</UL>
<P><STRONG><a name="[db4b1c]"></a>SVC_Handler</STRONG> (Thumb, 2 bytes, Stack size 0 bytes, startup_lpc17xx.o(.text))
<BR><BR>[Calls]<UL><LI><a href="#[db4b1c]">&gt;&gt;</a>&nbsp;&nbsp;&nbsp;SVC_Handler
</UL>
<BR>[Called By]<UL><LI><a href="#[db4b1c]">&gt;&gt;</a>&nbsp;&nbsp;&nbsp;SVC_Handler
</UL>
<BR>[Address Reference Count : 1]<UL><LI> startup_lpc17xx.o(RESET)
</UL>
<P><STRONG><a name="[db4ae0]"></a>DebugMon_Handler</STRONG> (Thumb, 2 bytes, Stack size 0 bytes, startup_lpc17xx.o(.text))
<BR><BR>[Calls]<UL><LI><a href="#[db4ae0]">&gt;&gt;</a>&nbsp;&nbsp;&nbsp;DebugMon_Handler
</UL>
<BR>[Called By]<UL><LI><a href="#[db4ae0]">&gt;&gt;</a>&nbsp;&nbsp;&nbsp;DebugMon_Handler
</UL>
<BR>[Address Reference Count : 1]<UL><LI> startup_lpc17xx.o(RESET)
</UL>
<P><STRONG><a name="[db4aa4]"></a>PendSV_Handler</STRONG> (Thumb, 2 bytes, Stack size 0 bytes, startup_lpc17xx.o(.text))
<BR><BR>[Calls]<UL><LI><a href="#[db4aa4]">&gt;&gt;</a>&nbsp;&nbsp;&nbsp;PendSV_Handler
</UL>
<BR>[Called By]<UL><LI><a href="#[db4aa4]">&gt;&gt;</a>&nbsp;&nbsp;&nbsp;PendSV_Handler
</UL>
<BR>[Address Reference Count : 1]<UL><LI> startup_lpc17xx.o(RESET)
</UL>
<P><STRONG><a name="[db4a68]"></a>SysTick_Handler</STRONG> (Thumb, 2 bytes, Stack size 0 bytes, startup_lpc17xx.o(.text))
<BR><BR>[Calls]<UL><LI><a href="#[db4a68]">&gt;&gt;</a>&nbsp;&nbsp;&nbsp;SysTick_Handler
</UL>
<BR>[Called By]<UL><LI><a href="#[db4a68]">&gt;&gt;</a>&nbsp;&nbsp;&nbsp;SysTick_Handler
</UL>
<BR>[Address Reference Count : 1]<UL><LI> startup_lpc17xx.o(RESET)
</UL>
<P><STRONG><a name="[db4a2c]"></a>ADC_IRQHandler</STRONG> (Thumb, 0 bytes, Stack size 0 bytes, startup_lpc17xx.o(.text))
<BR><BR>[Calls]<UL><LI><a href="#[db4a2c]">&gt;&gt;</a>&nbsp;&nbsp;&nbsp;ADC_IRQHandler
</UL>
<BR>[Called By]<UL><LI><a href="#[db4a2c]">&gt;&gt;</a>&nbsp;&nbsp;&nbsp;ADC_IRQHandler
</UL>
<BR>[Address Reference Count : 1]<UL><LI> startup_lpc17xx.o(RESET)
</UL>
<P><STRONG><a name="[db49f0]"></a>BOD_IRQHandler</STRONG> (Thumb, 0 bytes, Stack size 0 bytes, startup_lpc17xx.o(.text))
<BR>[Address Reference Count : 1]<UL><LI> startup_lpc17xx.o(RESET)
</UL>
<P><STRONG><a name="[db49b4]"></a>CANActivity_IRQHandler</STRONG> (Thumb, 0 bytes, Stack size 0 bytes, startup_lpc17xx.o(.text))
<BR>[Address Reference Count : 1]<UL><LI> startup_lpc17xx.o(RESET)
</UL>
<P><STRONG><a name="[db4978]"></a>CAN_IRQHandler</STRONG> (Thumb, 0 bytes, Stack size 0 bytes, startup_lpc17xx.o(.text))
<BR>[Address Reference Count : 1]<UL><LI> startup_lpc17xx.o(RESET)
</UL>
<P><STRONG><a name="[db493c]"></a>DMA_IRQHandler</STRONG> (Thumb, 0 bytes, Stack size 0 bytes, startup_lpc17xx.o(.text))
<BR>[Address Reference Count : 1]<UL><LI> startup_lpc17xx.o(RESET)
</UL>
<P><STRONG><a name="[db4900]"></a>EINT0_IRQHandler</STRONG> (Thumb, 0 bytes, Stack size 0 bytes, startup_lpc17xx.o(.text))
<BR>[Address Reference Count : 1]<UL><LI> startup_lpc17xx.o(RESET)
</UL>
<P><STRONG><a name="[db48c4]"></a>EINT1_IRQHandler</STRONG> (Thumb, 0 bytes, Stack size 0 bytes, startup_lpc17xx.o(.text))
<BR>[Address Reference Count : 1]<UL><LI> startup_lpc17xx.o(RESET)
</UL>
<P><STRONG><a name="[db4888]"></a>EINT2_IRQHandler</STRONG> (Thumb, 0 bytes, Stack size 0 bytes, startup_lpc17xx.o(.text))
<BR>[Address Reference Count : 1]<UL><LI> startup_lpc17xx.o(RESET)
</UL>
<P><STRONG><a name="[db484c]"></a>EINT3_IRQHandler</STRONG> (Thumb, 0 bytes, Stack size 0 bytes, startup_lpc17xx.o(.text))
<BR>[Address Reference Count : 1]<UL><LI> startup_lpc17xx.o(RESET)
</UL>
<P><STRONG><a name="[db47d4]"></a>I2C0_IRQHandler</STRONG> (Thumb, 0 bytes, Stack size 0 bytes, startup_lpc17xx.o(.text))
<BR>[Address Reference Count : 1]<UL><LI> startup_lpc17xx.o(RESET)
</UL>
<P><STRONG><a name="[db4798]"></a>I2C1_IRQHandler</STRONG> (Thumb, 0 bytes, Stack size 0 bytes, startup_lpc17xx.o(.text))
<BR>[Address Reference Count : 1]<UL><LI> startup_lpc17xx.o(RESET)
</UL>
<P><STRONG><a name="[db475c]"></a>I2C2_IRQHandler</STRONG> (Thumb, 0 bytes, Stack size 0 bytes, startup_lpc17xx.o(.text))
<BR>[Address Reference Count : 1]<UL><LI> startup_lpc17xx.o(RESET)
</UL>
<P><STRONG><a name="[db4720]"></a>I2S_IRQHandler</STRONG> (Thumb, 0 bytes, Stack size 0 bytes, startup_lpc17xx.o(.text))
<BR>[Address Reference Count : 1]<UL><LI> startup_lpc17xx.o(RESET)
</UL>
<P><STRONG><a name="[db46e4]"></a>MCPWM_IRQHandler</STRONG> (Thumb, 0 bytes, Stack size 0 bytes, startup_lpc17xx.o(.text))
<BR>[Address Reference Count : 1]<UL><LI> startup_lpc17xx.o(RESET)
</UL>
<P><STRONG><a name="[db46a8]"></a>PLL0_IRQHandler</STRONG> (Thumb, 0 bytes, Stack size 0 bytes, startup_lpc17xx.o(.text))
<BR>[Address Reference Count : 1]<UL><LI> startup_lpc17xx.o(RESET)
</UL>
<P><STRONG><a name="[db466c]"></a>PLL1_IRQHandler</STRONG> (Thumb, 0 bytes, Stack size 0 bytes, startup_lpc17xx.o(.text))
<BR>[Address Reference Count : 1]<UL><LI> startup_lpc17xx.o(RESET)
</UL>
<P><STRONG><a name="[db4630]"></a>PWM1_IRQHandler</STRONG> (Thumb, 0 bytes, Stack size 0 bytes, startup_lpc17xx.o(.text))
<BR>[Address Reference Count : 1]<UL><LI> startup_lpc17xx.o(RESET)
</UL>
<P><STRONG><a name="[db45f4]"></a>QEI_IRQHandler</STRONG> (Thumb, 0 bytes, Stack size 0 bytes, startup_lpc17xx.o(.text))
<BR>[Address Reference Count : 1]<UL><LI> startup_lpc17xx.o(RESET)
</UL>
<P><STRONG><a name="[db45b8]"></a>RIT_IRQHandler</STRONG> (Thumb, 0 bytes, Stack size 0 bytes, startup_lpc17xx.o(.text))
<BR>[Address Reference Count : 1]<UL><LI> startup_lpc17xx.o(RESET)
</UL>
<P><STRONG><a name="[db457c]"></a>RTC_IRQHandler</STRONG> (Thumb, 0 bytes, Stack size 0 bytes, startup_lpc17xx.o(.text))
<BR>[Address Reference Count : 1]<UL><LI> startup_lpc17xx.o(RESET)
</UL>
<P><STRONG><a name="[db4540]"></a>SPI_IRQHandler</STRONG> (Thumb, 0 bytes, Stack size 0 bytes, startup_lpc17xx.o(.text))
<BR>[Address Reference Count : 1]<UL><LI> startup_lpc17xx.o(RESET)
</UL>
<P><STRONG><a name="[db4504]"></a>SSP0_IRQHandler</STRONG> (Thumb, 0 bytes, Stack size 0 bytes, startup_lpc17xx.o(.text))
<BR>[Address Reference Count : 1]<UL><LI> startup_lpc17xx.o(RESET)
</UL>
<P><STRONG><a name="[db44c8]"></a>SSP1_IRQHandler</STRONG> (Thumb, 0 bytes, Stack size 0 bytes, startup_lpc17xx.o(.text))
<BR>[Address Reference Count : 1]<UL><LI> startup_lpc17xx.o(RESET)
</UL>
<P><STRONG><a name="[db448c]"></a>TIMER0_IRQHandler</STRONG> (Thumb, 0 bytes, Stack size 0 bytes, startup_lpc17xx.o(.text))
<BR>[Address Reference Count : 1]<UL><LI> startup_lpc17xx.o(RESET)
</UL>
<P><STRONG><a name="[db4450]"></a>TIMER1_IRQHandler</STRONG> (Thumb, 0 bytes, Stack size 0 bytes, startup_lpc17xx.o(.text))
<BR>[Address Reference Count : 1]<UL><LI> startup_lpc17xx.o(RESET)
</UL>
<P><STRONG><a name="[db4414]"></a>TIMER2_IRQHandler</STRONG> (Thumb, 0 bytes, Stack size 0 bytes, startup_lpc17xx.o(.text))
<BR>[Address Reference Count : 1]<UL><LI> startup_lpc17xx.o(RESET)
</UL>
<P><STRONG><a name="[db43d8]"></a>TIMER3_IRQHandler</STRONG> (Thumb, 0 bytes, Stack size 0 bytes, startup_lpc17xx.o(.text))
<BR>[Address Reference Count : 1]<UL><LI> startup_lpc17xx.o(RESET)
</UL>
<P><STRONG><a name="[db439c]"></a>UART0_IRQHandler</STRONG> (Thumb, 0 bytes, Stack size 0 bytes, startup_lpc17xx.o(.text))
<BR>[Address Reference Count : 1]<UL><LI> startup_lpc17xx.o(RESET)
</UL>
<P><STRONG><a name="[db4360]"></a>UART1_IRQHandler</STRONG> (Thumb, 0 bytes, Stack size 0 bytes, startup_lpc17xx.o(.text))
<BR>[Address Reference Count : 1]<UL><LI> startup_lpc17xx.o(RESET)
</UL>
<P><STRONG><a name="[db4324]"></a>UART2_IRQHandler</STRONG> (Thumb, 0 bytes, Stack size 0 bytes, startup_lpc17xx.o(.text))
<BR>[Address Reference Count : 1]<UL><LI> startup_lpc17xx.o(RESET)
</UL>
<P><STRONG><a name="[db42e8]"></a>UART3_IRQHandler</STRONG> (Thumb, 0 bytes, Stack size 0 bytes, startup_lpc17xx.o(.text))
<BR>[Address Reference Count : 1]<UL><LI> startup_lpc17xx.o(RESET)
</UL>
<P><STRONG><a name="[db42ac]"></a>USBActivity_IRQHandler</STRONG> (Thumb, 0 bytes, Stack size 0 bytes, startup_lpc17xx.o(.text))
<BR>[Address Reference Count : 1]<UL><LI> startup_lpc17xx.o(RESET)
</UL>
<P><STRONG><a name="[db4270]"></a>USB_IRQHandler</STRONG> (Thumb, 0 bytes, Stack size 0 bytes, startup_lpc17xx.o(.text))
<BR>[Address Reference Count : 1]<UL><LI> startup_lpc17xx.o(RESET)
</UL>
<P><STRONG><a name="[db4234]"></a>WDT_IRQHandler</STRONG> (Thumb, 0 bytes, Stack size 0 bytes, startup_lpc17xx.o(.text))
<BR>[Address Reference Count : 1]<UL><LI> startup_lpc17xx.o(RESET)
</UL>
<P><STRONG><a name="[dab1d4]"></a>strlen</STRONG> (Thumb, 16 bytes, Stack size 0 bytes, strlen.o(.text))
<BR><BR>[Called By]<UL><LI><a href="#[daf20c]">&gt;&gt;</a>&nbsp;&nbsp;&nbsp;read_script_line
<LI><a href="#[daf374]">&gt;&gt;</a>&nbsp;&nbsp;&nbsp;http_proc_header
<LI><a href="#[db7d44]">&gt;&gt;</a>&nbsp;&nbsp;&nbsp;cgi_process_data
</UL>

<P><STRONG><a name="[dab0e4]"></a>strcmp</STRONG> (Thumb, 28 bytes, Stack size 8 bytes, strcmp.o(.text))
<BR><BR>[Stack]<UL><LI>Max Depth = 8<LI>Call Chain = strcmp
</UL>
<BR>[Called By]<UL><LI><a href="#[daf374]">&gt;&gt;</a>&nbsp;&nbsp;&nbsp;http_proc_header
<LI><a href="#[db7d08]">&gt;&gt;</a>&nbsp;&nbsp;&nbsp;cgi_func
</UL>

<P><STRONG><a name="[14cf328]"></a>__0sscanf</STRONG> (Thumb, 48 bytes, Stack size 72 bytes, __0sscanf.o(.text))
<BR><BR>[Stack]<UL><LI>Max Depth = 216<LI>Call Chain = __0sscanf &rArr; __vfscanf_char &rArr; __vfscanf &rArr; _scanf_int
</UL>
<BR>[Calls]<UL><LI><a href="#[14cdff0]">&gt;&gt;</a>&nbsp;&nbsp;&nbsp;__vfscanf_char
</UL>
<BR>[Called By]<UL><LI><a href="#[db7d80]">&gt;&gt;</a>&nbsp;&nbsp;&nbsp;cgi_process_var
</UL>

<P><STRONG><a name="[14cf058]"></a>atoi</STRONG> (Thumb, 26 bytes, Stack size 16 bytes, atoi.o(.text))
<BR><BR>[Stack]<UL><LI>Max Depth = 88<LI>Call Chain = atoi &rArr; strtol &rArr; _strtoul
</UL>
<BR>[Calls]<UL><LI><a href="#[14cdd5c]">&gt;&gt;</a>&nbsp;&nbsp;&nbsp;strtol
<LI><a href="#[14ce2c0]">&gt;&gt;</a>&nbsp;&nbsp;&nbsp;__aeabi_errno_addr
</UL>
<BR>[Called By]<UL><LI><a href="#[daf248]">&gt;&gt;</a>&nbsp;&nbsp;&nbsp;http_to_utc
<LI><a href="#[daf608]">&gt;&gt;</a>&nbsp;&nbsp;&nbsp;chk_post_rq
</UL>

<P><STRONG><a name="[db7c90]"></a>__ARM_scalbn</STRONG> (Thumb, 64 bytes, Stack size 16 bytes, dscalb.o(.text))
<BR><BR>[Stack]<UL><LI>Max Depth = 16<LI>Call Chain = __ARM_scalbn
</UL>
<BR>[Called By]<UL><LI><a href="#[db7d08]">&gt;&gt;</a>&nbsp;&nbsp;&nbsp;cgi_func
</UL>

<P><STRONG><a name="[14cee00]"></a>scalbn</STRONG> (Thumb, 0 bytes, Stack size 16 bytes, dscalb.o(.text), UNUSED)

<P><STRONG><a name="[14cdc30]"></a>__I$use$fp</STRONG> (Thumb, 0 bytes, Stack size unknown bytes, iusefp.o(.text), UNUSED)

<P><STRONG><a name="[14cbb9c]"></a>__scatterload_null</STRONG> (Thumb, 2 bytes, Stack size unknown bytes, handlers.o(i.__scatterload_null), UNUSED)

<P><STRONG><a name="[db8b90]"></a>fputc</STRONG> (Thumb, 26 bytes, Stack size 0 bytes, http_demo.o(.text))
<BR>[Address Reference Count : 2]<UL><LI> printfa.o(i.__0printf)
<LI> printfa.o(i.__0vprintf)
</UL>
<P><STRONG><a name="[db8b54]"></a>LED_out</STRONG> (Thumb, 46 bytes, Stack size 24 bytes, http_demo.o(.text))
<BR><BR>[Stack]<UL><LI>Max Depth = 24<LI>Call Chain = LED_out
</UL>
<BR>[Called By]<UL><LI><a href="#[db7d44]">&gt;&gt;</a>&nbsp;&nbsp;&nbsp;cgi_process_data
<LI><a href="#[db9694]">&gt;&gt;</a>&nbsp;&nbsp;&nbsp;blink_led
</UL>

<P><STRONG><a name="[db8b18]"></a>AD_in</STRONG> (Thumb, 44 bytes, Stack size 8 bytes, http_demo.o(.text))
<BR><BR>[Stack]<UL><LI>Max Depth = 8<LI>Call Chain = AD_in
</UL>
<BR>[Called By]<UL><LI><a href="#[db7d08]">&gt;&gt;</a>&nbsp;&nbsp;&nbsp;cgi_func
</UL>

<P><STRONG><a name="[db8adc]"></a>get_button</STRONG> (Thumb, 66 bytes, Stack size 0 bytes, http_demo.o(.text))
<BR><BR>[Called By]<UL><LI><a href="#[db7d08]">&gt;&gt;</a>&nbsp;&nbsp;&nbsp;cgi_func
</UL>

<P><STRONG><a name="[db8aa0]"></a>main</STRONG> (Thumb, 114 bytes, Stack size 16 bytes, http_demo.o(.text))
<BR><BR>[Stack]<UL><LI>Max Depth = 368<LI>Call Chain = main &rArr; main_TcpNet &rArr; run_system &rArr; run_eth_link &rArr; process_hl_tcp &rArr; process_tcp &rArr; tcp_send_reset &rArr; tcp_send_ctrl &rArr; tcp_send_frame &rArr; ip_send_frame &rArr; dispatch_frame &rArr; eth_send_frame &rArr; arp_cache_find &rArr; arp_send_req &rArr; alloc_mem &rArr; __error__ &rArr; __2printf
</UL>
<BR>[Calls]<UL><LI><a href="#[db86a4]">&gt;&gt;</a>&nbsp;&nbsp;&nbsp;timer_tick
<LI><a href="#[db871c]">&gt;&gt;</a>&nbsp;&nbsp;&nbsp;main_TcpNet
<LI><a href="#[db8794]">&gt;&gt;</a>&nbsp;&nbsp;&nbsp;init_TcpNet
<LI><a href="#[db8974]">&gt;&gt;</a>&nbsp;&nbsp;&nbsp;GLCD_SetTextColor
<LI><a href="#[db89b0]">&gt;&gt;</a>&nbsp;&nbsp;&nbsp;GLCD_Init
<LI><a href="#[db89ec]">&gt;&gt;</a>&nbsp;&nbsp;&nbsp;GLCD_DisplayString
<LI><a href="#[db8a64]">&gt;&gt;</a>&nbsp;&nbsp;&nbsp;GLCD_Clear
<LI><a href="#[db9694]">&gt;&gt;</a>&nbsp;&nbsp;&nbsp;blink_led
<LI><a href="#[db96d0]">&gt;&gt;</a>&nbsp;&nbsp;&nbsp;init_io
<LI><a href="#[db970c]">&gt;&gt;</a>&nbsp;&nbsp;&nbsp;dhcp_check
</UL>
<BR>[Address Reference Count : 1]<UL><LI> entry7.o(.ARM.Collect$$$$00000007)
</UL>
<P><STRONG><a name="[db7d80]"></a>cgi_process_var</STRONG> (Thumb, 290 bytes, Stack size 56 bytes, http_cgi.o(.text))
<BR><BR>[Stack]<UL><LI>Max Depth = 272<LI>Call Chain = cgi_process_var &rArr; __0sscanf &rArr; __vfscanf_char &rArr; __vfscanf &rArr; _scanf_int
</UL>
<BR>[Calls]<UL><LI><a href="#[db7330]">&gt;&gt;</a>&nbsp;&nbsp;&nbsp;str_scomp
<LI><a href="#[db73e4]">&gt;&gt;</a>&nbsp;&nbsp;&nbsp;http_get_var
<LI><a href="#[db74d4]">&gt;&gt;</a>&nbsp;&nbsp;&nbsp;free_mem
<LI><a href="#[db7510]">&gt;&gt;</a>&nbsp;&nbsp;&nbsp;alloc_mem
<LI><a href="#[14cf328]">&gt;&gt;</a>&nbsp;&nbsp;&nbsp;__0sscanf
</UL>
<BR>[Called By]<UL><LI><a href="#[daf3ec]">&gt;&gt;</a>&nbsp;&nbsp;&nbsp;http_listener
</UL>

<P><STRONG><a name="[db7d44]"></a>cgi_process_data</STRONG> (Thumb, 408 bytes, Stack size 64 bytes, http_cgi.o(.text))
<BR><BR>[Stack]<UL><LI>Max Depth = 144<LI>Call Chain = cgi_process_data &rArr; alloc_mem &rArr; __error__ &rArr; __2printf
</UL>
<BR>[Calls]<UL><LI><a href="#[dab1d4]">&gt;&gt;</a>&nbsp;&nbsp;&nbsp;strlen
<LI><a href="#[db7330]">&gt;&gt;</a>&nbsp;&nbsp;&nbsp;str_scomp
<LI><a href="#[db736c]">&gt;&gt;</a>&nbsp;&nbsp;&nbsp;str_copy
<LI><a href="#[db73a8]">&gt;&gt;</a>&nbsp;&nbsp;&nbsp;mem_comp
<LI><a href="#[db73e4]">&gt;&gt;</a>&nbsp;&nbsp;&nbsp;http_get_var
<LI><a href="#[db74d4]">&gt;&gt;</a>&nbsp;&nbsp;&nbsp;free_mem
<LI><a href="#[db7510]">&gt;&gt;</a>&nbsp;&nbsp;&nbsp;alloc_mem
<LI><a href="#[db8b54]">&gt;&gt;</a>&nbsp;&nbsp;&nbsp;LED_out
</UL>
<BR>[Called By]<UL><LI><a href="#[daf2fc]">&gt;&gt;</a>&nbsp;&nbsp;&nbsp;http_proc_post
<LI><a href="#[daf338]">&gt;&gt;</a>&nbsp;&nbsp;&nbsp;http_proc_multipart
<LI><a href="#[daf428]">&gt;&gt;</a>&nbsp;&nbsp;&nbsp;http_kill_session
</UL>

<P><STRONG><a name="[db7d08]"></a>cgi_func</STRONG> (Thumb, 986 bytes, Stack size 64 bytes, http_cgi.o(.text))
<BR><BR>[Stack]<UL><LI>Max Depth = 180<LI>Call Chain = cgi_func &rArr; __aeabi_dmul &rArr; _double_epilogue &rArr; _double_round
</UL>
<BR>[Calls]<UL><LI><a href="#[dab0e4]">&gt;&gt;</a>&nbsp;&nbsp;&nbsp;strcmp
<LI><a href="#[db7420]">&gt;&gt;</a>&nbsp;&nbsp;&nbsp;http_get_lang
<LI><a href="#[db7bdc]">&gt;&gt;</a>&nbsp;&nbsp;&nbsp;__aeabi_ui2f
<LI><a href="#[db7c18]">&gt;&gt;</a>&nbsp;&nbsp;&nbsp;__aeabi_f2d
<LI><a href="#[db7c54]">&gt;&gt;</a>&nbsp;&nbsp;&nbsp;__aeabi_dmul
<LI><a href="#[db7c90]">&gt;&gt;</a>&nbsp;&nbsp;&nbsp;__ARM_scalbn
<LI><a href="#[db8adc]">&gt;&gt;</a>&nbsp;&nbsp;&nbsp;get_button
<LI><a href="#[db8b18]">&gt;&gt;</a>&nbsp;&nbsp;&nbsp;AD_in
<LI><a href="#[14d0480]">&gt;&gt;</a>&nbsp;&nbsp;&nbsp;__2sprintf
</UL>
<BR>[Called By]<UL><LI><a href="#[db583c]">&gt;&gt;</a>&nbsp;&nbsp;&nbsp;run_http_server
</UL>

<P><STRONG><a name="[db38d4]"></a>init_ethernet</STRONG> (Thumb, 502 bytes, Stack size 40 bytes, emac_lpc17xx.o(.text))
<BR><BR>[Stack]<UL><LI>Max Depth = 64<LI>Call Chain = init_ethernet &rArr; write_PHY &rArr; output_MDIO
</UL>
<BR>[Calls]<UL><LI><a href="#[db3c94]">&gt;&gt;</a>&nbsp;&nbsp;&nbsp;write_PHY
<LI><a href="#[db3cd0]">&gt;&gt;</a>&nbsp;&nbsp;&nbsp;read_PHY
</UL>
<BR>[Called By]<UL><LI><a href="#[db5a58]">&gt;&gt;</a>&nbsp;&nbsp;&nbsp;init_eth_link
</UL>

<P><STRONG><a name="[db3898]"></a>int_enable_eth</STRONG> (Thumb, 10 bytes, Stack size 0 bytes, emac_lpc17xx.o(.text))
<BR><BR>[Called By]<UL><LI><a href="#[db0ee0]">&gt;&gt;</a>&nbsp;&nbsp;&nbsp;resize_mem
<LI><a href="#[db5a58]">&gt;&gt;</a>&nbsp;&nbsp;&nbsp;init_eth_link
<LI><a href="#[db74d4]">&gt;&gt;</a>&nbsp;&nbsp;&nbsp;free_mem
<LI><a href="#[db7510]">&gt;&gt;</a>&nbsp;&nbsp;&nbsp;alloc_mem
</UL>

<P><STRONG><a name="[db385c]"></a>int_disable_eth</STRONG> (Thumb, 10 bytes, Stack size 0 bytes, emac_lpc17xx.o(.text))
<BR><BR>[Called By]<UL><LI><a href="#[db0ee0]">&gt;&gt;</a>&nbsp;&nbsp;&nbsp;resize_mem
<LI><a href="#[db5a58]">&gt;&gt;</a>&nbsp;&nbsp;&nbsp;init_eth_link
<LI><a href="#[db74d4]">&gt;&gt;</a>&nbsp;&nbsp;&nbsp;free_mem
<LI><a href="#[db7510]">&gt;&gt;</a>&nbsp;&nbsp;&nbsp;alloc_mem
<LI><a href="#[db8794]">&gt;&gt;</a>&nbsp;&nbsp;&nbsp;init_TcpNet
</UL>

<P><STRONG><a name="[db3820]"></a>send_frame</STRONG> (Thumb, 68 bytes, Stack size 20 bytes, emac_lpc17xx.o(.text))
<BR><BR>[Stack]<UL><LI>Max Depth = 20<LI>Call Chain = send_frame
</UL>
<BR>[Called By]<UL><LI><a href="#[dabef4]">&gt;&gt;</a>&nbsp;&nbsp;&nbsp;arp_send_req
<LI><a href="#[dabf30]">&gt;&gt;</a>&nbsp;&nbsp;&nbsp;arp_send_reply
<LI><a href="#[db5ad0]">&gt;&gt;</a>&nbsp;&nbsp;&nbsp;eth_send_frame
</UL>

<P><STRONG><a name="[db37e4]"></a>ENET_IRQHandler</STRONG> (Thumb, 188 bytes, Stack size 24 bytes, emac_lpc17xx.o(.text))
<BR><BR>[Stack]<UL><LI>Max Depth = 104<LI>Call Chain = ENET_IRQHandler &rArr; put_in_queue &rArr; free_mem &rArr; __error__ &rArr; __2printf
</UL>
<BR>[Calls]<UL><LI><a href="#[db37a8]">&gt;&gt;</a>&nbsp;&nbsp;&nbsp;put_in_queue
<LI><a href="#[db7510]">&gt;&gt;</a>&nbsp;&nbsp;&nbsp;alloc_mem
</UL>
<BR>[Address Reference Count : 1]<UL><LI> startup_lpc17xx.o(RESET)
</UL>
<P><STRONG><a name="[db88fc]"></a>SystemInit</STRONG> (Thumb, 288 bytes, Stack size 12 bytes, system_lpc17xx.o(.text))
<BR><BR>[Stack]<UL><LI>Max Depth = 12<LI>Call Chain = SystemInit
</UL>
<BR>[Called By]<UL><LI><a href="#[db96d0]">&gt;&gt;</a>&nbsp;&nbsp;&nbsp;init_io
</UL>

<P><STRONG><a name="[db2740]"></a>wait_delay</STRONG> (Thumb, 6 bytes, Stack size 0 bytes, glcd_lpc1700.o(.text), UNUSED)
<BR><BR>[Calls]<UL><LI><a href="#[db2740]">&gt;&gt;</a>&nbsp;&nbsp;&nbsp;wait_delay
</UL>
<BR>[Called By]<UL><LI><a href="#[db2740]">&gt;&gt;</a>&nbsp;&nbsp;&nbsp;wait_delay
</UL>

<P><STRONG><a name="[db89b0]"></a>GLCD_Init</STRONG> (Thumb, 880 bytes, Stack size 32 bytes, glcd_lpc1700.o(.text))
<BR><BR>[Stack]<UL><LI>Max Depth = 64<LI>Call Chain = GLCD_Init &rArr; rd_reg &rArr; wr_cmd
</UL>
<BR>[Calls]<UL><LI><a href="#[db2bf0]">&gt;&gt;</a>&nbsp;&nbsp;&nbsp;rd_reg
<LI><a href="#[db2c2c]">&gt;&gt;</a>&nbsp;&nbsp;&nbsp;wr_reg
<LI><a href="#[db2d1c]">&gt;&gt;</a>&nbsp;&nbsp;&nbsp;delay
</UL>
<BR>[Called By]<UL><LI><a href="#[db8aa0]">&gt;&gt;</a>&nbsp;&nbsp;&nbsp;main
</UL>

<P><STRONG><a name="[db2704]"></a>GLCD_WindowMax</STRONG> (Thumb, 40 bytes, Stack size 8 bytes, glcd_lpc1700.o(.text))
<BR><BR>[Stack]<UL><LI>Max Depth = 40<LI>Call Chain = GLCD_WindowMax &rArr; wr_reg &rArr; wr_dat
</UL>
<BR>[Calls]<UL><LI><a href="#[db2c2c]">&gt;&gt;</a>&nbsp;&nbsp;&nbsp;wr_reg
</UL>
<BR>[Called By]<UL><LI><a href="#[db89ec]">&gt;&gt;</a>&nbsp;&nbsp;&nbsp;GLCD_DisplayString
<LI><a href="#[db8a28]">&gt;&gt;</a>&nbsp;&nbsp;&nbsp;GLCD_ClearLn
<LI><a href="#[db8a64]">&gt;&gt;</a>&nbsp;&nbsp;&nbsp;GLCD_Clear
</UL>

<P><STRONG><a name="[db26c8]"></a>GLCD_PutPixel</STRONG> (Thumb, 62 bytes, Stack size 16 bytes, glcd_lpc1700.o(.text), UNUSED)
<BR><BR>[Calls]<UL><LI><a href="#[db2c2c]">&gt;&gt;</a>&nbsp;&nbsp;&nbsp;wr_reg
<LI><a href="#[db2ca4]">&gt;&gt;</a>&nbsp;&nbsp;&nbsp;wr_dat
<LI><a href="#[db2ce0]">&gt;&gt;</a>&nbsp;&nbsp;&nbsp;wr_cmd
</UL>

<P><STRONG><a name="[db8974]"></a>GLCD_SetTextColor</STRONG> (Thumb, 6 bytes, Stack size 0 bytes, glcd_lpc1700.o(.text))
<BR><BR>[Called By]<UL><LI><a href="#[db8aa0]">&gt;&gt;</a>&nbsp;&nbsp;&nbsp;main
</UL>

<P><STRONG><a name="[db268c]"></a>GLCD_SetBackColor</STRONG> (Thumb, 6 bytes, Stack size 0 bytes, glcd_lpc1700.o(.text), UNUSED)

<P><STRONG><a name="[db8a64]"></a>GLCD_Clear</STRONG> (Thumb, 68 bytes, Stack size 24 bytes, glcd_lpc1700.o(.text))
<BR><BR>[Stack]<UL><LI>Max Depth = 64<LI>Call Chain = GLCD_Clear &rArr; GLCD_WindowMax &rArr; wr_reg &rArr; wr_dat
</UL>
<BR>[Calls]<UL><LI><a href="#[db2704]">&gt;&gt;</a>&nbsp;&nbsp;&nbsp;GLCD_WindowMax
<LI><a href="#[db2c2c]">&gt;&gt;</a>&nbsp;&nbsp;&nbsp;wr_reg
<LI><a href="#[db2c68]">&gt;&gt;</a>&nbsp;&nbsp;&nbsp;wr_dat_only
<LI><a href="#[db2ce0]">&gt;&gt;</a>&nbsp;&nbsp;&nbsp;wr_cmd
</UL>
<BR>[Called By]<UL><LI><a href="#[db8aa0]">&gt;&gt;</a>&nbsp;&nbsp;&nbsp;main
</UL>

<P><STRONG><a name="[db2650]"></a>GLCD_DrawChar</STRONG> (Thumb, 150 bytes, Stack size 40 bytes, glcd_lpc1700.o(.text))
<BR><BR>[Stack]<UL><LI>Max Depth = 72<LI>Call Chain = GLCD_DrawChar &rArr; wr_reg &rArr; wr_dat
</UL>
<BR>[Calls]<UL><LI><a href="#[db2c2c]">&gt;&gt;</a>&nbsp;&nbsp;&nbsp;wr_reg
<LI><a href="#[db2c68]">&gt;&gt;</a>&nbsp;&nbsp;&nbsp;wr_dat_only
<LI><a href="#[db2ce0]">&gt;&gt;</a>&nbsp;&nbsp;&nbsp;wr_cmd
</UL>
<BR>[Called By]<UL><LI><a href="#[db2614]">&gt;&gt;</a>&nbsp;&nbsp;&nbsp;GLCD_DisplayChar
</UL>

<P><STRONG><a name="[db2614]"></a>GLCD_DisplayChar</STRONG> (Thumb, 26 bytes, Stack size 0 bytes, glcd_lpc1700.o(.text))
<BR><BR>[Stack]<UL><LI>Max Depth = 72<LI>Call Chain = GLCD_DisplayChar &rArr; GLCD_DrawChar &rArr; wr_reg &rArr; wr_dat
</UL>
<BR>[Calls]<UL><LI><a href="#[db2650]">&gt;&gt;</a>&nbsp;&nbsp;&nbsp;GLCD_DrawChar
</UL>
<BR>[Called By]<UL><LI><a href="#[db89ec]">&gt;&gt;</a>&nbsp;&nbsp;&nbsp;GLCD_DisplayString
</UL>

<P><STRONG><a name="[db89ec]"></a>GLCD_DisplayString</STRONG> (Thumb, 34 bytes, Stack size 16 bytes, glcd_lpc1700.o(.text))
<BR><BR>[Stack]<UL><LI>Max Depth = 88<LI>Call Chain = GLCD_DisplayString &rArr; GLCD_DisplayChar &rArr; GLCD_DrawChar &rArr; wr_reg &rArr; wr_dat
</UL>
<BR>[Calls]<UL><LI><a href="#[db2614]">&gt;&gt;</a>&nbsp;&nbsp;&nbsp;GLCD_DisplayChar
<LI><a href="#[db2704]">&gt;&gt;</a>&nbsp;&nbsp;&nbsp;GLCD_WindowMax
</UL>
<BR>[Called By]<UL><LI><a href="#[db8a28]">&gt;&gt;</a>&nbsp;&nbsp;&nbsp;GLCD_ClearLn
<LI><a href="#[db8aa0]">&gt;&gt;</a>&nbsp;&nbsp;&nbsp;main
<LI><a href="#[db9694]">&gt;&gt;</a>&nbsp;&nbsp;&nbsp;blink_led
</UL>

<P><STRONG><a name="[db8a28]"></a>GLCD_ClearLn</STRONG> (Thumb, 20 bytes, Stack size 8 bytes, glcd_lpc1700.o(.text))
<BR><BR>[Stack]<UL><LI>Max Depth = 96<LI>Call Chain = GLCD_ClearLn &rArr; GLCD_DisplayString &rArr; GLCD_DisplayChar &rArr; GLCD_DrawChar &rArr; wr_reg &rArr; wr_dat
</UL>
<BR>[Calls]<UL><LI><a href="#[db2704]">&gt;&gt;</a>&nbsp;&nbsp;&nbsp;GLCD_WindowMax
<LI><a href="#[db89ec]">&gt;&gt;</a>&nbsp;&nbsp;&nbsp;GLCD_DisplayString
</UL>
<BR>[Called By]<UL><LI><a href="#[db9694]">&gt;&gt;</a>&nbsp;&nbsp;&nbsp;blink_led
</UL>

<P><STRONG><a name="[db25d8]"></a>GLCD_Bargraph</STRONG> (Thumb, 152 bytes, Stack size 40 bytes, glcd_lpc1700.o(.text), UNUSED)
<BR><BR>[Calls]<UL><LI><a href="#[db2c2c]">&gt;&gt;</a>&nbsp;&nbsp;&nbsp;wr_reg
<LI><a href="#[db2c68]">&gt;&gt;</a>&nbsp;&nbsp;&nbsp;wr_dat_only
<LI><a href="#[db2ce0]">&gt;&gt;</a>&nbsp;&nbsp;&nbsp;wr_cmd
</UL>

<P><STRONG><a name="[db259c]"></a>GLCD_Bitmap</STRONG> (Thumb, 156 bytes, Stack size 32 bytes, glcd_lpc1700.o(.text), UNUSED)
<BR><BR>[Calls]<UL><LI><a href="#[db2c2c]">&gt;&gt;</a>&nbsp;&nbsp;&nbsp;wr_reg
<LI><a href="#[db2c68]">&gt;&gt;</a>&nbsp;&nbsp;&nbsp;wr_dat_only
<LI><a href="#[db2ce0]">&gt;&gt;</a>&nbsp;&nbsp;&nbsp;wr_cmd
</UL>

<P><STRONG><a name="[db2560]"></a>GLCD_Bmp</STRONG> (Thumb, 152 bytes, Stack size 32 bytes, glcd_lpc1700.o(.text), UNUSED)
<BR><BR>[Calls]<UL><LI><a href="#[db2c2c]">&gt;&gt;</a>&nbsp;&nbsp;&nbsp;wr_reg
<LI><a href="#[db2c68]">&gt;&gt;</a>&nbsp;&nbsp;&nbsp;wr_dat_only
<LI><a href="#[db2ce0]">&gt;&gt;</a>&nbsp;&nbsp;&nbsp;wr_cmd
</UL>

<P><STRONG><a name="[14cf184]"></a>_scanf_int</STRONG> (Thumb, 326 bytes, Stack size 56 bytes, _scanf_int.o(.text))
<BR><BR>[Stack]<UL><LI>Max Depth = 56<LI>Call Chain = _scanf_int
</UL>
<BR>[Calls]<UL><LI><a href="#[14ce11c]">&gt;&gt;</a>&nbsp;&nbsp;&nbsp;_chval
</UL>
<BR>[Called By]<UL><LI><a href="#[14cc1b4]">&gt;&gt;</a>&nbsp;&nbsp;&nbsp;__vfscanf
</UL>

<P><STRONG><a name="[db7c54]"></a>__aeabi_dmul</STRONG> (Thumb, 240 bytes, Stack size 64 bytes, dmul.o(.text))
<BR><BR>[Stack]<UL><LI>Max Depth = 116<LI>Call Chain = __aeabi_dmul &rArr; _double_epilogue &rArr; _double_round
</UL>
<BR>[Calls]<UL><LI><a href="#[14ceef0]">&gt;&gt;</a>&nbsp;&nbsp;&nbsp;_double_epilogue
</UL>
<BR>[Called By]<UL><LI><a href="#[db7d08]">&gt;&gt;</a>&nbsp;&nbsp;&nbsp;cgi_func
<LI><a href="#[14d09e4]">&gt;&gt;</a>&nbsp;&nbsp;&nbsp;_fp_digits
</UL>

<P><STRONG><a name="[db7bdc]"></a>__aeabi_ui2f</STRONG> (Thumb, 10 bytes, Stack size 0 bytes, ffltui.o(.text))
<BR><BR>[Stack]<UL><LI>Max Depth = 4<LI>Call Chain = __aeabi_ui2f &rArr; _float_epilogue
</UL>
<BR>[Calls]<UL><LI><a href="#[14ced10]">&gt;&gt;</a>&nbsp;&nbsp;&nbsp;_float_epilogue
</UL>
<BR>[Called By]<UL><LI><a href="#[db7d08]">&gt;&gt;</a>&nbsp;&nbsp;&nbsp;cgi_func
</UL>

<P><STRONG><a name="[db7c18]"></a>__aeabi_f2d</STRONG> (Thumb, 36 bytes, Stack size 0 bytes, f2d.o(.text))
<BR><BR>[Called By]<UL><LI><a href="#[db7d08]">&gt;&gt;</a>&nbsp;&nbsp;&nbsp;cgi_func
</UL>

<P><STRONG><a name="[14ce6bc]"></a>__aeabi_uidiv</STRONG> (Thumb, 0 bytes, Stack size 12 bytes, uidiv.o(.text), UNUSED)

<P><STRONG><a name="[14ce680]"></a>__aeabi_uidivmod</STRONG> (Thumb, 44 bytes, Stack size 12 bytes, uidiv.o(.text), UNUSED)
<BR><BR>[Called By]<UL><LI><a href="#[14d09a8]">&gt;&gt;</a>&nbsp;&nbsp;&nbsp;_printf_core
</UL>

<P><STRONG><a name="[14ce590]"></a>__aeabi_uldivmod</STRONG> (Thumb, 90 bytes, Stack size 32 bytes, uldiv.o(.text), UNUSED)
<BR><BR>[Calls]<UL><LI><a href="#[14cd294]">&gt;&gt;</a>&nbsp;&nbsp;&nbsp;__aeabi_llsr
<LI><a href="#[14cd3c0]">&gt;&gt;</a>&nbsp;&nbsp;&nbsp;__aeabi_llsl
</UL>
<BR>[Called By]<UL><LI><a href="#[14d09a8]">&gt;&gt;</a>&nbsp;&nbsp;&nbsp;_printf_core
<LI><a href="#[14d09e4]">&gt;&gt;</a>&nbsp;&nbsp;&nbsp;_fp_digits
</UL>

<P><STRONG><a name="[14ce11c]"></a>_chval</STRONG> (Thumb, 32 bytes, Stack size 0 bytes, _chval.o(.text))
<BR><BR>[Called By]<UL><LI><a href="#[14cc010]">&gt;&gt;</a>&nbsp;&nbsp;&nbsp;_strtoul
<LI><a href="#[14cf184]">&gt;&gt;</a>&nbsp;&nbsp;&nbsp;_scanf_int
</UL>

<P><STRONG><a name="[14cdff0]"></a>__vfscanf_char</STRONG> (Thumb, 22 bytes, Stack size 0 bytes, scanf_char.o(.text))
<BR><BR>[Stack]<UL><LI>Max Depth = 144<LI>Call Chain = __vfscanf_char &rArr; __vfscanf &rArr; _scanf_int
</UL>
<BR>[Calls]<UL><LI><a href="#[14cc1b4]">&gt;&gt;</a>&nbsp;&nbsp;&nbsp;__vfscanf
</UL>
<BR>[Called By]<UL><LI><a href="#[14cf328]">&gt;&gt;</a>&nbsp;&nbsp;&nbsp;__0sscanf
</UL>

<P><STRONG><a name="[14cde88]"></a>_sgetc</STRONG> (Thumb, 28 bytes, Stack size 0 bytes, _sgetc.o(.text))
<BR>[Address Reference Count : 1]<UL><LI> __0sscanf.o(.text)
</UL>
<P><STRONG><a name="[14cde4c]"></a>_sbackspace</STRONG> (Thumb, 34 bytes, Stack size 0 bytes, _sgetc.o(.text))
<BR>[Address Reference Count : 1]<UL><LI> __0sscanf.o(.text)
</UL>
<P><STRONG><a name="[14cdd5c]"></a>strtol</STRONG> (Thumb, 112 bytes, Stack size 32 bytes, strtol.o(.text))
<BR><BR>[Stack]<UL><LI>Max Depth = 72<LI>Call Chain = strtol &rArr; _strtoul
</UL>
<BR>[Calls]<UL><LI><a href="#[14cc010]">&gt;&gt;</a>&nbsp;&nbsp;&nbsp;_strtoul
<LI><a href="#[14cce20]">&gt;&gt;</a>&nbsp;&nbsp;&nbsp;__rt_ctype_table
<LI><a href="#[14ce2c0]">&gt;&gt;</a>&nbsp;&nbsp;&nbsp;__aeabi_errno_addr
</UL>
<BR>[Called By]<UL><LI><a href="#[14cf058]">&gt;&gt;</a>&nbsp;&nbsp;&nbsp;atoi
</UL>

<P><STRONG><a name="[14cdb40]"></a>_float_round</STRONG> (Thumb, 18 bytes, Stack size 0 bytes, fepilogue.o(.text), UNUSED)

<P><STRONG><a name="[14ced10]"></a>_float_epilogue</STRONG> (Thumb, 92 bytes, Stack size 4 bytes, fepilogue.o(.text))
<BR><BR>[Stack]<UL><LI>Max Depth = 4<LI>Call Chain = _float_epilogue
</UL>
<BR>[Called By]<UL><LI><a href="#[db7bdc]">&gt;&gt;</a>&nbsp;&nbsp;&nbsp;__aeabi_ui2f
</UL>

<P><STRONG><a name="[14cda50]"></a>_double_round</STRONG> (Thumb, 50 bytes, Stack size 20 bytes, depilogue.o(.text))
<BR><BR>[Stack]<UL><LI>Max Depth = 20<LI>Call Chain = _double_round
</UL>
<BR>[Called By]<UL><LI><a href="#[14ceef0]">&gt;&gt;</a>&nbsp;&nbsp;&nbsp;_double_epilogue
<LI><a href="#[14cfe2c]">&gt;&gt;</a>&nbsp;&nbsp;&nbsp;__aeabi_ddiv
<LI><a href="#[14cfe68]">&gt;&gt;</a>&nbsp;&nbsp;&nbsp;__aeabi_dadd
</UL>

<P><STRONG><a name="[14ceef0]"></a>_double_epilogue</STRONG> (Thumb, 184 bytes, Stack size 32 bytes, depilogue.o(.text))
<BR><BR>[Stack]<UL><LI>Max Depth = 52<LI>Call Chain = _double_epilogue &rArr; _double_round
</UL>
<BR>[Calls]<UL><LI><a href="#[14cd294]">&gt;&gt;</a>&nbsp;&nbsp;&nbsp;__aeabi_llsr
<LI><a href="#[14cd3c0]">&gt;&gt;</a>&nbsp;&nbsp;&nbsp;__aeabi_llsl
<LI><a href="#[14cda50]">&gt;&gt;</a>&nbsp;&nbsp;&nbsp;_double_round
</UL>
<BR>[Called By]<UL><LI><a href="#[db7c54]">&gt;&gt;</a>&nbsp;&nbsp;&nbsp;__aeabi_dmul
<LI><a href="#[14cfe68]">&gt;&gt;</a>&nbsp;&nbsp;&nbsp;__aeabi_dadd
</UL>

<P><STRONG><a name="[14cfe68]"></a>__aeabi_dadd</STRONG> (Thumb, 338 bytes, Stack size 72 bytes, dadd.o(.text), UNUSED)
<BR><BR>[Calls]<UL><LI><a href="#[14cd168]">&gt;&gt;</a>&nbsp;&nbsp;&nbsp;__aeabi_lasr
<LI><a href="#[14cd3c0]">&gt;&gt;</a>&nbsp;&nbsp;&nbsp;__aeabi_llsl
<LI><a href="#[14cda50]">&gt;&gt;</a>&nbsp;&nbsp;&nbsp;_double_round
<LI><a href="#[14ceef0]">&gt;&gt;</a>&nbsp;&nbsp;&nbsp;_double_epilogue
</UL>
<BR>[Called By]<UL><LI><a href="#[14cd924]">&gt;&gt;</a>&nbsp;&nbsp;&nbsp;__aeabi_drsub
<LI><a href="#[14cd960]">&gt;&gt;</a>&nbsp;&nbsp;&nbsp;__aeabi_dsub
<LI><a href="#[14d09e4]">&gt;&gt;</a>&nbsp;&nbsp;&nbsp;_fp_digits
</UL>

<P><STRONG><a name="[14cd960]"></a>__aeabi_dsub</STRONG> (Thumb, 6 bytes, Stack size 0 bytes, dadd.o(.text), UNUSED)
<BR><BR>[Calls]<UL><LI><a href="#[14cfe68]">&gt;&gt;</a>&nbsp;&nbsp;&nbsp;__aeabi_dadd
</UL>

<P><STRONG><a name="[14cd924]"></a>__aeabi_drsub</STRONG> (Thumb, 6 bytes, Stack size 0 bytes, dadd.o(.text), UNUSED)
<BR><BR>[Calls]<UL><LI><a href="#[14cfe68]">&gt;&gt;</a>&nbsp;&nbsp;&nbsp;__aeabi_dadd
</UL>

<P><STRONG><a name="[14cfe2c]"></a>__aeabi_ddiv</STRONG> (Thumb, 280 bytes, Stack size 56 bytes, ddiv.o(.text), UNUSED)
<BR><BR>[Calls]<UL><LI><a href="#[14cda50]">&gt;&gt;</a>&nbsp;&nbsp;&nbsp;_double_round
</UL>
<BR>[Called By]<UL><LI><a href="#[14d09e4]">&gt;&gt;</a>&nbsp;&nbsp;&nbsp;_fp_digits
</UL>

<P><STRONG><a name="[14cfea4]"></a>__aeabi_d2ulz</STRONG> (Thumb, 50 bytes, Stack size 0 bytes, dfixul.o(.text), UNUSED)
<BR><BR>[Calls]<UL><LI><a href="#[14cd294]">&gt;&gt;</a>&nbsp;&nbsp;&nbsp;__aeabi_llsr
<LI><a href="#[14cd3c0]">&gt;&gt;</a>&nbsp;&nbsp;&nbsp;__aeabi_llsl
</UL>
<BR>[Called By]<UL><LI><a href="#[14d09e4]">&gt;&gt;</a>&nbsp;&nbsp;&nbsp;_fp_digits
</UL>

<P><STRONG><a name="[14cfee0]"></a>__aeabi_cdrcmple</STRONG> (Thumb, 74 bytes, Stack size 0 bytes, cdrcmple.o(.text), UNUSED)
<BR><BR>[Called By]<UL><LI><a href="#[14d09e4]">&gt;&gt;</a>&nbsp;&nbsp;&nbsp;_fp_digits
</UL>

<P><STRONG><a name="[14cd5dc]"></a>__scatterload</STRONG> (Thumb, 28 bytes, Stack size 0 bytes, init.o(.text))
<BR><BR>[Calls]<UL><LI><a href="#[14ce98c]">&gt;&gt;</a>&nbsp;&nbsp;&nbsp;__main_after_scatterload
</UL>
<BR>[Called By]<UL><LI><a href="#[14ce9c8]">&gt;&gt;</a>&nbsp;&nbsp;&nbsp;_main_scatterload
</UL>

<P><STRONG><a name="[14cd5a0]"></a>__scatterload_rt2</STRONG> (Thumb, 0 bytes, Stack size 0 bytes, init.o(.text), UNUSED)

<P><STRONG><a name="[14cd3c0]"></a>__aeabi_llsl</STRONG> (Thumb, 32 bytes, Stack size 0 bytes, llshl.o(.text))
<BR><BR>[Called By]<UL><LI><a href="#[14ce590]">&gt;&gt;</a>&nbsp;&nbsp;&nbsp;__aeabi_uldivmod
<LI><a href="#[14ceef0]">&gt;&gt;</a>&nbsp;&nbsp;&nbsp;_double_epilogue
<LI><a href="#[14cfe68]">&gt;&gt;</a>&nbsp;&nbsp;&nbsp;__aeabi_dadd
<LI><a href="#[14cfea4]">&gt;&gt;</a>&nbsp;&nbsp;&nbsp;__aeabi_d2ulz
</UL>

<P><STRONG><a name="[14cd384]"></a>_ll_shift_l</STRONG> (Thumb, 0 bytes, Stack size 0 bytes, llshl.o(.text), UNUSED)

<P><STRONG><a name="[14cd294]"></a>__aeabi_llsr</STRONG> (Thumb, 30 bytes, Stack size 0 bytes, llushr.o(.text))
<BR><BR>[Called By]<UL><LI><a href="#[14ce590]">&gt;&gt;</a>&nbsp;&nbsp;&nbsp;__aeabi_uldivmod
<LI><a href="#[14ceef0]">&gt;&gt;</a>&nbsp;&nbsp;&nbsp;_double_epilogue
<LI><a href="#[14cfea4]">&gt;&gt;</a>&nbsp;&nbsp;&nbsp;__aeabi_d2ulz
</UL>

<P><STRONG><a name="[14cd258]"></a>_ll_ushift_r</STRONG> (Thumb, 0 bytes, Stack size 0 bytes, llushr.o(.text), UNUSED)

<P><STRONG><a name="[14cd168]"></a>__aeabi_lasr</STRONG> (Thumb, 34 bytes, Stack size 0 bytes, llsshr.o(.text), UNUSED)
<BR><BR>[Called By]<UL><LI><a href="#[14cfe68]">&gt;&gt;</a>&nbsp;&nbsp;&nbsp;__aeabi_dadd
</UL>

<P><STRONG><a name="[14cd12c]"></a>_ll_sshift_r</STRONG> (Thumb, 0 bytes, Stack size 0 bytes, llsshr.o(.text), UNUSED)

<P><STRONG><a name="[14cce20]"></a>__rt_ctype_table</STRONG> (Thumb, 4 bytes, Stack size 0 bytes, ctype_o.o(.text))
<BR><BR>[Called By]<UL><LI><a href="#[14cc484]">&gt;&gt;</a>&nbsp;&nbsp;&nbsp;isspace
<LI><a href="#[14cdd5c]">&gt;&gt;</a>&nbsp;&nbsp;&nbsp;strtol
</UL>

<P><STRONG><a name="[14cc484]"></a>isspace</STRONG> (Thumb, 18 bytes, Stack size 8 bytes, isspace_o.o(.text))
<BR><BR>[Stack]<UL><LI>Max Depth = 8<LI>Call Chain = isspace
</UL>
<BR>[Calls]<UL><LI><a href="#[14cce20]">&gt;&gt;</a>&nbsp;&nbsp;&nbsp;__rt_ctype_table
</UL>
<BR>[Address Reference Count : 1]<UL><LI> scanf_char.o(.text)
</UL>
<P><STRONG><a name="[14cc1b4]"></a>__vfscanf</STRONG> (Thumb, 818 bytes, Stack size 88 bytes, _scanf.o(.text))
<BR><BR>[Stack]<UL><LI>Max Depth = 144<LI>Call Chain = __vfscanf &rArr; _scanf_int
</UL>
<BR>[Calls]<UL><LI><a href="#[14cf184]">&gt;&gt;</a>&nbsp;&nbsp;&nbsp;_scanf_int
</UL>
<BR>[Called By]<UL><LI><a href="#[14cdff0]">&gt;&gt;</a>&nbsp;&nbsp;&nbsp;__vfscanf_char
</UL>

<P><STRONG><a name="[14cc010]"></a>_strtoul</STRONG> (Thumb, 152 bytes, Stack size 40 bytes, _strtoul.o(.text))
<BR><BR>[Stack]<UL><LI>Max Depth = 40<LI>Call Chain = _strtoul
</UL>
<BR>[Calls]<UL><LI><a href="#[14ce11c]">&gt;&gt;</a>&nbsp;&nbsp;&nbsp;_chval
<LI><a href="#[14ce2c0]">&gt;&gt;</a>&nbsp;&nbsp;&nbsp;__aeabi_errno_addr
</UL>
<BR>[Called By]<UL><LI><a href="#[14cdd5c]">&gt;&gt;</a>&nbsp;&nbsp;&nbsp;strtol
</UL>

<P><STRONG><a name="[dacf20]"></a>CalcChksum</STRONG> (Thumb, 22 bytes, Stack size 4 bytes, at_lib.o(i.CalcChksum))
<BR><BR>[Stack]<UL><LI>Max Depth = 4<LI>Call Chain = CalcChksum
</UL>
<BR>[Calls]<UL><LI><a href="#[db10fc]">&gt;&gt;</a>&nbsp;&nbsp;&nbsp;CalcChksumBuf
</UL>
<BR>[Called By]<UL><LI><a href="#[daba08]">&gt;&gt;</a>&nbsp;&nbsp;&nbsp;ip_get_chksum
<LI><a href="#[dadb8c]">&gt;&gt;</a>&nbsp;&nbsp;&nbsp;process_icmp
</UL>

<P><STRONG><a name="[db10fc]"></a>CalcChksumBuf</STRONG> (Thumb, 40 bytes, Stack size 0 bytes, at_lib.o(i.CalcChksumBuf))
<BR><BR>[Called By]<UL><LI><a href="#[dacf20]">&gt;&gt;</a>&nbsp;&nbsp;&nbsp;CalcChksum
<LI><a href="#[db06ac]">&gt;&gt;</a>&nbsp;&nbsp;&nbsp;udp_send
<LI><a href="#[db1570]">&gt;&gt;</a>&nbsp;&nbsp;&nbsp;tcp_send_frame
<LI><a href="#[db58f0]">&gt;&gt;</a>&nbsp;&nbsp;&nbsp;process_udp
<LI><a href="#[db592c]">&gt;&gt;</a>&nbsp;&nbsp;&nbsp;process_tcp
</UL>

<P><STRONG><a name="[db10c0]"></a>CalcChksumVal</STRONG> (Thumb, 10 bytes, Stack size 0 bytes, at_lib.o(i.CalcChksumVal))
<BR><BR>[Called By]<UL><LI><a href="#[db06ac]">&gt;&gt;</a>&nbsp;&nbsp;&nbsp;udp_send
<LI><a href="#[db1570]">&gt;&gt;</a>&nbsp;&nbsp;&nbsp;tcp_send_frame
<LI><a href="#[db58f0]">&gt;&gt;</a>&nbsp;&nbsp;&nbsp;process_udp
<LI><a href="#[db592c]">&gt;&gt;</a>&nbsp;&nbsp;&nbsp;process_tcp
</UL>

<P><STRONG><a name="[db1084]"></a>SwapB</STRONG> (Thumb, 10 bytes, Stack size 0 bytes, at_lib.o(i.SwapB))
<BR><BR>[Called By]<UL><LI><a href="#[daba44]">&gt;&gt;</a>&nbsp;&nbsp;&nbsp;debug_info
<LI><a href="#[dadc40]">&gt;&gt;</a>&nbsp;&nbsp;&nbsp;ip_chk_frame
<LI><a href="#[dae4b0]">&gt;&gt;</a>&nbsp;&nbsp;&nbsp;dhcp_send_message
<LI><a href="#[db06ac]">&gt;&gt;</a>&nbsp;&nbsp;&nbsp;udp_send
<LI><a href="#[db0850]">&gt;&gt;</a>&nbsp;&nbsp;&nbsp;debug_info
<LI><a href="#[db0f94]">&gt;&gt;</a>&nbsp;&nbsp;&nbsp;ip_send_frame
<LI><a href="#[db1534]">&gt;&gt;</a>&nbsp;&nbsp;&nbsp;tcp_send_reset
<LI><a href="#[db1570]">&gt;&gt;</a>&nbsp;&nbsp;&nbsp;tcp_send_frame
<LI><a href="#[db1624]">&gt;&gt;</a>&nbsp;&nbsp;&nbsp;tcp_map_socket
<LI><a href="#[db5878]">&gt;&gt;</a>&nbsp;&nbsp;&nbsp;run_eth_link
<LI><a href="#[db58f0]">&gt;&gt;</a>&nbsp;&nbsp;&nbsp;process_udp
<LI><a href="#[db5ad0]">&gt;&gt;</a>&nbsp;&nbsp;&nbsp;eth_send_frame
</UL>

<P><STRONG><a name="[14d0750]"></a>__0printf</STRONG> (Thumb, 22 bytes, Stack size 24 bytes, printfa.o(i.__0printf), UNUSED)
<BR><BR>[Calls]<UL><LI><a href="#[14d09a8]">&gt;&gt;</a>&nbsp;&nbsp;&nbsp;_printf_core
</UL>

<P><STRONG><a name="[14d0714]"></a>__1printf</STRONG> (Thumb, 0 bytes, Stack size 24 bytes, printfa.o(i.__0printf), UNUSED)

<P><STRONG><a name="[14d06d8]"></a>__2printf</STRONG> (Thumb, 0 bytes, Stack size 24 bytes, printfa.o(i.__0printf))
<BR><BR>[Stack]<UL><LI>Max Depth = 24<LI>Call Chain = __2printf
</UL>
<BR>[Called By]<UL><LI><a href="#[db5170]">&gt;&gt;</a>&nbsp;&nbsp;&nbsp;__error__
</UL>

<P><STRONG><a name="[14d069c]"></a>__c89printf</STRONG> (Thumb, 0 bytes, Stack size 24 bytes, printfa.o(i.__0printf), UNUSED)

<P><STRONG><a name="[14d0660]"></a>printf</STRONG> (Thumb, 0 bytes, Stack size 24 bytes, printfa.o(i.__0printf), UNUSED)

<P><STRONG><a name="[14d04f8]"></a>__0sprintf</STRONG> (Thumb, 34 bytes, Stack size 24 bytes, printfa.o(i.__0sprintf), UNUSED)
<BR><BR>[Calls]<UL><LI><a href="#[14d08b8]">&gt;&gt;</a>&nbsp;&nbsp;&nbsp;_sputc
<LI><a href="#[14d09a8]">&gt;&gt;</a>&nbsp;&nbsp;&nbsp;_printf_core
</UL>

<P><STRONG><a name="[14d04bc]"></a>__1sprintf</STRONG> (Thumb, 0 bytes, Stack size 24 bytes, printfa.o(i.__0sprintf), UNUSED)

<P><STRONG><a name="[14d0480]"></a>__2sprintf</STRONG> (Thumb, 0 bytes, Stack size 24 bytes, printfa.o(i.__0sprintf))
<BR><BR>[Stack]<UL><LI>Max Depth = 24<LI>Call Chain = __2sprintf
</UL>
<BR>[Called By]<UL><LI><a href="#[daf194]">&gt;&gt;</a>&nbsp;&nbsp;&nbsp;utc_to_http
<LI><a href="#[db7d08]">&gt;&gt;</a>&nbsp;&nbsp;&nbsp;cgi_func
<LI><a href="#[db970c]">&gt;&gt;</a>&nbsp;&nbsp;&nbsp;dhcp_check
</UL>

<P><STRONG><a name="[14d0444]"></a>__c89sprintf</STRONG> (Thumb, 0 bytes, Stack size 24 bytes, printfa.o(i.__0sprintf), UNUSED)

<P><STRONG><a name="[14d0408]"></a>sprintf</STRONG> (Thumb, 0 bytes, Stack size 24 bytes, printfa.o(i.__0sprintf), UNUSED)

<P><STRONG><a name="[14d02a0]"></a>__0vprintf</STRONG> (Thumb, 8 bytes, Stack size 0 bytes, printfa.o(i.__0vprintf), UNUSED)
<BR><BR>[Calls]<UL><LI><a href="#[14d09a8]">&gt;&gt;</a>&nbsp;&nbsp;&nbsp;_printf_core
</UL>

<P><STRONG><a name="[14d0264]"></a>__1vprintf</STRONG> (Thumb, 0 bytes, Stack size 0 bytes, printfa.o(i.__0vprintf), UNUSED)

<P><STRONG><a name="[14d0228]"></a>__2vprintf</STRONG> (Thumb, 0 bytes, Stack size 0 bytes, printfa.o(i.__0vprintf), UNUSED)

<P><STRONG><a name="[14d01ec]"></a>__c89vprintf</STRONG> (Thumb, 0 bytes, Stack size 0 bytes, printfa.o(i.__0vprintf))
<BR><BR>[Called By]<UL><LI><a href="#[db5170]">&gt;&gt;</a>&nbsp;&nbsp;&nbsp;__error__
<LI><a href="#[db51ac]">&gt;&gt;</a>&nbsp;&nbsp;&nbsp;__debug__
</UL>

<P><STRONG><a name="[14d01b0]"></a>vprintf</STRONG> (Thumb, 0 bytes, Stack size 0 bytes, printfa.o(i.__0vprintf), UNUSED)

<P><STRONG><a name="[14ce2c0]"></a>__aeabi_errno_addr</STRONG> (Thumb, 4 bytes, Stack size 0 bytes, errno.o(i.__aeabi_errno_addr))
<BR><BR>[Called By]<UL><LI><a href="#[14cc010]">&gt;&gt;</a>&nbsp;&nbsp;&nbsp;_strtoul
<LI><a href="#[14cdd5c]">&gt;&gt;</a>&nbsp;&nbsp;&nbsp;strtol
<LI><a href="#[14cf058]">&gt;&gt;</a>&nbsp;&nbsp;&nbsp;atoi
</UL>

<P><STRONG><a name="[14ce284]"></a>__rt_errno_addr</STRONG> (Thumb, 0 bytes, Stack size 0 bytes, errno.o(i.__aeabi_errno_addr), UNUSED)

<P><STRONG><a name="[14cbbd8]"></a>__scatterload_copy</STRONG> (Thumb, 14 bytes, Stack size unknown bytes, handlers.o(i.__scatterload_copy), UNUSED)

<P><STRONG><a name="[14cbb60]"></a>__scatterload_zeroinit</STRONG> (Thumb, 14 bytes, Stack size unknown bytes, handlers.o(i.__scatterload_zeroinit), UNUSED)

<P><STRONG><a name="[db7510]"></a>alloc_mem</STRONG> (Thumb, 206 bytes, Stack size 32 bytes, at_mem.o(i.alloc_mem))
<BR><BR>[Stack]<UL><LI>Max Depth = 80<LI>Call Chain = alloc_mem &rArr; __error__ &rArr; __2printf
</UL>
<BR>[Calls]<UL><LI><a href="#[db385c]">&gt;&gt;</a>&nbsp;&nbsp;&nbsp;int_disable_eth
<LI><a href="#[db3898]">&gt;&gt;</a>&nbsp;&nbsp;&nbsp;int_enable_eth
<LI><a href="#[db5170]">&gt;&gt;</a>&nbsp;&nbsp;&nbsp;__error__
<LI><a href="#[db51ac]">&gt;&gt;</a>&nbsp;&nbsp;&nbsp;__debug__
<LI><a href="#[db5c74]">&gt;&gt;</a>&nbsp;&nbsp;&nbsp;sys_error
</UL>
<BR>[Called By]<UL><LI><a href="#[dabef4]">&gt;&gt;</a>&nbsp;&nbsp;&nbsp;arp_send_req
<LI><a href="#[dabf30]">&gt;&gt;</a>&nbsp;&nbsp;&nbsp;arp_send_reply
<LI><a href="#[dadb8c]">&gt;&gt;</a>&nbsp;&nbsp;&nbsp;process_icmp
<LI><a href="#[daea8c]">&gt;&gt;</a>&nbsp;&nbsp;&nbsp;nbns_listener
<LI><a href="#[daf2fc]">&gt;&gt;</a>&nbsp;&nbsp;&nbsp;http_proc_post
<LI><a href="#[daf3b0]">&gt;&gt;</a>&nbsp;&nbsp;&nbsp;http_open_file
<LI><a href="#[daf3ec]">&gt;&gt;</a>&nbsp;&nbsp;&nbsp;http_listener
<LI><a href="#[daf608]">&gt;&gt;</a>&nbsp;&nbsp;&nbsp;chk_post_rq
<LI><a href="#[db07d8]">&gt;&gt;</a>&nbsp;&nbsp;&nbsp;udp_get_buf
<LI><a href="#[db1174]">&gt;&gt;</a>&nbsp;&nbsp;&nbsp;tcp_send
<LI><a href="#[db1354]">&gt;&gt;</a>&nbsp;&nbsp;&nbsp;tcp_get_buf
<LI><a href="#[db15ac]">&gt;&gt;</a>&nbsp;&nbsp;&nbsp;tcp_send_ctrl
<LI><a href="#[db37e4]">&gt;&gt;</a>&nbsp;&nbsp;&nbsp;ENET_IRQHandler
<LI><a href="#[db7d44]">&gt;&gt;</a>&nbsp;&nbsp;&nbsp;cgi_process_data
<LI><a href="#[db7d80]">&gt;&gt;</a>&nbsp;&nbsp;&nbsp;cgi_process_var
</UL>

<P><STRONG><a name="[dadd6c]"></a>arp_cache_add</STRONG> (Thumb, 294 bytes, Stack size 48 bytes, at_arp.o(i.arp_cache_add))
<BR><BR>[Stack]<UL><LI>Max Depth = 96<LI>Call Chain = arp_cache_add &rArr; __error__ &rArr; __2printf
</UL>
<BR>[Calls]<UL><LI><a href="#[dabfa8]">&gt;&gt;</a>&nbsp;&nbsp;&nbsp;arp_cache_alloc
<LI><a href="#[dace6c]">&gt;&gt;</a>&nbsp;&nbsp;&nbsp;is_subnet
<LI><a href="#[db0f58]">&gt;&gt;</a>&nbsp;&nbsp;&nbsp;mem_copy
<LI><a href="#[db5170]">&gt;&gt;</a>&nbsp;&nbsp;&nbsp;__error__
<LI><a href="#[db51ac]">&gt;&gt;</a>&nbsp;&nbsp;&nbsp;__debug__
<LI><a href="#[db73a8]">&gt;&gt;</a>&nbsp;&nbsp;&nbsp;mem_comp
<LI><a href="#[db86e0]">&gt;&gt;</a>&nbsp;&nbsp;&nbsp;mem_test
</UL>
<BR>[Called By]<UL><LI><a href="#[dabf30]">&gt;&gt;</a>&nbsp;&nbsp;&nbsp;arp_send_reply
<LI><a href="#[db5878]">&gt;&gt;</a>&nbsp;&nbsp;&nbsp;run_eth_link
</UL>

<P><STRONG><a name="[dadd30]"></a>arp_cache_find</STRONG> (Thumb, 350 bytes, Stack size 40 bytes, at_arp.o(i.arp_cache_find))
<BR><BR>[Stack]<UL><LI>Max Depth = 136<LI>Call Chain = arp_cache_find &rArr; arp_send_req &rArr; alloc_mem &rArr; __error__ &rArr; __2printf
</UL>
<BR>[Calls]<UL><LI><a href="#[dabef4]">&gt;&gt;</a>&nbsp;&nbsp;&nbsp;arp_send_req
<LI><a href="#[dabfa8]">&gt;&gt;</a>&nbsp;&nbsp;&nbsp;arp_cache_alloc
<LI><a href="#[dace6c]">&gt;&gt;</a>&nbsp;&nbsp;&nbsp;is_subnet
<LI><a href="#[db0f58]">&gt;&gt;</a>&nbsp;&nbsp;&nbsp;mem_copy
<LI><a href="#[db5170]">&gt;&gt;</a>&nbsp;&nbsp;&nbsp;__error__
<LI><a href="#[db51ac]">&gt;&gt;</a>&nbsp;&nbsp;&nbsp;__debug__
<LI><a href="#[db73a8]">&gt;&gt;</a>&nbsp;&nbsp;&nbsp;mem_comp
<LI><a href="#[db86e0]">&gt;&gt;</a>&nbsp;&nbsp;&nbsp;mem_test
</UL>
<BR>[Called By]<UL><LI><a href="#[db5ad0]">&gt;&gt;</a>&nbsp;&nbsp;&nbsp;eth_send_frame
</UL>

<P><STRONG><a name="[dadcf4]"></a>arp_cache_update</STRONG> (Thumb, 322 bytes, Stack size 48 bytes, at_arp.o(i.arp_cache_update))
<BR><BR>[Stack]<UL><LI>Max Depth = 144<LI>Call Chain = arp_cache_update &rArr; arp_send_req &rArr; alloc_mem &rArr; __error__ &rArr; __2printf
</UL>
<BR>[Calls]<UL><LI><a href="#[dabef4]">&gt;&gt;</a>&nbsp;&nbsp;&nbsp;arp_send_req
<LI><a href="#[db51ac]">&gt;&gt;</a>&nbsp;&nbsp;&nbsp;__debug__
<LI><a href="#[db73a8]">&gt;&gt;</a>&nbsp;&nbsp;&nbsp;mem_comp
</UL>
<BR>[Called By]<UL><LI><a href="#[db5878]">&gt;&gt;</a>&nbsp;&nbsp;&nbsp;run_eth_link
</UL>

<P><STRONG><a name="[daf02c]"></a>b64_to_asc</STRONG> (Thumb, 116 bytes, Stack size 20 bytes, at_lib.o(i.b64_to_asc))
<BR><BR>[Stack]<UL><LI>Max Depth = 20<LI>Call Chain = b64_to_asc
</UL>
<BR>[Called By]<UL><LI><a href="#[daf374]">&gt;&gt;</a>&nbsp;&nbsp;&nbsp;http_proc_header
</UL>

<P><STRONG><a name="[daed20]"></a>cgx_content_type</STRONG> (Thumb, 4 bytes, Stack size 0 bytes, at_http.o(i.cgx_content_type))
<BR><BR>[Called By]<UL><LI><a href="#[daf4dc]">&gt;&gt;</a>&nbsp;&nbsp;&nbsp;http_add_header
</UL>

<P><STRONG><a name="[db87d0]"></a>dhcp_disable</STRONG> (Thumb, 36 bytes, Stack size 8 bytes, at_dhcp.o(i.dhcp_disable))
<BR><BR>[Stack]<UL><LI>Max Depth = 64<LI>Call Chain = dhcp_disable &rArr; udp_close &rArr; __error__ &rArr; __2printf
</UL>
<BR>[Calls]<UL><LI><a href="#[db0814]">&gt;&gt;</a>&nbsp;&nbsp;&nbsp;udp_close
<LI><a href="#[db0f58]">&gt;&gt;</a>&nbsp;&nbsp;&nbsp;mem_copy
<LI><a href="#[db51ac]">&gt;&gt;</a>&nbsp;&nbsp;&nbsp;__debug__
</UL>
<BR>[Called By]<UL><LI><a href="#[db970c]">&gt;&gt;</a>&nbsp;&nbsp;&nbsp;dhcp_check
</UL>

<P><STRONG><a name="[dadda8]"></a>eth_chk_adr</STRONG> (Thumb, 10 bytes, Stack size 0 bytes, at_ethernet.o(i.eth_chk_adr))
<BR><BR>[Stack]<UL><LI>Max Depth = 8<LI>Call Chain = eth_chk_adr &rArr; mem_comp
</UL>
<BR>[Calls]<UL><LI><a href="#[db73a8]">&gt;&gt;</a>&nbsp;&nbsp;&nbsp;mem_comp
</UL>
<BR>[Called By]<UL><LI><a href="#[dadc40]">&gt;&gt;</a>&nbsp;&nbsp;&nbsp;ip_chk_frame
</UL>

<P><STRONG><a name="[db5ad0]"></a>eth_send_frame</STRONG> (Thumb, 250 bytes, Stack size 32 bytes, at_ethernet.o(i.eth_send_frame))
<BR><BR>[Stack]<UL><LI>Max Depth = 168<LI>Call Chain = eth_send_frame &rArr; arp_cache_find &rArr; arp_send_req &rArr; alloc_mem &rArr; __error__ &rArr; __2printf
</UL>
<BR>[Calls]<UL><LI><a href="#[dadc04]">&gt;&gt;</a>&nbsp;&nbsp;&nbsp;is_subnet_bcast
<LI><a href="#[dadd30]">&gt;&gt;</a>&nbsp;&nbsp;&nbsp;arp_cache_find
<LI><a href="#[db0f58]">&gt;&gt;</a>&nbsp;&nbsp;&nbsp;mem_copy
<LI><a href="#[db1084]">&gt;&gt;</a>&nbsp;&nbsp;&nbsp;SwapB
<LI><a href="#[db3820]">&gt;&gt;</a>&nbsp;&nbsp;&nbsp;send_frame
<LI><a href="#[db5170]">&gt;&gt;</a>&nbsp;&nbsp;&nbsp;__error__
<LI><a href="#[db51ac]">&gt;&gt;</a>&nbsp;&nbsp;&nbsp;__debug__
<LI><a href="#[db73a8]">&gt;&gt;</a>&nbsp;&nbsp;&nbsp;mem_comp
<LI><a href="#[db86e0]">&gt;&gt;</a>&nbsp;&nbsp;&nbsp;mem_test
</UL>
<BR>[Called By]<UL><LI><a href="#[db5b48]">&gt;&gt;</a>&nbsp;&nbsp;&nbsp;dispatch_frame
</UL>

<P><STRONG><a name="[db74d4]"></a>free_mem</STRONG> (Thumb, 156 bytes, Stack size 24 bytes, at_mem.o(i.free_mem))
<BR><BR>[Stack]<UL><LI>Max Depth = 72<LI>Call Chain = free_mem &rArr; __error__ &rArr; __2printf
</UL>
<BR>[Calls]<UL><LI><a href="#[db385c]">&gt;&gt;</a>&nbsp;&nbsp;&nbsp;int_disable_eth
<LI><a href="#[db3898]">&gt;&gt;</a>&nbsp;&nbsp;&nbsp;int_enable_eth
<LI><a href="#[db5170]">&gt;&gt;</a>&nbsp;&nbsp;&nbsp;__error__
<LI><a href="#[db51ac]">&gt;&gt;</a>&nbsp;&nbsp;&nbsp;__debug__
<LI><a href="#[db5c74]">&gt;&gt;</a>&nbsp;&nbsp;&nbsp;sys_error
</UL>
<BR>[Called By]<UL><LI><a href="#[dabef4]">&gt;&gt;</a>&nbsp;&nbsp;&nbsp;arp_send_req
<LI><a href="#[dabf30]">&gt;&gt;</a>&nbsp;&nbsp;&nbsp;arp_send_reply
<LI><a href="#[dadb8c]">&gt;&gt;</a>&nbsp;&nbsp;&nbsp;process_icmp
<LI><a href="#[daea8c]">&gt;&gt;</a>&nbsp;&nbsp;&nbsp;nbns_listener
<LI><a href="#[daf2fc]">&gt;&gt;</a>&nbsp;&nbsp;&nbsp;http_proc_post
<LI><a href="#[daf3b0]">&gt;&gt;</a>&nbsp;&nbsp;&nbsp;http_open_file
<LI><a href="#[daf428]">&gt;&gt;</a>&nbsp;&nbsp;&nbsp;http_kill_session
<LI><a href="#[db06ac]">&gt;&gt;</a>&nbsp;&nbsp;&nbsp;udp_send
<LI><a href="#[db1174]">&gt;&gt;</a>&nbsp;&nbsp;&nbsp;tcp_send
<LI><a href="#[db14f8]">&gt;&gt;</a>&nbsp;&nbsp;&nbsp;tcp_set_retransmit
<LI><a href="#[db15ac]">&gt;&gt;</a>&nbsp;&nbsp;&nbsp;tcp_send_ctrl
<LI><a href="#[db37a8]">&gt;&gt;</a>&nbsp;&nbsp;&nbsp;put_in_queue
<LI><a href="#[db5878]">&gt;&gt;</a>&nbsp;&nbsp;&nbsp;run_eth_link
<LI><a href="#[db7d44]">&gt;&gt;</a>&nbsp;&nbsp;&nbsp;cgi_process_data
<LI><a href="#[db7d80]">&gt;&gt;</a>&nbsp;&nbsp;&nbsp;cgi_process_var
</UL>

<P><STRONG><a name="[dae384]"></a>get_crc</STRONG> (Thumb, 36 bytes, Stack size 8 bytes, at_lib.o(i.get_crc))
<BR><BR>[Stack]<UL><LI>Max Depth = 8<LI>Call Chain = get_crc
</UL>
<BR>[Called By]<UL><LI><a href="#[dae4b0]">&gt;&gt;</a>&nbsp;&nbsp;&nbsp;dhcp_send_message
<LI><a href="#[daed5c]">&gt;&gt;</a>&nbsp;&nbsp;&nbsp;str_crc
<LI><a href="#[db5a94]">&gt;&gt;</a>&nbsp;&nbsp;&nbsp;init_dhcp
</UL>

<P><STRONG><a name="[db1048]"></a>get_u16</STRONG> (Thumb, 10 bytes, Stack size 0 bytes, at_lib.o(i.get_u16))
<BR><BR>[Called By]<UL><LI><a href="#[dadb8c]">&gt;&gt;</a>&nbsp;&nbsp;&nbsp;process_icmp
<LI><a href="#[db169c]">&gt;&gt;</a>&nbsp;&nbsp;&nbsp;debug_info
</UL>

<P><STRONG><a name="[db100c]"></a>get_u32</STRONG> (Thumb, 22 bytes, Stack size 0 bytes, at_lib.o(i.get_u32))
<BR><BR>[Called By]<UL><LI><a href="#[dae438]">&gt;&gt;</a>&nbsp;&nbsp;&nbsp;proc_opt_req
<LI><a href="#[dae474]">&gt;&gt;</a>&nbsp;&nbsp;&nbsp;proc_opt_renew
<LI><a href="#[dae4ec]">&gt;&gt;</a>&nbsp;&nbsp;&nbsp;dhcp_listener
<LI><a href="#[db1534]">&gt;&gt;</a>&nbsp;&nbsp;&nbsp;tcp_send_reset
<LI><a href="#[db169c]">&gt;&gt;</a>&nbsp;&nbsp;&nbsp;debug_info
<LI><a href="#[db592c]">&gt;&gt;</a>&nbsp;&nbsp;&nbsp;process_tcp
</UL>

<P><STRONG><a name="[daece4]"></a>http_accept_host</STRONG> (Thumb, 4 bytes, Stack size 0 bytes, at_http.o(i.http_accept_host))
<BR><BR>[Called By]<UL><LI><a href="#[daf3ec]">&gt;&gt;</a>&nbsp;&nbsp;&nbsp;http_listener
</UL>

<P><STRONG><a name="[daee88]"></a>http_fclose</STRONG> (Thumb, 2 bytes, Stack size 0 bytes, at_http_uif.o(i.http_fclose))
<BR><BR>[Called By]<UL><LI><a href="#[daf428]">&gt;&gt;</a>&nbsp;&nbsp;&nbsp;http_kill_session
<LI><a href="#[db583c]">&gt;&gt;</a>&nbsp;&nbsp;&nbsp;run_http_server
</UL>

<P><STRONG><a name="[daee4c]"></a>http_fgets</STRONG> (Thumb, 4 bytes, Stack size 0 bytes, at_http_uif.o(i.http_fgets))
<BR><BR>[Called By]<UL><LI><a href="#[daf20c]">&gt;&gt;</a>&nbsp;&nbsp;&nbsp;read_script_line
</UL>

<P><STRONG><a name="[daee10]"></a>http_finfo</STRONG> (Thumb, 4 bytes, Stack size 0 bytes, at_http_uif.o(i.http_finfo))
<BR><BR>[Called By]<UL><LI><a href="#[daf3b0]">&gt;&gt;</a>&nbsp;&nbsp;&nbsp;http_open_file
</UL>

<P><STRONG><a name="[daedd4]"></a>http_fopen</STRONG> (Thumb, 4 bytes, Stack size 0 bytes, at_http_uif.o(i.http_fopen))
<BR><BR>[Called By]<UL><LI><a href="#[daf3b0]">&gt;&gt;</a>&nbsp;&nbsp;&nbsp;http_open_file
</UL>

<P><STRONG><a name="[daed98]"></a>http_fread</STRONG> (Thumb, 4 bytes, Stack size 0 bytes, at_http_uif.o(i.http_fread))
<BR><BR>[Called By]<UL><LI><a href="#[db583c]">&gt;&gt;</a>&nbsp;&nbsp;&nbsp;run_http_server
</UL>

<P><STRONG><a name="[db7420]"></a>http_get_lang</STRONG> (Thumb, 18 bytes, Stack size 0 bytes, at_http.o(i.http_get_lang))
<BR><BR>[Called By]<UL><LI><a href="#[db7d08]">&gt;&gt;</a>&nbsp;&nbsp;&nbsp;cgi_func
</UL>

<P><STRONG><a name="[db73e4]"></a>http_get_var</STRONG> (Thumb, 108 bytes, Stack size 24 bytes, at_http.o(i.http_get_var))
<BR><BR>[Stack]<UL><LI>Max Depth = 24<LI>Call Chain = http_get_var
</UL>
<BR>[Calls]<UL><LI><a href="#[daf518]">&gt;&gt;</a>&nbsp;&nbsp;&nbsp;hex2byte
</UL>
<BR>[Called By]<UL><LI><a href="#[db7d44]">&gt;&gt;</a>&nbsp;&nbsp;&nbsp;cgi_process_data
<LI><a href="#[db7d80]">&gt;&gt;</a>&nbsp;&nbsp;&nbsp;cgi_process_var
</UL>

<P><STRONG><a name="[db8794]"></a>init_TcpNet</STRONG> (Thumb, 44 bytes, Stack size 8 bytes, at_system.o(i.init_TcpNet))
<BR><BR>[Stack]<UL><LI>Max Depth = 120<LI>Call Chain = init_TcpNet &rArr; init_system &rArr; init_http &rArr; tcp_get_socket &rArr; __error__ &rArr; __2printf
</UL>
<BR>[Calls]<UL><LI><a href="#[daca70]">&gt;&gt;</a>&nbsp;&nbsp;&nbsp;init_mem
<LI><a href="#[db0f58]">&gt;&gt;</a>&nbsp;&nbsp;&nbsp;mem_copy
<LI><a href="#[db385c]">&gt;&gt;</a>&nbsp;&nbsp;&nbsp;int_disable_eth
<LI><a href="#[db51e8]">&gt;&gt;</a>&nbsp;&nbsp;&nbsp;init_debug
<LI><a href="#[db5c38]">&gt;&gt;</a>&nbsp;&nbsp;&nbsp;init_system
</UL>
<BR>[Called By]<UL><LI><a href="#[db8aa0]">&gt;&gt;</a>&nbsp;&nbsp;&nbsp;main
</UL>

<P><STRONG><a name="[dadc7c]"></a>init_arp</STRONG> (Thumb, 40 bytes, Stack size 16 bytes, at_arp.o(i.init_arp))
<BR><BR>[Stack]<UL><LI>Max Depth = 40<LI>Call Chain = init_arp &rArr; __debug__
</UL>
<BR>[Calls]<UL><LI><a href="#[db51ac]">&gt;&gt;</a>&nbsp;&nbsp;&nbsp;__debug__
</UL>
<BR>[Called By]<UL><LI><a href="#[db5a58]">&gt;&gt;</a>&nbsp;&nbsp;&nbsp;init_eth_link
</UL>

<P><STRONG><a name="[db5a94]"></a>init_dhcp</STRONG> (Thumb, 104 bytes, Stack size 16 bytes, at_dhcp.o(i.init_dhcp))
<BR><BR>[Stack]<UL><LI>Max Depth = 88<LI>Call Chain = init_dhcp &rArr; udp_open &rArr; __error__ &rArr; __2printf
</UL>
<BR>[Calls]<UL><LI><a href="#[dae384]">&gt;&gt;</a>&nbsp;&nbsp;&nbsp;get_crc
<LI><a href="#[db0724]">&gt;&gt;</a>&nbsp;&nbsp;&nbsp;udp_open
<LI><a href="#[db079c]">&gt;&gt;</a>&nbsp;&nbsp;&nbsp;udp_get_socket
<LI><a href="#[db0f1c]">&gt;&gt;</a>&nbsp;&nbsp;&nbsp;mem_set
<LI><a href="#[db0f58]">&gt;&gt;</a>&nbsp;&nbsp;&nbsp;mem_copy
<LI><a href="#[db5170]">&gt;&gt;</a>&nbsp;&nbsp;&nbsp;__error__
<LI><a href="#[db51ac]">&gt;&gt;</a>&nbsp;&nbsp;&nbsp;__debug__
</UL>
<BR>[Called By]<UL><LI><a href="#[db5c38]">&gt;&gt;</a>&nbsp;&nbsp;&nbsp;init_system
</UL>

<P><STRONG><a name="[db5a58]"></a>init_eth_link</STRONG> (Thumb, 38 bytes, Stack size 8 bytes, at_ethernet.o(i.init_eth_link))
<BR><BR>[Stack]<UL><LI>Max Depth = 72<LI>Call Chain = init_eth_link &rArr; init_ethernet &rArr; write_PHY &rArr; output_MDIO
</UL>
<BR>[Calls]<UL><LI><a href="#[dadc7c]">&gt;&gt;</a>&nbsp;&nbsp;&nbsp;init_arp
<LI><a href="#[db385c]">&gt;&gt;</a>&nbsp;&nbsp;&nbsp;int_disable_eth
<LI><a href="#[db3898]">&gt;&gt;</a>&nbsp;&nbsp;&nbsp;int_enable_eth
<LI><a href="#[db38d4]">&gt;&gt;</a>&nbsp;&nbsp;&nbsp;init_ethernet
<LI><a href="#[db51ac]">&gt;&gt;</a>&nbsp;&nbsp;&nbsp;__debug__
</UL>
<BR>[Called By]<UL><LI><a href="#[db5c38]">&gt;&gt;</a>&nbsp;&nbsp;&nbsp;init_system
</UL>

<P><STRONG><a name="[db5a1c]"></a>init_http</STRONG> (Thumb, 122 bytes, Stack size 32 bytes, at_http.o(i.init_http))
<BR><BR>[Stack]<UL><LI>Max Depth = 104<LI>Call Chain = init_http &rArr; tcp_get_socket &rArr; __error__ &rArr; __2printf
</UL>
<BR>[Calls]<UL><LI><a href="#[db1264]">&gt;&gt;</a>&nbsp;&nbsp;&nbsp;tcp_listen
<LI><a href="#[db12dc]">&gt;&gt;</a>&nbsp;&nbsp;&nbsp;tcp_get_socket
<LI><a href="#[db5170]">&gt;&gt;</a>&nbsp;&nbsp;&nbsp;__error__
<LI><a href="#[db51ac]">&gt;&gt;</a>&nbsp;&nbsp;&nbsp;__debug__
</UL>
<BR>[Called By]<UL><LI><a href="#[db5c38]">&gt;&gt;</a>&nbsp;&nbsp;&nbsp;init_system
</UL>

<P><STRONG><a name="[daca70]"></a>init_mem</STRONG> (Thumb, 40 bytes, Stack size 8 bytes, at_mem.o(i.init_mem))
<BR><BR>[Stack]<UL><LI>Max Depth = 32<LI>Call Chain = init_mem &rArr; __debug__
</UL>
<BR>[Calls]<UL><LI><a href="#[db51ac]">&gt;&gt;</a>&nbsp;&nbsp;&nbsp;__debug__
</UL>
<BR>[Called By]<UL><LI><a href="#[db8794]">&gt;&gt;</a>&nbsp;&nbsp;&nbsp;init_TcpNet
</UL>

<P><STRONG><a name="[db59e0]"></a>init_nbns</STRONG> (Thumb, 50 bytes, Stack size 8 bytes, at_nbns.o(i.init_nbns))
<BR><BR>[Stack]<UL><LI>Max Depth = 80<LI>Call Chain = init_nbns &rArr; udp_open &rArr; __error__ &rArr; __2printf
</UL>
<BR>[Calls]<UL><LI><a href="#[db0724]">&gt;&gt;</a>&nbsp;&nbsp;&nbsp;udp_open
<LI><a href="#[db079c]">&gt;&gt;</a>&nbsp;&nbsp;&nbsp;udp_get_socket
<LI><a href="#[db5170]">&gt;&gt;</a>&nbsp;&nbsp;&nbsp;__error__
<LI><a href="#[db51ac]">&gt;&gt;</a>&nbsp;&nbsp;&nbsp;__debug__
</UL>
<BR>[Called By]<UL><LI><a href="#[db5c38]">&gt;&gt;</a>&nbsp;&nbsp;&nbsp;init_system
</UL>

<P><STRONG><a name="[db59a4]"></a>init_tcp</STRONG> (Thumb, 32 bytes, Stack size 8 bytes, at_tcp.o(i.init_tcp))
<BR><BR>[Stack]<UL><LI>Max Depth = 32<LI>Call Chain = init_tcp &rArr; __debug__
</UL>
<BR>[Calls]<UL><LI><a href="#[db0f1c]">&gt;&gt;</a>&nbsp;&nbsp;&nbsp;mem_set
<LI><a href="#[db51ac]">&gt;&gt;</a>&nbsp;&nbsp;&nbsp;__debug__
</UL>
<BR>[Called By]<UL><LI><a href="#[db5c38]">&gt;&gt;</a>&nbsp;&nbsp;&nbsp;init_system
</UL>

<P><STRONG><a name="[db5968]"></a>init_udp</STRONG> (Thumb, 34 bytes, Stack size 8 bytes, at_udp.o(i.init_udp))
<BR><BR>[Stack]<UL><LI>Max Depth = 32<LI>Call Chain = init_udp &rArr; __debug__
</UL>
<BR>[Calls]<UL><LI><a href="#[db0f1c]">&gt;&gt;</a>&nbsp;&nbsp;&nbsp;mem_set
<LI><a href="#[db51ac]">&gt;&gt;</a>&nbsp;&nbsp;&nbsp;__debug__
</UL>
<BR>[Called By]<UL><LI><a href="#[db5c38]">&gt;&gt;</a>&nbsp;&nbsp;&nbsp;init_system
</UL>

<P><STRONG><a name="[dadc40]"></a>ip_chk_frame</STRONG> (Thumb, 242 bytes, Stack size 32 bytes, at_ip.o(i.ip_chk_frame))
<BR><BR>[Stack]<UL><LI>Max Depth = 80<LI>Call Chain = ip_chk_frame &rArr; __error__ &rArr; __2printf
</UL>
<BR>[Calls]<UL><LI><a href="#[daba08]">&gt;&gt;</a>&nbsp;&nbsp;&nbsp;ip_get_chksum
<LI><a href="#[daba44]">&gt;&gt;</a>&nbsp;&nbsp;&nbsp;debug_info
<LI><a href="#[dadda8]">&gt;&gt;</a>&nbsp;&nbsp;&nbsp;eth_chk_adr
<LI><a href="#[db0f58]">&gt;&gt;</a>&nbsp;&nbsp;&nbsp;mem_copy
<LI><a href="#[db1084]">&gt;&gt;</a>&nbsp;&nbsp;&nbsp;SwapB
<LI><a href="#[db5170]">&gt;&gt;</a>&nbsp;&nbsp;&nbsp;__error__
<LI><a href="#[db51ac]">&gt;&gt;</a>&nbsp;&nbsp;&nbsp;__debug__
<LI><a href="#[db5b0c]">&gt;&gt;</a>&nbsp;&nbsp;&nbsp;igmp_is_member
<LI><a href="#[db73a8]">&gt;&gt;</a>&nbsp;&nbsp;&nbsp;mem_comp
</UL>
<BR>[Called By]<UL><LI><a href="#[db5878]">&gt;&gt;</a>&nbsp;&nbsp;&nbsp;run_eth_link
</UL>

<P><STRONG><a name="[db0fd0]"></a>ip_get_locadr</STRONG> (Thumb, 140 bytes, Stack size 24 bytes, at_ip.o(i.ip_get_locadr))
<BR><BR>[Stack]<UL><LI>Max Depth = 48<LI>Call Chain = ip_get_locadr &rArr; is_subnet &rArr; mem_copy
</UL>
<BR>[Calls]<UL><LI><a href="#[dace6c]">&gt;&gt;</a>&nbsp;&nbsp;&nbsp;is_subnet
<LI><a href="#[db86e0]">&gt;&gt;</a>&nbsp;&nbsp;&nbsp;mem_test
</UL>
<BR>[Called By]<UL><LI><a href="#[db06ac]">&gt;&gt;</a>&nbsp;&nbsp;&nbsp;udp_send
<LI><a href="#[db0f94]">&gt;&gt;</a>&nbsp;&nbsp;&nbsp;ip_send_frame
<LI><a href="#[db1570]">&gt;&gt;</a>&nbsp;&nbsp;&nbsp;tcp_send_frame
</UL>

<P><STRONG><a name="[db0f94]"></a>ip_send_frame</STRONG> (Thumb, 168 bytes, Stack size 32 bytes, at_ip.o(i.ip_send_frame))
<BR><BR>[Stack]<UL><LI>Max Depth = 200<LI>Call Chain = ip_send_frame &rArr; dispatch_frame &rArr; eth_send_frame &rArr; arp_cache_find &rArr; arp_send_req &rArr; alloc_mem &rArr; __error__ &rArr; __2printf
</UL>
<BR>[Calls]<UL><LI><a href="#[daba08]">&gt;&gt;</a>&nbsp;&nbsp;&nbsp;ip_get_chksum
<LI><a href="#[daba44]">&gt;&gt;</a>&nbsp;&nbsp;&nbsp;debug_info
<LI><a href="#[db0f58]">&gt;&gt;</a>&nbsp;&nbsp;&nbsp;mem_copy
<LI><a href="#[db0fd0]">&gt;&gt;</a>&nbsp;&nbsp;&nbsp;ip_get_locadr
<LI><a href="#[db1084]">&gt;&gt;</a>&nbsp;&nbsp;&nbsp;SwapB
<LI><a href="#[db5170]">&gt;&gt;</a>&nbsp;&nbsp;&nbsp;__error__
<LI><a href="#[db51ac]">&gt;&gt;</a>&nbsp;&nbsp;&nbsp;__debug__
<LI><a href="#[db5b48]">&gt;&gt;</a>&nbsp;&nbsp;&nbsp;dispatch_frame
</UL>
<BR>[Called By]<UL><LI><a href="#[dadb8c]">&gt;&gt;</a>&nbsp;&nbsp;&nbsp;process_icmp
<LI><a href="#[db06ac]">&gt;&gt;</a>&nbsp;&nbsp;&nbsp;udp_send
[...]
</UL>
<BR>[Calls]<UL><LI><a href="#[daee88]">&gt;&gt;</a>&nbsp;&nbsp;&nbsp;http_fclose
<LI><a href="#[db74d4]">&gt;&gt;</a>&nbsp;&nbsp;&nbsp;free_mem
<LI><a href="#[db7d44]">&gt;&gt;</a>&nbsp;&nbsp;&nbsp;cgi_process_data
</UL>
<BR>[Called By]<UL><LI><a href="#[daf3ec]">&gt;&gt;</a>&nbsp;&nbsp;&nbsp;http_listener
<LI><a href="#[db583c]">&gt;&gt;</a>&nbsp;&nbsp;&nbsp;run_http_server
</UL>

<P><STRONG><a name="[daf3ec]"></a>http_listener</STRONG> (Thumb, 664 bytes, Stack size 48 bytes, at_http.o(i.http_listener))
<BR><BR>[Stack]<UL><LI>Max Depth = 320<LI>Call Chain = http_listener &rArr; cgi_process_var &rArr; __0sscanf &rArr; __vfscanf_char &rArr; __vfscanf &rArr; _scanf_int
</UL>
<BR>[Calls]<UL><LI><a href="#[daece4]">&gt;&gt;</a>&nbsp;&nbsp;&nbsp;http_accept_host
<LI><a href="#[daf20c]">&gt;&gt;</a>&nbsp;&nbsp;&nbsp;read_script_line
<LI><a href="#[daf2c0]">&gt;&gt;</a>&nbsp;&nbsp;&nbsp;http_strchr
<LI><a href="#[daf2fc]">&gt;&gt;</a>&nbsp;&nbsp;&nbsp;http_proc_post
<LI><a href="#[daf338]">&gt;&gt;</a>&nbsp;&nbsp;&nbsp;http_proc_multipart
<LI><a href="#[daf374]">&gt;&gt;</a>&nbsp;&nbsp;&nbsp;http_proc_header
<LI><a href="#[daf3b0]">&gt;&gt;</a>&nbsp;&nbsp;&nbsp;http_open_file
<LI><a href="#[daf428]">&gt;&gt;</a>&nbsp;&nbsp;&nbsp;http_kill_session
<LI><a href="#[daf464]">&gt;&gt;</a>&nbsp;&nbsp;&nbsp;http_file_type
<LI><a href="#[daf608]">&gt;&gt;</a>&nbsp;&nbsp;&nbsp;chk_post_rq
<LI><a href="#[db5170]">&gt;&gt;</a>&nbsp;&nbsp;&nbsp;__error__
<LI><a href="#[db51ac]">&gt;&gt;</a>&nbsp;&nbsp;&nbsp;__debug__
<LI><a href="#[db7330]">&gt;&gt;</a>&nbsp;&nbsp;&nbsp;str_scomp
<LI><a href="#[db7510]">&gt;&gt;</a>&nbsp;&nbsp;&nbsp;alloc_mem
<LI><a href="#[db7d80]">&gt;&gt;</a>&nbsp;&nbsp;&nbsp;cgi_process_var
</UL>
<BR>[Address Reference Count : 1]<UL><LI> at_http.o(i.init_http)
</UL>
<P><STRONG><a name="[daf3b0]"></a>http_open_file</STRONG> (Thumb, 328 bytes, Stack size 24 bytes, at_http.o(i.http_open_file))
<BR><BR>[Stack]<UL><LI>Max Depth = 104<LI>Call Chain = http_open_file &rArr; alloc_mem &rArr; __error__ &rArr; __2printf
</UL>
<BR>[Calls]<UL><LI><a href="#[daed5c]">&gt;&gt;</a>&nbsp;&nbsp;&nbsp;str_crc
<LI><a href="#[daedd4]">&gt;&gt;</a>&nbsp;&nbsp;&nbsp;http_fopen
<LI><a href="#[daee10]">&gt;&gt;</a>&nbsp;&nbsp;&nbsp;http_finfo
<LI><a href="#[db51ac]">&gt;&gt;</a>&nbsp;&nbsp;&nbsp;__debug__
<LI><a href="#[db74d4]">&gt;&gt;</a>&nbsp;&nbsp;&nbsp;free_mem
<LI><a href="#[db7510]">&gt;&gt;</a>&nbsp;&nbsp;&nbsp;alloc_mem
</UL>
<BR>[Called By]<UL><LI><a href="#[daf3ec]">&gt;&gt;</a>&nbsp;&nbsp;&nbsp;http_listener
<LI><a href="#[db583c]">&gt;&gt;</a>&nbsp;&nbsp;&nbsp;run_http_server
</UL>

<P><STRONG><a name="[daf374]"></a>http_proc_header</STRONG> (Thumb, 248 bytes, Stack size 32 bytes, at_http.o(i.http_proc_header))
<BR><BR>[Stack]<UL><LI>Max Depth = 152<LI>Call Chain = http_proc_header &rArr; http_to_utc &rArr; atoi &rArr; strtol &rArr; _strtoul
</UL>
<BR>[Calls]<UL><LI><a href="#[dab0e4]">&gt;&gt;</a>&nbsp;&nbsp;&nbsp;strcmp
<LI><a href="#[dab1d4]">&gt;&gt;</a>&nbsp;&nbsp;&nbsp;strlen
<LI><a href="#[daf02c]">&gt;&gt;</a>&nbsp;&nbsp;&nbsp;b64_to_asc
<LI><a href="#[daf248]">&gt;&gt;</a>&nbsp;&nbsp;&nbsp;http_to_utc
<LI><a href="#[daf590]">&gt;&gt;</a>&nbsp;&nbsp;&nbsp;get_next_field
<LI><a href="#[daf5cc]">&gt;&gt;</a>&nbsp;&nbsp;&nbsp;cmp_header
<LI><a href="#[db51ac]">&gt;&gt;</a>&nbsp;&nbsp;&nbsp;__debug__
<LI><a href="#[db7330]">&gt;&gt;</a>&nbsp;&nbsp;&nbsp;str_scomp
</UL>
<BR>[Called By]<UL><LI><a href="#[daf3ec]">&gt;&gt;</a>&nbsp;&nbsp;&nbsp;http_listener
</UL>

<P><STRONG><a name="[daf338]"></a>http_proc_multipart</STRONG> (Thumb, 368 bytes, Stack size 24 bytes, at_http.o(i.http_proc_multipart))
<BR><BR>[Stack]<UL><LI>Max Depth = 168<LI>Call Chain = http_proc_multipart &rArr; cgi_process_data &rArr; alloc_mem &rArr; __error__ &rArr; __2printf
</UL>
<BR>[Calls]<UL><LI><a href="#[daf1d0]">&gt;&gt;</a>&nbsp;&nbsp;&nbsp;search_delim
<LI><a href="#[daf2c0]">&gt;&gt;</a>&nbsp;&nbsp;&nbsp;http_strchr
<LI><a href="#[daf554]">&gt;&gt;</a>&nbsp;&nbsp;&nbsp;get_next_par
<LI><a href="#[daf590]">&gt;&gt;</a>&nbsp;&nbsp;&nbsp;get_next_field
<LI><a href="#[daf5cc]">&gt;&gt;</a>&nbsp;&nbsp;&nbsp;cmp_header
<LI><a href="#[db51ac]">&gt;&gt;</a>&nbsp;&nbsp;&nbsp;__debug__
<LI><a href="#[db7330]">&gt;&gt;</a>&nbsp;&nbsp;&nbsp;str_scomp
<LI><a href="#[db7d44]">&gt;&gt;</a>&nbsp;&nbsp;&nbsp;cgi_process_data
</UL>
<BR>[Called By]<UL><LI><a href="#[daf3ec]">&gt;&gt;</a>&nbsp;&nbsp;&nbsp;http_listener
</UL>

<P><STRONG><a name="[daf2fc]"></a>http_proc_post</STRONG> (Thumb, 294 bytes, Stack size 24 bytes, at_http.o(i.http_proc_post))
<BR><BR>[Stack]<UL><LI>Max Depth = 168<LI>Call Chain = http_proc_post &rArr; cgi_process_data &rArr; alloc_mem &rArr; __error__ &rArr; __2printf
</UL>
<BR>[Calls]<UL><LI><a href="#[db0f58]">&gt;&gt;</a>&nbsp;&nbsp;&nbsp;mem_copy
<LI><a href="#[db5170]">&gt;&gt;</a>&nbsp;&nbsp;&nbsp;__error__
<LI><a href="#[db51ac]">&gt;&gt;</a>&nbsp;&nbsp;&nbsp;__debug__
<LI><a href="#[db74d4]">&gt;&gt;</a>&nbsp;&nbsp;&nbsp;free_mem
<LI><a href="#[db7510]">&gt;&gt;</a>&nbsp;&nbsp;&nbsp;alloc_mem
<LI><a href="#[db7d44]">&gt;&gt;</a>&nbsp;&nbsp;&nbsp;cgi_process_data
</UL>
<BR>[Called By]<UL><LI><a href="#[daf3ec]">&gt;&gt;</a>&nbsp;&nbsp;&nbsp;http_listener
</UL>

<P><STRONG><a name="[daf2c0]"></a>http_strchr</STRONG> (Thumb, 26 bytes, Stack size 0 bytes, at_http.o(i.http_strchr))
<BR><BR>[Called By]<UL><LI><a href="#[daf338]">&gt;&gt;</a>&nbsp;&nbsp;&nbsp;http_proc_multipart
<LI><a href="#[daf3ec]">&gt;&gt;</a>&nbsp;&nbsp;&nbsp;http_listener
</UL>

<P><STRONG><a name="[daf284]"></a>http_strcpy</STRONG> (Thumb, 30 bytes, Stack size 8 bytes, at_http.o(i.http_strcpy))
<BR><BR>[Stack]<UL><LI>Max Depth = 8<LI>Call Chain = http_strcpy
</UL>
<BR>[Called By]<UL><LI><a href="#[daf608]">&gt;&gt;</a>&nbsp;&nbsp;&nbsp;chk_post_rq
<LI><a href="#[db583c]">&gt;&gt;</a>&nbsp;&nbsp;&nbsp;run_http_server
</UL>

<P><STRONG><a name="[daf248]"></a>http_to_utc</STRONG> (Thumb, 162 bytes, Stack size 32 bytes, at_http.o(i.http_to_utc))
<BR><BR>[Stack]<UL><LI>Max Depth = 120<LI>Call Chain = http_to_utc &rArr; atoi &rArr; strtol &rArr; _strtoul
</UL>
<BR>[Calls]<UL><LI><a href="#[db7330]">&gt;&gt;</a>&nbsp;&nbsp;&nbsp;str_scomp
<LI><a href="#[14cf058]">&gt;&gt;</a>&nbsp;&nbsp;&nbsp;atoi
</UL>
<BR>[Called By]<UL><LI><a href="#[daf374]">&gt;&gt;</a>&nbsp;&nbsp;&nbsp;http_proc_header
</UL>

<P><STRONG><a name="[daf20c]"></a>read_script_line</STRONG> (Thumb, 166 bytes, Stack size 16 bytes, at_http.o(i.read_script_line))
<BR><BR>[Stack]<UL><LI>Max Depth = 16<LI>Call Chain = read_script_line
</UL>
<BR>[Calls]<UL><LI><a href="#[dab1d4]">&gt;&gt;</a>&nbsp;&nbsp;&nbsp;strlen
<LI><a href="#[daee4c]">&gt;&gt;</a>&nbsp;&nbsp;&nbsp;http_fgets
</UL>
<BR>[Called By]<UL><LI><a href="#[daf3ec]">&gt;&gt;</a>&nbsp;&nbsp;&nbsp;http_listener
<LI><a href="#[db583c]">&gt;&gt;</a>&nbsp;&nbsp;&nbsp;run_http_server
</UL>

<P><STRONG><a name="[daf1d0]"></a>search_delim</STRONG> (Thumb, 74 bytes, Stack size 16 bytes, at_http.o(i.search_delim))
<BR><BR>[Stack]<UL><LI>Max Depth = 16<LI>Call Chain = search_delim
</UL>
<BR>[Calls]<UL><LI><a href="#[db7330]">&gt;&gt;</a>&nbsp;&nbsp;&nbsp;str_scomp
</UL>
<BR>[Called By]<UL><LI><a href="#[daf338]">&gt;&gt;</a>&nbsp;&nbsp;&nbsp;http_proc_multipart
</UL>

<P><STRONG><a name="[daf194]"></a>utc_to_http</STRONG> (Thumb, 182 bytes, Stack size 40 bytes, at_http.o(i.utc_to_http))
<BR><BR>[Stack]<UL><LI>Max Depth = 64<LI>Call Chain = utc_to_http &rArr; __2sprintf
</UL>
<BR>[Calls]<UL><LI><a href="#[14d0480]">&gt;&gt;</a>&nbsp;&nbsp;&nbsp;__2sprintf
</UL>
<BR>[Called By]<UL><LI><a href="#[daf4dc]">&gt;&gt;</a>&nbsp;&nbsp;&nbsp;http_add_header
</UL>

<P><STRONG><a name="[daea8c]"></a>nbns_listener</STRONG> (Thumb, 364 bytes, Stack size 48 bytes, at_nbns.o(i.nbns_listener))
<BR><BR>[Stack]<UL><LI>Max Depth = 280<LI>Call Chain = nbns_listener &rArr; udp_send &rArr; ip_send_frame &rArr; dispatch_frame &rArr; eth_send_frame &rArr; arp_cache_find &rArr; arp_send_req &rArr; alloc_mem &rArr; __error__ &rArr; __2printf
</UL>
<BR>[Calls]<UL><LI><a href="#[daea50]">&gt;&gt;</a>&nbsp;&nbsp;&nbsp;str_up_case
<LI><a href="#[db06ac]">&gt;&gt;</a>&nbsp;&nbsp;&nbsp;udp_send
<LI><a href="#[db07d8]">&gt;&gt;</a>&nbsp;&nbsp;&nbsp;udp_get_buf
<LI><a href="#[db0f58]">&gt;&gt;</a>&nbsp;&nbsp;&nbsp;mem_copy
<LI><a href="#[db5170]">&gt;&gt;</a>&nbsp;&nbsp;&nbsp;__error__
<LI><a href="#[db51ac]">&gt;&gt;</a>&nbsp;&nbsp;&nbsp;__debug__
<LI><a href="#[db73a8]">&gt;&gt;</a>&nbsp;&nbsp;&nbsp;mem_comp
<LI><a href="#[db74d4]">&gt;&gt;</a>&nbsp;&nbsp;&nbsp;free_mem
<LI><a href="#[db7510]">&gt;&gt;</a>&nbsp;&nbsp;&nbsp;alloc_mem
</UL>
<BR>[Address Reference Count : 1]<UL><LI> at_nbns.o(i.init_nbns)
</UL>
<P><STRONG><a name="[dae528]"></a>debug_inf2</STRONG> (Thumb, 28 bytes, Stack size 24 bytes, at_dhcp.o(i.debug_inf2))
<BR><BR>[Stack]<UL><LI>Max Depth = 48<LI>Call Chain = debug_inf2 &rArr; __debug__
</UL>
<BR>[Calls]<UL><LI><a href="#[db51ac]">&gt;&gt;</a>&nbsp;&nbsp;&nbsp;__debug__
</UL>
<BR>[Called By]<UL><LI><a href="#[dae438]">&gt;&gt;</a>&nbsp;&nbsp;&nbsp;proc_opt_req
<LI><a href="#[dae4ec]">&gt;&gt;</a>&nbsp;&nbsp;&nbsp;dhcp_listener
</UL>

<P><STRONG><a name="[dae4ec]"></a>dhcp_listener</STRONG> (Thumb, 710 bytes, Stack size 56 bytes, at_dhcp.o(i.dhcp_listener))
<BR><BR>[Stack]<UL><LI>Max Depth = 328<LI>Call Chain = dhcp_listener &rArr; dhcp_send_message &rArr; udp_send &rArr; ip_send_frame &rArr; dispatch_frame &rArr; eth_send_frame &rArr; arp_cache_find &rArr; arp_send_req &rArr; alloc_mem &rArr; __error__ &rArr; __2printf
</UL>
<BR>[Calls]<UL><LI><a href="#[dae3fc]">&gt;&gt;</a>&nbsp;&nbsp;&nbsp;proc_opt_sel
<LI><a href="#[dae438]">&gt;&gt;</a>&nbsp;&nbsp;&nbsp;proc_opt_req
<LI><a href="#[dae474]">&gt;&gt;</a>&nbsp;&nbsp;&nbsp;proc_opt_renew
<LI><a href="#[dae4b0]">&gt;&gt;</a>&nbsp;&nbsp;&nbsp;dhcp_send_message
<LI><a href="#[dae528]">&gt;&gt;</a>&nbsp;&nbsp;&nbsp;debug_inf2
<LI><a href="#[db0f1c]">&gt;&gt;</a>&nbsp;&nbsp;&nbsp;mem_set
<LI><a href="#[db0f58]">&gt;&gt;</a>&nbsp;&nbsp;&nbsp;mem_copy
<LI><a href="#[db100c]">&gt;&gt;</a>&nbsp;&nbsp;&nbsp;get_u32
<LI><a href="#[db5170]">&gt;&gt;</a>&nbsp;&nbsp;&nbsp;__error__
<LI><a href="#[db51ac]">&gt;&gt;</a>&nbsp;&nbsp;&nbsp;__debug__
<LI><a href="#[db73a8]">&gt;&gt;</a>&nbsp;&nbsp;&nbsp;mem_comp
<LI><a href="#[db86e0]">&gt;&gt;</a>&nbsp;&nbsp;&nbsp;mem_test
</UL>
<BR>[Address Reference Count : 1]<UL><LI> at_dhcp.o(i.init_dhcp)
</UL>
<P><STRONG><a name="[dae4b0]"></a>dhcp_send_message</STRONG> (Thumb, 432 bytes, Stack size 40 bytes, at_dhcp.o(i.dhcp_send_message))
<BR><BR>[Stack]<UL><LI>Max Depth = 272<LI>Call Chain = dhcp_send_message &rArr; udp_send &rArr; ip_send_frame &rArr; dispatch_frame &rArr; eth_send_frame &rArr; arp_cache_find &rArr; arp_send_req &rArr; alloc_mem &rArr; __error__ &rArr; __2printf
</UL>
<BR>[Calls]<UL><LI><a href="#[dae384]">&gt;&gt;</a>&nbsp;&nbsp;&nbsp;get_crc
<LI><a href="#[db06ac]">&gt;&gt;</a>&nbsp;&nbsp;&nbsp;udp_send
<LI><a href="#[db07d8]">&gt;&gt;</a>&nbsp;&nbsp;&nbsp;udp_get_buf
<LI><a href="#[db0e68]">&gt;&gt;</a>&nbsp;&nbsp;&nbsp;set_u32
<LI><a href="#[db0f1c]">&gt;&gt;</a>&nbsp;&nbsp;&nbsp;mem_set
<LI><a href="#[db0f58]">&gt;&gt;</a>&nbsp;&nbsp;&nbsp;mem_copy
<LI><a href="#[db1084]">&gt;&gt;</a>&nbsp;&nbsp;&nbsp;SwapB
<LI><a href="#[db51ac]">&gt;&gt;</a>&nbsp;&nbsp;&nbsp;__debug__
<LI><a href="#[db736c]">&gt;&gt;</a>&nbsp;&nbsp;&nbsp;str_copy
</UL>
<BR>[Called By]<UL><LI><a href="#[dae4ec]">&gt;&gt;</a>&nbsp;&nbsp;&nbsp;dhcp_listener
<LI><a href="#[db58b4]">&gt;&gt;</a>&nbsp;&nbsp;&nbsp;run_dhcp_client
</UL>

<P><STRONG><a name="[dae474]"></a>proc_opt_renew</STRONG> (Thumb, 92 bytes, Stack size 16 bytes, at_dhcp.o(i.proc_opt_renew))
<BR><BR>[Stack]<UL><LI>Max Depth = 16<LI>Call Chain = proc_opt_renew
</UL>
<BR>[Calls]<UL><LI><a href="#[db100c]">&gt;&gt;</a>&nbsp;&nbsp;&nbsp;get_u32
</UL>
<BR>[Called By]<UL><LI><a href="#[dae4ec]">&gt;&gt;</a>&nbsp;&nbsp;&nbsp;dhcp_listener
</UL>

<P><STRONG><a name="[dae438]"></a>proc_opt_req</STRONG> (Thumb, 218 bytes, Stack size 24 bytes, at_dhcp.o(i.proc_opt_req))
<BR><BR>[Stack]<UL><LI>Max Depth = 72<LI>Call Chain = proc_opt_req &rArr; debug_inf2 &rArr; __debug__
</UL>
<BR>[Calls]<UL><LI><a href="#[dae528]">&gt;&gt;</a>&nbsp;&nbsp;&nbsp;debug_inf2
<LI><a href="#[db0f1c]">&gt;&gt;</a>&nbsp;&nbsp;&nbsp;mem_set
<LI><a href="#[db0f58]">&gt;&gt;</a>&nbsp;&nbsp;&nbsp;mem_copy
<LI><a href="#[db100c]">&gt;&gt;</a>&nbsp;&nbsp;&nbsp;get_u32
<LI><a href="#[db51ac]">&gt;&gt;</a>&nbsp;&nbsp;&nbsp;__debug__
</UL>
<BR>[Called By]<UL><LI><a href="#[dae4ec]">&gt;&gt;</a>&nbsp;&nbsp;&nbsp;dhcp_listener
</UL>

<P><STRONG><a name="[dae3fc]"></a>proc_opt_sel</STRONG> (Thumb, 48 bytes, Stack size 16 bytes, at_dhcp.o(i.proc_opt_sel))
<BR><BR>[Stack]<UL><LI>Max Depth = 28<LI>Call Chain = proc_opt_sel &rArr; mem_copy
</UL>
<BR>[Calls]<UL><LI><a href="#[db0f58]">&gt;&gt;</a>&nbsp;&nbsp;&nbsp;mem_copy
</UL>
<BR>[Called By]<UL><LI><a href="#[dae4ec]">&gt;&gt;</a>&nbsp;&nbsp;&nbsp;dhcp_listener
</UL>

<P><STRONG><a name="[dabfa8]"></a>arp_cache_alloc</STRONG> (Thumb, 90 bytes, Stack size 20 bytes, at_arp.o(i.arp_cache_alloc))
<BR><BR>[Stack]<UL><LI>Max Depth = 20<LI>Call Chain = arp_cache_alloc
</UL>
<BR>[Called By]<UL><LI><a href="#[dadd30]">&gt;&gt;</a>&nbsp;&nbsp;&nbsp;arp_cache_find
<LI><a href="#[dadd6c]">&gt;&gt;</a>&nbsp;&nbsp;&nbsp;arp_cache_add
</UL>

<P><STRONG><a name="[dabf6c]"></a>arp_get_response</STRONG> (Thumb, 106 bytes, Stack size 24 bytes, at_arp.o(i.arp_get_response))
<BR><BR>[Stack]<UL><LI>Max Depth = 72<LI>Call Chain = arp_get_response &rArr; __error__ &rArr; __2printf
</UL>
<BR>[Calls]<UL><LI><a href="#[db0f58]">&gt;&gt;</a>&nbsp;&nbsp;&nbsp;mem_copy
<LI><a href="#[db5170]">&gt;&gt;</a>&nbsp;&nbsp;&nbsp;__error__
<LI><a href="#[db51ac]">&gt;&gt;</a>&nbsp;&nbsp;&nbsp;__debug__
<LI><a href="#[db73a8]">&gt;&gt;</a>&nbsp;&nbsp;&nbsp;mem_comp
</UL>
<BR>[Called By]<UL><LI><a href="#[dadbc8]">&gt;&gt;</a>&nbsp;&nbsp;&nbsp;process_arp
</UL>

<P><STRONG><a name="[dabf30]"></a>arp_send_reply</STRONG> (Thumb, 174 bytes, Stack size 24 bytes, at_arp.o(i.arp_send_reply))
<BR><BR>[Stack]<UL><LI>Max Depth = 120<LI>Call Chain = arp_send_reply &rArr; arp_cache_add &rArr; __error__ &rArr; __2printf
</UL>
<BR>[Calls]<UL><LI><a href="#[dabeb8]">&gt;&gt;</a>&nbsp;&nbsp;&nbsp;debug_info
<LI><a href="#[dadd6c]">&gt;&gt;</a>&nbsp;&nbsp;&nbsp;arp_cache_add
<LI><a href="#[db0f58]">&gt;&gt;</a>&nbsp;&nbsp;&nbsp;mem_copy
<LI><a href="#[db3820]">&gt;&gt;</a>&nbsp;&nbsp;&nbsp;send_frame
<LI><a href="#[db51ac]">&gt;&gt;</a>&nbsp;&nbsp;&nbsp;__debug__
<LI><a href="#[db74d4]">&gt;&gt;</a>&nbsp;&nbsp;&nbsp;free_mem
<LI><a href="#[db7510]">&gt;&gt;</a>&nbsp;&nbsp;&nbsp;alloc_mem
</UL>
<BR>[Called By]<UL><LI><a href="#[dadbc8]">&gt;&gt;</a>&nbsp;&nbsp;&nbsp;process_arp
</UL>

<P><STRONG><a name="[dabef4]"></a>arp_send_req</STRONG> (Thumb, 152 bytes, Stack size 16 bytes, at_arp.o(i.arp_send_req))
<BR><BR>[Stack]<UL><LI>Max Depth = 96<LI>Call Chain = arp_send_req &rArr; alloc_mem &rArr; __error__ &rArr; __2printf
</UL>
<BR>[Calls]<UL><LI><a href="#[dabeb8]">&gt;&gt;</a>&nbsp;&nbsp;&nbsp;debug_info
<LI><a href="#[db0f1c]">&gt;&gt;</a>&nbsp;&nbsp;&nbsp;mem_set
<LI><a href="#[db0f58]">&gt;&gt;</a>&nbsp;&nbsp;&nbsp;mem_copy
<LI><a href="#[db3820]">&gt;&gt;</a>&nbsp;&nbsp;&nbsp;send_frame
<LI><a href="#[db51ac]">&gt;&gt;</a>&nbsp;&nbsp;&nbsp;__debug__
<LI><a href="#[db74d4]">&gt;&gt;</a>&nbsp;&nbsp;&nbsp;free_mem
<LI><a href="#[db7510]">&gt;&gt;</a>&nbsp;&nbsp;&nbsp;alloc_mem
</UL>
<BR>[Called By]<UL><LI><a href="#[dadcf4]">&gt;&gt;</a>&nbsp;&nbsp;&nbsp;arp_cache_update
<LI><a href="#[dadd30]">&gt;&gt;</a>&nbsp;&nbsp;&nbsp;arp_cache_find
</UL>

<P><STRONG><a name="[dabeb8]"></a>debug_info</STRONG> (Thumb, 94 bytes, Stack size 24 bytes, at_arp.o(i.debug_info))
<BR><BR>[Stack]<UL><LI>Max Depth = 48<LI>Call Chain = debug_info &rArr; __debug__
</UL>
<BR>[Calls]<UL><LI><a href="#[db51ac]">&gt;&gt;</a>&nbsp;&nbsp;&nbsp;__debug__
</UL>
<BR>[Called By]<UL><LI><a href="#[dabef4]">&gt;&gt;</a>&nbsp;&nbsp;&nbsp;arp_send_req
<LI><a href="#[dabf30]">&gt;&gt;</a>&nbsp;&nbsp;&nbsp;arp_send_reply
<LI><a href="#[dadbc8]">&gt;&gt;</a>&nbsp;&nbsp;&nbsp;process_arp
</UL>

<P><STRONG><a name="[daba44]"></a>debug_info</STRONG> (Thumb, 122 bytes, Stack size 16 bytes, at_ip.o(i.debug_info))
<BR><BR>[Stack]<UL><LI>Max Depth = 40<LI>Call Chain = debug_info &rArr; __debug__
</UL>
<BR>[Calls]<UL><LI><a href="#[db1084]">&gt;&gt;</a>&nbsp;&nbsp;&nbsp;SwapB
<LI><a href="#[db51ac]">&gt;&gt;</a>&nbsp;&nbsp;&nbsp;__debug__
</UL>
<BR>[Called By]<UL><LI><a href="#[dadc40]">&gt;&gt;</a>&nbsp;&nbsp;&nbsp;ip_chk_frame
<LI><a href="#[db0f94]">&gt;&gt;</a>&nbsp;&nbsp;&nbsp;ip_send_frame
</UL>

<P><STRONG><a name="[daba08]"></a>ip_get_chksum</STRONG> (Thumb, 10 bytes, Stack size 0 bytes, at_ip.o(i.ip_get_chksum))
<BR><BR>[Stack]<UL><LI>Max Depth = 4<LI>Call Chain = ip_get_chksum &rArr; CalcChksum
</UL>
<BR>[Calls]<UL><LI><a href="#[dacf20]">&gt;&gt;</a>&nbsp;&nbsp;&nbsp;CalcChksum
</UL>
<BR>[Called By]<UL><LI><a href="#[dadc40]">&gt;&gt;</a>&nbsp;&nbsp;&nbsp;ip_chk_frame
<LI><a href="#[db0f94]">&gt;&gt;</a>&nbsp;&nbsp;&nbsp;ip_send_frame
</UL>

<P><STRONG><a name="[14d09e4]"></a>_fp_digits</STRONG> (Thumb, 378 bytes, Stack size 72 bytes, printfa.o(i._fp_digits), UNUSED)
<BR><BR>[Calls]<UL><LI><a href="#[db7c54]">&gt;&gt;</a>&nbsp;&nbsp;&nbsp;__aeabi_dmul
<LI><a href="#[14ce590]">&gt;&gt;</a>&nbsp;&nbsp;&nbsp;__aeabi_uldivmod
<LI><a href="#[14cfe2c]">&gt;&gt;</a>&nbsp;&nbsp;&nbsp;__aeabi_ddiv
<LI><a href="#[14cfe68]">&gt;&gt;</a>&nbsp;&nbsp;&nbsp;__aeabi_dadd
<LI><a href="#[14cfea4]">&gt;&gt;</a>&nbsp;&nbsp;&nbsp;__aeabi_d2ulz
<LI><a href="#[14cfee0]">&gt;&gt;</a>&nbsp;&nbsp;&nbsp;__aeabi_cdrcmple
</UL>
<BR>[Called By]<UL><LI><a href="#[14d09a8]">&gt;&gt;</a>&nbsp;&nbsp;&nbsp;_printf_core
</UL>

<P><STRONG><a name="[14d09a8]"></a>_printf_core</STRONG> (Thumb, 1810 bytes, Stack size 152 bytes, printfa.o(i._printf_core), UNUSED)
<BR><BR>[Calls]<UL><LI><a href="#[14ce590]">&gt;&gt;</a>&nbsp;&nbsp;&nbsp;__aeabi_uldivmod
<LI><a href="#[14ce680]">&gt;&gt;</a>&nbsp;&nbsp;&nbsp;__aeabi_uidivmod
<LI><a href="#[14d0930]">&gt;&gt;</a>&nbsp;&nbsp;&nbsp;_printf_pre_padding
<LI><a href="#[14d096c]">&gt;&gt;</a>&nbsp;&nbsp;&nbsp;_printf_post_padding
<LI><a href="#[14d09e4]">&gt;&gt;</a>&nbsp;&nbsp;&nbsp;_fp_digits
</UL>
<BR>[Called By]<UL><LI><a href="#[14d02a0]">&gt;&gt;</a>&nbsp;&nbsp;&nbsp;__0vprintf
<LI><a href="#[14d04f8]">&gt;&gt;</a>&nbsp;&nbsp;&nbsp;__0sprintf
<LI><a href="#[14d0750]">&gt;&gt;</a>&nbsp;&nbsp;&nbsp;__0printf
</UL>

<P><STRONG><a name="[14d096c]"></a>_printf_post_padding</STRONG> (Thumb, 38 bytes, Stack size 24 bytes, printfa.o(i._printf_post_padding), UNUSED)
<BR><BR>[Called By]<UL><LI><a href="#[14d09a8]">&gt;&gt;</a>&nbsp;&nbsp;&nbsp;_printf_core
</UL>

<P><STRONG><a name="[14d0930]"></a>_printf_pre_padding</STRONG> (Thumb, 46 bytes, Stack size 24 bytes, printfa.o(i._printf_pre_padding), UNUSED)
<BR><BR>[Called By]<UL><LI><a href="#[14d09a8]">&gt;&gt;</a>&nbsp;&nbsp;&nbsp;_printf_core
</UL>

<P><STRONG><a name="[14d08b8]"></a>_sputc</STRONG> (Thumb, 10 bytes, Stack size 0 bytes, printfa.o(i._sputc))
<BR><BR>[Called By]<UL><LI><a href="#[14d04f8]">&gt;&gt;</a>&nbsp;&nbsp;&nbsp;__0sprintf
</UL>
<BR>[Address Reference Count : 1]<UL><LI> printfa.o(i.__0sprintf)
</UL>
<P><STRONG><a name="[14ce02c]"></a>_scanf_char_input</STRONG> (Thumb, 12 bytes, Stack size 0 bytes, scanf_char.o(.text))
<BR>[Address Reference Count : 1]<UL><LI> scanf_char.o(.text)
</UL><P>
<H3>
Undefined Global Symbols
</H3><HR></body></html>
