<html>
<body>
<pre>
<h1>µVision Build Log</h1>
<h2>Project:</h2>
C:\Documents and Settings\PowerARM\◊¿√Ê\LPC1768≤‚ ‘≥Ã–Ú\TCPnet\Http_demo\Http_demo.uvproj
Project File Date:  <unknown>

<h2>Output:</h2>
Build target 'MCB1700 Debug'
custom translating Web.inp...
Custom: d:\Keil\ARM\bin\fcarm @Web\Web.inp
FCARM file converter V2.20
Converted 19 File(s), Compression 89%
compiling HTTP_demo.c...
compiling WEB.C...
linking...
Program Size: Code=40488 RO-data=36100 RW-data=164 ZI-data=21120  
".\Obj\Http_demo.axf" - 0 Error(s), 0 Warning(s).
Load "C:\\Documents and Settings\\PowerARM\\◊¿√Ê\\LPC1768≤‚ ‘≥Ã–Ú\\TCPnet\\Http_demo\\Obj\\Http_demo.AXF" 

JLink info:
-----------
DLL: V4.14 , compiled Apr  9 2010 20:43:32
Firmware: J-Link ARM V8 compiled Dec  1 2009 11:42:48
Hardware: V8.00
S/N : 20100214 
Feature(s) : RDI,FlashDL,FlashBP,JFlash,GDBFull 
---
* JLink Info: TotalIRLen = 4, IRPrint = 0x01
* JLink Info: Found Cortex-M3 r2p0, Little endian.
* JLink Info: TPIU fitted.
* JLink Info: ETM fitted.
* JLink Info:   FPUnit: 6 code (BP) slots and 2 literal slots
* JLink Info: TotalIRLen = 4, IRPrint = 0x01
* JLink Info: Found Cortex-M3 r2p0, Little endian.
* JLink Info: TPIU fitted.
* JLink Info: ETM fitted.
* JLink Info:   FPUnit: 6 code (BP) slots and 2 literal slots

Target info:
------------
Device: LPC1768
VTarget = 3.365V
State of Pins: 
TCK: 1, TDI: 0, TDO: 1, TMS: 0, TRES: 1, TRST: 1
* JLink Info: TotalIRLen = 4, IRPrint = 0x01
* JLink Info: Found Cortex-M3 r2p0, Little endian.
* JLink Info: TPIU fitted.
* JLink Info: ETM fitted.
* JLink Info:   FPUnit: 6 code (BP) slots and 2 literal slots
Hardware-Breakpoints: 6
Software-Breakpoints: 2048
Watchpoints:          4
JTAG speed: 2000 kHz
---
* JLink Info: TotalIRLen = 4, IRPrint = 0x01
* JLink Info: Found Cortex-M3 r2p0, Little endian.
* JLink Info: TPIU fitted.
* JLink Info: ETM fitted.
* JLink Info:   FPUnit: 6 code (BP) slots and 2 literal slots
Erase Done.
Programming Done.
Verify OK.
* JLink Info: TotalIRLen = 4, IRPrint = 0x01
* JLink Info: Found Cortex-M3 r2p0, Little endian.
* JLink Info: TPIU fitted.
* JLink Info: ETM fitted.
* JLink Info:   FPUnit: 6 code (BP) slots and 2 literal slots
**JLink Warning: CPU did not halt after bootloader.
Application running ...
