Archive member included because of file (symbol)

c:/winavr-20100110/bin/../lib/gcc/avr/4.3.3/avr5\libgcc.a(_exit.o)
                              c:/winavr-20100110/bin/../lib/gcc/avr/4.3.3/../../../../avr/lib/avr5/crtm32u4.o (exit)
c:/winavr-20100110/bin/../lib/gcc/avr/4.3.3/avr5\libgcc.a(_copy_data.o)
                              LEDNotifier.o (__do_copy_data)
c:/winavr-20100110/bin/../lib/gcc/avr/4.3.3/avr5\libgcc.a(_clear_bss.o)
                              LEDNotifier.o (__do_clear_bss)
c:/winavr-20100110/bin/../lib/gcc/avr/4.3.3/../../../../avr/lib/avr5\libc.a(memcpy_P.o)
                              ../LUFA101122/LUFA/Drivers/USB/Class/Device/RNDIS.o (memcpy_P)
c:/winavr-20100110/bin/../lib/gcc/avr/4.3.3/../../../../avr/lib/avr5\libc.a(memcmp.o)
                              ../LUFA101122/LUFA/Drivers/USB/Class/Device/HID.o (memcmp)
c:/winavr-20100110/bin/../lib/gcc/avr/4.3.3/../../../../avr/lib/avr5\libc.a(memcpy.o)
                              ../LUFA101122/LUFA/Drivers/USB/Class/Device/HID.o (memcpy)
c:/winavr-20100110/bin/../lib/gcc/avr/4.3.3/../../../../avr/lib/avr5\libc.a(memset.o)
                              ../LUFA101122/LUFA/Drivers/USB/Class/Device/HID.o (memset)
c:/winavr-20100110/bin/../lib/gcc/avr/4.3.3/../../../../avr/lib/avr5\libc.a(fgetc.o)
                              LEDNotifier.o (fgetc)
c:/winavr-20100110/bin/../lib/gcc/avr/4.3.3/../../../../avr/lib/avr5\libc.a(eerd_byte_atmega32u4.o)
                              ../LUFA101122/LUFA/Drivers/USB/HighLevel/EndpointStream.o (__eerd_byte_m32u4)
c:/winavr-20100110/bin/../lib/gcc/avr/4.3.3/../../../../avr/lib/avr5\libc.a(eeupd_byte_atmega32u4.o)
                              ../LUFA101122/LUFA/Drivers/USB/HighLevel/EndpointStream.o (__eeupd_byte_m32u4)

Allocating common symbols
Common symbol       size              file

USB_IsInitialized   0x1               ../LUFA101122/LUFA/Drivers/USB/HighLevel/USBTask.o
USB_CurrentlySelfPowered
                    0x1               ../LUFA101122/LUFA/Drivers/USB/HighLevel/DeviceStandardReq.o
USB_RemoteWakeupEnabled
                    0x1               ../LUFA101122/LUFA/Drivers/USB/HighLevel/DeviceStandardReq.o
USB_DeviceState     0x1               ../LUFA101122/LUFA/Drivers/USB/HighLevel/USBTask.o
USB_ControlRequest  0x8               ../LUFA101122/LUFA/Drivers/USB/HighLevel/USBTask.o
USB_ConfigurationNumber
                    0x1               ../LUFA101122/LUFA/Drivers/USB/HighLevel/DeviceStandardReq.o

Discarded input sections

 .data          0x00000000        0x0 c:/winavr-20100110/bin/../lib/gcc/avr/4.3.3/../../../../avr/lib/avr5/crtm32u4.o
 .bss           0x00000000        0x0 c:/winavr-20100110/bin/../lib/gcc/avr/4.3.3/../../../../avr/lib/avr5/crtm32u4.o
 .text          0x00000000        0x0 LEDNotifier.o
 .text          0x00000000        0x0 Descriptors.o
 .data          0x00000000        0x0 Descriptors.o
 .bss           0x00000000        0x0 Descriptors.o
 .text          0x00000000        0x0 ../LUFA101122/LUFA/Drivers/USB/LowLevel/Device.o
 .data          0x00000000        0x0 ../LUFA101122/LUFA/Drivers/USB/LowLevel/Device.o
 .bss           0x00000000        0x0 ../LUFA101122/LUFA/Drivers/USB/LowLevel/Device.o
 .text.USB_Device_SendRemoteWakeup
                0x00000000        0x0 ../LUFA101122/LUFA/Drivers/USB/LowLevel/Device.o
 .text          0x00000000        0x0 ../LUFA101122/LUFA/Drivers/USB/LowLevel/Endpoint.o
 .data          0x00000000        0x0 ../LUFA101122/LUFA/Drivers/USB/LowLevel/Endpoint.o
 .bss           0x00000000        0x0 ../LUFA101122/LUFA/Drivers/USB/LowLevel/Endpoint.o
 .text.Endpoint_ClearEndpoints
                0x00000000        0x0 ../LUFA101122/LUFA/Drivers/USB/LowLevel/Endpoint.o
 .text          0x00000000        0x0 ../LUFA101122/LUFA/Drivers/USB/LowLevel/Host.o
 .data          0x00000000        0x0 ../LUFA101122/LUFA/Drivers/USB/LowLevel/Host.o
 .bss           0x00000000        0x0 ../LUFA101122/LUFA/Drivers/USB/LowLevel/Host.o
 .text          0x00000000        0x0 ../LUFA101122/LUFA/Drivers/USB/LowLevel/Pipe.o
 .data          0x00000000        0x0 ../LUFA101122/LUFA/Drivers/USB/LowLevel/Pipe.o
 .bss           0x00000000        0x0 ../LUFA101122/LUFA/Drivers/USB/LowLevel/Pipe.o
 .text          0x00000000        0x0 ../LUFA101122/LUFA/Drivers/USB/LowLevel/USBController.o
 .data          0x00000000        0x0 ../LUFA101122/LUFA/Drivers/USB/LowLevel/USBController.o
 .bss           0x00000000        0x0 ../LUFA101122/LUFA/Drivers/USB/LowLevel/USBController.o
 .text.USB_ShutDown
                0x00000000        0x0 ../LUFA101122/LUFA/Drivers/USB/LowLevel/USBController.o
 .text          0x00000000        0x0 ../LUFA101122/LUFA/Drivers/USB/LowLevel/USBInterrupt.o
 .data          0x00000000        0x0 ../LUFA101122/LUFA/Drivers/USB/LowLevel/USBInterrupt.o
 .bss           0x00000000        0x0 ../LUFA101122/LUFA/Drivers/USB/LowLevel/USBInterrupt.o
 .text          0x00000000        0x0 ../LUFA101122/LUFA/Drivers/USB/HighLevel/ConfigDescriptor.o
 .data          0x00000000        0x0 ../LUFA101122/LUFA/Drivers/USB/HighLevel/ConfigDescriptor.o
 .bss           0x00000000        0x0 ../LUFA101122/LUFA/Drivers/USB/HighLevel/ConfigDescriptor.o
 .text.USB_GetNextDescriptorOfType
                0x00000000        0x0 ../LUFA101122/LUFA/Drivers/USB/HighLevel/ConfigDescriptor.o
 .text.USB_GetNextDescriptorOfTypeBefore
                0x00000000        0x0 ../LUFA101122/LUFA/Drivers/USB/HighLevel/ConfigDescriptor.o
 .text.USB_GetNextDescriptorOfTypeAfter
                0x00000000        0x0 ../LUFA101122/LUFA/Drivers/USB/HighLevel/ConfigDescriptor.o
 .text.USB_GetNextDescriptorComp
                0x00000000        0x0 ../LUFA101122/LUFA/Drivers/USB/HighLevel/ConfigDescriptor.o
 .text          0x00000000        0x0 ../LUFA101122/LUFA/Drivers/USB/HighLevel/DeviceStandardReq.o
 .data          0x00000000        0x0 ../LUFA101122/LUFA/Drivers/USB/HighLevel/DeviceStandardReq.o
 .bss           0x00000000        0x0 ../LUFA101122/LUFA/Drivers/USB/HighLevel/DeviceStandardReq.o
 .text          0x00000000        0x0 ../LUFA101122/LUFA/Drivers/USB/HighLevel/Events.o
 .data          0x00000000        0x0 ../LUFA101122/LUFA/Drivers/USB/HighLevel/Events.o
 .bss           0x00000000        0x0 ../LUFA101122/LUFA/Drivers/USB/HighLevel/Events.o
 .text          0x00000000        0x0 ../LUFA101122/LUFA/Drivers/USB/HighLevel/EndpointStream.o
 .data          0x00000000        0x0 ../LUFA101122/LUFA/Drivers/USB/HighLevel/EndpointStream.o
 .bss           0x00000000        0x0 ../LUFA101122/LUFA/Drivers/USB/HighLevel/EndpointStream.o
 .text.Endpoint_Write_Control_Stream_BE
                0x00000000        0x0 ../LUFA101122/LUFA/Drivers/USB/HighLevel/EndpointStream.o
 .text.Endpoint_Write_Control_PStream_BE
                0x00000000        0x0 ../LUFA101122/LUFA/Drivers/USB/HighLevel/EndpointStream.o
 .text.Endpoint_Read_Control_Stream_BE
                0x00000000        0x0 ../LUFA101122/LUFA/Drivers/USB/HighLevel/EndpointStream.o
 .text.Endpoint_Read_Control_EStream_BE
                0x00000000        0x0 ../LUFA101122/LUFA/Drivers/USB/HighLevel/EndpointStream.o
 .text.Endpoint_Read_Control_EStream_LE
                0x00000000        0x0 ../LUFA101122/LUFA/Drivers/USB/HighLevel/EndpointStream.o
 .text.Endpoint_Write_Control_EStream_BE
                0x00000000        0x0 ../LUFA101122/LUFA/Drivers/USB/HighLevel/EndpointStream.o
 .text.Endpoint_Write_Control_EStream_LE
                0x00000000        0x0 ../LUFA101122/LUFA/Drivers/USB/HighLevel/EndpointStream.o
 .text.Endpoint_Read_EStream_BE
                0x00000000        0x0 ../LUFA101122/LUFA/Drivers/USB/HighLevel/EndpointStream.o
 .text.Endpoint_Read_Stream_BE
                0x00000000        0x0 ../LUFA101122/LUFA/Drivers/USB/HighLevel/EndpointStream.o
 .text.Endpoint_Read_EStream_LE
                0x00000000        0x0 ../LUFA101122/LUFA/Drivers/USB/HighLevel/EndpointStream.o
 .text.Endpoint_Read_Stream_LE
                0x00000000        0x0 ../LUFA101122/LUFA/Drivers/USB/HighLevel/EndpointStream.o
 .text.Endpoint_Write_PStream_BE
                0x00000000        0x0 ../LUFA101122/LUFA/Drivers/USB/HighLevel/EndpointStream.o
 .text.Endpoint_Write_EStream_BE
                0x00000000        0x0 ../LUFA101122/LUFA/Drivers/USB/HighLevel/EndpointStream.o
 .text.Endpoint_Write_Stream_BE
                0x00000000        0x0 ../LUFA101122/LUFA/Drivers/USB/HighLevel/EndpointStream.o
 .text.Endpoint_Write_EStream_LE
                0x00000000        0x0 ../LUFA101122/LUFA/Drivers/USB/HighLevel/EndpointStream.o
 .text.Endpoint_Write_PStream_LE
                0x00000000        0x0 ../LUFA101122/LUFA/Drivers/USB/HighLevel/EndpointStream.o
 .text.Endpoint_Write_Stream_LE
                0x00000000        0x0 ../LUFA101122/LUFA/Drivers/USB/HighLevel/EndpointStream.o
 .text.Endpoint_Discard_Stream
                0x00000000        0x0 ../LUFA101122/LUFA/Drivers/USB/HighLevel/EndpointStream.o
 .text          0x00000000        0x0 ../LUFA101122/LUFA/Drivers/USB/HighLevel/HostStandardReq.o
 .data          0x00000000        0x0 ../LUFA101122/LUFA/Drivers/USB/HighLevel/HostStandardReq.o
 .bss           0x00000000        0x0 ../LUFA101122/LUFA/Drivers/USB/HighLevel/HostStandardReq.o
 .text          0x00000000        0x0 ../LUFA101122/LUFA/Drivers/USB/HighLevel/PipeStream.o
 .data          0x00000000        0x0 ../LUFA101122/LUFA/Drivers/USB/HighLevel/PipeStream.o
 .bss           0x00000000        0x0 ../LUFA101122/LUFA/Drivers/USB/HighLevel/PipeStream.o
 .text          0x00000000        0x0 ../LUFA101122/LUFA/Drivers/USB/HighLevel/USBTask.o
 .data          0x00000000        0x0 ../LUFA101122/LUFA/Drivers/USB/HighLevel/USBTask.o
 .bss           0x00000000        0x0 ../LUFA101122/LUFA/Drivers/USB/HighLevel/USBTask.o
 .text          0x00000000        0x0 ../LUFA101122/LUFA/Drivers/USB/Class/Host/HIDParser.o
 .data          0x00000000        0x0 ../LUFA101122/LUFA/Drivers/USB/Class/Host/HIDParser.o
 .bss           0x00000000        0x0 ../LUFA101122/LUFA/Drivers/USB/Class/Host/HIDParser.o
 .text          0x00000000        0x0 ../LUFA101122/LUFA/Drivers/USB/Class/Device/Audio.o
 .data          0x00000000        0x0 ../LUFA101122/LUFA/Drivers/USB/Class/Device/Audio.o
 .bss           0x00000000        0x0 ../LUFA101122/LUFA/Drivers/USB/Class/Device/Audio.o
 .text.Audio_Device_ConfigureEndpoints
                0x00000000        0x0 ../LUFA101122/LUFA/Drivers/USB/Class/Device/Audio.o
 .text.Audio_Device_ProcessControlRequest
                0x00000000        0x0 ../LUFA101122/LUFA/Drivers/USB/Class/Device/Audio.o
 .text          0x00000000        0x0 ../LUFA101122/LUFA/Drivers/USB/Class/Device/CDC.o
 .data          0x00000000        0x0 ../LUFA101122/LUFA/Drivers/USB/Class/Device/CDC.o
 .bss           0x00000000        0x0 ../LUFA101122/LUFA/Drivers/USB/Class/Device/CDC.o
 .text.CDC_Device_BytesReceived
                0x00000000        0x0 ../LUFA101122/LUFA/Drivers/USB/Class/Device/CDC.o
 .text.CDC_Device_CreateStream
                0x00000000        0x0 ../LUFA101122/LUFA/Drivers/USB/Class/Device/CDC.o
 .text.CDC_Device_getchar
                0x00000000        0x0 ../LUFA101122/LUFA/Drivers/USB/Class/Device/CDC.o
 .text.CDC_Device_SendControlLineStateChange
                0x00000000        0x0 ../LUFA101122/LUFA/Drivers/USB/Class/Device/CDC.o
 .text.CDC_Device_SendString
                0x00000000        0x0 ../LUFA101122/LUFA/Drivers/USB/Class/Device/CDC.o
 .text          0x00000000        0x0 ../LUFA101122/LUFA/Drivers/USB/Class/Device/HID.o
 .data          0x00000000        0x0 ../LUFA101122/LUFA/Drivers/USB/Class/Device/HID.o
 .bss           0x00000000        0x0 ../LUFA101122/LUFA/Drivers/USB/Class/Device/HID.o
 .text.HID_Device_USBTask
                0x00000000        0x0 ../LUFA101122/LUFA/Drivers/USB/Class/Device/HID.o
 .text.HID_Device_ConfigureEndpoints
                0x00000000        0x0 ../LUFA101122/LUFA/Drivers/USB/Class/Device/HID.o
 .text.HID_Device_ProcessControlRequest
                0x00000000        0x0 ../LUFA101122/LUFA/Drivers/USB/Class/Device/HID.o
 .text          0x00000000        0x0 ../LUFA101122/LUFA/Drivers/USB/Class/Device/MassStorage.o
 .data          0x00000000        0x0 ../LUFA101122/LUFA/Drivers/USB/Class/Device/MassStorage.o
 .bss           0x00000000        0x0 ../LUFA101122/LUFA/Drivers/USB/Class/Device/MassStorage.o
 .text.StreamCallback_MS_Device_AbortOnMassStoreReset
                0x00000000        0x0 ../LUFA101122/LUFA/Drivers/USB/Class/Device/MassStorage.o
 .text.MS_Device_USBTask
                0x00000000        0x0 ../LUFA101122/LUFA/Drivers/USB/Class/Device/MassStorage.o
 .text.MS_Device_ConfigureEndpoints
                0x00000000        0x0 ../LUFA101122/LUFA/Drivers/USB/Class/Device/MassStorage.o
 .text.MS_Device_ProcessControlRequest
                0x00000000        0x0 ../LUFA101122/LUFA/Drivers/USB/Class/Device/MassStorage.o
 .text          0x00000000        0x0 ../LUFA101122/LUFA/Drivers/USB/Class/Device/MIDI.o
 .data          0x00000000        0x0 ../LUFA101122/LUFA/Drivers/USB/Class/Device/MIDI.o
 .bss           0x00000000        0x0 ../LUFA101122/LUFA/Drivers/USB/Class/Device/MIDI.o
 .text.MIDI_Device_ReceiveEventPacket
                0x00000000        0x0 ../LUFA101122/LUFA/Drivers/USB/Class/Device/MIDI.o
 .text.MIDI_Device_Flush
                0x00000000        0x0 ../LUFA101122/LUFA/Drivers/USB/Class/Device/MIDI.o
 .text.MIDI_Device_USBTask
                0x00000000        0x0 ../LUFA101122/LUFA/Drivers/USB/Class/Device/MIDI.o
 .text.MIDI_Device_SendEventPacket
                0x00000000        0x0 ../LUFA101122/LUFA/Drivers/USB/Class/Device/MIDI.o
 .text.MIDI_Device_ConfigureEndpoints
                0x00000000        0x0 ../LUFA101122/LUFA/Drivers/USB/Class/Device/MIDI.o
 .text          0x00000000        0x0 ../LUFA101122/LUFA/Drivers/USB/Class/Device/RNDIS.o
 .data          0x00000000        0x0 ../LUFA101122/LUFA/Drivers/USB/Class/Device/RNDIS.o
 .bss           0x00000000        0x0 ../LUFA101122/LUFA/Drivers/USB/Class/Device/RNDIS.o
 .text.RNDIS_Device_USBTask
                0x00000000        0x0 ../LUFA101122/LUFA/Drivers/USB/Class/Device/RNDIS.o
 .text.RNDIS_Device_ConfigureEndpoints
                0x00000000        0x0 ../LUFA101122/LUFA/Drivers/USB/Class/Device/RNDIS.o
 .text.RNDIS_Device_ProcessControlRequest
                0x00000000        0x0 ../LUFA101122/LUFA/Drivers/USB/Class/Device/RNDIS.o
 .progmem.data  0x00000000        0x0 ../LUFA101122/LUFA/Drivers/USB/Class/Device/RNDIS.o
 .text          0x00000000        0x0 ../LUFA101122/LUFA/Drivers/USB/Class/Host/CDC.o
 .data          0x00000000        0x0 ../LUFA101122/LUFA/Drivers/USB/Class/Host/CDC.o
 .bss           0x00000000        0x0 ../LUFA101122/LUFA/Drivers/USB/Class/Host/CDC.o
 .text          0x00000000        0x0 ../LUFA101122/LUFA/Drivers/USB/Class/Host/HID.o
 .data          0x00000000        0x0 ../LUFA101122/LUFA/Drivers/USB/Class/Host/HID.o
 .bss           0x00000000        0x0 ../LUFA101122/LUFA/Drivers/USB/Class/Host/HID.o
 .text          0x00000000        0x0 ../LUFA101122/LUFA/Drivers/USB/Class/Host/MassStorage.o
 .data          0x00000000        0x0 ../LUFA101122/LUFA/Drivers/USB/Class/Host/MassStorage.o
 .bss           0x00000000        0x0 ../LUFA101122/LUFA/Drivers/USB/Class/Host/MassStorage.o
 .text          0x00000000        0x0 ../LUFA101122/LUFA/Drivers/USB/Class/Host/MIDI.o
 .data          0x00000000        0x0 ../LUFA101122/LUFA/Drivers/USB/Class/Host/MIDI.o
 .bss           0x00000000        0x0 ../LUFA101122/LUFA/Drivers/USB/Class/Host/MIDI.o
 .text          0x00000000        0x0 ../LUFA101122/LUFA/Drivers/USB/Class/Host/Printer.o
 .data          0x00000000        0x0 ../LUFA101122/LUFA/Drivers/USB/Class/Host/Printer.o
 .bss           0x00000000        0x0 ../LUFA101122/LUFA/Drivers/USB/Class/Host/Printer.o
 .text          0x00000000        0x0 ../LUFA101122/LUFA/Drivers/USB/Class/Host/RNDIS.o
 .data          0x00000000        0x0 ../LUFA101122/LUFA/Drivers/USB/Class/Host/RNDIS.o
 .bss           0x00000000        0x0 ../LUFA101122/LUFA/Drivers/USB/Class/Host/RNDIS.o
 .text          0x00000000        0x0 ../LUFA101122/LUFA/Drivers/USB/Class/Host/StillImage.o
 .data          0x00000000        0x0 ../LUFA101122/LUFA/Drivers/USB/Class/Host/StillImage.o
 .bss           0x00000000        0x0 ../LUFA101122/LUFA/Drivers/USB/Class/Host/StillImage.o
 .text          0x00000000        0x0 c:/winavr-20100110/bin/../lib/gcc/avr/4.3.3/avr5\libgcc.a(_exit.o)
 .data          0x00000000        0x0 c:/winavr-20100110/bin/../lib/gcc/avr/4.3.3/avr5\libgcc.a(_exit.o)
 .bss           0x00000000        0x0 c:/winavr-20100110/bin/../lib/gcc/avr/4.3.3/avr5\libgcc.a(_exit.o)
 .text.libgcc   0x00000000        0x0 c:/winavr-20100110/bin/../lib/gcc/avr/4.3.3/avr5\libgcc.a(_exit.o)
 .text          0x00000000        0x0 c:/winavr-20100110/bin/../lib/gcc/avr/4.3.3/avr5\libgcc.a(_copy_data.o)
 .data          0x00000000        0x0 c:/winavr-20100110/bin/../lib/gcc/avr/4.3.3/avr5\libgcc.a(_copy_data.o)
 .bss           0x00000000        0x0 c:/winavr-20100110/bin/../lib/gcc/avr/4.3.3/avr5\libgcc.a(_copy_data.o)
 .text.libgcc   0x00000000        0x0 c:/winavr-20100110/bin/../lib/gcc/avr/4.3.3/avr5\libgcc.a(_copy_data.o)
 .text          0x00000000        0x0 c:/winavr-20100110/bin/../lib/gcc/avr/4.3.3/avr5\libgcc.a(_clear_bss.o)
 .data          0x00000000        0x0 c:/winavr-20100110/bin/../lib/gcc/avr/4.3.3/avr5\libgcc.a(_clear_bss.o)
 .bss           0x00000000        0x0 c:/winavr-20100110/bin/../lib/gcc/avr/4.3.3/avr5\libgcc.a(_clear_bss.o)
 .text.libgcc   0x00000000        0x0 c:/winavr-20100110/bin/../lib/gcc/avr/4.3.3/avr5\libgcc.a(_clear_bss.o)
 .text          0x00000000        0x0 c:/winavr-20100110/bin/../lib/gcc/avr/4.3.3/../../../../avr/lib/avr5\libc.a(memcpy_P.o)
 .data          0x00000000        0x0 c:/winavr-20100110/bin/../lib/gcc/avr/4.3.3/../../../../avr/lib/avr5\libc.a(memcpy_P.o)
 .bss           0x00000000        0x0 c:/winavr-20100110/bin/../lib/gcc/avr/4.3.3/../../../../avr/lib/avr5\libc.a(memcpy_P.o)
 .text.avr-libc
                0x00000000        0x0 c:/winavr-20100110/bin/../lib/gcc/avr/4.3.3/../../../../avr/lib/avr5\libc.a(memcpy_P.o)
 .text          0x00000000        0x0 c:/winavr-20100110/bin/../lib/gcc/avr/4.3.3/../../../../avr/lib/avr5\libc.a(memcmp.o)
 .data          0x00000000        0x0 c:/winavr-20100110/bin/../lib/gcc/avr/4.3.3/../../../../avr/lib/avr5\libc.a(memcmp.o)
 .bss           0x00000000        0x0 c:/winavr-20100110/bin/../lib/gcc/avr/4.3.3/../../../../avr/lib/avr5\libc.a(memcmp.o)
 .text.avr-libc
                0x00000000        0x0 c:/winavr-20100110/bin/../lib/gcc/avr/4.3.3/../../../../avr/lib/avr5\libc.a(memcmp.o)
 .text          0x00000000        0x0 c:/winavr-20100110/bin/../lib/gcc/avr/4.3.3/../../../../avr/lib/avr5\libc.a(memcpy.o)
 .data          0x00000000        0x0 c:/winavr-20100110/bin/../lib/gcc/avr/4.3.3/../../../../avr/lib/avr5\libc.a(memcpy.o)
 .bss           0x00000000        0x0 c:/winavr-20100110/bin/../lib/gcc/avr/4.3.3/../../../../avr/lib/avr5\libc.a(memcpy.o)
 .text.avr-libc
                0x00000000        0x0 c:/winavr-20100110/bin/../lib/gcc/avr/4.3.3/../../../../avr/lib/avr5\libc.a(memcpy.o)
 .text          0x00000000        0x0 c:/winavr-20100110/bin/../lib/gcc/avr/4.3.3/../../../../avr/lib/avr5\libc.a(memset.o)
 .data          0x00000000        0x0 c:/winavr-20100110/bin/../lib/gcc/avr/4.3.3/../../../../avr/lib/avr5\libc.a(memset.o)
 .bss           0x00000000        0x0 c:/winavr-20100110/bin/../lib/gcc/avr/4.3.3/../../../../avr/lib/avr5\libc.a(memset.o)
 .text.avr-libc
                0x00000000        0x0 c:/winavr-20100110/bin/../lib/gcc/avr/4.3.3/../../../../avr/lib/avr5\libc.a(memset.o)
 .text          0x00000000        0x0 c:/winavr-20100110/bin/../lib/gcc/avr/4.3.3/../../../../avr/lib/avr5\libc.a(fgetc.o)
 .data          0x00000000        0x0 c:/winavr-20100110/bin/../lib/gcc/avr/4.3.3/../../../../avr/lib/avr5\libc.a(fgetc.o)
 .bss           0x00000000        0x0 c:/winavr-20100110/bin/../lib/gcc/avr/4.3.3/../../../../avr/lib/avr5\libc.a(fgetc.o)
 .text          0x00000000        0x0 c:/winavr-20100110/bin/../lib/gcc/avr/4.3.3/../../../../avr/lib/avr5\libc.a(eerd_byte_atmega32u4.o)
 .data          0x00000000        0x0 c:/winavr-20100110/bin/../lib/gcc/avr/4.3.3/../../../../avr/lib/avr5\libc.a(eerd_byte_atmega32u4.o)
 .bss           0x00000000        0x0 c:/winavr-20100110/bin/../lib/gcc/avr/4.3.3/../../../../avr/lib/avr5\libc.a(eerd_byte_atmega32u4.o)
 .text.avr-libc
                0x00000000        0x0 c:/winavr-20100110/bin/../lib/gcc/avr/4.3.3/../../../../avr/lib/avr5\libc.a(eerd_byte_atmega32u4.o)
 .text          0x00000000        0x0 c:/winavr-20100110/bin/../lib/gcc/avr/4.3.3/../../../../avr/lib/avr5\libc.a(eeupd_byte_atmega32u4.o)
 .data          0x00000000        0x0 c:/winavr-20100110/bin/../lib/gcc/avr/4.3.3/../../../../avr/lib/avr5\libc.a(eeupd_byte_atmega32u4.o)
 .bss           0x00000000        0x0 c:/winavr-20100110/bin/../lib/gcc/avr/4.3.3/../../../../avr/lib/avr5\libc.a(eeupd_byte_atmega32u4.o)
 .text.avr-libc
                0x00000000        0x0 c:/winavr-20100110/bin/../lib/gcc/avr/4.3.3/../../../../avr/lib/avr5\libc.a(eeupd_byte_atmega32u4.o)

Memory Configuration

Name             Origin             Length             Attributes
text             0x00000000         0x00020000         xr
data             0x00800060         0x0000ffa0         rw !x
eeprom           0x00810000         0x00010000         rw !x
fuse             0x00820000         0x00000400         rw !x
lock             0x00830000         0x00000400         rw !x
signature        0x00840000         0x00000400         rw !x
*default*        0x00000000         0xffffffff

Linker script and memory map

Address of section .data set to 0x800100
LOAD c:/winavr-20100110/bin/../lib/gcc/avr/4.3.3/../../../../avr/lib/avr5/crtm32u4.o
LOAD LEDNotifier.o
LOAD Descriptors.o
LOAD ../LUFA101122/LUFA/Drivers/USB/LowLevel/Device.o
LOAD ../LUFA101122/LUFA/Drivers/USB/LowLevel/Endpoint.o
LOAD ../LUFA101122/LUFA/Drivers/USB/LowLevel/Host.o
LOAD ../LUFA101122/LUFA/Drivers/USB/LowLevel/Pipe.o
LOAD ../LUFA101122/LUFA/Drivers/USB/LowLevel/USBController.o
LOAD ../LUFA101122/LUFA/Drivers/USB/LowLevel/USBInterrupt.o
LOAD ../LUFA101122/LUFA/Drivers/USB/HighLevel/ConfigDescriptor.o
LOAD ../LUFA101122/LUFA/Drivers/USB/HighLevel/DeviceStandardReq.o
LOAD ../LUFA101122/LUFA/Drivers/USB/HighLevel/Events.o
LOAD ../LUFA101122/LUFA/Drivers/USB/HighLevel/EndpointStream.o
LOAD ../LUFA101122/LUFA/Drivers/USB/HighLevel/HostStandardReq.o
LOAD ../LUFA101122/LUFA/Drivers/USB/HighLevel/PipeStream.o
LOAD ../LUFA101122/LUFA/Drivers/USB/HighLevel/USBTask.o
LOAD ../LUFA101122/LUFA/Drivers/USB/Class/Host/HIDParser.o
LOAD ../LUFA101122/LUFA/Drivers/USB/Class/Device/Audio.o
LOAD ../LUFA101122/LUFA/Drivers/USB/Class/Device/CDC.o
LOAD ../LUFA101122/LUFA/Drivers/USB/Class/Device/HID.o
LOAD ../LUFA101122/LUFA/Drivers/USB/Class/Device/MassStorage.o
LOAD ../LUFA101122/LUFA/Drivers/USB/Class/Device/MIDI.o
LOAD ../LUFA101122/LUFA/Drivers/USB/Class/Device/RNDIS.o
LOAD ../LUFA101122/LUFA/Drivers/USB/Class/Host/CDC.o
LOAD ../LUFA101122/LUFA/Drivers/USB/Class/Host/HID.o
LOAD ../LUFA101122/LUFA/Drivers/USB/Class/Host/MassStorage.o
LOAD ../LUFA101122/LUFA/Drivers/USB/Class/Host/MIDI.o
LOAD ../LUFA101122/LUFA/Drivers/USB/Class/Host/Printer.o
LOAD ../LUFA101122/LUFA/Drivers/USB/Class/Host/RNDIS.o
LOAD ../LUFA101122/LUFA/Drivers/USB/Class/Host/StillImage.o
LOAD c:/winavr-20100110/bin/../lib/gcc/avr/4.3.3/../../../../avr/lib/avr5\libm.a
LOAD c:/winavr-20100110/bin/../lib/gcc/avr/4.3.3/avr5\libgcc.a
LOAD c:/winavr-20100110/bin/../lib/gcc/avr/4.3.3/../../../../avr/lib/avr5\libc.a
LOAD c:/winavr-20100110/bin/../lib/gcc/avr/4.3.3/avr5\libgcc.a

.hash
 *(.hash)

.dynsym
 *(.dynsym)

.dynstr
 *(.dynstr)

.gnu.version
 *(.gnu.version)

.gnu.version_d
 *(.gnu.version_d)

.gnu.version_r
 *(.gnu.version_r)

.rel.init
 *(.rel.init)

.rela.init
 *(.rela.init)

.rel.text
 *(.rel.text)
 *(.rel.text.*)
 *(.rel.gnu.linkonce.t*)

.rela.text
 *(.rela.text)
 *(.rela.text.*)
 *(.rela.gnu.linkonce.t*)

.rel.fini
 *(.rel.fini)

.rela.fini
 *(.rela.fini)

.rel.rodata
 *(.rel.rodata)
 *(.rel.rodata.*)
 *(.rel.gnu.linkonce.r*)

.rela.rodata
 *(.rela.rodata)
 *(.rela.rodata.*)
 *(.rela.gnu.linkonce.r*)

.rel.data
 *(.rel.data)
 *(.rel.data.*)
 *(.rel.gnu.linkonce.d*)

.rela.data
 *(.rela.data)
 *(.rela.data.*)
 *(.rela.gnu.linkonce.d*)

.rel.ctors
 *(.rel.ctors)

.rela.ctors
 *(.rela.ctors)

.rel.dtors
 *(.rel.dtors)

.rela.dtors
 *(.rela.dtors)

.rel.got
 *(.rel.got)

.rela.got
 *(.rela.got)

.rel.bss
 *(.rel.bss)

.rela.bss
 *(.rela.bss)

.rel.plt
 *(.rel.plt)

.rela.plt
 *(.rela.plt)

.text           0x00000000      0xdba
 *(.vectors)
 .vectors       0x00000000       0xac c:/winavr-20100110/bin/../lib/gcc/avr/4.3.3/../../../../avr/lib/avr5/crtm32u4.o
                0x00000000                __vectors
                0x00000000                __vector_default
 *(.vectors)
 *(.progmem.gcc*)
 *(.progmem*)
 .progmem.data  0x000000ac       0x8a Descriptors.o
                0x00000100                ManufacturerString
                0x000000fc                LanguageString
                0x000000ac                DeviceDescriptor
                0x0000011a                ProductString
                0x000000be                ConfigurationDescriptor
                0x00000136                . = ALIGN (0x2)
                0x00000136                __trampolines_start = .
 *(.trampolines)
 .trampolines   0x00000136        0x0 linker stubs
 *(.trampolines*)
                0x00000136                __trampolines_end = .
 *(.jumptables)
 *(.jumptables*)
 *(.lowtext)
 *(.lowtext*)
                0x00000136                __ctors_start = .
 *(.ctors)
                0x00000136                __ctors_end = .
                0x00000136                __dtors_start = .
 *(.dtors)
                0x00000136                __dtors_end = .
 SORT(*)(.ctors)
 SORT(*)(.dtors)
 *(.init0)
 .init0         0x00000136        0x0 c:/winavr-20100110/bin/../lib/gcc/avr/4.3.3/../../../../avr/lib/avr5/crtm32u4.o
                0x00000136                __init
 *(.init0)
 *(.init1)
 *(.init1)
 *(.init2)
 .init2         0x00000136        0xc c:/winavr-20100110/bin/../lib/gcc/avr/4.3.3/../../../../avr/lib/avr5/crtm32u4.o
 *(.init2)
 *(.init3)
 *(.init3)
 *(.init4)
 .init4         0x00000142       0x16 c:/winavr-20100110/bin/../lib/gcc/avr/4.3.3/avr5\libgcc.a(_copy_data.o)
                0x00000142                __do_copy_data
 .init4         0x00000158       0x10 c:/winavr-20100110/bin/../lib/gcc/avr/4.3.3/avr5\libgcc.a(_clear_bss.o)
                0x00000158                __do_clear_bss
 *(.init4)
 *(.init5)
 *(.init5)
 *(.init6)
 *(.init6)
 *(.init7)
 *(.init7)
 *(.init8)
 *(.init8)
 *(.init9)
 .init9         0x00000168        0x4 c:/winavr-20100110/bin/../lib/gcc/avr/4.3.3/../../../../avr/lib/avr5/crtm32u4.o
 *(.init9)
 *(.text)
 .text          0x0000016c        0x2 c:/winavr-20100110/bin/../lib/gcc/avr/4.3.3/../../../../avr/lib/avr5/crtm32u4.o
                0x0000016c                __vector_38
                0x0000016c                __vector_22
                0x0000016c                __vector_28
                0x0000016c                __vector_1
                0x0000016c                __vector_32
                0x0000016c                __vector_34
                0x0000016c                __vector_24
                0x0000016c                __vector_12
                0x0000016c                __bad_interrupt
                0x0000016c                __vector_6
                0x0000016c                __vector_31
                0x0000016c                __vector_35
                0x0000016c                __vector_39
                0x0000016c                __vector_3
                0x0000016c                __vector_23
                0x0000016c                __vector_30
                0x0000016c                __vector_25
                0x0000016c                __vector_11
                0x0000016c                __vector_13
                0x0000016c                __vector_17
                0x0000016c                __vector_19
                0x0000016c                __vector_7
                0x0000016c                __vector_41
                0x0000016c                __vector_27
                0x0000016c                __vector_5
                0x0000016c                __vector_33
                0x0000016c                __vector_37
                0x0000016c                __vector_4
                0x0000016c                __vector_9
                0x0000016c                __vector_2
                0x0000016c                __vector_21
                0x0000016c                __vector_15
                0x0000016c                __vector_36
                0x0000016c                __vector_29
                0x0000016c                __vector_40
                0x0000016c                __vector_8
                0x0000016c                __vector_26
                0x0000016c                __vector_14
                0x0000016c                __vector_16
                0x0000016c                __vector_18
                0x0000016c                __vector_20
                0x0000016c                __vector_42
                0x0000016e                . = ALIGN (0x2)
 *(.text.*)
 .text.EVENT_USB_Device_ControlRequest
                0x0000016e        0x6 LEDNotifier.o
                0x0000016e                EVENT_USB_Device_ControlRequest
 .text.EVENT_USB_Device_ConfigurationChanged
                0x00000174        0x6 LEDNotifier.o
                0x00000174                EVENT_USB_Device_ConfigurationChanged
 .text.SetupHardware
                0x0000017a       0x5a LEDNotifier.o
                0x0000017a                SetupHardware
 .text.main     0x000001d4       0x20 LEDNotifier.o
                0x000001d4                main
 .text.CALLBACK_USB_GetDescriptor
                0x000001f4       0x5c Descriptors.o
                0x000001f4                CALLBACK_USB_GetDescriptor
 .text.Endpoint_ConfigureEndpoint_Prv
                0x00000250       0x26 ../LUFA101122/LUFA/Drivers/USB/LowLevel/Endpoint.o
                0x00000250                Endpoint_ConfigureEndpoint_Prv
 .text.Endpoint_ClearStatusStage
                0x00000276       0x42 ../LUFA101122/LUFA/Drivers/USB/LowLevel/Endpoint.o
                0x00000276                Endpoint_ClearStatusStage
 .text.Endpoint_WaitUntilReady
                0x000002b8       0x64 ../LUFA101122/LUFA/Drivers/USB/LowLevel/Endpoint.o
                0x000002b8                Endpoint_WaitUntilReady
 .text.USB_ResetInterface
                0x0000031c       0x94 ../LUFA101122/LUFA/Drivers/USB/LowLevel/USBController.o
                0x0000031c                USB_ResetInterface
 .text.USB_Init
                0x000003b0       0x12 ../LUFA101122/LUFA/Drivers/USB/LowLevel/USBController.o
                0x000003b0                USB_Init
 .text.USB_INT_DisableAllInterrupts
                0x000003c2       0x10 ../LUFA101122/LUFA/Drivers/USB/LowLevel/USBInterrupt.o
                0x000003c2                USB_INT_DisableAllInterrupts
 .text.USB_INT_ClearAllInterrupts
                0x000003d2        0xa ../LUFA101122/LUFA/Drivers/USB/LowLevel/USBInterrupt.o
                0x000003d2                USB_INT_ClearAllInterrupts
 .text.__vector_10
                0x000003dc      0x184 ../LUFA101122/LUFA/Drivers/USB/LowLevel/USBInterrupt.o
                0x000003dc                __vector_10
 .text.USB_Device_ProcessControlRequest
                0x00000560      0x258 ../LUFA101122/LUFA/Drivers/USB/HighLevel/DeviceStandardReq.o
                0x00000560                USB_Device_ProcessControlRequest
 .text.USB_Event_Stub
                0x000007b8        0x2 ../LUFA101122/LUFA/Drivers/USB/HighLevel/Events.o
                0x000007b8                EVENT_USB_Device_Connect
                0x000007b8                EVENT_USB_Device_WakeUp
                0x000007b8                USB_Event_Stub
                0x000007b8                EVENT_USB_Device_Suspend
                0x000007b8                EVENT_USB_Device_StartOfFrame
                0x000007b8                EVENT_USB_Device_Disconnect
                0x000007b8                EVENT_USB_Device_Reset
 .text.Endpoint_Write_Control_Stream_LE
                0x000007ba       0xcc ../LUFA101122/LUFA/Drivers/USB/HighLevel/EndpointStream.o
                0x000007ba                Endpoint_Write_Control_Stream_LE
 .text.Endpoint_Write_Control_PStream_LE
                0x00000886       0xd0 ../LUFA101122/LUFA/Drivers/USB/HighLevel/EndpointStream.o
                0x00000886                Endpoint_Write_Control_PStream_LE
 .text.Endpoint_Read_Control_Stream_LE
                0x00000956       0x8c ../LUFA101122/LUFA/Drivers/USB/HighLevel/EndpointStream.o
                0x00000956                Endpoint_Read_Control_Stream_LE
 .text.USB_USBTask
                0x000009e2       0x26 ../LUFA101122/LUFA/Drivers/USB/HighLevel/USBTask.o
                0x000009e2                USB_USBTask
 .text.CDC_Device_Event_Stub
                0x00000a08        0x2 ../LUFA101122/LUFA/Drivers/USB/Class/Device/CDC.o
                0x00000a08                EVENT_CDC_Device_LineEncodingChanged
                0x00000a08                EVENT_CDC_Device_ControLineStateChanged
                0x00000a08                EVENT_CDC_Device_BreakSent
                0x00000a08                CDC_Device_Event_Stub
 .text.CDC_Device_ReceiveByte
                0x00000a0a       0x76 ../LUFA101122/LUFA/Drivers/USB/Class/Device/CDC.o
                0x00000a0a                CDC_Device_ReceiveByte
 .text.CDC_Device_CreateBlockingStream
                0x00000a80       0x26 ../LUFA101122/LUFA/Drivers/USB/Class/Device/CDC.o
                0x00000a80                CDC_Device_CreateBlockingStream
 .text.CDC_Device_Flush
                0x00000aa6       0x66 ../LUFA101122/LUFA/Drivers/USB/Class/Device/CDC.o
                0x00000aa6                CDC_Device_Flush
 .text.CDC_Device_USBTask
                0x00000b0c       0x20 ../LUFA101122/LUFA/Drivers/USB/Class/Device/CDC.o
                0x00000b0c                CDC_Device_USBTask
 .text.CDC_Device_getchar_Blocking
                0x00000b2c       0x32 ../LUFA101122/LUFA/Drivers/USB/Class/Device/CDC.o
 .text.CDC_Device_SendByte
                0x00000b5e       0x4a ../LUFA101122/LUFA/Drivers/USB/Class/Device/CDC.o
                0x00000b5e                CDC_Device_SendByte
 .text.CDC_Device_putchar
                0x00000ba8       0x1e ../LUFA101122/LUFA/Drivers/USB/Class/Device/CDC.o
 .text.CDC_Device_ConfigureEndpoints
                0x00000bc6       0x92 ../LUFA101122/LUFA/Drivers/USB/Class/Device/CDC.o
                0x00000bc6                CDC_Device_ConfigureEndpoints
 .text.CDC_Device_ProcessControlRequest
                0x00000c58       0xda ../LUFA101122/LUFA/Drivers/USB/Class/Device/CDC.o
                0x00000c58                CDC_Device_ProcessControlRequest
 .text.avr-libc
                0x00000d32       0x84 c:/winavr-20100110/bin/../lib/gcc/avr/4.3.3/../../../../avr/lib/avr5\libc.a(fgetc.o)
                0x00000d32                fgetc
                0x00000db6                . = ALIGN (0x2)
 *(.fini9)
 .fini9         0x00000db6        0x0 c:/winavr-20100110/bin/../lib/gcc/avr/4.3.3/avr5\libgcc.a(_exit.o)
                0x00000db6                exit
                0x00000db6                _exit
 *(.fini9)
 *(.fini8)
 *(.fini8)
 *(.fini7)
 *(.fini7)
 *(.fini6)
 *(.fini6)
 *(.fini5)
 *(.fini5)
 *(.fini4)
 *(.fini4)
 *(.fini3)
 *(.fini3)
 *(.fini2)
 *(.fini2)
 *(.fini1)
 *(.fini1)
 *(.fini0)
 .fini0         0x00000db6        0x4 c:/winavr-20100110/bin/../lib/gcc/avr/4.3.3/avr5\libgcc.a(_exit.o)
 *(.fini0)
                0x00000dba                _etext = .

.data           0x00800100       0x16 load address 0x00000dba
                0x00800100                PROVIDE (__data_start, .)
 *(.data)
 .data          0x00800100       0x16 LEDNotifier.o
                0x00800100                VirtualSerial_CDC_Interface
 *(.data*)
 *(.rodata)
 *(.rodata*)
 *(.gnu.linkonce.d*)
                0x00800116                . = ALIGN (0x2)
                0x00800116                _edata = .
                0x00800116                PROVIDE (__data_end, .)

.bss            0x00800116       0x1b
                0x00800116                PROVIDE (__bss_start, .)
 *(.bss)
 .bss           0x00800116        0xe LEDNotifier.o
 *(.bss*)
 *(COMMON)
 COMMON         0x00800124        0x3 ../LUFA101122/LUFA/Drivers/USB/HighLevel/DeviceStandardReq.o
                0x00800124                USB_CurrentlySelfPowered
                0x00800125                USB_RemoteWakeupEnabled
                0x00800126                USB_ConfigurationNumber
 COMMON         0x00800127        0xa ../LUFA101122/LUFA/Drivers/USB/HighLevel/USBTask.o
                0x00800127                USB_IsInitialized
                0x00800128                USB_DeviceState
                0x00800129                USB_ControlRequest
                0x00800131                PROVIDE (__bss_end, .)
                0x00000dba                __data_load_start = LOADADDR (.data)
                0x00000dd0                __data_load_end = (__data_load_start + SIZEOF (.data))

.noinit         0x00800131        0x0
                0x00800131                PROVIDE (__noinit_start, .)
 *(.noinit*)
                0x00800131                PROVIDE (__noinit_end, .)
                0x00800131                _end = .
                0x00800131                PROVIDE (__heap_start, .)

.eeprom         0x00810000        0x0
 *(.eeprom*)
                0x00810000                __eeprom_end = .

.fuse
 *(.fuse)
 *(.lfuse)
 *(.hfuse)
 *(.efuse)

.lock
 *(.lock*)

.signature
 *(.signature*)

.stab
 *(.stab)

.stabstr
 *(.stabstr)

.stab.excl
 *(.stab.excl)

.stab.exclstr
 *(.stab.exclstr)

.stab.index
 *(.stab.index)

.stab.indexstr
 *(.stab.indexstr)

.comment
 *(.comment)

.debug
 *(.debug)

.line
 *(.line)

.debug_srcinfo
 *(.debug_srcinfo)

.debug_sfnames
 *(.debug_sfnames)

.debug_aranges  0x00000000      0x3f8
 *(.debug_aranges)
 .debug_aranges
                0x00000000       0x38 LEDNotifier.o
 .debug_aranges
                0x00000038       0x20 Descriptors.o
 .debug_aranges
                0x00000058       0x20 ../LUFA101122/LUFA/Drivers/USB/LowLevel/Device.o
 .debug_aranges
                0x00000078       0x38 ../LUFA101122/LUFA/Drivers/USB/LowLevel/Endpoint.o
 .debug_aranges
                0x000000b0       0x30 ../LUFA101122/LUFA/Drivers/USB/LowLevel/USBController.o
 .debug_aranges
                0x000000e0       0x30 ../LUFA101122/LUFA/Drivers/USB/LowLevel/USBInterrupt.o
 .debug_aranges
                0x00000110       0x38 ../LUFA101122/LUFA/Drivers/USB/HighLevel/ConfigDescriptor.o
 .debug_aranges
                0x00000148       0x20 ../LUFA101122/LUFA/Drivers/USB/HighLevel/DeviceStandardReq.o
 .debug_aranges
                0x00000168       0x20 ../LUFA101122/LUFA/Drivers/USB/HighLevel/Events.o
 .debug_aranges
                0x00000188       0xc0 ../LUFA101122/LUFA/Drivers/USB/HighLevel/EndpointStream.o
 .debug_aranges
                0x00000248       0x20 ../LUFA101122/LUFA/Drivers/USB/HighLevel/USBTask.o
 .debug_aranges
                0x00000268       0x28 ../LUFA101122/LUFA/Drivers/USB/Class/Device/Audio.o
 .debug_aranges
                0x00000290       0x90 ../LUFA101122/LUFA/Drivers/USB/Class/Device/CDC.o
 .debug_aranges
                0x00000320       0x30 ../LUFA101122/LUFA/Drivers/USB/Class/Device/HID.o
 .debug_aranges
                0x00000350       0x38 ../LUFA101122/LUFA/Drivers/USB/Class/Device/MassStorage.o
 .debug_aranges
                0x00000388       0x40 ../LUFA101122/LUFA/Drivers/USB/Class/Device/MIDI.o
 .debug_aranges
                0x000003c8       0x30 ../LUFA101122/LUFA/Drivers/USB/Class/Device/RNDIS.o

.debug_pubnames
                0x00000000      0xadd
 *(.debug_pubnames)
 .debug_pubnames
                0x00000000       0x9b LEDNotifier.o
 .debug_pubnames
                0x0000009b       0x9e Descriptors.o
 .debug_pubnames
                0x00000139       0x32 ../LUFA101122/LUFA/Drivers/USB/LowLevel/Device.o
 .debug_pubnames
                0x0000016b       0x8b ../LUFA101122/LUFA/Drivers/USB/LowLevel/Endpoint.o
 .debug_pubnames
                0x000001f6       0x47 ../LUFA101122/LUFA/Drivers/USB/LowLevel/USBController.o
 .debug_pubnames
                0x0000023d       0x62 ../LUFA101122/LUFA/Drivers/USB/LowLevel/USBInterrupt.o
 .debug_pubnames
                0x0000029f       0x9b ../LUFA101122/LUFA/Drivers/USB/HighLevel/ConfigDescriptor.o
 .debug_pubnames
                0x0000033a       0x8c ../LUFA101122/LUFA/Drivers/USB/HighLevel/DeviceStandardReq.o
 .debug_pubnames
                0x000003c6       0x25 ../LUFA101122/LUFA/Drivers/USB/HighLevel/Events.o
 .debug_pubnames
                0x000003eb      0x2c6 ../LUFA101122/LUFA/Drivers/USB/HighLevel/EndpointStream.o
 .debug_pubnames
                0x000006b1       0x63 ../LUFA101122/LUFA/Drivers/USB/HighLevel/USBTask.o
 .debug_pubnames
                0x00000714       0x5d ../LUFA101122/LUFA/Drivers/USB/Class/Device/Audio.o
 .debug_pubnames
                0x00000771      0x173 ../LUFA101122/LUFA/Drivers/USB/Class/Device/CDC.o
 .debug_pubnames
                0x000008e4       0x70 ../LUFA101122/LUFA/Drivers/USB/Class/Device/HID.o
 .debug_pubnames
                0x00000954       0x6d ../LUFA101122/LUFA/Drivers/USB/Class/Device/MassStorage.o
 .debug_pubnames
                0x000009c1       0xa6 ../LUFA101122/LUFA/Drivers/USB/Class/Device/MIDI.o
 .debug_pubnames
                0x00000a67       0x76 ../LUFA101122/LUFA/Drivers/USB/Class/Device/RNDIS.o

.debug_info     0x00000000     0x6b6b
 *(.debug_info)
 .debug_info    0x00000000      0x4a6 LEDNotifier.o
 .debug_info    0x000004a6      0x695 Descriptors.o
 .debug_info    0x00000b3b       0xc4 ../LUFA101122/LUFA/Drivers/USB/LowLevel/Device.o
 .debug_info    0x00000bff      0x3dd ../LUFA101122/LUFA/Drivers/USB/LowLevel/Endpoint.o
 .debug_info    0x00000fdc        0x0 ../LUFA101122/LUFA/Drivers/USB/LowLevel/Host.o
 .debug_info    0x00000fdc        0x0 ../LUFA101122/LUFA/Drivers/USB/LowLevel/Pipe.o
 .debug_info    0x00000fdc      0x3e4 ../LUFA101122/LUFA/Drivers/USB/LowLevel/USBController.o
 .debug_info    0x000013c0      0x288 ../LUFA101122/LUFA/Drivers/USB/LowLevel/USBInterrupt.o
 .debug_info    0x00001648      0x34c ../LUFA101122/LUFA/Drivers/USB/HighLevel/ConfigDescriptor.o
 .debug_info    0x00001994      0x7a9 ../LUFA101122/LUFA/Drivers/USB/HighLevel/DeviceStandardReq.o
 .debug_info    0x0000213d       0x76 ../LUFA101122/LUFA/Drivers/USB/HighLevel/Events.o
 .debug_info    0x000021b3     0x1469 ../LUFA101122/LUFA/Drivers/USB/HighLevel/EndpointStream.o
 .debug_info    0x0000361c        0x0 ../LUFA101122/LUFA/Drivers/USB/HighLevel/HostStandardReq.o
 .debug_info    0x0000361c        0x0 ../LUFA101122/LUFA/Drivers/USB/HighLevel/PipeStream.o
 .debug_info    0x0000361c      0x23b ../LUFA101122/LUFA/Drivers/USB/HighLevel/USBTask.o
 .debug_info    0x00003857        0x0 ../LUFA101122/LUFA/Drivers/USB/Class/Host/HIDParser.o
 .debug_info    0x00003857      0x3ca ../LUFA101122/LUFA/Drivers/USB/Class/Device/Audio.o
 .debug_info    0x00003c21      0xb76 ../LUFA101122/LUFA/Drivers/USB/Class/Device/CDC.o
 .debug_info    0x00004797      0x679 ../LUFA101122/LUFA/Drivers/USB/Class/Device/HID.o
 .debug_info    0x00004e10      0x8b9 ../LUFA101122/LUFA/Drivers/USB/Class/Device/MassStorage.o
 .debug_info    0x000056c9      0x5c4 ../LUFA101122/LUFA/Drivers/USB/Class/Device/MIDI.o
 .debug_info    0x00005c8d      0xede ../LUFA101122/LUFA/Drivers/USB/Class/Device/RNDIS.o
 .debug_info    0x00006b6b        0x0 ../LUFA101122/LUFA/Drivers/USB/Class/Host/CDC.o
 .debug_info    0x00006b6b        0x0 ../LUFA101122/LUFA/Drivers/USB/Class/Host/HID.o
 .debug_info    0x00006b6b        0x0 ../LUFA101122/LUFA/Drivers/USB/Class/Host/MassStorage.o
 .debug_info    0x00006b6b        0x0 ../LUFA101122/LUFA/Drivers/USB/Class/Host/MIDI.o
 .debug_info    0x00006b6b        0x0 ../LUFA101122/LUFA/Drivers/USB/Class/Host/Printer.o
 .debug_info    0x00006b6b        0x0 ../LUFA101122/LUFA/Drivers/USB/Class/Host/RNDIS.o
 .debug_info    0x00006b6b        0x0 ../LUFA101122/LUFA/Drivers/USB/Class/Host/StillImage.o
 *(.gnu.linkonce.wi.*)

.debug_abbrev   0x00000000     0x1cdf
 *(.debug_abbrev)
 .debug_abbrev  0x00000000      0x213 LEDNotifier.o
 .debug_abbrev  0x00000213      0x170 Descriptors.o
 .debug_abbrev  0x00000383       0x79 ../LUFA101122/LUFA/Drivers/USB/LowLevel/Device.o
 .debug_abbrev  0x000003fc      0x180 ../LUFA101122/LUFA/Drivers/USB/LowLevel/Endpoint.o
 .debug_abbrev  0x0000057c        0x1 ../LUFA101122/LUFA/Drivers/USB/LowLevel/Host.o
 .debug_abbrev  0x0000057d        0x1 ../LUFA101122/LUFA/Drivers/USB/LowLevel/Pipe.o
 .debug_abbrev  0x0000057e      0x19b ../LUFA101122/LUFA/Drivers/USB/LowLevel/USBController.o
 .debug_abbrev  0x00000719      0x154 ../LUFA101122/LUFA/Drivers/USB/LowLevel/USBInterrupt.o
 .debug_abbrev  0x0000086d      0x15c ../LUFA101122/LUFA/Drivers/USB/HighLevel/ConfigDescriptor.o
 .debug_abbrev  0x000009c9      0x208 ../LUFA101122/LUFA/Drivers/USB/HighLevel/DeviceStandardReq.o
 .debug_abbrev  0x00000bd1       0x41 ../LUFA101122/LUFA/Drivers/USB/HighLevel/Events.o
 .debug_abbrev  0x00000c12      0x1a6 ../LUFA101122/LUFA/Drivers/USB/HighLevel/EndpointStream.o
 .debug_abbrev  0x00000db8        0x1 ../LUFA101122/LUFA/Drivers/USB/HighLevel/HostStandardReq.o
 .debug_abbrev  0x00000db9        0x1 ../LUFA101122/LUFA/Drivers/USB/HighLevel/PipeStream.o
 .debug_abbrev  0x00000dba      0x15d ../LUFA101122/LUFA/Drivers/USB/HighLevel/USBTask.o
 .debug_abbrev  0x00000f17        0x1 ../LUFA101122/LUFA/Drivers/USB/Class/Host/HIDParser.o
 .debug_abbrev  0x00000f18      0x1ab ../LUFA101122/LUFA/Drivers/USB/Class/Device/Audio.o
 .debug_abbrev  0x000010c3      0x2f5 ../LUFA101122/LUFA/Drivers/USB/Class/Device/CDC.o
 .debug_abbrev  0x000013b8      0x20d ../LUFA101122/LUFA/Drivers/USB/Class/Device/HID.o
 .debug_abbrev  0x000015c5      0x258 ../LUFA101122/LUFA/Drivers/USB/Class/Device/MassStorage.o
 .debug_abbrev  0x0000181d      0x216 ../LUFA101122/LUFA/Drivers/USB/Class/Device/MIDI.o
 .debug_abbrev  0x00001a33      0x2a5 ../LUFA101122/LUFA/Drivers/USB/Class/Device/RNDIS.o
 .debug_abbrev  0x00001cd8        0x1 ../LUFA101122/LUFA/Drivers/USB/Class/Host/CDC.o
 .debug_abbrev  0x00001cd9        0x1 ../LUFA101122/LUFA/Drivers/USB/Class/Host/HID.o
 .debug_abbrev  0x00001cda        0x1 ../LUFA101122/LUFA/Drivers/USB/Class/Host/MassStorage.o
 .debug_abbrev  0x00001cdb        0x1 ../LUFA101122/LUFA/Drivers/USB/Class/Host/MIDI.o
 .debug_abbrev  0x00001cdc        0x1 ../LUFA101122/LUFA/Drivers/USB/Class/Host/Printer.o
 .debug_abbrev  0x00001cdd        0x1 ../LUFA101122/LUFA/Drivers/USB/Class/Host/RNDIS.o
 .debug_abbrev  0x00001cde        0x1 ../LUFA101122/LUFA/Drivers/USB/Class/Host/StillImage.o

.debug_line     0x00000000     0x53f4
 *(.debug_line)
 .debug_line    0x00000000      0x2fb LEDNotifier.o
 .debug_line    0x000002fb      0x207 Descriptors.o
 .debug_line    0x00000502       0xe3 ../LUFA101122/LUFA/Drivers/USB/LowLevel/Device.o
 .debug_line    0x000005e5      0x3fb ../LUFA101122/LUFA/Drivers/USB/LowLevel/Endpoint.o
 .debug_line    0x000009e0       0x24 ../LUFA101122/LUFA/Drivers/USB/LowLevel/Host.o
 .debug_line    0x00000a04       0x24 ../LUFA101122/LUFA/Drivers/USB/LowLevel/Pipe.o
 .debug_line    0x00000a28      0x360 ../LUFA101122/LUFA/Drivers/USB/LowLevel/USBController.o
 .debug_line    0x00000d88      0x3a7 ../LUFA101122/LUFA/Drivers/USB/LowLevel/USBInterrupt.o
 .debug_line    0x0000112f      0x27a ../LUFA101122/LUFA/Drivers/USB/HighLevel/ConfigDescriptor.o
 .debug_line    0x000013a9      0x51f ../LUFA101122/LUFA/Drivers/USB/HighLevel/DeviceStandardReq.o
 .debug_line    0x000018c8       0x8d ../LUFA101122/LUFA/Drivers/USB/HighLevel/Events.o
 .debug_line    0x00001955     0x14d9 ../LUFA101122/LUFA/Drivers/USB/HighLevel/EndpointStream.o
 .debug_line    0x00002e2e       0x24 ../LUFA101122/LUFA/Drivers/USB/HighLevel/HostStandardReq.o
 .debug_line    0x00002e52       0x24 ../LUFA101122/LUFA/Drivers/USB/HighLevel/PipeStream.o
 .debug_line    0x00002e76      0x1f1 ../LUFA101122/LUFA/Drivers/USB/HighLevel/USBTask.o
 .debug_line    0x00003067       0x24 ../LUFA101122/LUFA/Drivers/USB/Class/Host/HIDParser.o
 .debug_line    0x0000308b      0x2ff ../LUFA101122/LUFA/Drivers/USB/Class/Device/Audio.o
 .debug_line    0x0000338a      0x857 ../LUFA101122/LUFA/Drivers/USB/Class/Device/CDC.o
 .debug_line    0x00003be1      0x56b ../LUFA101122/LUFA/Drivers/USB/Class/Device/HID.o
 .debug_line    0x0000414c      0x647 ../LUFA101122/LUFA/Drivers/USB/Class/Device/MassStorage.o
 .debug_line    0x00004793      0x450 ../LUFA101122/LUFA/Drivers/USB/Class/Device/MIDI.o
 .debug_line    0x00004be3      0x715 ../LUFA101122/LUFA/Drivers/USB/Class/Device/RNDIS.o
 .debug_line    0x000052f8       0x24 ../LUFA101122/LUFA/Drivers/USB/Class/Host/CDC.o
 .debug_line    0x0000531c       0x24 ../LUFA101122/LUFA/Drivers/USB/Class/Host/HID.o
 .debug_line    0x00005340       0x24 ../LUFA101122/LUFA/Drivers/USB/Class/Host/MassStorage.o
 .debug_line    0x00005364       0x24 ../LUFA101122/LUFA/Drivers/USB/Class/Host/MIDI.o
 .debug_line    0x00005388       0x24 ../LUFA101122/LUFA/Drivers/USB/Class/Host/Printer.o
 .debug_line    0x000053ac       0x24 ../LUFA101122/LUFA/Drivers/USB/Class/Host/RNDIS.o
 .debug_line    0x000053d0       0x24 ../LUFA101122/LUFA/Drivers/USB/Class/Host/StillImage.o

.debug_frame    0x00000000      0x5d0
 *(.debug_frame)
 .debug_frame   0x00000000       0x50 LEDNotifier.o
 .debug_frame   0x00000050       0x20 Descriptors.o
 .debug_frame   0x00000070       0x20 ../LUFA101122/LUFA/Drivers/USB/LowLevel/Device.o
 .debug_frame   0x00000090       0x50 ../LUFA101122/LUFA/Drivers/USB/LowLevel/Endpoint.o
 .debug_frame   0x000000e0       0x40 ../LUFA101122/LUFA/Drivers/USB/LowLevel/USBController.o
 .debug_frame   0x00000120       0x40 ../LUFA101122/LUFA/Drivers/USB/LowLevel/USBInterrupt.o
 .debug_frame   0x00000160       0x50 ../LUFA101122/LUFA/Drivers/USB/HighLevel/ConfigDescriptor.o
 .debug_frame   0x000001b0       0x20 ../LUFA101122/LUFA/Drivers/USB/HighLevel/DeviceStandardReq.o
 .debug_frame   0x000001d0       0x20 ../LUFA101122/LUFA/Drivers/USB/HighLevel/Events.o
 .debug_frame   0x000001f0      0x160 ../LUFA101122/LUFA/Drivers/USB/HighLevel/EndpointStream.o
 .debug_frame   0x00000350       0x20 ../LUFA101122/LUFA/Drivers/USB/HighLevel/USBTask.o
 .debug_frame   0x00000370       0x30 ../LUFA101122/LUFA/Drivers/USB/Class/Device/Audio.o
 .debug_frame   0x000003a0      0x100 ../LUFA101122/LUFA/Drivers/USB/Class/Device/CDC.o
 .debug_frame   0x000004a0       0x40 ../LUFA101122/LUFA/Drivers/USB/Class/Device/HID.o
 .debug_frame   0x000004e0       0x50 ../LUFA101122/LUFA/Drivers/USB/Class/Device/MassStorage.o
 .debug_frame   0x00000530       0x60 ../LUFA101122/LUFA/Drivers/USB/Class/Device/MIDI.o
 .debug_frame   0x00000590       0x40 ../LUFA101122/LUFA/Drivers/USB/Class/Device/RNDIS.o

.debug_str      0x00000000     0x2b65
 *(.debug_str)
 .debug_str     0x00000000      0x36e LEDNotifier.o
                                0x3ba (size before relaxing)
 .debug_str     0x0000036e      0x532 Descriptors.o
                                0x655 (size before relaxing)
 .debug_str     0x000008a0       0x79 ../LUFA101122/LUFA/Drivers/USB/LowLevel/Device.o
                                0x10b (size before relaxing)
 .debug_str     0x00000919      0x3a0 ../LUFA101122/LUFA/Drivers/USB/LowLevel/Endpoint.o
                                0x477 (size before relaxing)
 .debug_str     0x00000cb9      0x1ff ../LUFA101122/LUFA/Drivers/USB/LowLevel/USBController.o
                                0x39b (size before relaxing)
 .debug_str     0x00000eb8       0xb5 ../LUFA101122/LUFA/Drivers/USB/LowLevel/USBInterrupt.o
                                0x2c4 (size before relaxing)
 .debug_str     0x00000f6d      0x233 ../LUFA101122/LUFA/Drivers/USB/HighLevel/ConfigDescriptor.o
                                0x2e3 (size before relaxing)
 .debug_str     0x000011a0      0x39c ../LUFA101122/LUFA/Drivers/USB/HighLevel/DeviceStandardReq.o
                                0x63b (size before relaxing)
 .debug_str     0x0000153c       0x41 ../LUFA101122/LUFA/Drivers/USB/HighLevel/Events.o
                                 0xcd (size before relaxing)
 .debug_str     0x0000157d      0x4e1 ../LUFA101122/LUFA/Drivers/USB/HighLevel/EndpointStream.o
                                0x765 (size before relaxing)
 .debug_str     0x00001a5e       0x77 ../LUFA101122/LUFA/Drivers/USB/HighLevel/USBTask.o
                                0x26d (size before relaxing)
 .debug_str     0x00001ad5       0xdd ../LUFA101122/LUFA/Drivers/USB/Class/Device/Audio.o
                                0x3b8 (size before relaxing)
 .debug_str     0x00001bb2      0x2c7 ../LUFA101122/LUFA/Drivers/USB/Class/Device/CDC.o
                                0x955 (size before relaxing)
 .debug_str     0x00001e79      0x292 ../LUFA101122/LUFA/Drivers/USB/Class/Device/HID.o
                                0x574 (size before relaxing)
 .debug_str     0x0000210b      0x26d ../LUFA101122/LUFA/Drivers/USB/Class/Device/MassStorage.o
                                0x6db (size before relaxing)
 .debug_str     0x00002378      0x118 ../LUFA101122/LUFA/Drivers/USB/Class/Device/MIDI.o
                                0x5d1 (size before relaxing)
 .debug_str     0x00002490      0x6d5 ../LUFA101122/LUFA/Drivers/USB/Class/Device/RNDIS.o
                                0xb07 (size before relaxing)

.debug_loc      0x00000000     0x2b71
 *(.debug_loc)
 .debug_loc     0x00000000       0x30 LEDNotifier.o
 .debug_loc     0x00000030      0x160 Descriptors.o
 .debug_loc     0x00000190       0x74 ../LUFA101122/LUFA/Drivers/USB/LowLevel/Endpoint.o
 .debug_loc     0x00000204       0x13 ../LUFA101122/LUFA/Drivers/USB/LowLevel/USBController.o
 .debug_loc     0x00000217      0x26d ../LUFA101122/LUFA/Drivers/USB/HighLevel/ConfigDescriptor.o
 .debug_loc     0x00000484      0x160 ../LUFA101122/LUFA/Drivers/USB/HighLevel/DeviceStandardReq.o
 .debug_loc     0x000005e4     0x17ed ../LUFA101122/LUFA/Drivers/USB/HighLevel/EndpointStream.o
 .debug_loc     0x00001dd1       0xd4 ../LUFA101122/LUFA/Drivers/USB/Class/Device/Audio.o
 .debug_loc     0x00001ea5      0x4b2 ../LUFA101122/LUFA/Drivers/USB/Class/Device/CDC.o
 .debug_loc     0x00002357      0x184 ../LUFA101122/LUFA/Drivers/USB/Class/Device/HID.o
 .debug_loc     0x000024db      0x11a ../LUFA101122/LUFA/Drivers/USB/Class/Device/MassStorage.o
 .debug_loc     0x000025f5      0x23c ../LUFA101122/LUFA/Drivers/USB/Class/Device/MIDI.o
 .debug_loc     0x00002831      0x340 ../LUFA101122/LUFA/Drivers/USB/Class/Device/RNDIS.o

.debug_macinfo
 *(.debug_macinfo)
OUTPUT(LEDNotifier.elf elf32-avr)
LOAD linker stubs

.debug_ranges   0x00000000      0x3d0
 .debug_ranges  0x00000000       0x30 LEDNotifier.o
 .debug_ranges  0x00000030       0x18 Descriptors.o
 .debug_ranges  0x00000048       0x18 ../LUFA101122/LUFA/Drivers/USB/LowLevel/Device.o
 .debug_ranges  0x00000060       0x30 ../LUFA101122/LUFA/Drivers/USB/LowLevel/Endpoint.o
 .debug_ranges  0x00000090       0x28 ../LUFA101122/LUFA/Drivers/USB/LowLevel/USBController.o
 .debug_ranges  0x000000b8       0x28 ../LUFA101122/LUFA/Drivers/USB/LowLevel/USBInterrupt.o
 .debug_ranges  0x000000e0       0x30 ../LUFA101122/LUFA/Drivers/USB/HighLevel/ConfigDescriptor.o
 .debug_ranges  0x00000110       0x18 ../LUFA101122/LUFA/Drivers/USB/HighLevel/DeviceStandardReq.o
 .debug_ranges  0x00000128       0x18 ../LUFA101122/LUFA/Drivers/USB/HighLevel/Events.o
 .debug_ranges  0x00000140       0xb8 ../LUFA101122/LUFA/Drivers/USB/HighLevel/EndpointStream.o
 .debug_ranges  0x000001f8       0x30 ../LUFA101122/LUFA/Drivers/USB/HighLevel/USBTask.o
 .debug_ranges  0x00000228       0x20 ../LUFA101122/LUFA/Drivers/USB/Class/Device/Audio.o
 .debug_ranges  0x00000248       0x88 ../LUFA101122/LUFA/Drivers/USB/Class/Device/CDC.o
 .debug_ranges  0x000002d0       0x28 ../LUFA101122/LUFA/Drivers/USB/Class/Device/HID.o
 .debug_ranges  0x000002f8       0x30 ../LUFA101122/LUFA/Drivers/USB/Class/Device/MassStorage.o
 .debug_ranges  0x00000328       0x38 ../LUFA101122/LUFA/Drivers/USB/Class/Device/MIDI.o
 .debug_ranges  0x00000360       0x70 ../LUFA101122/LUFA/Drivers/USB/Class/Device/RNDIS.o

Cross Reference Table

Symbol                                            File
Audio_Device_ConfigureEndpoints                   ../LUFA101122/LUFA/Drivers/USB/Class/Device/Audio.o
Audio_Device_ProcessControlRequest                ../LUFA101122/LUFA/Drivers/USB/Class/Device/Audio.o
CALLBACK_HID_Device_CreateHIDReport               ../LUFA101122/LUFA/Drivers/USB/Class/Device/HID.o
CALLBACK_HID_Device_ProcessHIDReport              ../LUFA101122/LUFA/Drivers/USB/Class/Device/HID.o
CALLBACK_MS_Device_SCSICommandReceived            ../LUFA101122/LUFA/Drivers/USB/Class/Device/MassStorage.o
CALLBACK_USB_GetDescriptor                        Descriptors.o
                                                  ../LUFA101122/LUFA/Drivers/USB/HighLevel/DeviceStandardReq.o
CDC_Device_BytesReceived                          ../LUFA101122/LUFA/Drivers/USB/Class/Device/CDC.o
CDC_Device_ConfigureEndpoints                     ../LUFA101122/LUFA/Drivers/USB/Class/Device/CDC.o
                                                  LEDNotifier.o
CDC_Device_CreateBlockingStream                   ../LUFA101122/LUFA/Drivers/USB/Class/Device/CDC.o
                                                  LEDNotifier.o
CDC_Device_CreateStream                           ../LUFA101122/LUFA/Drivers/USB/Class/Device/CDC.o
CDC_Device_Event_Stub                             ../LUFA101122/LUFA/Drivers/USB/Class/Device/CDC.o
CDC_Device_Flush                                  ../LUFA101122/LUFA/Drivers/USB/Class/Device/CDC.o
CDC_Device_ProcessControlRequest                  ../LUFA101122/LUFA/Drivers/USB/Class/Device/CDC.o
                                                  LEDNotifier.o
CDC_Device_ReceiveByte                            ../LUFA101122/LUFA/Drivers/USB/Class/Device/CDC.o
CDC_Device_SendByte                               ../LUFA101122/LUFA/Drivers/USB/Class/Device/CDC.o
CDC_Device_SendControlLineStateChange             ../LUFA101122/LUFA/Drivers/USB/Class/Device/CDC.o
CDC_Device_SendString                             ../LUFA101122/LUFA/Drivers/USB/Class/Device/CDC.o
CDC_Device_USBTask                                ../LUFA101122/LUFA/Drivers/USB/Class/Device/CDC.o
                                                  LEDNotifier.o
ConfigurationDescriptor                           Descriptors.o
DeviceDescriptor                                  Descriptors.o
EVENT_CDC_Device_BreakSent                        ../LUFA101122/LUFA/Drivers/USB/Class/Device/CDC.o
EVENT_CDC_Device_ControLineStateChanged           ../LUFA101122/LUFA/Drivers/USB/Class/Device/CDC.o
EVENT_CDC_Device_LineEncodingChanged              ../LUFA101122/LUFA/Drivers/USB/Class/Device/CDC.o
EVENT_USB_Device_ConfigurationChanged             LEDNotifier.o
                                                  ../LUFA101122/LUFA/Drivers/USB/HighLevel/DeviceStandardReq.o
EVENT_USB_Device_Connect                          ../LUFA101122/LUFA/Drivers/USB/HighLevel/Events.o
                                                  ../LUFA101122/LUFA/Drivers/USB/LowLevel/USBInterrupt.o
EVENT_USB_Device_ControlRequest                   LEDNotifier.o
                                                  ../LUFA101122/LUFA/Drivers/USB/HighLevel/DeviceStandardReq.o
EVENT_USB_Device_Disconnect                       ../LUFA101122/LUFA/Drivers/USB/HighLevel/Events.o
                                                  ../LUFA101122/LUFA/Drivers/USB/LowLevel/USBInterrupt.o
EVENT_USB_Device_Reset                            ../LUFA101122/LUFA/Drivers/USB/HighLevel/Events.o
                                                  ../LUFA101122/LUFA/Drivers/USB/LowLevel/USBInterrupt.o
EVENT_USB_Device_StartOfFrame                     ../LUFA101122/LUFA/Drivers/USB/HighLevel/Events.o
                                                  ../LUFA101122/LUFA/Drivers/USB/LowLevel/USBInterrupt.o
EVENT_USB_Device_Suspend                          ../LUFA101122/LUFA/Drivers/USB/HighLevel/Events.o
                                                  ../LUFA101122/LUFA/Drivers/USB/LowLevel/USBInterrupt.o
EVENT_USB_Device_WakeUp                           ../LUFA101122/LUFA/Drivers/USB/HighLevel/Events.o
                                                  ../LUFA101122/LUFA/Drivers/USB/LowLevel/USBInterrupt.o
Endpoint_ClearEndpoints                           ../LUFA101122/LUFA/Drivers/USB/LowLevel/Endpoint.o
Endpoint_ClearStatusStage                         ../LUFA101122/LUFA/Drivers/USB/LowLevel/Endpoint.o
                                                  ../LUFA101122/LUFA/Drivers/USB/Class/Device/MassStorage.o
                                                  ../LUFA101122/LUFA/Drivers/USB/Class/Device/HID.o
                                                  ../LUFA101122/LUFA/Drivers/USB/Class/Device/CDC.o
                                                  ../LUFA101122/LUFA/Drivers/USB/Class/Device/Audio.o
                                                  ../LUFA101122/LUFA/Drivers/USB/HighLevel/DeviceStandardReq.o
Endpoint_ConfigureEndpoint_Prv                    ../LUFA101122/LUFA/Drivers/USB/LowLevel/Endpoint.o
                                                  ../LUFA101122/LUFA/Drivers/USB/Class/Device/RNDIS.o
                                                  ../LUFA101122/LUFA/Drivers/USB/Class/Device/MIDI.o
                                                  ../LUFA101122/LUFA/Drivers/USB/Class/Device/MassStorage.o
                                                  ../LUFA101122/LUFA/Drivers/USB/Class/Device/HID.o
                                                  ../LUFA101122/LUFA/Drivers/USB/Class/Device/CDC.o
                                                  ../LUFA101122/LUFA/Drivers/USB/Class/Device/Audio.o
                                                  ../LUFA101122/LUFA/Drivers/USB/LowLevel/USBInterrupt.o
                                                  ../LUFA101122/LUFA/Drivers/USB/LowLevel/USBController.o
Endpoint_Discard_Stream                           ../LUFA101122/LUFA/Drivers/USB/HighLevel/EndpointStream.o
Endpoint_Read_Control_EStream_BE                  ../LUFA101122/LUFA/Drivers/USB/HighLevel/EndpointStream.o
Endpoint_Read_Control_EStream_LE                  ../LUFA101122/LUFA/Drivers/USB/HighLevel/EndpointStream.o
Endpoint_Read_Control_Stream_BE                   ../LUFA101122/LUFA/Drivers/USB/HighLevel/EndpointStream.o
Endpoint_Read_Control_Stream_LE                   ../LUFA101122/LUFA/Drivers/USB/HighLevel/EndpointStream.o
                                                  ../LUFA101122/LUFA/Drivers/USB/Class/Device/RNDIS.o
                                                  ../LUFA101122/LUFA/Drivers/USB/Class/Device/HID.o
                                                  ../LUFA101122/LUFA/Drivers/USB/Class/Device/CDC.o
Endpoint_Read_EStream_BE                          ../LUFA101122/LUFA/Drivers/USB/HighLevel/EndpointStream.o
Endpoint_Read_EStream_LE                          ../LUFA101122/LUFA/Drivers/USB/HighLevel/EndpointStream.o
Endpoint_Read_Stream_BE                           ../LUFA101122/LUFA/Drivers/USB/HighLevel/EndpointStream.o
Endpoint_Read_Stream_LE                           ../LUFA101122/LUFA/Drivers/USB/HighLevel/EndpointStream.o
                                                  ../LUFA101122/LUFA/Drivers/USB/Class/Device/RNDIS.o
                                                  ../LUFA101122/LUFA/Drivers/USB/Class/Device/MIDI.o
                                                  ../LUFA101122/LUFA/Drivers/USB/Class/Device/MassStorage.o
Endpoint_WaitUntilReady                           ../LUFA101122/LUFA/Drivers/USB/LowLevel/Endpoint.o
                                                  ../LUFA101122/LUFA/Drivers/USB/Class/Device/MIDI.o
                                                  ../LUFA101122/LUFA/Drivers/USB/Class/Device/CDC.o
                                                  ../LUFA101122/LUFA/Drivers/USB/HighLevel/EndpointStream.o
Endpoint_Write_Control_EStream_BE                 ../LUFA101122/LUFA/Drivers/USB/HighLevel/EndpointStream.o
Endpoint_Write_Control_EStream_LE                 ../LUFA101122/LUFA/Drivers/USB/HighLevel/EndpointStream.o
Endpoint_Write_Control_PStream_BE                 ../LUFA101122/LUFA/Drivers/USB/HighLevel/EndpointStream.o
Endpoint_Write_Control_PStream_LE                 ../LUFA101122/LUFA/Drivers/USB/HighLevel/EndpointStream.o
                                                  ../LUFA101122/LUFA/Drivers/USB/HighLevel/DeviceStandardReq.o
Endpoint_Write_Control_Stream_BE                  ../LUFA101122/LUFA/Drivers/USB/HighLevel/EndpointStream.o
Endpoint_Write_Control_Stream_LE                  ../LUFA101122/LUFA/Drivers/USB/HighLevel/EndpointStream.o
                                                  ../LUFA101122/LUFA/Drivers/USB/Class/Device/RNDIS.o
                                                  ../LUFA101122/LUFA/Drivers/USB/Class/Device/HID.o
                                                  ../LUFA101122/LUFA/Drivers/USB/Class/Device/CDC.o
Endpoint_Write_EStream_BE                         ../LUFA101122/LUFA/Drivers/USB/HighLevel/EndpointStream.o
Endpoint_Write_EStream_LE                         ../LUFA101122/LUFA/Drivers/USB/HighLevel/EndpointStream.o
Endpoint_Write_PStream_BE                         ../LUFA101122/LUFA/Drivers/USB/HighLevel/EndpointStream.o
Endpoint_Write_PStream_LE                         ../LUFA101122/LUFA/Drivers/USB/HighLevel/EndpointStream.o
Endpoint_Write_Stream_BE                          ../LUFA101122/LUFA/Drivers/USB/HighLevel/EndpointStream.o
Endpoint_Write_Stream_LE                          ../LUFA101122/LUFA/Drivers/USB/HighLevel/EndpointStream.o
                                                  ../LUFA101122/LUFA/Drivers/USB/Class/Device/RNDIS.o
                                                  ../LUFA101122/LUFA/Drivers/USB/Class/Device/MIDI.o
                                                  ../LUFA101122/LUFA/Drivers/USB/Class/Device/MassStorage.o
                                                  ../LUFA101122/LUFA/Drivers/USB/Class/Device/HID.o
                                                  ../LUFA101122/LUFA/Drivers/USB/Class/Device/CDC.o
HID_Device_ConfigureEndpoints                     ../LUFA101122/LUFA/Drivers/USB/Class/Device/HID.o
HID_Device_ProcessControlRequest                  ../LUFA101122/LUFA/Drivers/USB/Class/Device/HID.o
HID_Device_USBTask                                ../LUFA101122/LUFA/Drivers/USB/Class/Device/HID.o
LanguageString                                    Descriptors.o
MIDI_Device_ConfigureEndpoints                    ../LUFA101122/LUFA/Drivers/USB/Class/Device/MIDI.o
MIDI_Device_Flush                                 ../LUFA101122/LUFA/Drivers/USB/Class/Device/MIDI.o
MIDI_Device_ReceiveEventPacket                    ../LUFA101122/LUFA/Drivers/USB/Class/Device/MIDI.o
MIDI_Device_SendEventPacket                       ../LUFA101122/LUFA/Drivers/USB/Class/Device/MIDI.o
MIDI_Device_USBTask                               ../LUFA101122/LUFA/Drivers/USB/Class/Device/MIDI.o
MS_Device_ConfigureEndpoints                      ../LUFA101122/LUFA/Drivers/USB/Class/Device/MassStorage.o
MS_Device_ProcessControlRequest                   ../LUFA101122/LUFA/Drivers/USB/Class/Device/MassStorage.o
MS_Device_USBTask                                 ../LUFA101122/LUFA/Drivers/USB/Class/Device/MassStorage.o
ManufacturerString                                Descriptors.o
ProductString                                     Descriptors.o
RNDIS_Device_ConfigureEndpoints                   ../LUFA101122/LUFA/Drivers/USB/Class/Device/RNDIS.o
RNDIS_Device_ProcessControlRequest                ../LUFA101122/LUFA/Drivers/USB/Class/Device/RNDIS.o
RNDIS_Device_USBTask                              ../LUFA101122/LUFA/Drivers/USB/Class/Device/RNDIS.o
SetupHardware                                     LEDNotifier.o
USB_ConfigurationNumber                           ../LUFA101122/LUFA/Drivers/USB/HighLevel/DeviceStandardReq.o
                                                  ../LUFA101122/LUFA/Drivers/USB/LowLevel/USBInterrupt.o
                                                  ../LUFA101122/LUFA/Drivers/USB/LowLevel/USBController.o
USB_ControlRequest                                ../LUFA101122/LUFA/Drivers/USB/Class/Device/RNDIS.o
                                                  ../LUFA101122/LUFA/Drivers/USB/Class/Device/MassStorage.o
                                                  ../LUFA101122/LUFA/Drivers/USB/Class/Device/HID.o
                                                  ../LUFA101122/LUFA/Drivers/USB/Class/Device/CDC.o
                                                  ../LUFA101122/LUFA/Drivers/USB/Class/Device/Audio.o
                                                  ../LUFA101122/LUFA/Drivers/USB/HighLevel/USBTask.o
                                                  ../LUFA101122/LUFA/Drivers/USB/HighLevel/EndpointStream.o
                                                  ../LUFA101122/LUFA/Drivers/USB/HighLevel/DeviceStandardReq.o
                                                  ../LUFA101122/LUFA/Drivers/USB/LowLevel/Endpoint.o
USB_CurrentlySelfPowered                          ../LUFA101122/LUFA/Drivers/USB/HighLevel/DeviceStandardReq.o
                                                  ../LUFA101122/LUFA/Drivers/USB/LowLevel/USBController.o
USB_DeviceState                                   ../LUFA101122/LUFA/Drivers/USB/Class/Device/RNDIS.o
                                                  ../LUFA101122/LUFA/Drivers/USB/Class/Device/MIDI.o
                                                  ../LUFA101122/LUFA/Drivers/USB/Class/Device/MassStorage.o
                                                  ../LUFA101122/LUFA/Drivers/USB/Class/Device/HID.o
                                                  ../LUFA101122/LUFA/Drivers/USB/Class/Device/CDC.o
                                                  ../LUFA101122/LUFA/Drivers/USB/HighLevel/USBTask.o
                                                  ../LUFA101122/LUFA/Drivers/USB/HighLevel/EndpointStream.o
                                                  ../LUFA101122/LUFA/Drivers/USB/HighLevel/DeviceStandardReq.o
                                                  ../LUFA101122/LUFA/Drivers/USB/LowLevel/USBInterrupt.o
                                                  ../LUFA101122/LUFA/Drivers/USB/LowLevel/USBController.o
                                                  ../LUFA101122/LUFA/Drivers/USB/LowLevel/Endpoint.o
USB_Device_ProcessControlRequest                  ../LUFA101122/LUFA/Drivers/USB/HighLevel/DeviceStandardReq.o
                                                  ../LUFA101122/LUFA/Drivers/USB/HighLevel/USBTask.o
USB_Device_SendRemoteWakeup                       ../LUFA101122/LUFA/Drivers/USB/LowLevel/Device.o
USB_Event_Stub                                    ../LUFA101122/LUFA/Drivers/USB/HighLevel/Events.o
USB_GetNextDescriptorComp                         ../LUFA101122/LUFA/Drivers/USB/HighLevel/ConfigDescriptor.o
USB_GetNextDescriptorOfType                       ../LUFA101122/LUFA/Drivers/USB/HighLevel/ConfigDescriptor.o
USB_GetNextDescriptorOfTypeAfter                  ../LUFA101122/LUFA/Drivers/USB/HighLevel/ConfigDescriptor.o
USB_GetNextDescriptorOfTypeBefore                 ../LUFA101122/LUFA/Drivers/USB/HighLevel/ConfigDescriptor.o
USB_INT_ClearAllInterrupts                        ../LUFA101122/LUFA/Drivers/USB/LowLevel/USBInterrupt.o
                                                  ../LUFA101122/LUFA/Drivers/USB/LowLevel/USBController.o
USB_INT_DisableAllInterrupts                      ../LUFA101122/LUFA/Drivers/USB/LowLevel/USBInterrupt.o
                                                  ../LUFA101122/LUFA/Drivers/USB/LowLevel/USBController.o
USB_Init                                          ../LUFA101122/LUFA/Drivers/USB/LowLevel/USBController.o
                                                  LEDNotifier.o
USB_IsInitialized                                 ../LUFA101122/LUFA/Drivers/USB/HighLevel/USBTask.o
                                                  ../LUFA101122/LUFA/Drivers/USB/LowLevel/USBController.o
USB_RemoteWakeupEnabled                           ../LUFA101122/LUFA/Drivers/USB/HighLevel/DeviceStandardReq.o
                                                  ../LUFA101122/LUFA/Drivers/USB/LowLevel/USBController.o
USB_ResetInterface                                ../LUFA101122/LUFA/Drivers/USB/LowLevel/USBController.o
USB_ShutDown                                      ../LUFA101122/LUFA/Drivers/USB/LowLevel/USBController.o
USB_USBTask                                       ../LUFA101122/LUFA/Drivers/USB/HighLevel/USBTask.o
                                                  ../LUFA101122/LUFA/Drivers/USB/Class/Device/MassStorage.o
                                                  ../LUFA101122/LUFA/Drivers/USB/Class/Device/CDC.o
                                                  LEDNotifier.o
VirtualSerial_CDC_Interface                       LEDNotifier.o
__bad_interrupt                                   c:/winavr-20100110/bin/../lib/gcc/avr/4.3.3/../../../../avr/lib/avr5/crtm32u4.o
__bss_end                                         c:/winavr-20100110/bin/../lib/gcc/avr/4.3.3/avr5\libgcc.a(_clear_bss.o)
__bss_start                                       c:/winavr-20100110/bin/../lib/gcc/avr/4.3.3/avr5\libgcc.a(_clear_bss.o)
__data_end                                        c:/winavr-20100110/bin/../lib/gcc/avr/4.3.3/avr5\libgcc.a(_copy_data.o)
__data_load_start                                 c:/winavr-20100110/bin/../lib/gcc/avr/4.3.3/avr5\libgcc.a(_copy_data.o)
__data_start                                      c:/winavr-20100110/bin/../lib/gcc/avr/4.3.3/avr5\libgcc.a(_copy_data.o)
__do_clear_bss                                    c:/winavr-20100110/bin/../lib/gcc/avr/4.3.3/avr5\libgcc.a(_clear_bss.o)
                                                  ../LUFA101122/LUFA/Drivers/USB/Class/Device/MassStorage.o
                                                  ../LUFA101122/LUFA/Drivers/USB/HighLevel/USBTask.o
                                                  ../LUFA101122/LUFA/Drivers/USB/HighLevel/DeviceStandardReq.o
                                                  LEDNotifier.o
__do_copy_data                                    c:/winavr-20100110/bin/../lib/gcc/avr/4.3.3/avr5\libgcc.a(_copy_data.o)
                                                  ../LUFA101122/LUFA/Drivers/USB/Class/Device/RNDIS.o
                                                  ../LUFA101122/LUFA/Drivers/USB/Class/Device/CDC.o
                                                  LEDNotifier.o
__eerd_byte_m32u4                                 c:/winavr-20100110/bin/../lib/gcc/avr/4.3.3/../../../../avr/lib/avr5\libc.a(eerd_byte_atmega32u4.o)
                                                  ../LUFA101122/LUFA/Drivers/USB/HighLevel/EndpointStream.o
__eeupd_byte_m32u4                                c:/winavr-20100110/bin/../lib/gcc/avr/4.3.3/../../../../avr/lib/avr5\libc.a(eeupd_byte_atmega32u4.o)
                                                  ../LUFA101122/LUFA/Drivers/USB/HighLevel/EndpointStream.o
__eeupd_r18_m32u4                                 c:/winavr-20100110/bin/../lib/gcc/avr/4.3.3/../../../../avr/lib/avr5\libc.a(eeupd_byte_atmega32u4.o)
__heap_end                                        c:/winavr-20100110/bin/../lib/gcc/avr/4.3.3/../../../../avr/lib/avr5/crtm32u4.o
__init                                            c:/winavr-20100110/bin/../lib/gcc/avr/4.3.3/../../../../avr/lib/avr5/crtm32u4.o
__stack                                           c:/winavr-20100110/bin/../lib/gcc/avr/4.3.3/../../../../avr/lib/avr5/crtm32u4.o
__vector_1                                        c:/winavr-20100110/bin/../lib/gcc/avr/4.3.3/../../../../avr/lib/avr5/crtm32u4.o
__vector_10                                       ../LUFA101122/LUFA/Drivers/USB/LowLevel/USBInterrupt.o
                                                  c:/winavr-20100110/bin/../lib/gcc/avr/4.3.3/../../../../avr/lib/avr5/crtm32u4.o
__vector_11                                       c:/winavr-20100110/bin/../lib/gcc/avr/4.3.3/../../../../avr/lib/avr5/crtm32u4.o
__vector_12                                       c:/winavr-20100110/bin/../lib/gcc/avr/4.3.3/../../../../avr/lib/avr5/crtm32u4.o
__vector_13                                       c:/winavr-20100110/bin/../lib/gcc/avr/4.3.3/../../../../avr/lib/avr5/crtm32u4.o
__vector_14                                       c:/winavr-20100110/bin/../lib/gcc/avr/4.3.3/../../../../avr/lib/avr5/crtm32u4.o
__vector_15                                       c:/winavr-20100110/bin/../lib/gcc/avr/4.3.3/../../../../avr/lib/avr5/crtm32u4.o
__vector_16                                       c:/winavr-20100110/bin/../lib/gcc/avr/4.3.3/../../../../avr/lib/avr5/crtm32u4.o
__vector_17                                       c:/winavr-20100110/bin/../lib/gcc/avr/4.3.3/../../../../avr/lib/avr5/crtm32u4.o
__vector_18                                       c:/winavr-20100110/bin/../lib/gcc/avr/4.3.3/../../../../avr/lib/avr5/crtm32u4.o
__vector_19                                       c:/winavr-20100110/bin/../lib/gcc/avr/4.3.3/../../../../avr/lib/avr5/crtm32u4.o
__vector_2                                        c:/winavr-20100110/bin/../lib/gcc/avr/4.3.3/../../../../avr/lib/avr5/crtm32u4.o
__vector_20                                       c:/winavr-20100110/bin/../lib/gcc/avr/4.3.3/../../../../avr/lib/avr5/crtm32u4.o
__vector_21                                       c:/winavr-20100110/bin/../lib/gcc/avr/4.3.3/../../../../avr/lib/avr5/crtm32u4.o
__vector_22                                       c:/winavr-20100110/bin/../lib/gcc/avr/4.3.3/../../../../avr/lib/avr5/crtm32u4.o
__vector_23                                       c:/winavr-20100110/bin/../lib/gcc/avr/4.3.3/../../../../avr/lib/avr5/crtm32u4.o
__vector_24                                       c:/winavr-20100110/bin/../lib/gcc/avr/4.3.3/../../../../avr/lib/avr5/crtm32u4.o
__vector_25                                       c:/winavr-20100110/bin/../lib/gcc/avr/4.3.3/../../../../avr/lib/avr5/crtm32u4.o
__vector_26                                       c:/winavr-20100110/bin/../lib/gcc/avr/4.3.3/../../../../avr/lib/avr5/crtm32u4.o
__vector_27                                       c:/winavr-20100110/bin/../lib/gcc/avr/4.3.3/../../../../avr/lib/avr5/crtm32u4.o
__vector_28                                       c:/winavr-20100110/bin/../lib/gcc/avr/4.3.3/../../../../avr/lib/avr5/crtm32u4.o
__vector_29                                       c:/winavr-20100110/bin/../lib/gcc/avr/4.3.3/../../../../avr/lib/avr5/crtm32u4.o
__vector_3                                        c:/winavr-20100110/bin/../lib/gcc/avr/4.3.3/../../../../avr/lib/avr5/crtm32u4.o
__vector_30                                       c:/winavr-20100110/bin/../lib/gcc/avr/4.3.3/../../../../avr/lib/avr5/crtm32u4.o
__vector_31                                       c:/winavr-20100110/bin/../lib/gcc/avr/4.3.3/../../../../avr/lib/avr5/crtm32u4.o
__vector_32                                       c:/winavr-20100110/bin/../lib/gcc/avr/4.3.3/../../../../avr/lib/avr5/crtm32u4.o
__vector_33                                       c:/winavr-20100110/bin/../lib/gcc/avr/4.3.3/../../../../avr/lib/avr5/crtm32u4.o
__vector_34                                       c:/winavr-20100110/bin/../lib/gcc/avr/4.3.3/../../../../avr/lib/avr5/crtm32u4.o
__vector_35                                       c:/winavr-20100110/bin/../lib/gcc/avr/4.3.3/../../../../avr/lib/avr5/crtm32u4.o
__vector_36                                       c:/winavr-20100110/bin/../lib/gcc/avr/4.3.3/../../../../avr/lib/avr5/crtm32u4.o
__vector_37                                       c:/winavr-20100110/bin/../lib/gcc/avr/4.3.3/../../../../avr/lib/avr5/crtm32u4.o
__vector_38                                       c:/winavr-20100110/bin/../lib/gcc/avr/4.3.3/../../../../avr/lib/avr5/crtm32u4.o
__vector_39                                       c:/winavr-20100110/bin/../lib/gcc/avr/4.3.3/../../../../avr/lib/avr5/crtm32u4.o
__vector_4                                        c:/winavr-20100110/bin/../lib/gcc/avr/4.3.3/../../../../avr/lib/avr5/crtm32u4.o
__vector_40                                       c:/winavr-20100110/bin/../lib/gcc/avr/4.3.3/../../../../avr/lib/avr5/crtm32u4.o
__vector_41                                       c:/winavr-20100110/bin/../lib/gcc/avr/4.3.3/../../../../avr/lib/avr5/crtm32u4.o
__vector_42                                       c:/winavr-20100110/bin/../lib/gcc/avr/4.3.3/../../../../avr/lib/avr5/crtm32u4.o
__vector_5                                        c:/winavr-20100110/bin/../lib/gcc/avr/4.3.3/../../../../avr/lib/avr5/crtm32u4.o
__vector_6                                        c:/winavr-20100110/bin/../lib/gcc/avr/4.3.3/../../../../avr/lib/avr5/crtm32u4.o
__vector_7                                        c:/winavr-20100110/bin/../lib/gcc/avr/4.3.3/../../../../avr/lib/avr5/crtm32u4.o
__vector_8                                        c:/winavr-20100110/bin/../lib/gcc/avr/4.3.3/../../../../avr/lib/avr5/crtm32u4.o
__vector_9                                        c:/winavr-20100110/bin/../lib/gcc/avr/4.3.3/../../../../avr/lib/avr5/crtm32u4.o
__vector_default                                  c:/winavr-20100110/bin/../lib/gcc/avr/4.3.3/../../../../avr/lib/avr5/crtm32u4.o
__vectors                                         c:/winavr-20100110/bin/../lib/gcc/avr/4.3.3/../../../../avr/lib/avr5/crtm32u4.o
_exit                                             c:/winavr-20100110/bin/../lib/gcc/avr/4.3.3/avr5\libgcc.a(_exit.o)
exit                                              c:/winavr-20100110/bin/../lib/gcc/avr/4.3.3/avr5\libgcc.a(_exit.o)
                                                  c:/winavr-20100110/bin/../lib/gcc/avr/4.3.3/../../../../avr/lib/avr5/crtm32u4.o
fgetc                                             c:/winavr-20100110/bin/../lib/gcc/avr/4.3.3/../../../../avr/lib/avr5\libc.a(fgetc.o)
                                                  LEDNotifier.o
main                                              LEDNotifier.o
                                                  c:/winavr-20100110/bin/../lib/gcc/avr/4.3.3/../../../../avr/lib/avr5/crtm32u4.o
memcmp                                            c:/winavr-20100110/bin/../lib/gcc/avr/4.3.3/../../../../avr/lib/avr5\libc.a(memcmp.o)
                                                  ../LUFA101122/LUFA/Drivers/USB/Class/Device/HID.o
memcpy                                            c:/winavr-20100110/bin/../lib/gcc/avr/4.3.3/../../../../avr/lib/avr5\libc.a(memcpy.o)
                                                  ../LUFA101122/LUFA/Drivers/USB/Class/Device/RNDIS.o
                                                  ../LUFA101122/LUFA/Drivers/USB/Class/Device/HID.o
memcpy_P                                          c:/winavr-20100110/bin/../lib/gcc/avr/4.3.3/../../../../avr/lib/avr5\libc.a(memcpy_P.o)
                                                  ../LUFA101122/LUFA/Drivers/USB/Class/Device/RNDIS.o
memset                                            c:/winavr-20100110/bin/../lib/gcc/avr/4.3.3/../../../../avr/lib/avr5\libc.a(memset.o)
                                                  ../LUFA101122/LUFA/Drivers/USB/Class/Device/HID.o
