<html>
<body>
<pre>
<h1>礦ision Build Log</h1>
<h2>Project:</h2>
F:\路虎开发板光盘\实验例程\USBHostLite\USBHostLite.uvproj
Project File Date:  05/13/2010

<h2>Output:</h2>
Build target 'LPC17xx_IFLASH'
compiling core_cm3.c...
compiling system_LPC17xx.c...
compiling usbhost_uart.c...
compiling usbhost_fat.c...
compiling usbhost_ms.c...
compiling usbhost_lpc17xx.c...
UsbHost\Host\usbhost_lpc17xx.c(109): warning:  #177-D: variable "regVal" was declared but never referenced
UsbHost\Host\usbhost_lpc17xx.c:         uint32_t regVal;
UsbHost\Host\usbhost_lpc17xx.c:                  ^
UsbHost\Host\usbhost_lpc17xx.c: UsbHost\Host\usbhost_lpc17xx.c: 1 warning, 0 errors
compiling usbhost_main.c...
assembling startup_LPC17xx.s...
linking...
Program Size: Code=13566 RO-data=766 RW-data=68 ZI-data=740  
FromELF: creating hex file...
".\Obj\USBHostLite.axf" - 0 Error(s), 1 Warning(s).
