ARM Linker, 4.1 [Build 481] [Standard]

==============================================================================

Section Cross References

    usbcore.o(.text) refers to usbhw.o(.text) for USB_ReadEP
    usbcore.o(.text) refers to usbcore.o(i.USB_ReqGetStatus) for USB_ReqGetStatus
    usbcore.o(.text) refers to usbcore.o(i.USB_ReqSetClrFeature) for USB_ReqSetClrFeature
    usbcore.o(.text) refers to usbcore.o(i.USB_ReqGetDescriptor) for USB_ReqGetDescriptor
    usbcore.o(.text) refers to usbcore.o(i.USB_ReqSetConfiguration) for USB_ReqSetConfiguration
    usbcore.o(.text) refers to usbuser.o(.text) for USB_Configure_Event
    usbcore.o(.text) refers to usbcore.o(i.USB_ReqSetInterface) for USB_ReqSetInterface
    usbcore.o(.text) refers to cdcuser.o(.text) for CDC_GetEncapsulatedResponse
    usbcore.o(.text) refers to usbcore.o(.data) for USB_DeviceStatus
    usbhw.o(.text) refers to usbuser.o(.text) for USB_Reset_Event
    usbhw.o(.text) refers to usbcore.o(.data) for USB_DeviceStatus
    usbhw.o(.text) refers to usbuser.o(.constdata) for USB_P_EP
    usbuser.o(.text) refers to usbcore.o(.text) for USB_ResetCore
    usbuser.o(.text) refers to cdcuser.o(.text) for CDC_GetSerialState
    usbuser.o(.text) refers to usbuser.o(.data) for serialState
    usbuser.o(.constdata) refers to usbcore.o(.text) for USB_EndPoint0
    usbuser.o(.constdata) refers to usbuser.o(.text) for USB_EndPoint1
    cdcuser.o(.text) refers to serial.o(.text) for ser_LineState
    cdcuser.o(.text) refers to usbhw.o(.text) for USB_WriteEP
    cdcuser.o(.text) refers to cdcuser.o(.bss) for CDC_OutBuf
    cdcuser.o(.text) refers to cdcuser.o(.data) for CDC_SerialState
    cdcuser.o(.text) refers to usbcore.o(.data) for EP0Buf
    vcomdemo.o(.text) refers to cdcuser.o(.text) for CDC_Init
    vcomdemo.o(.text) refers to serial.o(.text) for ser_AvailChar
    vcomdemo.o(.text) refers to usbhw.o(.text) for USB_WriteEP
    vcomdemo.o(.text) refers to system_lpc17xx.o(.text) for SystemInit
    vcomdemo.o(.text) refers to cdcuser.o(.data) for CDC_DepInEmpty
    vcomdemo.o(.text) refers to vcomdemo.o(.bss) for serBuf
    vcomdemo.o(.text) refers to vcomdemo.o(.data) for serialState
    vcomdemo.o(.text) refers to usbcore.o(.data) for USB_Configuration
    serial.o(.text) refers to serial.o(.bss) for ser_out
    serial.o(.text) refers to system_lpc17xx.o(.data) for SystemFrequency
    serial.o(.text) refers to serial.o(.data) for ser_txRestart
    startup_lpc17xx.o(RESET) refers to startup_lpc17xx.o(STACK) for __initial_sp
    startup_lpc17xx.o(RESET) refers to startup_lpc17xx.o(.text) for Reset_Handler
    startup_lpc17xx.o(RESET) refers to serial.o(.text) for UART0_IRQHandler
    startup_lpc17xx.o(RESET) refers to usbhw.o(.text) for USB_IRQHandler
    startup_lpc17xx.o(.text) refers to entry.o(.ARM.Collect$$$$00000000) for __main
    system_lpc17xx.o(.text) refers to system_lpc17xx.o(.data) for SystemFrequency
    entry.o(.ARM.Collect$$$$00000000) refers (Special) to entry7.o(.ARM.Collect$$$$00000007) for _main_init
    entry.o(.ARM.Collect$$$$00000000) refers (Special) to entry5.o(.ARM.Collect$$$$00000004) for _main_scatterload
    entry.o(.ARM.Collect$$$$00000000) refers (Special) to entry2.o(.ARM.Collect$$$$00000001) for _main_stk
    entry2.o(.ARM.Collect$$$$00000001) refers to entry2.o(.ARM.Collect$$$$00002712) for __lit__00000000
    entry2.o(.ARM.Collect$$$$00002712) refers to startup_lpc17xx.o(STACK) for __initial_sp
    entry2.o(__vectab_stack_and_reset_area) refers to startup_lpc17xx.o(STACK) for __initial_sp
    entry2.o(__vectab_stack_and_reset_area) refers to entry.o(.ARM.Collect$$$$00000000) for __main
    entry5.o(.ARM.Collect$$$$00000004) refers to init.o(.text) for __scatterload
    entry7.o(.ARM.Collect$$$$00000007) refers to vcomdemo.o(.text) for main
    init.o(.text) refers to entry5.o(.ARM.Collect$$$$00000004) for __main_after_scatterload
    usbcore.o(i.USB_ReqGetStatus) refers to usbcore.o(.data) for SetupPacket
    usbcore.o(i.USB_ReqSetClrFeature) refers to usbhw.o(.text) for USB_WakeUpCfg
    usbcore.o(i.USB_ReqSetClrFeature) refers to usbcore.o(.data) for SetupPacket
    usbcore.o(i.USB_ReqGetDescriptor) refers to usbcore.o(.data) for SetupPacket
    usbcore.o(i.USB_ReqGetDescriptor) refers to usbdesc.o(.constdata) for USB_DeviceDescriptor
    usbcore.o(i.USB_ReqSetConfiguration) refers to usbhw.o(.text) for USB_DisableEP
    usbcore.o(i.USB_ReqSetConfiguration) refers to usbcore.o(.data) for SetupPacket
    usbcore.o(i.USB_ReqSetConfiguration) refers to usbdesc.o(.constdata) for USB_ConfigDescriptor
    usbcore.o(i.USB_ReqSetInterface) refers to usbhw.o(.text) for USB_ConfigEP
    usbcore.o(i.USB_ReqSetInterface) refers to usbcore.o(.data) for SetupPacket
    usbcore.o(i.USB_ReqSetInterface) refers to usbdesc.o(.constdata) for USB_ConfigDescriptor


==============================================================================

Removing Unused input sections from the image.

    Removing startup_lpc17xx.o(HEAP), (0 bytes).
    Removing core_cm3.o(.emb_text), (32 bytes).

2 unused section(s) (total 32 bytes) removed from the image.

==============================================================================

Image Symbol Table

    Local Symbols

    Symbol Name                              Value     Ov Type        Size  Object(Section)

    RESET                                    0x00000000   Section      204  startup_lpc17xx.o(RESET)
    ../../microlib/init/entry.s              0x00000000   Number         0  entry5.o ABSOLUTE
    ../../microlib/init/entry.s              0x00000000   Number         0  entry2.o ABSOLUTE
    ../../microlib/init/entry.s              0x00000000   Number         0  entry7.o ABSOLUTE
    ../../microlib/init/entry.s              0x00000000   Number         0  entry.o ABSOLUTE
    cdcuser.c                                0x00000000   Number         0  cdcuser.o ABSOLUTE
    common\\src\\core_cm3.c                  0x00000000   Number         0  core_cm3.o ABSOLUTE
    common\src\core_cm3.c                    0x00000000   Number         0  core_cm3.o ABSOLUTE
    common\src\startup_LPC17xx.s             0x00000000   Number         0  startup_lpc17xx.o ABSOLUTE
    common\src\system_LPC17xx.c              0x00000000   Number         0  system_lpc17xx.o ABSOLUTE
    dc.s                                     0x00000000   Number         0  dc.o ABSOLUTE
    handlers.s                               0x00000000   Number         0  handlers.o ABSOLUTE
    init.s                                   0x00000000   Number         0  init.o ABSOLUTE
    serial.c                                 0x00000000   Number         0  serial.o ABSOLUTE
    usbcore.c                                0x00000000   Number         0  usbcore.o ABSOLUTE
    usbdesc.c                                0x00000000   Number         0  usbdesc.o ABSOLUTE
    usbhw.c                                  0x00000000   Number         0  usbhw.o ABSOLUTE
    usbuser.c                                0x00000000   Number         0  usbuser.o ABSOLUTE
    vcomdemo.c                               0x00000000   Number         0  vcomdemo.o ABSOLUTE
    .ARM.Collect$$$$00000000                 0x000000cc   Section        0  entry.o(.ARM.Collect$$$$00000000)
    .ARM.Collect$$$$00000001                 0x000000cc   Section        4  entry2.o(.ARM.Collect$$$$00000001)
    .ARM.Collect$$$$00000004                 0x000000d0   Section        4  entry5.o(.ARM.Collect$$$$00000004)
    .ARM.Collect$$$$00000007                 0x000000d4   Section        8  entry7.o(.ARM.Collect$$$$00000007)
    .ARM.Collect$$$$00002712                 0x000000dc   Section        4  entry2.o(.ARM.Collect$$$$00002712)
    __lit__00000000                          0x000000dc   Data           4  entry2.o(.ARM.Collect$$$$00002712)
    .text                                    0x000000e0   Section        0  usbuser.o(.text)
    .text                                    0x0000014c   Section        0  vcomdemo.o(.text)
    .text                                    0x00000214   Section       28  startup_lpc17xx.o(.text)
    .text                                    0x00000230   Section       36  init.o(.text)
    i.__scatterload_copy                     0x00000254   Section       14  handlers.o(i.__scatterload_copy)
    i.__scatterload_null                     0x00000262   Section        2  handlers.o(i.__scatterload_null)
    i.__scatterload_zeroinit                 0x00000264   Section       14  handlers.o(i.__scatterload_zeroinit)
    .constdata                               0x00000274   Section       64  usbuser.o(.constdata)
    .ARM.__at_0x02FC                         0x000002fc   Section        4  startup_lpc17xx.o(.ARM.__at_0x02FC)
    .text                                    0x00000300   Section        0  usbcore.o(.text)
    .text                                    0x00000714   Section        0  usbhw.o(.text)
    .text                                    0x00000c58   Section        0  cdcuser.o(.text)
    .text                                    0x00000f10   Section        0  serial.o(.text)
    NVIC_EnableIRQ                           0x00001413   Thumb Code    24  serial.o(.text)
    NVIC_DisableIRQ                          0x0000142b   Thumb Code    18  serial.o(.text)
    .text                                    0x00001458   Section        0  system_lpc17xx.o(.text)
    i.USB_ReqGetDescriptor                   0x000016b4   Section        0  usbcore.o(i.USB_ReqGetDescriptor)
    i.USB_ReqGetStatus                       0x0000176c   Section        0  usbcore.o(i.USB_ReqGetStatus)
    i.USB_ReqSetClrFeature                   0x0000182c   Section        0  usbcore.o(i.USB_ReqSetClrFeature)
    i.USB_ReqSetConfiguration                0x00001918   Section        0  usbcore.o(i.USB_ReqSetConfiguration)
    i.USB_ReqSetInterface                    0x00001acc   Section        0  usbcore.o(i.USB_ReqSetInterface)
    .constdata                               0x00001bfc   Section      190  usbdesc.o(.constdata)
    .data                                    0x2007c000   Section       48  usbcore.o(.data)
    .data                                    0x2007c030   Section        2  usbuser.o(.data)
    serialState                              0x2007c030   Data           2  usbuser.o(.data)
    .data                                    0x2007c032   Section       12  cdcuser.o(.data)
    .data                                    0x2007c03e   Section        2  vcomdemo.o(.data)
    serialState                              0x2007c03e   Data           2  vcomdemo.o(.data)
    .data                                    0x2007c040   Section        6  serial.o(.data)
    .data                                    0x2007c048   Section        4  system_lpc17xx.o(.data)
    .bss                                     0x2007c04c   Section      212  cdcuser.o(.bss)
    .bss                                     0x2007c120   Section       96  vcomdemo.o(.bss)
    serBuf                                   0x2007c120   Data          64  vcomdemo.o(.bss)
    serBuf                                   0x2007c160   Data          32  vcomdemo.o(.bss)
    .bss                                     0x2007c180   Section      272  serial.o(.bss)
    STACK                                    0x2007c290   Section      512  startup_lpc17xx.o(STACK)

    Global Symbols

    Symbol Name                              Value     Ov Type        Size  Object(Section)

    BuildAttributes$$THM_ISAv4$P$D$K$B$S$PE$A:L22UL41UL21$X:L11$S22US41US21$IEEE1$IW$USESV6$~STKCKD$USESV7$~SHL$OSPACE$EBA8$MICROLIB$REQ8$PRES8$EABIv2 0x00000000   Number         0  anon$$obj.o ABSOLUTE
    __ARM_use_no_argv                        0x00000000   Number         0  vcomdemo.o ABSOLUTE
    __Vectors                                0x00000000   Data           4  startup_lpc17xx.o(RESET)
    __decompress                              - Undefined Weak Reference
    __main                                   0x000000cd   Thumb Code     0  entry.o(.ARM.Collect$$$$00000000)
    _main_stk                                0x000000cd   Thumb Code     0  entry2.o(.ARM.Collect$$$$00000001)
    _main_scatterload                        0x000000d1   Thumb Code     0  entry5.o(.ARM.Collect$$$$00000004)
    __main_after_scatterload                 0x000000d5   Thumb Code     0  entry5.o(.ARM.Collect$$$$00000004)
    _main_init                               0x000000d5   Thumb Code     0  entry7.o(.ARM.Collect$$$$00000007)
    USB_Reset_Event                          0x000000e1   Thumb Code     8  usbuser.o(.text)
    USB_Configure_Event                      0x000000e9   Thumb Code     2  usbuser.o(.text)
    USB_EndPoint1                            0x000000eb   Thumb Code    36  usbuser.o(.text)
    USB_EndPoint2                            0x0000010f   Thumb Code    30  usbuser.o(.text)
    USB_EndPoint3                            0x0000012d   Thumb Code     2  usbuser.o(.text)
    USB_EndPoint4                            0x0000012f   Thumb Code     2  usbuser.o(.text)
    USB_EndPoint5                            0x00000131   Thumb Code     2  usbuser.o(.text)
    USB_EndPoint6                            0x00000133   Thumb Code     2  usbuser.o(.text)
    USB_EndPoint7                            0x00000135   Thumb Code     2  usbuser.o(.text)
    USB_EndPoint8                            0x00000137   Thumb Code     2  usbuser.o(.text)
    USB_EndPoint9                            0x00000139   Thumb Code     2  usbuser.o(.text)
    USB_EndPoint10                           0x0000013b   Thumb Code     2  usbuser.o(.text)
    USB_EndPoint11                           0x0000013d   Thumb Code     2  usbuser.o(.text)
    USB_EndPoint12                           0x0000013f   Thumb Code     2  usbuser.o(.text)
    USB_EndPoint13                           0x00000141   Thumb Code     2  usbuser.o(.text)
    USB_EndPoint14                           0x00000143   Thumb Code     2  usbuser.o(.text)
    USB_EndPoint15                           0x00000145   Thumb Code     2  usbuser.o(.text)
    VCOM_Init                                0x0000014d   Thumb Code    10  vcomdemo.o(.text)
    VCOM_Serial2Usb                          0x00000157   Thumb Code    48  vcomdemo.o(.text)
    VCOM_Usb2Serial                          0x00000187   Thumb Code    50  vcomdemo.o(.text)
    VCOM_CheckSerialState                    0x000001b9   Thumb Code    26  vcomdemo.o(.text)
    main                                     0x000001d3   Thumb Code    44  vcomdemo.o(.text)
    Reset_Handler                            0x00000215   Thumb Code     4  startup_lpc17xx.o(.text)
    NMI_Handler                              0x00000219   Thumb Code     2  startup_lpc17xx.o(.text)
    HardFault_Handler                        0x0000021b   Thumb Code     2  startup_lpc17xx.o(.text)
    MemManage_Handler                        0x0000021d   Thumb Code     2  startup_lpc17xx.o(.text)
    BusFault_Handler                         0x0000021f   Thumb Code     2  startup_lpc17xx.o(.text)
    UsageFault_Handler                       0x00000221   Thumb Code     2  startup_lpc17xx.o(.text)
    SVC_Handler                              0x00000223   Thumb Code     2  startup_lpc17xx.o(.text)
    DebugMon_Handler                         0x00000225   Thumb Code     2  startup_lpc17xx.o(.text)
    PendSV_Handler                           0x00000227   Thumb Code     2  startup_lpc17xx.o(.text)
    SysTick_Handler                          0x00000229   Thumb Code     2  startup_lpc17xx.o(.text)
    ADC_IRQHandler                           0x0000022b   Thumb Code     0  startup_lpc17xx.o(.text)
    BOD_IRQHandler                           0x0000022b   Thumb Code     0  startup_lpc17xx.o(.text)
    CANActivity_IRQHandler                   0x0000022b   Thumb Code     0  startup_lpc17xx.o(.text)
    CAN_IRQHandler                           0x0000022b   Thumb Code     0  startup_lpc17xx.o(.text)
    DMA_IRQHandler                           0x0000022b   Thumb Code     0  startup_lpc17xx.o(.text)
    EINT0_IRQHandler                         0x0000022b   Thumb Code     0  startup_lpc17xx.o(.text)
    EINT1_IRQHandler                         0x0000022b   Thumb Code     0  startup_lpc17xx.o(.text)
    EINT2_IRQHandler                         0x0000022b   Thumb Code     0  startup_lpc17xx.o(.text)
    EINT3_IRQHandler                         0x0000022b   Thumb Code     0  startup_lpc17xx.o(.text)
    ENET_IRQHandler                          0x0000022b   Thumb Code     0  startup_lpc17xx.o(.text)
    I2C0_IRQHandler                          0x0000022b   Thumb Code     0  startup_lpc17xx.o(.text)
    I2C1_IRQHandler                          0x0000022b   Thumb Code     0  startup_lpc17xx.o(.text)
    I2C2_IRQHandler                          0x0000022b   Thumb Code     0  startup_lpc17xx.o(.text)
    I2S_IRQHandler                           0x0000022b   Thumb Code     0  startup_lpc17xx.o(.text)
    MCPWM_IRQHandler                         0x0000022b   Thumb Code     0  startup_lpc17xx.o(.text)
    PLL0_IRQHandler                          0x0000022b   Thumb Code     0  startup_lpc17xx.o(.text)
    PLL1_IRQHandler                          0x0000022b   Thumb Code     0  startup_lpc17xx.o(.text)
    PWM1_IRQHandler                          0x0000022b   Thumb Code     0  startup_lpc17xx.o(.text)
    QEI_IRQHandler                           0x0000022b   Thumb Code     0  startup_lpc17xx.o(.text)
    RIT_IRQHandler                           0x0000022b   Thumb Code     0  startup_lpc17xx.o(.text)
    RTC_IRQHandler                           0x0000022b   Thumb Code     0  startup_lpc17xx.o(.text)
    SPI_IRQHandler                           0x0000022b   Thumb Code     0  startup_lpc17xx.o(.text)
    SSP0_IRQHandler                          0x0000022b   Thumb Code     0  startup_lpc17xx.o(.text)
    SSP1_IRQHandler                          0x0000022b   Thumb Code     0  startup_lpc17xx.o(.text)
    TIMER0_IRQHandler                        0x0000022b   Thumb Code     0  startup_lpc17xx.o(.text)
    TIMER1_IRQHandler                        0x0000022b   Thumb Code     0  startup_lpc17xx.o(.text)
    TIMER2_IRQHandler                        0x0000022b   Thumb Code     0  startup_lpc17xx.o(.text)
    TIMER3_IRQHandler                        0x0000022b   Thumb Code     0  startup_lpc17xx.o(.text)
    UART2_IRQHandler                         0x0000022b   Thumb Code     0  startup_lpc17xx.o(.text)
    UART3_IRQHandler                         0x0000022b   Thumb Code     0  startup_lpc17xx.o(.text)
    USBActivity_IRQHandler                   0x0000022b   Thumb Code     0  startup_lpc17xx.o(.text)
    WDT_IRQHandler                           0x0000022b   Thumb Code     0  startup_lpc17xx.o(.text)
    __scatterload                            0x00000231   Thumb Code    28  init.o(.text)
    __scatterload_rt2                        0x00000231   Thumb Code     0  init.o(.text)
    __scatterload_copy                       0x00000255   Thumb Code    14  handlers.o(i.__scatterload_copy)
    __scatterload_null                       0x00000263   Thumb Code     2  handlers.o(i.__scatterload_null)
    __scatterload_zeroinit                   0x00000265   Thumb Code    14  handlers.o(i.__scatterload_zeroinit)
    USB_P_EP                                 0x00000274   Data          64  usbuser.o(.constdata)
    Region$$Table$$Base                      0x000002b4   Number         0  anon$$obj.o(Region$$Table)
    Region$$Table$$Limit                     0x000002c4   Number         0  anon$$obj.o(Region$$Table)
    USB_ResetCore                            0x00000301   Thumb Code    34  usbcore.o(.text)
    USB_SetupStage                           0x00000323   Thumb Code    12  usbcore.o(.text)
    USB_DataInStage                          0x0000032f   Thumb Code    52  usbcore.o(.text)
    USB_DataOutStage                         0x00000363   Thumb Code    34  usbcore.o(.text)
    USB_StatusInStage                        0x00000385   Thumb Code    14  usbcore.o(.text)
    USB_StatusOutStage                       0x00000393   Thumb Code    12  usbcore.o(.text)
    USB_EndPoint0                            0x0000039f   Thumb Code   886  usbcore.o(.text)
    EPAdr                                    0x00000715   Thumb Code    16  usbhw.o(.text)
    WrCmd                                    0x00000725   Thumb Code    26  usbhw.o(.text)
    WrCmdDat                                 0x0000073f   Thumb Code    50  usbhw.o(.text)
    WrCmdEP                                  0x00000771   Thumb Code    70  usbhw.o(.text)
    RdCmdDat                                 0x000007b7   Thumb Code    32  usbhw.o(.text)
    USB_SetAddress                           0x000007d7   Thumb Code    42  usbhw.o(.text)
    USB_Reset                                0x00000801   Thumb Code    76  usbhw.o(.text)
    USB_Init                                 0x0000084d   Thumb Code   140  usbhw.o(.text)
    USB_Connect                              0x000008d9   Thumb Code    28  usbhw.o(.text)
    USB_Suspend                              0x000008f5   Thumb Code     2  usbhw.o(.text)
    USB_Resume                               0x000008f7   Thumb Code     2  usbhw.o(.text)
    USB_WakeUp                               0x000008f9   Thumb Code    22  usbhw.o(.text)
    USB_WakeUpCfg                            0x0000090f   Thumb Code     2  usbhw.o(.text)
    USB_Configure                            0x00000911   Thumb Code    54  usbhw.o(.text)
    USB_ConfigEP                             0x00000947   Thumb Code    66  usbhw.o(.text)
    USB_DirCtrlEP                            0x00000989   Thumb Code     2  usbhw.o(.text)
    USB_EnableEP                             0x0000098b   Thumb Code    26  usbhw.o(.text)
    USB_DisableEP                            0x000009a5   Thumb Code    26  usbhw.o(.text)
    USB_ResetEP                              0x000009bf   Thumb Code    26  usbhw.o(.text)
    USB_SetStallEP                           0x000009d9   Thumb Code    26  usbhw.o(.text)
    USB_ClrStallEP                           0x000009f3   Thumb Code    26  usbhw.o(.text)
    USB_ClearEPBuf                           0x00000a0d   Thumb Code    14  usbhw.o(.text)
    USB_ReadEP                               0x00000a1b   Thumb Code    94  usbhw.o(.text)
    USB_WriteEP                              0x00000a79   Thumb Code    74  usbhw.o(.text)
    USB_GetFrame                             0x00000ac3   Thumb Code    30  usbhw.o(.text)
    USB_IRQHandler                           0x00000ae1   Thumb Code   352  usbhw.o(.text)
    CDC_RdOutBuf                             0x00000c59   Thumb Code    58  cdcuser.o(.text)
    CDC_WrOutBuf                             0x00000c93   Thumb Code    44  cdcuser.o(.text)
    CDC_OutBufAvailChar                      0x00000cbf   Thumb Code    22  cdcuser.o(.text)
    CDC_GetSerialState                       0x00000cd5   Thumb Code   174  cdcuser.o(.text)
    CDC_Init                                 0x00000d83   Thumb Code    72  cdcuser.o(.text)
    CDC_SendEncapsulatedCommand              0x00000dcb   Thumb Code     4  cdcuser.o(.text)
    CDC_GetEncapsulatedResponse              0x00000dcf   Thumb Code     4  cdcuser.o(.text)
    CDC_SetCommFeature                       0x00000dd3   Thumb Code     6  cdcuser.o(.text)
    CDC_GetCommFeature                       0x00000dd9   Thumb Code     6  cdcuser.o(.text)
    CDC_ClearCommFeature                     0x00000ddf   Thumb Code     6  cdcuser.o(.text)
    CDC_SetLineCoding                        0x00000de5   Thumb Code    82  cdcuser.o(.text)
    CDC_GetLineCoding                        0x00000e37   Thumb Code    54  cdcuser.o(.text)
    CDC_SetControlLineState                  0x00000e6d   Thumb Code     6  cdcuser.o(.text)
    CDC_SendBreak                            0x00000e73   Thumb Code     6  cdcuser.o(.text)
    CDC_BulkIn                               0x00000e79   Thumb Code    42  cdcuser.o(.text)
    CDC_BulkOut                              0x00000ea3   Thumb Code    22  cdcuser.o(.text)
    CDC_NotificationIn                       0x00000eb9   Thumb Code    54  cdcuser.o(.text)
    ser_OpenPort                             0x00000f11   Thumb Code    66  serial.o(.text)
    ser_ClosePort                            0x00000f53   Thumb Code    58  serial.o(.text)
    ser_InitPort0                            0x00000f8d   Thumb Code   284  serial.o(.text)
    ser_InitPort1                            0x000010a9   Thumb Code   268  serial.o(.text)
    ser_Read                                 0x000011b5   Thumb Code    82  serial.o(.text)
    ser_Write                                0x00001207   Thumb Code   146  serial.o(.text)
    ser_AvailChar                            0x00001299   Thumb Code    22  serial.o(.text)
    ser_LineState                            0x000012af   Thumb Code    14  serial.o(.text)
    UART0_IRQHandler                         0x000012bd   Thumb Code   188  serial.o(.text)
    UART1_IRQHandler                         0x00001379   Thumb Code   154  serial.o(.text)
    SystemInit                               0x00001459   Thumb Code   532  system_lpc17xx.o(.text)
    USB_ReqGetDescriptor                     0x000016b5   Thumb Code   164  usbcore.o(i.USB_ReqGetDescriptor)
    USB_ReqGetStatus                         0x0000176d   Thumb Code   160  usbcore.o(i.USB_ReqGetStatus)
    USB_ReqSetClrFeature                     0x0000182d   Thumb Code   210  usbcore.o(i.USB_ReqSetClrFeature)
    USB_ReqSetConfiguration                  0x00001919   Thumb Code   398  usbcore.o(i.USB_ReqSetConfiguration)
    USB_ReqSetInterface                      0x00001acd   Thumb Code   278  usbcore.o(i.USB_ReqSetInterface)
    USB_DeviceDescriptor                     0x00001bfc   Data          18  usbdesc.o(.constdata)
    USB_ConfigDescriptor                     0x00001c0e   Data          68  usbdesc.o(.constdata)
    USB_StringDescriptor                     0x00001c52   Data         104  usbdesc.o(.constdata)
    USB_DeviceStatus                         0x2007c000   Data           2  usbcore.o(.data)
    USB_DeviceAddress                        0x2007c002   Data           1  usbcore.o(.data)
    USB_Configuration                        0x2007c003   Data           1  usbcore.o(.data)
    USB_EndPointMask                         0x2007c004   Data           4  usbcore.o(.data)
    USB_EndPointHalt                         0x2007c008   Data           4  usbcore.o(.data)
    USB_EndPointStall                        0x2007c00c   Data           4  usbcore.o(.data)
    USB_NumInterfaces                        0x2007c010   Data           1  usbcore.o(.data)
    USB_AltSetting                           0x2007c011   Data           4  usbcore.o(.data)
    EP0Buf                                   0x2007c015   Data           8  usbcore.o(.data)
    EP0Data                                  0x2007c020   Data           8  usbcore.o(.data)
    SetupPacket                              0x2007c028   Data           8  usbcore.o(.data)
    CDC_LineCoding                           0x2007c032   Data           7  cdcuser.o(.data)
    CDC_SerialState                          0x2007c03a   Data           2  cdcuser.o(.data)
    CDC_DepInEmpty                           0x2007c03c   Data           2  cdcuser.o(.data)
    ser_txRestart                            0x2007c040   Data           4  serial.o(.data)
    ser_lineState                            0x2007c044   Data           2  serial.o(.data)
    SystemFrequency                          0x2007c048   Data           4  system_lpc17xx.o(.data)
    BulkBufIn                                0x2007c04c   Data          64  cdcuser.o(.bss)
    BulkBufOut                               0x2007c08c   Data          64  cdcuser.o(.bss)
    NotificationBuf                          0x2007c0cc   Data          10  cdcuser.o(.bss)
    CDC_OutBuf                               0x2007c0d8   Data          72  cdcuser.o(.bss)
    ser_out                                  0x2007c180   Data         136  serial.o(.bss)
    ser_in                                   0x2007c208   Data         136  serial.o(.bss)
    __initial_sp                             0x2007c490   Data           0  startup_lpc17xx.o(STACK)



==============================================================================

Memory Map of the image

  Image Entry point : 0x000000cd

  Load Region LR_IROM1 (Base: 0x00000000, Size: 0x00001d08, Max: 0x00008000, ABSOLUTE)

    Execution Region ER_IROM1 (Base: 0x00000000, Size: 0x00001cbc, Max: 0x00008000, ABSOLUTE)

    Base Addr    Size         Type   Attr      Idx    E Section Name        Object

    0x00000000   0x000000cc   Data   RO          216    RESET               startup_lpc17xx.o
    0x000000cc   0x00000000   Code   RO          253  * .ARM.Collect$$$$00000000  mc_w.l(entry.o)(mc_w.l)
    0x000000cc   0x00000004   Code   RO          256    .ARM.Collect$$$$00000001  mc_w.l(entry2.o)(mc_w.l)
    0x000000d0   0x00000004   Code   RO          259    .ARM.Collect$$$$00000004  mc_w.l(entry5.o)(mc_w.l)
    0x000000d4   0x00000008   Code   RO          260    .ARM.Collect$$$$00000007  mc_w.l(entry7.o)(mc_w.l)
    0x000000dc   0x00000004   Code   RO          257    .ARM.Collect$$$$00002712  mc_w.l(entry2.o)(mc_w.l)
    0x000000e0   0x0000006c   Code   RO          132    .text               usbuser.o
    0x0000014c   0x000000c8   Code   RO          173    .text               vcomdemo.o
    0x00000214   0x0000001c   Code   RO          218    .text               startup_lpc17xx.o
    0x00000230   0x00000024   Code   RO          261    .text               mc_w.l(init.o)(mc_w.l)
    0x00000254   0x0000000e   Code   RO          265    i.__scatterload_copy  mc_w.l(handlers.o)(mc_w.l)
    0x00000262   0x00000002   Code   RO          266    i.__scatterload_null  mc_w.l(handlers.o)(mc_w.l)
    0x00000264   0x0000000e   Code   RO          267    i.__scatterload_zeroinit  mc_w.l(handlers.o)(mc_w.l)
    0x00000272   0x00000002   PAD
    0x00000274   0x00000040   Data   RO          133    .constdata          usbuser.o
    0x000002b4   0x00000010   Data   RO          263    Region$$Table       anon$$obj.o
    0x000002c4   0x00000038   PAD
    0x000002fc   0x00000004   Code   RO          217    .ARM.__at_0x02FC    startup_lpc17xx.o
    0x00000300   0x00000414   Code   RO            1    .text               usbcore.o
    0x00000714   0x00000544   Code   RO          102    .text               usbhw.o
    0x00000c58   0x000002b8   Code   RO          151    .text               cdcuser.o
    0x00000f10   0x00000548   Code   RO          194    .text               serial.o
    0x00001458   0x0000025c   Code   RO          235    .text               system_lpc17xx.o
    0x000016b4   0x000000b8   Code   RO           26    i.USB_ReqGetDescriptor  usbcore.o
    0x0000176c   0x000000c0   Code   RO           14    i.USB_ReqGetStatus  usbcore.o
    0x0000182c   0x000000ec   Code   RO           20    i.USB_ReqSetClrFeature  usbcore.o
    0x00001918   0x000001b4   Code   RO           32    i.USB_ReqSetConfiguration  usbcore.o
    0x00001acc   0x00000130   Code   RO           38    i.USB_ReqSetInterface  usbcore.o
    0x00001bfc   0x000000be   Data   RO           90    .constdata          usbdesc.o


    Execution Region RW_IRAM1 (Base: 0x10000000, Size: 0x00000000, Max: 0x00002000, ABSOLUTE, UNINIT)

    **** No section assigned to this execution region ****


    Execution Region RW_IRAM2 (Base: 0x2007c000, Size: 0x00000490, Max: 0x00004000, ABSOLUTE, UNINIT)

    Base Addr    Size         Type   Attr      Idx    E Section Name        Object

    0x2007c000   0x00000030   Data   RW            2    .data               usbcore.o
    0x2007c030   0x00000002   Data   RW          134    .data               usbuser.o
    0x2007c032   0x0000000c   Data   RW          153    .data               cdcuser.o
    0x2007c03e   0x00000002   Data   RW          175    .data               vcomdemo.o
    0x2007c040   0x00000006   Data   RW          196    .data               serial.o
    0x2007c046   0x00000002   PAD
    0x2007c048   0x00000004   Data   RW          236    .data               system_lpc17xx.o
    0x2007c04c   0x000000d4   Zero   RW          152    .bss                cdcuser.o
    0x2007c120   0x00000060   Zero   RW          174    .bss                vcomdemo.o
    0x2007c180   0x00000110   Zero   RW          195    .bss                serial.o
    0x2007c290   0x00000200   Zero   RW          214    STACK               startup_lpc17xx.o


==============================================================================

Image component sizes


      Code (inc. data)   RO Data    RW Data    ZI Data      Debug   Object Name

       696         34          0         12        212          0   cdcuser.o
      1352         82          0          6        272          0   serial.o
        32          8        204          0        512          0   startup_lpc17xx.o
       604         72          0          4          0          0   system_lpc17xx.o
      2396        206          0         48          0          0   usbcore.o
         0          0        190          0          0          0   usbdesc.o
      1348        144          0          0          0          0   usbhw.o
       108          6         64          2          0          0   usbuser.o
       200         22          0          2         96          0   vcomdemo.o

    ----------------------------------------------------------------------
      6736        574        532         76       1092          0   Object Totals
         0          0         16          0          0          0   (incl. Generated)
         0          0         58          2          0          3   (incl. Padding)

    ----------------------------------------------------------------------

      Code (inc. data)   RO Data    RW Data    ZI Data      Debug   Library Member Name

         0          0          0          0          0          0   entry.o
         8          4          0          0          0          0   entry2.o
         4          0          0          0          0          0   entry5.o
         8          4          0          0          0          0   entry7.o
        30          0          0          0          0          0   handlers.o
        36          8          0          0          0          0   init.o

    ----------------------------------------------------------------------
        88         16          0          0          0          0   Library Totals
         2          0          0          0          0          0   (incl. Padding)

    ----------------------------------------------------------------------

      Code (inc. data)   RO Data    RW Data    ZI Data      Debug   Library Name

        86         16          0          0          0         68   mc_w.l

    ----------------------------------------------------------------------
        88         16          0          0          0          0   Library Totals

    ----------------------------------------------------------------------

==============================================================================


      Code (inc. data)   RO Data    RW Data    ZI Data      Debug   

      6824        590        532         76       1092      91704   Grand Totals
      6824        590        532         76       1092      91704   ELF Image Totals
      6824        590        532         76          0          0   ROM Totals

==============================================================================

    Total RO  Size (Code + RO Data)                 7356 (   7.18kB)
    Total RW  Size (RW Data + ZI Data)              1168 (   1.14kB)
    Total ROM Size (Code + RO Data + RW Data)       7432 (   7.26kB)

==============================================================================

