<html>
<body>
<pre>
<h1>礦ision Build Log</h1>
<h2>Project:</h2>
F:\路虎开发板光盘\实验例程\WDT\LandTiger_WDT.uvproj
Project File Date:  05/12/2010

<h2>Output:</h2>
Build target 'LandTiger_WDT'
compiling core_cm3.c...
compiling system_LPC17xx.c...
assembling startup_LPC17xx.s...
compiling timer.c...
compiling wdt.c...
compiling main.c...
linking...
Program Size: Code=1516 RO-data=228 RW-data=20 ZI-data=612  
FromELF: creating hex file...
".\Obj\LandTiger_WDT.axf" - 0 Error(s), 0 Warning(s).
