<html>
<body>
<pre>
<h1>礦ision Build Log</h1>
<h2>Project:</h2>
F:\路虎开发板光盘\实验例程\RTC\LandTiger_RTC.uvproj
Project File Date:  05/12/2010

<h2>Output:</h2>
Build target 'LandTiger_RTC'
compiling core_cm3.c...
compiling system_LPC17xx.c...
assembling startup_LPC17xx.s...
compiling main.c...
compiling rtc.c...
compiling uart.c...
linking...
Program Size: Code=2300 RO-data=304 RW-data=8 ZI-data=704  
FromELF: creating hex file...
".\Obj\LandTiger_RTC.axf" - 0 Error(s), 0 Warning(s).
