<html>
<body>
<pre>
<h1>µVision Build Log</h1>
<h2>Project:</h2>
C:\Documents and Settings\PowerARM\◊¿√Ê\LPC1768≤‚ ‘≥Ã–Ú\PWM\LandTiger_PWM.uvproj
Project File Date:  05/12/2010

<h2>Output:</h2>
Build target 'LandTiger_PWM'
compiling core_cm3.c...
compiling system_LPC17xx.c...
assembling startup_LPC17xx.s...
compiling main.c...
Source\App\main.c(19): error:  #5: cannot open source input file "type.h": No such file or directory
Source\App\main.c:   #include "type.h"
Source\App\main.c:                    ^
Source\App\main.c: Source\App\main.c: 0 warnings, 1 error
compiling pwm.c...
Source\App\pwm.c(12): error:  #5: cannot open source input file "type.h": No such file or directory
Source\App\pwm.c:   #include "type.h"
Source\App\pwm.c:                    ^
Source\App\pwm.c: Source\App\pwm.c: 0 warnings, 1 error
Target not created
Build target 'LandTiger_PWM'
compiling main.c...
Source\App\main.c(31): error:  #20: identifier "TRUE" is undefined
Source\App\main.c:     if ( PWM_Init( 1, 0 ) != TRUE )
Source\App\main.c:                              ^
Source\App\main.c: Source\App\main.c: 0 warnings, 1 error
compiling pwm.c...
Source\App\pwm.c(12): error:  #5: cannot open source input file "type.h": No such file or directory
Source\App\pwm.c:   #include "type.h"
Source\App\pwm.c:                    ^
Source\App\pwm.c: Source\App\pwm.c: 0 warnings, 1 error
Target not created
Build target 'LandTiger_PWM'
compiling main.c...
compiling pwm.c...
Source\App\pwm.c(75): error:  #20: identifier "FALSE" is undefined
Source\App\pwm.c:       return ( FALSE );               /* Unknown channel number */
Source\App\pwm.c:                ^
Source\App\pwm.c(79): error:  #20: identifier "TRUE" is undefined
Source\App\pwm.c:     return (TRUE);
Source\App\pwm.c:             ^
Source\App\pwm.c: Source\App\pwm.c: 0 warnings, 2 errors
Target not created
Build target 'LandTiger_PWM'
compiling pwm.c...
Source\App\pwm.c(79): error:  #20: identifier "TRUE" is undefined
Source\App\pwm.c:     return (TRUE);
Source\App\pwm.c:             ^
Source\App\pwm.c: Source\App\pwm.c: 0 warnings, 1 error
Target not created
Build target 'LandTiger_PWM'
compiling pwm.c...
linking...
Program Size: Code=1400 RO-data=320 RW-data=12 ZI-data=612  
".\Obj\LandTiger_PWM.axf" - 0 Error(s), 0 Warning(s).
Build target 'LandTiger_PWM'
compiling main.c...
compiling pwm.c...
linking...
Program Size: Code=1400 RO-data=320 RW-data=12 ZI-data=612  
".\Obj\LandTiger_PWM.axf" - 0 Error(s), 0 Warning(s).
Build target 'LandTiger_PWM'
linking...
Program Size: Code=1400 RO-data=320 RW-data=12 ZI-data=612  
".\Obj\LandTiger_PWM.axf" - 0 Error(s), 0 Warning(s).
Build target 'LandTiger_PWM'
linking...
Program Size: Code=1400 RO-data=320 RW-data=12 ZI-data=612  
".\Obj\LandTiger_PWM.axf" - 0 Error(s), 0 Warning(s).
Load "C:\\Documents and Settings\\PowerARM\\◊¿√Ê\\LPC1768≤‚ ‘≥Ã–Ú\\PWM\\Obj\\LandTiger_PWM.AXF" 

JLink info:
-----------
DLL: V4.14a, compiled Apr 21 2010 20:54:28
Firmware: J-Link ARM-OB STM32 compiled Mar 01 2010 17:00:09
Hardware: V7.00
S/N : 20090928 
Feature(s) : RDI,FlashDL,FlashBP,JFlash,GDBFull 
---
* JLink Info: Found SWD-DP with ID 0x2BA01477
* JLink Info: TPIU fitted.
* JLink Info: ETM fitted.
* JLink Info:   FPUnit: 6 code (BP) slots and 2 literal slots
* JLink Info: Found SWD-DP with ID 0x2BA01477
* JLink Info: TPIU fitted.
* JLink Info: ETM fitted.
* JLink Info:   FPUnit: 6 code (BP) slots and 2 literal slots

Target info:
------------
Device: LPC1768
VTarget = 3.300V
State of Pins: 
TCK: 0, TDI: 0, TDO: 0, TMS: 0, TRES: 1, TRST: 1
* JLink Info: Found SWD-DP with ID 0x2BA01477
* JLink Info: TPIU fitted.
* JLink Info: ETM fitted.
* JLink Info:   FPUnit: 6 code (BP) slots and 2 literal slots
Hardware-Breakpoints: 6
Software-Breakpoints: 2048
Watchpoints:          4
JTAG speed: 2000 kHz
---
* JLink Info: Found SWD-DP with ID 0x2BA01477
* JLink Info: TPIU fitted.
* JLink Info: ETM fitted.
* JLink Info:   FPUnit: 6 code (BP) slots and 2 literal slots
No Algorithm found for: 00000000H - 000006C3H
Erase skipped!
Load "C:\\Documents and Settings\\PowerARM\\◊¿√Ê\\LPC1768≤‚ ‘≥Ã–Ú\\PWM\\Obj\\LandTiger_PWM.AXF" 

JLink info:
-----------
DLL: V4.14a, compiled Apr 21 2010 20:54:28
Firmware: J-Link ARM-OB STM32 compiled Mar 01 2010 17:00:09
Hardware: V7.00
S/N : 20090928 
Feature(s) : RDI,FlashDL,FlashBP,JFlash,GDBFull 
---
* JLink Info: Found SWD-DP with ID 0x2BA01477
* JLink Info: TPIU fitted.
* JLink Info: ETM fitted.
* JLink Info:   FPUnit: 6 code (BP) slots and 2 literal slots
* JLink Info: Found SWD-DP with ID 0x2BA01477
* JLink Info: TPIU fitted.
* JLink Info: ETM fitted.
* JLink Info:   FPUnit: 6 code (BP) slots and 2 literal slots

Target info:
------------
Device: LPC1768
VTarget = 3.300V
State of Pins: 
TCK: 0, TDI: 0, TDO: 0, TMS: 0, TRES: 1, TRST: 1
* JLink Info: Found SWD-DP with ID 0x2BA01477
* JLink Info: TPIU fitted.
* JLink Info: ETM fitted.
* JLink Info:   FPUnit: 6 code (BP) slots and 2 literal slots
Hardware-Breakpoints: 6
Software-Breakpoints: 2048
Watchpoints:          4
JTAG speed: 2000 kHz
---
* JLink Info: Found SWD-DP with ID 0x2BA01477
* JLink Info: TPIU fitted.
* JLink Info: ETM fitted.
* JLink Info:   FPUnit: 6 code (BP) slots and 2 literal slots
No Algorithm found for: 00000000H - 000006C3H
Erase skipped!
Load "C:\\Documents and Settings\\PowerARM\\◊¿√Ê\\LPC1768≤‚ ‘≥Ã–Ú\\PWM\\Obj\\LandTiger_PWM.AXF" 

JLink info:
-----------
DLL: V4.14a, compiled Apr 21 2010 20:54:28
Firmware: J-Link ARM-OB STM32 compiled Mar 01 2010 17:00:09
Hardware: V7.00
S/N : 20090928 
Feature(s) : RDI,FlashDL,FlashBP,JFlash,GDBFull 
---
* JLink Info: Found SWD-DP with ID 0x2BA01477
* JLink Info: TPIU fitted.
* JLink Info: ETM fitted.
* JLink Info:   FPUnit: 6 code (BP) slots and 2 literal slots
* JLink Info: Found SWD-DP with ID 0x2BA01477
* JLink Info: TPIU fitted.
* JLink Info: ETM fitted.
* JLink Info:   FPUnit: 6 code (BP) slots and 2 literal slots

Target info:
------------
Device: LPC1768
VTarget = 3.300V
State of Pins: 
TCK: 0, TDI: 0, TDO: 0, TMS: 0, TRES: 1, TRST: 1
* JLink Info: Found SWD-DP with ID 0x2BA01477
* JLink Info: TPIU fitted.
* JLink Info: ETM fitted.
* JLink Info:   FPUnit: 6 code (BP) slots and 2 literal slots
Hardware-Breakpoints: 6
Software-Breakpoints: 2048
Watchpoints:          4
JTAG speed: 2000 kHz
---
* JLink Info: Found SWD-DP with ID 0x2BA01477
* JLink Info: TPIU fitted.
* JLink Info: ETM fitted.
* JLink Info:   FPUnit: 6 code (BP) slots and 2 literal slots
Erase Done.
Programming Done.
Verify OK.
* JLink Info: Found SWD-DP with ID 0x2BA01477
* JLink Info: TPIU fitted.
* JLink Info: ETM fitted.
* JLink Info:   FPUnit: 6 code (BP) slots and 2 literal slots
**JLink Warning: CPU did not halt after bootloader.
Application running ...
Build target 'LandTiger_PWM'
linking...
Program Size: Code=1400 RO-data=320 RW-data=12 ZI-data=612  
".\Obj\LandTiger_PWM.axf" - 0 Error(s), 0 Warning(s).
