Archive member included because of file (symbol)

c:/winavr-20071221/bin/../lib/gcc/avr/4.2.2/avr25\libgcc.a(_udivmodqi4.o)
                              obj/main.o (__udivmodqi4)
c:/winavr-20071221/bin/../lib/gcc/avr/4.2.2/avr25\libgcc.a(_udivmodhi4.o)
                              obj/main.o (__udivmodhi4)
c:/winavr-20071221/bin/../lib/gcc/avr/4.2.2/avr25\libgcc.a(_exit.o)
                              c:/winavr-20071221/bin/../lib/gcc/avr/4.2.2/../../../../avr/lib/avr25/crttn2313.o (exit)
c:/winavr-20071221/bin/../lib/gcc/avr/4.2.2/avr25\libgcc.a(_copy_data.o)
                              obj/main.o (__do_copy_data)
c:/winavr-20071221/bin/../lib/gcc/avr/4.2.2/avr25\libgcc.a(_clear_bss.o)
                              obj/main.o (__do_clear_bss)
c:/winavr-20071221/bin/../lib/gcc/avr/4.2.2/../../../../avr/lib/avr25\libc.a(ee_rw.1C1D1E.o)
                              obj/main.o (__eeprom_read_word_1C1D1E)
c:/winavr-20071221/bin/../lib/gcc/avr/4.2.2/../../../../avr/lib/avr25\libc.a(ee_ww.1C1D1E.o)
                              obj/main.o (__eeprom_write_word_1C1D1E)
c:/winavr-20071221/bin/../lib/gcc/avr/4.2.2/../../../../avr/lib/avr25\libc.a(ee_rb.1C1D1E.o)
                              c:/winavr-20071221/bin/../lib/gcc/avr/4.2.2/../../../../avr/lib/avr25\libc.a(ee_rw.1C1D1E.o) (__eeprom_read_byte_1C1D1E)
c:/winavr-20071221/bin/../lib/gcc/avr/4.2.2/../../../../avr/lib/avr25\libc.a(ee_wb.1C1D1E.o)
                              c:/winavr-20071221/bin/../lib/gcc/avr/4.2.2/../../../../avr/lib/avr25\libc.a(ee_ww.1C1D1E.o) (__eeprom_write_byte_1C1D1E)

Allocating common symbols
Common symbol       size              file

digit_array         0x3               obj/main.o
number              0x2               obj/main.o
digit2              0x1               obj/main.o
digit3              0x1               obj/main.o
per_digit_timer     0x1               obj/main.o
button_timer        0x2               obj/main.o
digit1              0x1               obj/main.o

Memory Configuration

Name             Origin             Length             Attributes
text             0x00000000         0x00002000         xr
data             0x00800060         0x0000ffa0         rw !x
eeprom           0x00810000         0x00010000         rw !x
fuse             0x00820000         0x00000400         rw !x
lock             0x00830000         0x00000400         rw !x
signature        0x00840000         0x00000400         rw !x
*default*        0x00000000         0xffffffff

Linker script and memory map

LOAD c:/winavr-20071221/bin/../lib/gcc/avr/4.2.2/../../../../avr/lib/avr25/crttn2313.o
LOAD obj/main.o
LOAD obj/util.o
LOAD c:/winavr-20071221/bin/../lib/gcc/avr/4.2.2/../../../../avr/lib/avr25\libm.a
LOAD c:/winavr-20071221/bin/../lib/gcc/avr/4.2.2/avr25\libgcc.a
LOAD c:/winavr-20071221/bin/../lib/gcc/avr/4.2.2/../../../../avr/lib/avr25\libc.a
LOAD c:/winavr-20071221/bin/../lib/gcc/avr/4.2.2/avr25\libgcc.a

.hash
 *(.hash)

.dynsym
 *(.dynsym)

.dynstr
 *(.dynstr)

.gnu.version
 *(.gnu.version)

.gnu.version_d
 *(.gnu.version_d)

.gnu.version_r
 *(.gnu.version_r)

.rel.init
 *(.rel.init)

.rela.init
 *(.rela.init)

.rel.text
 *(.rel.text)
 *(.rel.text.*)
 *(.rel.gnu.linkonce.t*)

.rela.text
 *(.rela.text)
 *(.rela.text.*)
 *(.rela.gnu.linkonce.t*)

.rel.fini
 *(.rel.fini)

.rela.fini
 *(.rela.fini)

.rel.rodata
 *(.rel.rodata)
 *(.rel.rodata.*)
 *(.rel.gnu.linkonce.r*)

.rela.rodata
 *(.rela.rodata)
 *(.rela.rodata.*)
 *(.rela.gnu.linkonce.r*)

.rel.data
 *(.rel.data)
 *(.rel.data.*)
 *(.rel.gnu.linkonce.d*)

.rela.data
 *(.rela.data)
 *(.rela.data.*)
 *(.rela.gnu.linkonce.d*)

.rel.ctors
 *(.rel.ctors)

.rela.ctors
 *(.rela.ctors)

.rel.dtors
 *(.rel.dtors)

.rela.dtors
 *(.rela.dtors)

.rel.got
 *(.rel.got)

.rela.got
 *(.rela.got)

.rel.bss
 *(.rel.bss)

.rela.bss
 *(.rela.bss)

.rel.plt
 *(.rel.plt)

.rela.plt
 *(.rela.plt)

.text           0x00000000      0x764
 *(.vectors)
 .vectors       0x00000000       0x26 c:/winavr-20071221/bin/../lib/gcc/avr/4.2.2/../../../../avr/lib/avr25/crttn2313.o
                0x00000000                __vectors
                0x00000000                __vector_default
 *(.vectors)
 *(.progmem.gcc*)
 *(.progmem*)
 .progmem.data  0x00000026       0x28 obj/main.o
                0x00000030                numbertable_p
                0x0000004c                alphatable_p
                0x00000032                alphatable
                0x00000026                numbertable
                0x0000004e                . = ALIGN (0x2)
                0x0000004e                __trampolines_start = .
 *(.trampolines)
 .trampolines   0x0000004e        0x0 linker stubs
 *(.trampolines*)
                0x0000004e                __trampolines_end = .
 *(.jumptables)
 *(.jumptables*)
 *(.lowtext)
 *(.lowtext*)
                0x0000004e                __ctors_start = .
 *(.ctors)
                0x0000004e                __ctors_end = .
                0x0000004e                __dtors_start = .
 *(.dtors)
                0x0000004e                __dtors_end = .
 SORT(*)(.ctors)
 SORT(*)(.dtors)
 *(.init0)
 .init0         0x0000004e        0x0 c:/winavr-20071221/bin/../lib/gcc/avr/4.2.2/../../../../avr/lib/avr25/crttn2313.o
                0x0000004e                __init
 *(.init0)
 *(.init1)
 *(.init1)
 *(.init2)
 .init2         0x0000004e        0x8 c:/winavr-20071221/bin/../lib/gcc/avr/4.2.2/../../../../avr/lib/avr25/crttn2313.o
 *(.init2)
 *(.init3)
 *(.init3)
 *(.init4)
 .init4         0x00000056       0x16 c:/winavr-20071221/bin/../lib/gcc/avr/4.2.2/avr25\libgcc.a(_copy_data.o)
                0x00000056                __do_copy_data
 .init4         0x0000006c       0x10 c:/winavr-20071221/bin/../lib/gcc/avr/4.2.2/avr25\libgcc.a(_clear_bss.o)
                0x0000006c                __do_clear_bss
 *(.init4)
 *(.init5)
 *(.init5)
 *(.init6)
 *(.init6)
 *(.init7)
 *(.init7)
 *(.init8)
 *(.init8)
 *(.init9)
 .init9         0x0000007c        0x4 c:/winavr-20071221/bin/../lib/gcc/avr/4.2.2/../../../../avr/lib/avr25/crttn2313.o
 *(.init9)
 *(.text)
 .text          0x00000080        0x2 c:/winavr-20071221/bin/../lib/gcc/avr/4.2.2/../../../../avr/lib/avr25/crttn2313.o
                0x00000080                __vector_12
                0x00000080                __bad_interrupt
                0x00000080                __vector_6
                0x00000080                __vector_3
                0x00000080                __vector_11
                0x00000080                __vector_17
                0x00000080                __vector_7
                0x00000080                __vector_5
                0x00000080                __vector_4
                0x00000080                __vector_9
                0x00000080                __vector_2
                0x00000080                __vector_15
                0x00000080                __vector_8
                0x00000080                __vector_14
                0x00000080                __vector_10
                0x00000080                __vector_16
                0x00000080                __vector_18
 .text          0x00000082      0x650 obj/main.o
                0x000001ca                __vector_1
                0x00000180                num2digits
                0x00000082                display_one
                0x00000232                __vector_13
                0x0000013c                segments
                0x0000041a                main
                0x000000d6                display_digit
 .text          0x000006d2       0x14 obj/util.o
                0x000006d2                delay_ms
 .text          0x000006e6        0x0 c:/winavr-20071221/bin/../lib/gcc/avr/4.2.2/avr25\libgcc.a(_udivmodqi4.o)
 .text          0x000006e6        0x0 c:/winavr-20071221/bin/../lib/gcc/avr/4.2.2/avr25\libgcc.a(_udivmodhi4.o)
 .text          0x000006e6        0x0 c:/winavr-20071221/bin/../lib/gcc/avr/4.2.2/avr25\libgcc.a(_exit.o)
 .text          0x000006e6        0x0 c:/winavr-20071221/bin/../lib/gcc/avr/4.2.2/avr25\libgcc.a(_copy_data.o)
 .text          0x000006e6        0x0 c:/winavr-20071221/bin/../lib/gcc/avr/4.2.2/avr25\libgcc.a(_clear_bss.o)
 .text          0x000006e6        0x0 c:/winavr-20071221/bin/../lib/gcc/avr/4.2.2/../../../../avr/lib/avr25\libc.a(ee_rw.1C1D1E.o)
 .text          0x000006e6        0x0 c:/winavr-20071221/bin/../lib/gcc/avr/4.2.2/../../../../avr/lib/avr25\libc.a(ee_ww.1C1D1E.o)
 .text          0x000006e6        0x0 c:/winavr-20071221/bin/../lib/gcc/avr/4.2.2/../../../../avr/lib/avr25\libc.a(ee_rb.1C1D1E.o)
 .text          0x000006e6        0x0 c:/winavr-20071221/bin/../lib/gcc/avr/4.2.2/../../../../avr/lib/avr25\libc.a(ee_wb.1C1D1E.o)
                0x000006e6                . = ALIGN (0x2)
 *(.text.*)
 .text.libgcc   0x000006e6       0x18 c:/winavr-20071221/bin/../lib/gcc/avr/4.2.2/avr25\libgcc.a(_udivmodqi4.o)
                0x000006e6                __udivmodqi4
 .text.libgcc   0x000006fe       0x28 c:/winavr-20071221/bin/../lib/gcc/avr/4.2.2/avr25\libgcc.a(_udivmodhi4.o)
                0x000006fe                __udivmodhi4
 .text.libgcc   0x00000726        0x0 c:/winavr-20071221/bin/../lib/gcc/avr/4.2.2/avr25\libgcc.a(_exit.o)
 .text.libgcc   0x00000726        0x0 c:/winavr-20071221/bin/../lib/gcc/avr/4.2.2/avr25\libgcc.a(_copy_data.o)
 .text.libgcc   0x00000726        0x0 c:/winavr-20071221/bin/../lib/gcc/avr/4.2.2/avr25\libgcc.a(_clear_bss.o)
 .text.eeprom   0x00000726        0xa c:/winavr-20071221/bin/../lib/gcc/avr/4.2.2/../../../../avr/lib/avr25\libc.a(ee_rw.1C1D1E.o)
                0x00000726                __eeprom_read_word_1C1D1E
 .text.eeprom   0x00000730        0xa c:/winavr-20071221/bin/../lib/gcc/avr/4.2.2/../../../../avr/lib/avr25\libc.a(ee_ww.1C1D1E.o)
                0x00000730                __eeprom_write_word_1C1D1E
 .text.eeprom   0x0000073a       0x10 c:/winavr-20071221/bin/../lib/gcc/avr/4.2.2/../../../../avr/lib/avr25\libc.a(ee_rb.1C1D1E.o)
                0x0000073a                __eeprom_read_byte_1C1D1E
 .text.eeprom   0x0000074a       0x18 c:/winavr-20071221/bin/../lib/gcc/avr/4.2.2/../../../../avr/lib/avr25\libc.a(ee_wb.1C1D1E.o)
                0x0000074a                __eeprom_write_byte_1C1D1E
                0x00000762                . = ALIGN (0x2)
 *(.fini9)
 .fini9         0x00000762        0x0 c:/winavr-20071221/bin/../lib/gcc/avr/4.2.2/avr25\libgcc.a(_exit.o)
                0x00000762                exit
                0x00000762                _exit
 *(.fini9)
 *(.fini8)
 *(.fini8)
 *(.fini7)
 *(.fini7)
 *(.fini6)
 *(.fini6)
 *(.fini5)
 *(.fini5)
 *(.fini4)
 *(.fini4)
 *(.fini3)
 *(.fini3)
 *(.fini2)
 *(.fini2)
 *(.fini1)
 *(.fini1)
 *(.fini0)
 .fini0         0x00000762        0x2 c:/winavr-20071221/bin/../lib/gcc/avr/4.2.2/avr25\libgcc.a(_exit.o)
 *(.fini0)
                0x00000764                _etext = .

.data           0x00800060       0x1a load address 0x00000764
                0x00800060                PROVIDE (__data_start, .)
 *(.data)
 .data          0x00800060        0x0 c:/winavr-20071221/bin/../lib/gcc/avr/4.2.2/../../../../avr/lib/avr25/crttn2313.o
 .data          0x00800060       0x1a obj/main.o
                0x00800078                display_string
                0x00800061                segFX
                0x00800060                manual_segments
 .data          0x0080007a        0x0 obj/util.o
 .data          0x0080007a        0x0 c:/winavr-20071221/bin/../lib/gcc/avr/4.2.2/avr25\libgcc.a(_udivmodqi4.o)
 .data          0x0080007a        0x0 c:/winavr-20071221/bin/../lib/gcc/avr/4.2.2/avr25\libgcc.a(_udivmodhi4.o)
 .data          0x0080007a        0x0 c:/winavr-20071221/bin/../lib/gcc/avr/4.2.2/avr25\libgcc.a(_exit.o)
 .data          0x0080007a        0x0 c:/winavr-20071221/bin/../lib/gcc/avr/4.2.2/avr25\libgcc.a(_copy_data.o)
 .data          0x0080007a        0x0 c:/winavr-20071221/bin/../lib/gcc/avr/4.2.2/avr25\libgcc.a(_clear_bss.o)
 .data          0x0080007a        0x0 c:/winavr-20071221/bin/../lib/gcc/avr/4.2.2/../../../../avr/lib/avr25\libc.a(ee_rw.1C1D1E.o)
 .data          0x0080007a        0x0 c:/winavr-20071221/bin/../lib/gcc/avr/4.2.2/../../../../avr/lib/avr25\libc.a(ee_ww.1C1D1E.o)
 .data          0x0080007a        0x0 c:/winavr-20071221/bin/../lib/gcc/avr/4.2.2/../../../../avr/lib/avr25\libc.a(ee_rb.1C1D1E.o)
 .data          0x0080007a        0x0 c:/winavr-20071221/bin/../lib/gcc/avr/4.2.2/../../../../avr/lib/avr25\libc.a(ee_wb.1C1D1E.o)
 *(.data*)
 *(.rodata)
 *(.rodata*)
 *(.gnu.linkonce.d*)
                0x0080007a                . = ALIGN (0x2)
                0x0080007a                _edata = .
                0x0080007a                PROVIDE (__data_end, .)

.bss            0x0080007a       0x16 load address 0x0000077e
                0x0080007a                PROVIDE (__bss_start, .)
 *(.bss)
 .bss           0x0080007a        0x0 c:/winavr-20071221/bin/../lib/gcc/avr/4.2.2/../../../../avr/lib/avr25/crttn2313.o
 .bss           0x0080007a        0xb obj/main.o
                0x00800082                string_index
                0x0080007e                poweroff_timer
                0x0080007a                temp
                0x0080007b                display_mode
                0x0080007d                current_digit_displayed
                0x00800083                display_timer
                0x0080007c                fxNum
 .bss           0x00800085        0x0 obj/util.o
 .bss           0x00800085        0x0 c:/winavr-20071221/bin/../lib/gcc/avr/4.2.2/avr25\libgcc.a(_udivmodqi4.o)
 .bss           0x00800085        0x0 c:/winavr-20071221/bin/../lib/gcc/avr/4.2.2/avr25\libgcc.a(_udivmodhi4.o)
 .bss           0x00800085        0x0 c:/winavr-20071221/bin/../lib/gcc/avr/4.2.2/avr25\libgcc.a(_exit.o)
 .bss           0x00800085        0x0 c:/winavr-20071221/bin/../lib/gcc/avr/4.2.2/avr25\libgcc.a(_copy_data.o)
 .bss           0x00800085        0x0 c:/winavr-20071221/bin/../lib/gcc/avr/4.2.2/avr25\libgcc.a(_clear_bss.o)
 .bss           0x00800085        0x0 c:/winavr-20071221/bin/../lib/gcc/avr/4.2.2/../../../../avr/lib/avr25\libc.a(ee_rw.1C1D1E.o)
 .bss           0x00800085        0x0 c:/winavr-20071221/bin/../lib/gcc/avr/4.2.2/../../../../avr/lib/avr25\libc.a(ee_ww.1C1D1E.o)
 .bss           0x00800085        0x0 c:/winavr-20071221/bin/../lib/gcc/avr/4.2.2/../../../../avr/lib/avr25\libc.a(ee_rb.1C1D1E.o)
 .bss           0x00800085        0x0 c:/winavr-20071221/bin/../lib/gcc/avr/4.2.2/../../../../avr/lib/avr25\libc.a(ee_wb.1C1D1E.o)
 *(.bss*)
 *(COMMON)
 COMMON         0x00800085        0xb obj/main.o
                0x00800085                digit_array
                0x00800088                number
                0x0080008a                digit2
                0x0080008b                digit3
                0x0080008c                per_digit_timer
                0x0080008d                button_timer
                0x0080008f                digit1
                0x00800090                PROVIDE (__bss_end, .)
                0x00000764                __data_load_start = LOADADDR (.data)
                0x0000077e                __data_load_end = (__data_load_start + SIZEOF (.data))

.noinit         0x00800090        0x0
                0x00800090                PROVIDE (__noinit_start, .)
 *(.noinit*)
                0x00800090                PROVIDE (__noinit_end, .)
                0x00800090                _end = .
                0x00800090                PROVIDE (__heap_start, .)

.eeprom         0x00810000        0x2
 *(.eeprom*)
 .eeprom        0x00810000        0x2 obj/main.o
                0x00810000                stored_number
                0x00810002                __eeprom_end = .

.fuse
 *(.fuse)
 *(.lfuse)
 *(.hfuse)
 *(.efuse)

.lock
 *(.lock*)

.signature
 *(.signature*)

.stab           0x00000000      0x360
 *(.stab)
 .stab          0x00000000      0x360 c:/winavr-20071221/bin/../lib/gcc/avr/4.2.2/../../../../avr/lib/avr25/crttn2313.o

.stabstr        0x00000000       0x5f
 *(.stabstr)
 .stabstr       0x00000000       0x5f c:/winavr-20071221/bin/../lib/gcc/avr/4.2.2/../../../../avr/lib/avr25/crttn2313.o

.stab.excl
 *(.stab.excl)

.stab.exclstr
 *(.stab.exclstr)

.stab.index
 *(.stab.index)

.stab.indexstr
 *(.stab.indexstr)

.comment
 *(.comment)

.debug
 *(.debug)

.line
 *(.line)

.debug_srcinfo
 *(.debug_srcinfo)

.debug_sfnames
 *(.debug_sfnames)

.debug_aranges  0x00000000       0x40
 *(.debug_aranges)
 .debug_aranges
                0x00000000       0x20 obj/main.o
 .debug_aranges
                0x00000020       0x20 obj/util.o

.debug_pubnames
                0x00000000      0x1f3
 *(.debug_pubnames)
 .debug_pubnames
                0x00000000      0x1d4 obj/main.o
 .debug_pubnames
                0x000001d4       0x1f obj/util.o

.debug_info     0x00000000      0x64c
 *(.debug_info)
 .debug_info    0x00000000      0x5a5 obj/main.o
 .debug_info    0x000005a5       0xa7 obj/util.o
 *(.gnu.linkonce.wi.*)

.debug_abbrev   0x00000000      0x23a
 *(.debug_abbrev)
 .debug_abbrev  0x00000000      0x1ce obj/main.o
 .debug_abbrev  0x000001ce       0x6c obj/util.o

.debug_line     0x00000000      0x6c5
 *(.debug_line)
 .debug_line    0x00000000      0x66a obj/main.o
 .debug_line    0x0000066a       0x5b obj/util.o

.debug_frame    0x00000000       0xa0
 *(.debug_frame)
 .debug_frame   0x00000000       0x80 obj/main.o
 .debug_frame   0x00000080       0x20 obj/util.o

.debug_str      0x00000000      0x268
 *(.debug_str)
 .debug_str     0x00000000      0x239 obj/main.o
                                0x2a4 (size before relaxing)
 .debug_str     0x00000239       0x2f obj/util.o
                                 0xc3 (size before relaxing)

.debug_loc      0x00000000      0x2d0
 *(.debug_loc)
 .debug_loc     0x00000000      0x2d0 obj/main.o

.debug_macinfo
 *(.debug_macinfo)
OUTPUT(diggX.elf elf32-avr)
LOAD linker stubs

.debug_ranges   0x00000000       0x18
 .debug_ranges  0x00000000       0x18 obj/main.o

Cross Reference Table

Symbol                                            File
__bad_interrupt                                   c:/winavr-20071221/bin/../lib/gcc/avr/4.2.2/../../../../avr/lib/avr25/crttn2313.o
__bss_end                                         c:/winavr-20071221/bin/../lib/gcc/avr/4.2.2/avr25\libgcc.a(_clear_bss.o)
__bss_start                                       c:/winavr-20071221/bin/../lib/gcc/avr/4.2.2/avr25\libgcc.a(_clear_bss.o)
__data_end                                        c:/winavr-20071221/bin/../lib/gcc/avr/4.2.2/avr25\libgcc.a(_copy_data.o)
__data_load_start                                 c:/winavr-20071221/bin/../lib/gcc/avr/4.2.2/avr25\libgcc.a(_copy_data.o)
__data_start                                      c:/winavr-20071221/bin/../lib/gcc/avr/4.2.2/avr25\libgcc.a(_copy_data.o)
__do_clear_bss                                    c:/winavr-20071221/bin/../lib/gcc/avr/4.2.2/avr25\libgcc.a(_clear_bss.o)
                                                  obj/util.o
                                                  obj/main.o
__do_copy_data                                    c:/winavr-20071221/bin/../lib/gcc/avr/4.2.2/avr25\libgcc.a(_copy_data.o)
                                                  obj/util.o
                                                  obj/main.o
__eeprom_read_byte_1C1D1E                         c:/winavr-20071221/bin/../lib/gcc/avr/4.2.2/../../../../avr/lib/avr25\libc.a(ee_rb.1C1D1E.o)
                                                  c:/winavr-20071221/bin/../lib/gcc/avr/4.2.2/../../../../avr/lib/avr25\libc.a(ee_rw.1C1D1E.o)
__eeprom_read_word_1C1D1E                         c:/winavr-20071221/bin/../lib/gcc/avr/4.2.2/../../../../avr/lib/avr25\libc.a(ee_rw.1C1D1E.o)
                                                  obj/main.o
__eeprom_write_byte_1C1D1E                        c:/winavr-20071221/bin/../lib/gcc/avr/4.2.2/../../../../avr/lib/avr25\libc.a(ee_wb.1C1D1E.o)
                                                  c:/winavr-20071221/bin/../lib/gcc/avr/4.2.2/../../../../avr/lib/avr25\libc.a(ee_ww.1C1D1E.o)
__eeprom_write_word_1C1D1E                        c:/winavr-20071221/bin/../lib/gcc/avr/4.2.2/../../../../avr/lib/avr25\libc.a(ee_ww.1C1D1E.o)
                                                  obj/main.o
__heap_end                                        c:/winavr-20071221/bin/../lib/gcc/avr/4.2.2/../../../../avr/lib/avr25/crttn2313.o
__init                                            c:/winavr-20071221/bin/../lib/gcc/avr/4.2.2/../../../../avr/lib/avr25/crttn2313.o
__stack                                           c:/winavr-20071221/bin/../lib/gcc/avr/4.2.2/../../../../avr/lib/avr25/crttn2313.o
__udivmodhi4                                      c:/winavr-20071221/bin/../lib/gcc/avr/4.2.2/avr25\libgcc.a(_udivmodhi4.o)
                                                  obj/main.o
__udivmodqi4                                      c:/winavr-20071221/bin/../lib/gcc/avr/4.2.2/avr25\libgcc.a(_udivmodqi4.o)
                                                  obj/main.o
__vector_1                                        obj/main.o
                                                  c:/winavr-20071221/bin/../lib/gcc/avr/4.2.2/../../../../avr/lib/avr25/crttn2313.o
__vector_10                                       c:/winavr-20071221/bin/../lib/gcc/avr/4.2.2/../../../../avr/lib/avr25/crttn2313.o
__vector_11                                       c:/winavr-20071221/bin/../lib/gcc/avr/4.2.2/../../../../avr/lib/avr25/crttn2313.o
__vector_12                                       c:/winavr-20071221/bin/../lib/gcc/avr/4.2.2/../../../../avr/lib/avr25/crttn2313.o
__vector_13                                       obj/main.o
                                                  c:/winavr-20071221/bin/../lib/gcc/avr/4.2.2/../../../../avr/lib/avr25/crttn2313.o
__vector_14                                       c:/winavr-20071221/bin/../lib/gcc/avr/4.2.2/../../../../avr/lib/avr25/crttn2313.o
__vector_15                                       c:/winavr-20071221/bin/../lib/gcc/avr/4.2.2/../../../../avr/lib/avr25/crttn2313.o
__vector_16                                       c:/winavr-20071221/bin/../lib/gcc/avr/4.2.2/../../../../avr/lib/avr25/crttn2313.o
__vector_17                                       c:/winavr-20071221/bin/../lib/gcc/avr/4.2.2/../../../../avr/lib/avr25/crttn2313.o
__vector_18                                       c:/winavr-20071221/bin/../lib/gcc/avr/4.2.2/../../../../avr/lib/avr25/crttn2313.o
__vector_2                                        c:/winavr-20071221/bin/../lib/gcc/avr/4.2.2/../../../../avr/lib/avr25/crttn2313.o
__vector_3                                        c:/winavr-20071221/bin/../lib/gcc/avr/4.2.2/../../../../avr/lib/avr25/crttn2313.o
__vector_4                                        c:/winavr-20071221/bin/../lib/gcc/avr/4.2.2/../../../../avr/lib/avr25/crttn2313.o
__vector_5                                        c:/winavr-20071221/bin/../lib/gcc/avr/4.2.2/../../../../avr/lib/avr25/crttn2313.o
__vector_6                                        c:/winavr-20071221/bin/../lib/gcc/avr/4.2.2/../../../../avr/lib/avr25/crttn2313.o
__vector_7                                        c:/winavr-20071221/bin/../lib/gcc/avr/4.2.2/../../../../avr/lib/avr25/crttn2313.o
__vector_8                                        c:/winavr-20071221/bin/../lib/gcc/avr/4.2.2/../../../../avr/lib/avr25/crttn2313.o
__vector_9                                        c:/winavr-20071221/bin/../lib/gcc/avr/4.2.2/../../../../avr/lib/avr25/crttn2313.o
__vector_default                                  c:/winavr-20071221/bin/../lib/gcc/avr/4.2.2/../../../../avr/lib/avr25/crttn2313.o
__vectors                                         c:/winavr-20071221/bin/../lib/gcc/avr/4.2.2/../../../../avr/lib/avr25/crttn2313.o
_exit                                             c:/winavr-20071221/bin/../lib/gcc/avr/4.2.2/avr25\libgcc.a(_exit.o)
alphatable                                        obj/main.o
alphatable_p                                      obj/main.o
button_timer                                      obj/main.o
current_digit_displayed                           obj/main.o
delay_ms                                          obj/util.o
                                                  obj/main.o
digit1                                            obj/main.o
digit2                                            obj/main.o
digit3                                            obj/main.o
digit_array                                       obj/main.o
display_digit                                     obj/main.o
display_mode                                      obj/main.o
display_one                                       obj/main.o
display_string                                    obj/main.o
display_timer                                     obj/main.o
exit                                              c:/winavr-20071221/bin/../lib/gcc/avr/4.2.2/avr25\libgcc.a(_exit.o)
                                                  c:/winavr-20071221/bin/../lib/gcc/avr/4.2.2/../../../../avr/lib/avr25/crttn2313.o
fxNum                                             obj/main.o
main                                              obj/main.o
                                                  c:/winavr-20071221/bin/../lib/gcc/avr/4.2.2/../../../../avr/lib/avr25/crttn2313.o
manual_segments                                   obj/main.o
num2digits                                        obj/main.o
number                                            obj/main.o
numbertable                                       obj/main.o
numbertable_p                                     obj/main.o
per_digit_timer                                   obj/main.o
poweroff_timer                                    obj/main.o
segFX                                             obj/main.o
segments                                          obj/main.o
stored_number                                     obj/main.o
string_index                                      obj/main.o
temp                                              obj/main.o
