<html>
<body>
<pre>
<h1>µVision Build Log</h1>
<h2>Project:</h2>
C:\Documents and Settings\PowerARM\◊¿√Ê\LPC1768≤‚ ‘≥Ã–Ú\I2S\LandTiger_I2S.uvproj
Project File Date:  05/13/2010

<h2>Output:</h2>
Build target 'LandTiger_I2S'
compiling core_cm3.c...
compiling system_LPC17xx.c...
assembling startup_LPC17xx.s...
compiling dma.c...
Source\App\dma.c(12): error:  #5: cannot open source input file "type.h": No such file or directory
Source\App\dma.c:   #include "type.h"
Source\App\dma.c:                    ^
Source\App\dma.c: Source\App\dma.c: 0 warnings, 1 error
compiling i2s.c...
Source\App\i2s.c(12): error:  #5: cannot open source input file "type.h": No such file or directory
Source\App\i2s.c:   #include "type.h"
Source\App\i2s.c:                    ^
Source\App\i2s.c: Source\App\i2s.c: 0 warnings, 1 error
compiling i2stest.c...
Source\App\i2stest.c(12): error:  #5: cannot open source input file "type.h": No such file or directory
Source\App\i2stest.c:   #include "type.h"
Source\App\i2stest.c:                    ^
Source\App\i2stest.c: Source\App\i2stest.c: 0 warnings, 1 error
Target not created
Build target 'LandTiger_I2S'
compiling dma.c...
Source\App\dma.c(12): error:  #5: cannot open source input file "type.h": No such file or directory
Source\App\dma.c:   #include "type.h"
Source\App\dma.c:                    ^
Source\App\dma.c: Source\App\dma.c: 0 warnings, 1 error
compiling i2s.c...
Source\App\i2s.c(140): error:  #20: identifier "TRUE" is undefined
Source\App\i2s.c:     return( TRUE );
Source\App\i2s.c:             ^
Source\App\i2s.c: Source\App\i2s.c: 0 warnings, 1 error
compiling i2stest.c...
Source\App\i2stest.c(46): error:  #20: identifier "FALSE" is undefined
Source\App\i2stest.c:     if ( I2SInit() == FALSE )     /* initialize I2S */
Source\App\i2stest.c:                       ^
Source\App\i2stest.c: Source\App\i2stest.c: 0 warnings, 1 error
Target not created
Build target 'LandTiger_I2S'
compiling dma.c...
Source\App\dma.c(101): error:  #20: identifier "FALSE" is undefined
Source\App\dma.c:         return ( FALSE );
Source\App\dma.c:                  ^
Source\App\dma.c(136): error:  #20: identifier "FALSE" is undefined
Source\App\dma.c:         return ( FALSE );
Source\App\dma.c:                  ^
Source\App\dma.c(141): error:  #20: identifier "FALSE" is undefined
Source\App\dma.c:       return ( FALSE );
Source\App\dma.c:                ^
Source\App\dma.c(143): error:  #20: identifier "TRUE" is undefined
Source\App\dma.c:     return( TRUE );
Source\App\dma.c:             ^
Source\App\dma.c: Source\App\dma.c: 0 warnings, 4 errors
compiling i2s.c...
Source\App\i2s.c(140): error:  #20: identifier "TRUE" is undefined
Source\App\i2s.c:     return( TRUE );
Source\App\i2s.c:             ^
Source\App\i2s.c: Source\App\i2s.c: 0 warnings, 1 error
compiling i2stest.c...
Source\App\i2stest.c(46): error:  #20: identifier "FALSE" is undefined
Source\App\i2stest.c:     if ( I2SInit() == FALSE )     /* initialize I2S */
Source\App\i2stest.c:                       ^
Source\App\i2stest.c: Source\App\i2stest.c: 0 warnings, 1 error
Target not created
Build target 'LandTiger_I2S'
compiling dma.c...
compiling i2s.c...
Source\App\i2s.c(140): error:  #20: identifier "TRUE" is undefined
Source\App\i2s.c:     return( TRUE );
Source\App\i2s.c:             ^
Source\App\i2s.c: Source\App\i2s.c: 0 warnings, 1 error
compiling i2stest.c...
Source\App\i2stest.c(46): error:  #20: identifier "FALSE" is undefined
Source\App\i2stest.c:     if ( I2SInit() == FALSE )     /* initialize I2S */
Source\App\i2stest.c:                       ^
Source\App\i2stest.c: Source\App\i2stest.c: 0 warnings, 1 error
Target not created
Build target 'LandTiger_I2S'
compiling i2s.c...
compiling i2stest.c...
linking...
Program Size: Code=1960 RO-data=228 RW-data=44 ZI-data=612  
".\Obj\LandTiger_I2S.axf" - 0 Error(s), 0 Warning(s).
