<html>
<body>
<pre>
<h1>礦ision Build Log</h1>
<h2>Project:</h2>
F:\路虎开发板光盘\实验例程\USBAudio\usbaudio.uvproj
Project File Date:  05/07/2010

<h2>Output:</h2>
Build target 'Flash'
compiling core_cm3.c...
assembling startup_LPC17xx.s...
compiling system_LPC17xx.c...
compiling usbuser.c...
compiling usbcore.c...
compiling usbdesc.c...
compiling usbdmain.c...
compiling usbhw.c...
compiling adcuser.c...
linking...
Program Size: Code=6540 RO-data=560 RW-data=88 ZI-data=1344  
FromELF: creating hex file...
".\Obj\usbaudio.axf" - 0 Error(s), 0 Warning(s).
