<html>
<body>
<pre>
<h1>礦ision Build Log</h1>
<h2>Project:</h2>
F:\路虎开发板光盘\实验例程\Blinky\Blinky.uvproj
Project File Date:  <unknown>

<h2>Output:</h2>
Build target 'LPC1768 Flash'
assembling startup_LPC17xx.s...
compiling system_LPC17xx.c...
compiling core_cm3.c...
compiling Blinky.c...
compiling IRQ.c...
compiling Serial.c...
compiling Retarget.c...
linking...
Program Size: Code=2844 RO-data=268 RW-data=28 ZI-data=516  
FromELF: creating hex file...
".\Flash\Blinky.axf" - 0 Error(s), 0 Warning(s).
